Component: ARM Compiler 5.06 update 6 (build 750) Tool: armlink [4d35ed]

==============================================================================

Section Cross References

    main.o(.text) refers to mpu6050_driver.o(.text) for MPU6050_getMotion6
    main.o(.text) refers to delay.o(.text) for delay_ms
    main.o(.text) refers to controltask.o(.text) for ControtLoopTaskInit
    main.o(.text) refers to remotetask.o(.text) for RemoteTaskInit
    main.o(.text) refers to bsp.o(.text) for BSP_Init
    main.o(.text) refers to timer.o(.text) for Get_Time_Micros
    main.o(.text) refers to stm32f4xx_gpio.o(.text) for GPIO_ResetBits
    main.o(.text) refers to stm32f4xx_iwdg.o(.text) for IWDG_WriteAccessCmd
    main.o(.text) refers to imu.o(.text) for IMU_getYawPitchRoll
    main.o(.text) refers to supervisetask.o(.text) for Get_Lost_Error
    main.o(.text) refers to printfb.o(i.__0printf$bare) for __2printf
    main.o(.text) refers to iotask.o(.data) for GyroSavedCaliData
    main.o(.text) refers to main.o(.data) for gyroXSum
    main.o(.text) refers to imu.o(.bss) for angle
    bsp.o(.text) refers to misc.o(.text) for NVIC_PriorityGroupConfig
    bsp.o(.text) refers to led.o(.text) for Led_Configuration
    bsp.o(.text) refers to stm32f4xx_gpio.o(.text) for GPIO_ResetBits
    bsp.o(.text) refers to gun.o(.text) for PWM_Configuration
    bsp.o(.text) refers to usart3.o(.text) for USART3_Configuration
    bsp.o(.text) refers to uart4.o(.text) for UART4_Configuration
    bsp.o(.text) refers to key_scan.o(.text) for key_init
    bsp.o(.text) refers to laser.o(.text) for Laser_Configuration
    bsp.o(.text) refers to timer.o(.text) for TIM2_Configuration
    bsp.o(.text) refers to judge.o(.text) for BSP_UART5_InitConfig
    bsp.o(.text) refers to mpu6050_driver.o(.text) for MPU6050_Initialize
    bsp.o(.text) refers to can1.o(.text) for CAN1_Configuration
    bsp.o(.text) refers to can2.o(.text) for CAN2_Configuration
    bsp.o(.text) refers to usart1.o(.text) for USART1_Configuration
    bsp.o(.text) refers to mpu6050_interrupt.o(.text) for MPU6050_IntConfiguration
    led.o(.text) refers to stm32f4xx_rcc.o(.text) for RCC_AHB1PeriphClockCmd
    led.o(.text) refers to stm32f4xx_gpio.o(.text) for GPIO_Init
    gun.o(.text) refers to stm32f4xx_rcc.o(.text) for RCC_AHB1PeriphClockCmd
    gun.o(.text) refers to stm32f4xx_gpio.o(.text) for GPIO_Init
    gun.o(.text) refers to stm32f4xx_tim.o(.text) for TIM_TimeBaseInit
    can1.o(.text) refers to stm32f4xx_rcc.o(.text) for RCC_AHB1PeriphClockCmd
    can1.o(.text) refers to stm32f4xx_gpio.o(.text) for GPIO_PinAFConfig
    can1.o(.text) refers to misc.o(.text) for NVIC_Init
    can1.o(.text) refers to stm32f4xx_can.o(.text) for CAN_DeInit
    can1.o(.text) refers to canbustask.o(.text) for CanReceiveMsgProcess
    can2.o(.text) refers to stm32f4xx_rcc.o(.text) for RCC_AHB1PeriphClockCmd
    can2.o(.text) refers to stm32f4xx_gpio.o(.text) for GPIO_PinAFConfig
    can2.o(.text) refers to misc.o(.text) for NVIC_Init
    can2.o(.text) refers to stm32f4xx_can.o(.text) for CAN_DeInit
    can2.o(.text) refers to canbustask.o(.text) for CanReceiveMsgProcess
    exti.o(.text) refers to stm32f4xx_rcc.o(.text) for RCC_APB2PeriphClockCmd
    exti.o(.text) refers to stm32f4xx_gpio.o(.text) for GPIO_Init
    exti.o(.text) refers to stm32f4xx_syscfg.o(.text) for SYSCFG_EXTILineConfig
    exti.o(.text) refers to stm32f4xx_exti.o(.text) for EXTI_Init
    exti.o(.text) refers to misc.o(.text) for NVIC_Init
    laser.o(.text) refers to stm32f4xx_rcc.o(.text) for RCC_AHB1PeriphClockCmd
    laser.o(.text) refers to stm32f4xx_gpio.o(.text) for GPIO_Init
    timer.o(.text) refers to stm32f4xx_rcc.o(.text) for RCC_APB2PeriphClockCmd
    timer.o(.text) refers to stm32f4xx_tim.o(.text) for TIM_ARRPreloadConfig
    timer.o(.text) refers to misc.o(.text) for NVIC_Init
    timer.o(.text) refers to stm32f4xx_gpio.o(.text) for GPIO_ToggleBits
    timer.o(.text) refers to auto_shoot_control_task.o(.text) for Auto_Shoot_Control_Task
    timer.o(.text) refers to controltask.o(.text) for Control_Task
    timer.o(.text) refers to auto_shoot_control_task.o(.data) for keyQDownFlag
    timer.o(.text) refers to controltask.o(.data) for time_tick_1ms
    timer.o(.text) refers to remotetask.o(.data) for BUFF_CALI
    usart1.o(.text) refers to fifo.o(.text) for FIFO_Init
    usart1.o(.text) refers to stm32f4xx_rcc.o(.text) for RCC_AHB1PeriphClockCmd
    usart1.o(.text) refers to stm32f4xx_gpio.o(.text) for GPIO_PinAFConfig
    usart1.o(.text) refers to stm32f4xx_usart.o(.text) for USART_DeInit
    usart1.o(.text) refers to stm32f4xx_dma.o(.text) for DMA_DeInit
    usart1.o(.text) refers to misc.o(.text) for NVIC_Init
    usart1.o(.text) refers to remotetask.o(.text) for RemoteDataPrcess
    usart1.o(.text) refers to supervisetask.o(.text) for GetLostCounter
    usart1.o(.text) refers to lostcounter.o(.text) for LostCounterFeed
    usart1.o(.text) refers to usart1.o(.bss) for _USART1_RX_BUF
[...]
    CAN2_SCE_IRQHandler                      0x0800150b   Thumb Code     0  startup_stm32f4xx.o(.text)
    CRYP_IRQHandler                          0x0800150b   Thumb Code     0  startup_stm32f4xx.o(.text)
    DCMI_IRQHandler                          0x0800150b   Thumb Code     0  startup_stm32f4xx.o(.text)
    DMA1_Stream0_IRQHandler                  0x0800150b   Thumb Code     0  startup_stm32f4xx.o(.text)
    DMA1_Stream1_IRQHandler                  0x0800150b   Thumb Code     0  startup_stm32f4xx.o(.text)
    DMA1_Stream2_IRQHandler                  0x0800150b   Thumb Code     0  startup_stm32f4xx.o(.text)
    DMA1_Stream3_IRQHandler                  0x0800150b   Thumb Code     0  startup_stm32f4xx.o(.text)
    DMA1_Stream4_IRQHandler                  0x0800150b   Thumb Code     0  startup_stm32f4xx.o(.text)
    DMA1_Stream5_IRQHandler                  0x0800150b   Thumb Code     0  startup_stm32f4xx.o(.text)
    DMA1_Stream6_IRQHandler                  0x0800150b   Thumb Code     0  startup_stm32f4xx.o(.text)
    DMA1_Stream7_IRQHandler                  0x0800150b   Thumb Code     0  startup_stm32f4xx.o(.text)
    DMA2_Stream0_IRQHandler                  0x0800150b   Thumb Code     0  startup_stm32f4xx.o(.text)
    DMA2_Stream1_IRQHandler                  0x0800150b   Thumb Code     0  startup_stm32f4xx.o(.text)
    DMA2_Stream2_IRQHandler                  0x0800150b   Thumb Code     0  startup_stm32f4xx.o(.text)
    DMA2_Stream3_IRQHandler                  0x0800150b   Thumb Code     0  startup_stm32f4xx.o(.text)
    DMA2_Stream4_IRQHandler                  0x0800150b   Thumb Code     0  startup_stm32f4xx.o(.text)
    DMA2_Stream5_IRQHandler                  0x0800150b   Thumb Code     0  startup_stm32f4xx.o(.text)
    DMA2_Stream6_IRQHandler                  0x0800150b   Thumb Code     0  startup_stm32f4xx.o(.text)
    DMA2_Stream7_IRQHandler                  0x0800150b   Thumb Code     0  startup_stm32f4xx.o(.text)
    ETH_IRQHandler                           0x0800150b   Thumb Code     0  startup_stm32f4xx.o(.text)
    ETH_WKUP_IRQHandler                      0x0800150b   Thumb Code     0  startup_stm32f4xx.o(.text)
    EXTI15_10_IRQHandler                     0x0800150b   Thumb Code     0  startup_stm32f4xx.o(.text)
    EXTI2_IRQHandler                         0x0800150b   Thumb Code     0  startup_stm32f4xx.o(.text)
    EXTI3_IRQHandler                         0x0800150b   Thumb Code     0  startup_stm32f4xx.o(.text)
    EXTI9_5_IRQHandler                       0x0800150b   Thumb Code     0  startup_stm32f4xx.o(.text)
    FLASH_IRQHandler                         0x0800150b   Thumb Code     0  startup_stm32f4xx.o(.text)
    FPU_IRQHandler                           0x0800150b   Thumb Code     0  startup_stm32f4xx.o(.text)
    FSMC_IRQHandler                          0x0800150b   Thumb Code     0  startup_stm32f4xx.o(.text)
    HASH_RNG_IRQHandler                      0x0800150b   Thumb Code     0  startup_stm32f4xx.o(.text)
    I2C1_ER_IRQHandler                       0x0800150b   Thumb Code     0  startup_stm32f4xx.o(.text)
    I2C1_EV_IRQHandler                       0x0800150b   Thumb Code     0  startup_stm32f4xx.o(.text)
    I2C2_ER_IRQHandler                       0x0800150b   Thumb Code     0  startup_stm32f4xx.o(.text)
    I2C2_EV_IRQHandler                       0x0800150b   Thumb Code     0  startup_stm32f4xx.o(.text)
    I2C3_ER_IRQHandler                       0x0800150b   Thumb Code     0  startup_stm32f4xx.o(.text)
    I2C3_EV_IRQHandler                       0x0800150b   Thumb Code     0  startup_stm32f4xx.o(.text)
    OTG_FS_IRQHandler                        0x0800150b   Thumb Code     0  startup_stm32f4xx.o(.text)
    OTG_FS_WKUP_IRQHandler                   0x0800150b   Thumb Code     0  startup_stm32f4xx.o(.text)
    OTG_HS_EP1_IN_IRQHandler                 0x0800150b   Thumb Code     0  startup_stm32f4xx.o(.text)
    OTG_HS_EP1_OUT_IRQHandler                0x0800150b   Thumb Code     0  startup_stm32f4xx.o(.text)
    OTG_HS_IRQHandler                        0x0800150b   Thumb Code     0  startup_stm32f4xx.o(.text)
    OTG_HS_WKUP_IRQHandler                   0x0800150b   Thumb Code     0  startup_stm32f4xx.o(.text)
    PVD_IRQHandler                           0x0800150b   Thumb Code     0  startup_stm32f4xx.o(.text)
    RCC_IRQHandler                           0x0800150b   Thumb Code     0  startup_stm32f4xx.o(.text)
    RTC_Alarm_IRQHandler                     0x0800150b   Thumb Code     0  startup_stm32f4xx.o(.text)
    RTC_WKUP_IRQHandler                      0x0800150b   Thumb Code     0  startup_stm32f4xx.o(.text)
    SDIO_IRQHandler                          0x0800150b   Thumb Code     0  startup_stm32f4xx.o(.text)
    SPI1_IRQHandler                          0x0800150b   Thumb Code     0  startup_stm32f4xx.o(.text)
    SPI2_IRQHandler                          0x0800150b   Thumb Code     0  startup_stm32f4xx.o(.text)
    SPI3_IRQHandler                          0x0800150b   Thumb Code     0  startup_stm32f4xx.o(.text)
    TAMP_STAMP_IRQHandler                    0x0800150b   Thumb Code     0  startup_stm32f4xx.o(.text)
    TIM1_BRK_TIM9_IRQHandler                 0x0800150b   Thumb Code     0  startup_stm32f4xx.o(.text)
    TIM1_CC_IRQHandler                       0x0800150b   Thumb Code     0  startup_stm32f4xx.o(.text)
    TIM1_TRG_COM_TIM11_IRQHandler            0x0800150b   Thumb Code     0  startup_stm32f4xx.o(.text)
    TIM1_UP_TIM10_IRQHandler                 0x0800150b   Thumb Code     0  startup_stm32f4xx.o(.text)
    TIM3_IRQHandler                          0x0800150b   Thumb Code     0  startup_stm32f4xx.o(.text)
    TIM4_IRQHandler                          0x0800150b   Thumb Code     0  startup_stm32f4xx.o(.text)
    TIM5_IRQHandler                          0x0800150b   Thumb Code     0  startup_stm32f4xx.o(.text)
    TIM7_IRQHandler                          0x0800150b   Thumb Code     0  startup_stm32f4xx.o(.text)
    TIM8_BRK_TIM12_IRQHandler                0x0800150b   Thumb Code     0  startup_stm32f4xx.o(.text)
    TIM8_CC_IRQHandler                       0x0800150b   Thumb Code     0  startup_stm32f4xx.o(.text)
    TIM8_TRG_COM_TIM14_IRQHandler            0x0800150b   Thumb Code     0  startup_stm32f4xx.o(.text)
    TIM8_UP_TIM13_IRQHandler                 0x0800150b   Thumb Code     0  startup_stm32f4xx.o(.text)
    USART2_IRQHandler                        0x0800150b   Thumb Code     0  startup_stm32f4xx.o(.text)
    USART6_IRQHandler                        0x0800150b   Thumb Code     0  startup_stm32f4xx.o(.text)
    WWDG_IRQHandler                          0x0800150b   Thumb Code     0  startup_stm32f4xx.o(.text)
    NMI_Handler                              0x08001515   Thumb Code     2  stm32f4xx_it.o(.text)
    HardFault_Handler                        0x08001517   Thumb Code     4  stm32f4xx_it.o(.text)
    MemManage_Handler                        0x0800151b   Thumb Code     4  stm32f4xx_it.o(.text)
    BusFault_Handler                         0x0800151f   Thumb Code     4  stm32f4xx_it.o(.text)
    UsageFault_Handler                       0x08001523   Thumb Code     4  stm32f4xx_it.o(.text)
    SVC_Handler                              0x08001527   Thumb Code     2  stm32f4xx_it.o(.text)
    DebugMon_Handler                         0x08001529   Thumb Code     2  stm32f4xx_it.o(.text)
    PendSV_Handler                           0x0800152b   Thumb Code     2  stm32f4xx_it.o(.text)
    NVIC_PriorityGroupConfig                 0x0800152d   Thumb Code    10  misc.o(.text)
    NVIC_Init                                0x08001537   Thumb Code   106  misc.o(.text)
    NVIC_SetVectorTable                      0x080015a1   Thumb Code    14  misc.o(.text)
    NVIC_SystemLPConfig                      0x080015af   Thumb Code    34  misc.o(.text)
    SysTick_CLKSourceConfig                  0x080015d1   Thumb Code    40  misc.o(.text)
    CAN_DeInit                               0x0800160d   Thumb Code    50  stm32f4xx_can.o(.text)
    CAN_Init                                 0x0800163f   Thumb Code   276  stm32f4xx_can.o(.text)
    CAN_FilterInit                           0x08001753   Thumb Code   258  stm32f4xx_can.o(.text)
    CAN_StructInit                           0x08001855   Thumb Code    32  stm32f4xx_can.o(.text)
    CAN_SlaveStartBank                       0x08001875   Thumb Code    48  stm32f4xx_can.o(.text)
    CAN_DBGFreeze                            0x080018a5   Thumb Code    22  stm32f4xx_can.o(.text)
    CAN_TTComModeCmd                         0x080018bb   Thumb Code   118  stm32f4xx_can.o(.text)
    CAN_Transmit                             0x08001931   Thumb Code   304  stm32f4xx_can.o(.text)
    CAN_TransmitStatus                       0x08001a61   Thumb Code   138  stm32f4xx_can.o(.text)
    CAN_CancelTransmit                       0x08001aeb   Thumb Code    48  stm32f4xx_can.o(.text)
    CAN_Receive                              0x08001b1b   Thumb Code   240  stm32f4xx_can.o(.text)
    CAN_FIFORelease                          0x08001c0b   Thumb Code    22  stm32f4xx_can.o(.text)
    CAN_MessagePending                       0x08001c21   Thumb Code    30  stm32f4xx_can.o(.text)
    CAN_OperatingModeRequest                 0x08001c3f   Thumb Code   162  stm32f4xx_can.o(.text)
    CAN_Sleep                                0x08001ce1   Thumb Code    30  stm32f4xx_can.o(.text)
    CAN_WakeUp                               0x08001cff   Thumb Code    48  stm32f4xx_can.o(.text)
    CAN_GetLastErrorCode                     0x08001d2f   Thumb Code    12  stm32f4xx_can.o(.text)
    CAN_GetReceiveErrorCounter               0x08001d3b   Thumb Code    10  stm32f4xx_can.o(.text)
    CAN_GetLSBTransmitErrorCounter           0x08001d45   Thumb Code    12  stm32f4xx_can.o(.text)
    CAN_ITConfig                             0x08001d51   Thumb Code    18  stm32f4xx_can.o(.text)
    CAN_GetFlagStatus                        0x08001d63   Thumb Code   120  stm32f4xx_can.o(.text)
    CAN_ClearFlag                            0x08001ddb   Thumb Code    52  stm32f4xx_can.o(.text)
    CAN_GetITStatus                          0x08001e21   Thumb Code   310  stm32f4xx_can.o(.text)
    CAN_ClearITPendingBit                    0x08001f57   Thumb Code   162  stm32f4xx_can.o(.text)
    DMA_DeInit                               0x08001ffd   Thumb Code   324  stm32f4xx_dma.o(.text)
    DMA_Init                                 0x08002141   Thumb Code    82  stm32f4xx_dma.o(.text)
    DMA_StructInit                           0x08002193   Thumb Code    34  stm32f4xx_dma.o(.text)
    DMA_Cmd                                  0x080021b5   Thumb Code    22  stm32f4xx_dma.o(.text)
    DMA_PeriphIncOffsetSizeConfig            0x080021cb   Thumb Code    22  stm32f4xx_dma.o(.text)
    DMA_FlowControllerConfig                 0x080021e1   Thumb Code    22  stm32f4xx_dma.o(.text)
    DMA_SetCurrDataCounter                   0x080021f7   Thumb Code     4  stm32f4xx_dma.o(.text)
    DMA_GetCurrDataCounter                   0x080021fb   Thumb Code     8  stm32f4xx_dma.o(.text)
    DMA_DoubleBufferModeConfig               0x08002203   Thumb Code    24  stm32f4xx_dma.o(.text)
    DMA_DoubleBufferModeCmd                  0x0800221b   Thumb Code    22  stm32f4xx_dma.o(.text)
    DMA_MemoryTargetConfig                   0x08002231   Thumb Code    10  stm32f4xx_dma.o(.text)
    DMA_GetCurrentMemoryTarget               0x0800223b   Thumb Code    20  stm32f4xx_dma.o(.text)
    DMA_GetCmdStatus                         0x0800224f   Thumb Code    20  stm32f4xx_dma.o(.text)
    DMA_GetFIFOStatus                        0x08002263   Thumb Code    12  stm32f4xx_dma.o(.text)
    DMA_GetFlagStatus                        0x0800226f   Thumb Code    56  stm32f4xx_dma.o(.text)
    DMA_ClearFlag                            0x080022a7   Thumb Code    40  stm32f4xx_dma.o(.text)
    DMA_ITConfig                             0x080022cf   Thumb Code    58  stm32f4xx_dma.o(.text)
    DMA_GetITStatus                          0x08002309   Thumb Code    84  stm32f4xx_dma.o(.text)
    DMA_ClearITPendingBit                    0x0800235d   Thumb Code    40  stm32f4xx_dma.o(.text)
    EXTI_DeInit                              0x080023a5   Thumb Code    28  stm32f4xx_exti.o(.text)
    EXTI_Init                                0x080023c1   Thumb Code   142  stm32f4xx_exti.o(.text)
    EXTI_StructInit                          0x0800244f   Thumb Code    16  stm32f4xx_exti.o(.text)
    EXTI_GenerateSWInterrupt                 0x0800245f   Thumb Code    16  stm32f4xx_exti.o(.text)
    EXTI_GetFlagStatus                       0x0800246f   Thumb Code    22  stm32f4xx_exti.o(.text)
    EXTI_ClearFlag                           0x08002485   Thumb Code     8  stm32f4xx_exti.o(.text)
    EXTI_GetITStatus                         0x0800248d   Thumb Code    34  stm32f4xx_exti.o(.text)
    EXTI_ClearITPendingBit                   0x080024af   Thumb Code     8  stm32f4xx_exti.o(.text)
    FLASH_SetLatency                         0x080024c1   Thumb Code     6  stm32f4xx_flash.o(.text)
    FLASH_PrefetchBufferCmd                  0x080024c7   Thumb Code    30  stm32f4xx_flash.o(.text)
    FLASH_InstructionCacheCmd                0x080024e5   Thumb Code    30  stm32f4xx_flash.o(.text)
    FLASH_DataCacheCmd                       0x08002503   Thumb Code    30  stm32f4xx_flash.o(.text)
    FLASH_InstructionCacheReset              0x08002521   Thumb Code    14  stm32f4xx_flash.o(.text)
    FLASH_DataCacheReset                     0x0800252f   Thumb Code    14  stm32f4xx_flash.o(.text)
    FLASH_Unlock                             0x0800253d   Thumb Code    26  stm32f4xx_flash.o(.text)
    FLASH_Lock                               0x08002557   Thumb Code    18  stm32f4xx_flash.o(.text)
    FLASH_GetStatus                          0x08002569   Thumb Code    74  stm32f4xx_flash.o(.text)
    FLASH_WaitForLastOperation               0x080025b3   Thumb Code    34  stm32f4xx_flash.o(.text)
    FLASH_EraseSector                        0x080025d5   Thumb Code   140  stm32f4xx_flash.o(.text)
    FLASH_EraseAllSectors                    0x08002661   Thumb Code   112  stm32f4xx_flash.o(.text)
    FLASH_ProgramDoubleWord                  0x080026d1   Thumb Code    86  stm32f4xx_flash.o(.text)
    FLASH_ProgramWord                        0x08002727   Thumb Code    82  stm32f4xx_flash.o(.text)
    FLASH_ProgramHalfWord                    0x08002779   Thumb Code    82  stm32f4xx_flash.o(.text)
    FLASH_ProgramByte                        0x080027cb   Thumb Code    78  stm32f4xx_flash.o(.text)
    FLASH_OB_Unlock                          0x08002819   Thumb Code    26  stm32f4xx_flash.o(.text)
    FLASH_OB_Lock                            0x08002833   Thumb Code    18  stm32f4xx_flash.o(.text)
    FLASH_OB_WRPConfig                       0x08002845   Thumb Code    54  stm32f4xx_flash.o(.text)
    FLASH_OB_RDPConfig                       0x0800287b   Thumb Code    24  stm32f4xx_flash.o(.text)
    FLASH_OB_UserConfig                      0x08002893   Thumb Code    68  stm32f4xx_flash.o(.text)
    FLASH_OB_BORConfig                       0x080028d7   Thumb Code    22  stm32f4xx_flash.o(.text)
    FLASH_OB_Launch                          0x080028ed   Thumb Code    26  stm32f4xx_flash.o(.text)
    FLASH_OB_GetUser                         0x08002907   Thumb Code    10  stm32f4xx_flash.o(.text)
    FLASH_OB_GetWRP                          0x08002911   Thumb Code     8  stm32f4xx_flash.o(.text)
    FLASH_OB_GetRDP                          0x08002919   Thumb Code    20  stm32f4xx_flash.o(.text)
    FLASH_OB_GetBOR                          0x0800292d   Thumb Code    10  stm32f4xx_flash.o(.text)
    FLASH_ITConfig                           0x08002937   Thumb Code    34  stm32f4xx_flash.o(.text)
    FLASH_GetFlagStatus                      0x08002959   Thumb Code    22  stm32f4xx_flash.o(.text)
    FLASH_ClearFlag                          0x0800296f   Thumb Code     8  stm32f4xx_flash.o(.text)
    GPIO_DeInit                              0x0800297d   Thumb Code   220  stm32f4xx_gpio.o(.text)
    GPIO_Init                                0x08002a59   Thumb Code   144  stm32f4xx_gpio.o(.text)
    GPIO_StructInit                          0x08002ae9   Thumb Code    18  stm32f4xx_gpio.o(.text)
    GPIO_PinLockConfig                       0x08002afb   Thumb Code    34  stm32f4xx_gpio.o(.text)
    GPIO_ReadInputDataBit                    0x08002b1d   Thumb Code    18  stm32f4xx_gpio.o(.text)
    GPIO_ReadInputData                       0x08002b2f   Thumb Code     8  stm32f4xx_gpio.o(.text)
    GPIO_ReadOutputDataBit                   0x08002b37   Thumb Code    18  stm32f4xx_gpio.o(.text)
    GPIO_ReadOutputData                      0x08002b49   Thumb Code     8  stm32f4xx_gpio.o(.text)
    GPIO_SetBits                             0x08002b51   Thumb Code     4  stm32f4xx_gpio.o(.text)
    GPIO_ResetBits                           0x08002b55   Thumb Code     4  stm32f4xx_gpio.o(.text)
    GPIO_WriteBit                            0x08002b59   Thumb Code    10  stm32f4xx_gpio.o(.text)
    GPIO_Write                               0x08002b63   Thumb Code     4  stm32f4xx_gpio.o(.text)
    GPIO_ToggleBits                          0x08002b67   Thumb Code     8  stm32f4xx_gpio.o(.text)
    GPIO_PinAFConfig                         0x08002b6f   Thumb Code    70  stm32f4xx_gpio.o(.text)
    RCC_DeInit                               0x08002bd9   Thumb Code    60  stm32f4xx_rcc.o(.text)
    RCC_HSEConfig                            0x08002c15   Thumb Code    14  stm32f4xx_rcc.o(.text)
    RCC_GetFlagStatus                        0x08002c23   Thumb Code    60  stm32f4xx_rcc.o(.text)
    RCC_WaitForHSEStartUp                    0x08002c5f   Thumb Code    56  stm32f4xx_rcc.o(.text)
    RCC_AdjustHSICalibrationValue            0x08002c97   Thumb Code    20  stm32f4xx_rcc.o(.text)
    RCC_HSICmd                               0x08002cab   Thumb Code     6  stm32f4xx_rcc.o(.text)
    RCC_LSEConfig                            0x08002cb1   Thumb Code    46  stm32f4xx_rcc.o(.text)
    RCC_LSICmd                               0x08002cdf   Thumb Code     6  stm32f4xx_rcc.o(.text)
    RCC_PLLConfig                            0x08002ce5   Thumb Code    32  stm32f4xx_rcc.o(.text)
    RCC_PLLCmd                               0x08002d05   Thumb Code     6  stm32f4xx_rcc.o(.text)
    RCC_PLLI2SConfig                         0x08002d0b   Thumb Code    14  stm32f4xx_rcc.o(.text)
    RCC_PLLI2SCmd                            0x08002d19   Thumb Code     6  stm32f4xx_rcc.o(.text)
    RCC_ClockSecuritySystemCmd               0x08002d1f   Thumb Code     6  stm32f4xx_rcc.o(.text)
    RCC_MCO1Config                           0x08002d25   Thumb Code    28  stm32f4xx_rcc.o(.text)
    RCC_MCO2Config                           0x08002d41   Thumb Code    28  stm32f4xx_rcc.o(.text)
    RCC_SYSCLKConfig                         0x08002d5d   Thumb Code    20  stm32f4xx_rcc.o(.text)
    RCC_GetSYSCLKSource                      0x08002d71   Thumb Code    12  stm32f4xx_rcc.o(.text)
    RCC_HCLKConfig                           0x08002d7d   Thumb Code    20  stm32f4xx_rcc.o(.text)
    RCC_PCLK1Config                          0x08002d91   Thumb Code    20  stm32f4xx_rcc.o(.text)
    RCC_PCLK2Config                          0x08002da5   Thumb Code    22  stm32f4xx_rcc.o(.text)
    RCC_GetClocksFreq                        0x08002dbb   Thumb Code   222  stm32f4xx_rcc.o(.text)
    RCC_RTCCLKConfig                         0x08002e99   Thumb Code    54  stm32f4xx_rcc.o(.text)
    RCC_RTCCLKCmd                            0x08002ecf   Thumb Code     8  stm32f4xx_rcc.o(.text)
    RCC_BackupResetCmd                       0x08002ed7   Thumb Code     8  stm32f4xx_rcc.o(.text)
    RCC_I2SCLKConfig                         0x08002edf   Thumb Code     6  stm32f4xx_rcc.o(.text)
    RCC_AHB1PeriphClockCmd                   0x08002ee5   Thumb Code    34  stm32f4xx_rcc.o(.text)
    RCC_AHB2PeriphClockCmd                   0x08002f07   Thumb Code    34  stm32f4xx_rcc.o(.text)
    RCC_AHB3PeriphClockCmd                   0x08002f29   Thumb Code    34  stm32f4xx_rcc.o(.text)
    RCC_APB1PeriphClockCmd                   0x08002f4b   Thumb Code    34  stm32f4xx_rcc.o(.text)
    RCC_APB2PeriphClockCmd                   0x08002f6d   Thumb Code    34  stm32f4xx_rcc.o(.text)
    RCC_AHB1PeriphResetCmd                   0x08002f8f   Thumb Code    34  stm32f4xx_rcc.o(.text)
    RCC_AHB2PeriphResetCmd                   0x08002fb1   Thumb Code    72  stm32f4xx_rcc.o(.text)
    RCC_AHB3PeriphResetCmd                   0x08002ff9   Thumb Code    34  stm32f4xx_rcc.o(.text)
    RCC_APB1PeriphResetCmd                   0x0800301b   Thumb Code    34  stm32f4xx_rcc.o(.text)
    RCC_APB2PeriphResetCmd                   0x0800303d   Thumb Code    34  stm32f4xx_rcc.o(.text)
    RCC_AHB1PeriphClockLPModeCmd             0x0800305f   Thumb Code    34  stm32f4xx_rcc.o(.text)
    RCC_AHB2PeriphClockLPModeCmd             0x08003081   Thumb Code    34  stm32f4xx_rcc.o(.text)
    RCC_AHB3PeriphClockLPModeCmd             0x080030a3   Thumb Code    34  stm32f4xx_rcc.o(.text)
    RCC_APB1PeriphClockLPModeCmd             0x080030c5   Thumb Code    34  stm32f4xx_rcc.o(.text)
    RCC_APB2PeriphClockLPModeCmd             0x080030e7   Thumb Code    34  stm32f4xx_rcc.o(.text)
    RCC_ITConfig                             0x08003109   Thumb Code    34  stm32f4xx_rcc.o(.text)
    RCC_ClearFlag                            0x0800312b   Thumb Code    18  stm32f4xx_rcc.o(.text)
    RCC_GetITStatus                          0x0800313d   Thumb Code    22  stm32f4xx_rcc.o(.text)
    RCC_ClearITPendingBit                    0x08003153   Thumb Code     8  stm32f4xx_rcc.o(.text)
    SYSCFG_DeInit                            0x08003161   Thumb Code    22  stm32f4xx_syscfg.o(.text)
    SYSCFG_MemoryRemapConfig                 0x08003177   Thumb Code     6  stm32f4xx_syscfg.o(.text)
    SYSCFG_EXTILineConfig                    0x0800317d   Thumb Code    66  stm32f4xx_syscfg.o(.text)
    SYSCFG_ETH_MediaInterfaceConfig          0x080031bf   Thumb Code     6  stm32f4xx_syscfg.o(.text)
    SYSCFG_CompensationCellCmd               0x080031c5   Thumb Code     6  stm32f4xx_syscfg.o(.text)
    SYSCFG_GetCompensationCellStatus         0x080031cb   Thumb Code    22  stm32f4xx_syscfg.o(.text)
    TIM_DeInit                               0x080031ed   Thumb Code   346  stm32f4xx_tim.o(.text)
    TIM_TimeBaseInit                         0x08003347   Thumb Code   104  stm32f4xx_tim.o(.text)
    TIM_TimeBaseStructInit                   0x080033af   Thumb Code    18  stm32f4xx_tim.o(.text)
    TIM_PrescalerConfig                      0x080033c1   Thumb Code     6  stm32f4xx_tim.o(.text)
    TIM_CounterModeConfig                    0x080033c7   Thumb Code    18  stm32f4xx_tim.o(.text)
    TIM_SetCounter                           0x080033d9   Thumb Code     4  stm32f4xx_tim.o(.text)
    TIM_SetAutoreload                        0x080033dd   Thumb Code     4  stm32f4xx_tim.o(.text)
    TIM_GetCounter                           0x080033e1   Thumb Code     6  stm32f4xx_tim.o(.text)
    TIM_GetPrescaler                         0x080033e7   Thumb Code     6  stm32f4xx_tim.o(.text)
    TIM_UpdateDisableConfig                  0x080033ed   Thumb Code    24  stm32f4xx_tim.o(.text)
    TIM_UpdateRequestConfig                  0x08003405   Thumb Code    24  stm32f4xx_tim.o(.text)
    TIM_ARRPreloadConfig                     0x0800341d   Thumb Code    24  stm32f4xx_tim.o(.text)
    TIM_SelectOnePulseMode                   0x08003435   Thumb Code    18  stm32f4xx_tim.o(.text)
    TIM_SetClockDivision                     0x08003447   Thumb Code    18  stm32f4xx_tim.o(.text)
    TIM_Cmd                                  0x08003459   Thumb Code    24  stm32f4xx_tim.o(.text)
    TIM_OC1Init                              0x08003471   Thumb Code   114  stm32f4xx_tim.o(.text)
    TIM_OC2Init                              0x080034e3   Thumb Code   154  stm32f4xx_tim.o(.text)
    TIM_OC3Init                              0x0800357d   Thumb Code   204  stm32f4xx_tim.o(.text)
    TIM_OC4Init                              0x08003649   Thumb Code   112  stm32f4xx_tim.o(.text)
    TIM_OCStructInit                         0x080036b9   Thumb Code    20  stm32f4xx_tim.o(.text)
    TIM_SelectOCxM                           0x080036cd   Thumb Code    86  stm32f4xx_tim.o(.text)
    TIM_SetCompare1                          0x08003723   Thumb Code     4  stm32f4xx_tim.o(.text)
    TIM_SetCompare2                          0x08003727   Thumb Code     4  stm32f4xx_tim.o(.text)
    TIM_SetCompare3                          0x0800372b   Thumb Code     4  stm32f4xx_tim.o(.text)
    TIM_SetCompare4                          0x0800372f   Thumb Code     4  stm32f4xx_tim.o(.text)
    TIM_ForcedOC1Config                      0x08003733   Thumb Code    18  stm32f4xx_tim.o(.text)
    TIM_ForcedOC2Config                      0x08003745   Thumb Code    26  stm32f4xx_tim.o(.text)
    TIM_ForcedOC3Config                      0x0800375f   Thumb Code    18  stm32f4xx_tim.o(.text)
    TIM_ForcedOC4Config                      0x08003771   Thumb Code    26  stm32f4xx_tim.o(.text)
    TIM_OC1PreloadConfig                     0x0800378b   Thumb Code    18  stm32f4xx_tim.o(.text)
    TIM_OC2PreloadConfig                     0x0800379d   Thumb Code    26  stm32f4xx_tim.o(.text)
    TIM_OC3PreloadConfig                     0x080037b7   Thumb Code    18  stm32f4xx_tim.o(.text)
    TIM_OC4PreloadConfig                     0x080037c9   Thumb Code    26  stm32f4xx_tim.o(.text)
    TIM_OC1FastConfig                        0x080037e3   Thumb Code    18  stm32f4xx_tim.o(.text)
    TIM_OC2FastConfig                        0x080037f5   Thumb Code    26  stm32f4xx_tim.o(.text)
    TIM_OC3FastConfig                        0x0800380f   Thumb Code    18  stm32f4xx_tim.o(.text)
    TIM_OC4FastConfig                        0x08003821   Thumb Code    26  stm32f4xx_tim.o(.text)
    TIM_ClearOC1Ref                          0x0800383b   Thumb Code    18  stm32f4xx_tim.o(.text)
    TIM_ClearOC2Ref                          0x0800384d   Thumb Code    24  stm32f4xx_tim.o(.text)
    TIM_ClearOC3Ref                          0x08003865   Thumb Code    18  stm32f4xx_tim.o(.text)
    TIM_ClearOC4Ref                          0x08003877   Thumb Code    24  stm32f4xx_tim.o(.text)
    TIM_OC1PolarityConfig                    0x0800388f   Thumb Code    18  stm32f4xx_tim.o(.text)
    TIM_OC1NPolarityConfig                   0x080038a1   Thumb Code    18  stm32f4xx_tim.o(.text)
    TIM_OC2PolarityConfig                    0x080038b3   Thumb Code    26  stm32f4xx_tim.o(.text)
    TIM_OC2NPolarityConfig                   0x080038cd   Thumb Code    26  stm32f4xx_tim.o(.text)
    TIM_OC3PolarityConfig                    0x080038e7   Thumb Code    26  stm32f4xx_tim.o(.text)
    TIM_OC3NPolarityConfig                   0x08003901   Thumb Code    26  stm32f4xx_tim.o(.text)
    TIM_OC4PolarityConfig                    0x0800391b   Thumb Code    26  stm32f4xx_tim.o(.text)
    TIM_CCxCmd                               0x08003935   Thumb Code    30  stm32f4xx_tim.o(.text)
    TIM_CCxNCmd                              0x08003953   Thumb Code    30  stm32f4xx_tim.o(.text)
    TIM_SetIC4Prescaler                      0x08003971   Thumb Code    26  stm32f4xx_tim.o(.text)
    TIM_SetIC3Prescaler                      0x080039db   Thumb Code    18  stm32f4xx_tim.o(.text)
    TIM_SetIC2Prescaler                      0x08003a35   Thumb Code    26  stm32f4xx_tim.o(.text)
    TIM_SetIC1Prescaler                      0x08003aa9   Thumb Code    18  stm32f4xx_tim.o(.text)
    TIM_ICInit                               0x08003af5   Thumb Code   110  stm32f4xx_tim.o(.text)
    TIM_ICStructInit                         0x08003b63   Thumb Code    18  stm32f4xx_tim.o(.text)
    TIM_PWMIConfig                           0x08003b75   Thumb Code   124  stm32f4xx_tim.o(.text)
    TIM_GetCapture1                          0x08003bf1   Thumb Code     6  stm32f4xx_tim.o(.text)
    TIM_GetCapture2                          0x08003bf7   Thumb Code     6  stm32f4xx_tim.o(.text)
    TIM_GetCapture3                          0x08003bfd   Thumb Code     6  stm32f4xx_tim.o(.text)
    TIM_GetCapture4                          0x08003c03   Thumb Code     6  stm32f4xx_tim.o(.text)
    TIM_BDTRConfig                           0x08003c09   Thumb Code    32  stm32f4xx_tim.o(.text)
    TIM_BDTRStructInit                       0x08003c29   Thumb Code    18  stm32f4xx_tim.o(.text)
    TIM_CtrlPWMOutputs                       0x08003c3b   Thumb Code    30  stm32f4xx_tim.o(.text)
    TIM_SelectCOM                            0x08003c59   Thumb Code    24  stm32f4xx_tim.o(.text)
    TIM_CCPreloadControl                     0x08003c71   Thumb Code    24  stm32f4xx_tim.o(.text)
    TIM_ITConfig                             0x08003c89   Thumb Code    18  stm32f4xx_tim.o(.text)
    TIM_GenerateEvent                        0x08003c9b   Thumb Code     4  stm32f4xx_tim.o(.text)
    TIM_GetFlagStatus                        0x08003c9f   Thumb Code    18  stm32f4xx_tim.o(.text)
    TIM_ClearFlag                            0x08003cb1   Thumb Code     6  stm32f4xx_tim.o(.text)
    TIM_GetITStatus                          0x08003cb7   Thumb Code    34  stm32f4xx_tim.o(.text)
    TIM_ClearITPendingBit                    0x08003cd9   Thumb Code     6  stm32f4xx_tim.o(.text)
    TIM_DMAConfig                            0x08003cdf   Thumb Code    10  stm32f4xx_tim.o(.text)
    TIM_DMACmd                               0x08003ce9   Thumb Code    18  stm32f4xx_tim.o(.text)
    TIM_SelectCCDMA                          0x08003cfb   Thumb Code    24  stm32f4xx_tim.o(.text)
    TIM_InternalClockConfig                  0x08003d13   Thumb Code    12  stm32f4xx_tim.o(.text)
    TIM_SelectInputTrigger                   0x08003d1f   Thumb Code    18  stm32f4xx_tim.o(.text)
    TIM_ITRxExternalClockConfig              0x08003d31   Thumb Code    24  stm32f4xx_tim.o(.text)
    TIM_TIxExternalClockConfig               0x08003d49   Thumb Code    62  stm32f4xx_tim.o(.text)
    TIM_ETRConfig                            0x08003d87   Thumb Code    28  stm32f4xx_tim.o(.text)
    TIM_ETRClockMode1Config                  0x08003da3   Thumb Code    54  stm32f4xx_tim.o(.text)
    TIM_ETRClockMode2Config                  0x08003dd9   Thumb Code    32  stm32f4xx_tim.o(.text)
    TIM_SelectOutputTrigger                  0x08003df9   Thumb Code    18  stm32f4xx_tim.o(.text)
    TIM_SelectSlaveMode                      0x08003e0b   Thumb Code    18  stm32f4xx_tim.o(.text)
    TIM_SelectMasterSlaveMode                0x08003e1d   Thumb Code    18  stm32f4xx_tim.o(.text)
    TIM_EncoderInterfaceConfig               0x08003e2f   Thumb Code    66  stm32f4xx_tim.o(.text)
    TIM_SelectHallSensor                     0x08003e71   Thumb Code    24  stm32f4xx_tim.o(.text)
    TIM_RemapConfig                          0x08003e89   Thumb Code     6  stm32f4xx_tim.o(.text)
    USART_DeInit                             0x08003e91   Thumb Code   156  stm32f4xx_usart.o(.text)
    USART_Init                               0x08003f2d   Thumb Code   204  stm32f4xx_usart.o(.text)
    USART_StructInit                         0x08003ff9   Thumb Code    24  stm32f4xx_usart.o(.text)
    USART_ClockInit                          0x08004011   Thumb Code    32  stm32f4xx_usart.o(.text)
    USART_ClockStructInit                    0x08004031   Thumb Code    12  stm32f4xx_usart.o(.text)
    USART_Cmd                                0x0800403d   Thumb Code    24  stm32f4xx_usart.o(.text)
    USART_SetPrescaler                       0x08004055   Thumb Code    16  stm32f4xx_usart.o(.text)
    USART_OverSampling8Cmd                   0x08004065   Thumb Code    22  stm32f4xx_usart.o(.text)
    USART_OneBitMethodCmd                    0x0800407b   Thumb Code    24  stm32f4xx_usart.o(.text)
    USART_SendData                           0x08004093   Thumb Code     8  stm32f4xx_usart.o(.text)
    USART_ReceiveData                        0x0800409b   Thumb Code    10  stm32f4xx_usart.o(.text)
    USART_SetAddress                         0x080040a5   Thumb Code    18  stm32f4xx_usart.o(.text)
    USART_ReceiverWakeUpCmd                  0x080040b7   Thumb Code    24  stm32f4xx_usart.o(.text)
    USART_WakeUpConfig                       0x080040cf   Thumb Code    18  stm32f4xx_usart.o(.text)
    USART_LINBreakDetectLengthConfig         0x080040e1   Thumb Code    18  stm32f4xx_usart.o(.text)
    USART_LINCmd                             0x080040f3   Thumb Code    24  stm32f4xx_usart.o(.text)
    USART_SendBreak                          0x0800410b   Thumb Code    10  stm32f4xx_usart.o(.text)
    USART_HalfDuplexCmd                      0x08004115   Thumb Code    24  stm32f4xx_usart.o(.text)
    USART_SetGuardTime                       0x0800412d   Thumb Code    16  stm32f4xx_usart.o(.text)
    USART_SmartCardCmd                       0x0800413d   Thumb Code    24  stm32f4xx_usart.o(.text)
    USART_SmartCardNACKCmd                   0x08004155   Thumb Code    24  stm32f4xx_usart.o(.text)
    USART_IrDAConfig                         0x0800416d   Thumb Code    18  stm32f4xx_usart.o(.text)
    USART_IrDACmd                            0x0800417f   Thumb Code    24  stm32f4xx_usart.o(.text)
    USART_DMACmd                             0x08004197   Thumb Code    18  stm32f4xx_usart.o(.text)
    USART_ITConfig                           0x080041a9   Thumb Code    74  stm32f4xx_usart.o(.text)
    USART_GetFlagStatus                      0x080041f3   Thumb Code    26  stm32f4xx_usart.o(.text)
    USART_ClearFlag                          0x0800420d   Thumb Code    18  stm32f4xx_usart.o(.text)
    USART_GetITStatus                        0x0800421f   Thumb Code   110  stm32f4xx_usart.o(.text)
    USART_ClearITPendingBit                  0x0800428d   Thumb Code    30  stm32f4xx_usart.o(.text)
    SystemInit                               0x08004389   Thumb Code    88  system_stm32f4xx.o(.text)
    SystemCoreClockUpdate                    0x080043e1   Thumb Code   174  system_stm32f4xx.o(.text)
    IWDG_WriteAccessCmd                      0x080044bd   Thumb Code     6  stm32f4xx_iwdg.o(.text)
    IWDG_SetPrescaler                        0x080044c3   Thumb Code     6  stm32f4xx_iwdg.o(.text)
    IWDG_SetReload                           0x080044c9   Thumb Code     6  stm32f4xx_iwdg.o(.text)
    IWDG_ReloadCounter                       0x080044cf   Thumb Code    10  stm32f4xx_iwdg.o(.text)
    IWDG_Enable                              0x080044d9   Thumb Code    10  stm32f4xx_iwdg.o(.text)
    IWDG_GetFlagStatus                       0x080044e3   Thumb Code    20  stm32f4xx_iwdg.o(.text)
    invSqrt                                  0x080044fd   Thumb Code    56  imu.o(.text)
    Init_Quaternion                          0x08004535   Thumb Code   586  imu.o(.text)
    IMU_getValues                            0x0800477f   Thumb Code   138  imu.o(.text)
    IMU_AHRSupdate                           0x08004809   Thumb Code  2030  imu.o(.text)
    IMU_getQ                                 0x08004ff7   Thumb Code    12  imu.o(.text)
    IMU_getYawPitchRoll                      0x08005003   Thumb Code    12  imu.o(.text)
    GetPitchYawGxGyGz                        0x0800500f   Thumb Code   204  imu.o(.text)
    IIC_Delay                                0x0800513d   Thumb Code    26  mpu6050_i2c.o(.text)
    HEAT_Configuration                       0x08005157   Thumb Code    50  mpu6050_i2c.o(.text)
    IIC_GPIO_Init                            0x08005189   Thumb Code    42  mpu6050_i2c.o(.text)
    IIC_SDA_Out                              0x080051b3   Thumb Code    34  mpu6050_i2c.o(.text)
    IIC_SDA_In                               0x080051d5   Thumb Code    38  mpu6050_i2c.o(.text)
    IIC_Start                                0x080051fb   Thumb Code    60  mpu6050_i2c.o(.text)
    IIC_Stop                                 0x08005237   Thumb Code    60  mpu6050_i2c.o(.text)
    IIC_Ack                                  0x08005273   Thumb Code    66  mpu6050_i2c.o(.text)
    IIC_WaitAck                              0x080052b5   Thumb Code    94  mpu6050_i2c.o(.text)
    IIC_WriteBit                             0x08005313   Thumb Code    96  mpu6050_i2c.o(.text)
    IIC_ReadBit                              0x08005373   Thumb Code    86  mpu6050_i2c.o(.text)
    IIC_WriteData                            0x080053c9   Thumb Code    92  mpu6050_i2c.o(.text)
    IIC_ReadData                             0x08005425   Thumb Code   146  mpu6050_i2c.o(.text)
    MPU6050_Init                             0x08005511   Thumb Code   236  mpu6050_driver.o(.text)
    MPU6050_EnableInt                        0x080055fd   Thumb Code    66  mpu6050_driver.o(.text)
    MPU6050_Initialize                       0x0800563f   Thumb Code    20  mpu6050_driver.o(.text)
    MPU6050_ReadData                         0x08005653   Thumb Code    44  mpu6050_driver.o(.text)
    MPU6050_DataSave                         0x0800567f   Thumb Code   494  mpu6050_driver.o(.text)
    MPU6050_getMotion6                       0x0800586d   Thumb Code   566  mpu6050_driver.o(.text)
    MPU6050_getlastMotion6                   0x08005aa3   Thumb Code    76  mpu6050_driver.o(.text)
    MPU6050_IntConfiguration                 0x08005af9   Thumb Code   124  mpu6050_interrupt.o(.text)
    EXTI4_IRQHandler                         0x08005b75   Thumb Code    46  mpu6050_interrupt.o(.text)
    Is_AppParam_Calied                       0x08005bad   Thumb Code     6  iotask.o(.text)
    AppParamInit                             0x08005bc7   Thumb Code    28  iotask.o(.text)
    SetGimbalCaliData                        0x08005be3   Thumb Code    24  iotask.o(.text)
    SetGyroCaliData                          0x08005bfb   Thumb Code    28  iotask.o(.text)
    SetAccCaliData                           0x08005c17   Thumb Code    24  iotask.o(.text)
    SetMagCaliData                           0x08005c2f   Thumb Code    24  iotask.o(.text)
    SetPIDCaliData                           0x08005c47   Thumb Code   280  iotask.o(.text)
    GetGimbalCaliData                        0x08005d5f   Thumb Code    16  iotask.o(.text)
    GetGyroCaliData                          0x08005d6f   Thumb Code    20  iotask.o(.text)
    GetAccCaliData                           0x08005d83   Thumb Code    20  iotask.o(.text)
    GetMagCaliData                           0x08005d97   Thumb Code    20  iotask.o(.text)
    IsGimbalCalied                           0x08005dab   Thumb Code    16  iotask.o(.text)
    IsGyroCalied                             0x08005dbb   Thumb Code    16  iotask.o(.text)
    IsAccCalied                              0x08005dcb   Thumb Code    18  iotask.o(.text)
    IsMagCalied                              0x08005ddd   Thumb Code    18  iotask.o(.text)
    SetCaliCmdFlag                           0x08005def   Thumb Code    12  iotask.o(.text)
    ResetCaliCmdFlag                         0x08005dfb   Thumb Code    12  iotask.o(.text)
    GetCaliCmdFlagGrp                        0x08005e07   Thumb Code     6  iotask.o(.text)
    IsCaliCmdFlagSet                         0x08005e0d   Thumb Code    18  iotask.o(.text)
    Sensor_Offset_Param_Init                 0x08005e1f   Thumb Code     2  iotask.o(.text)
    MagEndCaliProcess                        0x08005e21   Thumb Code   138  iotask.o(.text)
    MagStartCaliProcess                      0x08005eab   Thumb Code    26  iotask.o(.text)
    GimbalCaliProcess                        0x08005ec5   Thumb Code   134  iotask.o(.text)
    GyroCaliProcess                          0x08005f4b   Thumb Code   274  iotask.o(.text)
    CalibrateLoop                            0x0800605d   Thumb Code   234  iotask.o(.text)
    PIDCaliProcess                           0x08006147   Thumb Code    22  iotask.o(.text)
    GetWorkState                             0x0800618b   Thumb Code     6  controltask.o(.text)
    CMControlLoop                            0x08006191   Thumb Code  1842  controltask.o(.text)
    ShooterMControlLoop                      0x080068c3   Thumb Code   234  controltask.o(.text)
    SetGimbalMotorOutput                     0x080069ad   Thumb Code   164  controltask.o(.text)
    GMYawControlLoop                         0x08006a51   Thumb Code   206  controltask.o(.text)
    GMPitchControlLoop                       0x08006b1f   Thumb Code   314  controltask.o(.text)
    GimbalYawControlModeSwitch               0x08006c59   Thumb Code   286  controltask.o(.text)
    ControtLoopTaskInit                      0x08006d77   Thumb Code   502  controltask.o(.text)
    WorkStateSwitchProcess                   0x08006f6d   Thumb Code    30  controltask.o(.text)
    WorkStateFSM                             0x08006f8b   Thumb Code   290  controltask.o(.text)
    Control_Task                             0x080070ad   Thumb Code   294  controltask.o(.text)
    power_limit_handle                       0x080071d3   Thumb Code    78  controltask.o(.text)
    GetRemoteSwitchAction                    0x080072a1   Thumb Code   120  remotetask.o(.text)
    IsRemoteBeingAction                      0x08007319   Thumb Code   238  remotetask.o(.text)
    SetInputMode                             0x08007407   Thumb Code    36  remotetask.o(.text)
    GetInputMode                             0x0800742b   Thumb Code     6  remotetask.o(.text)
    SetShootState                            0x08007431   Thumb Code     6  remotetask.o(.text)
    RemoteShootControl                       0x08007437   Thumb Code   264  remotetask.o(.text)
    MouseShootControl                        0x0800753f   Thumb Code   330  remotetask.o(.text)
    GimbalAngleLimit                         0x08007689   Thumb Code   224  remotetask.o(.text)
    MouseKeyControlProcess                   0x08007769   Thumb Code  1368  remotetask.o(.text)
    RemoteControlProcess                     0x08007cc1   Thumb Code   222  remotetask.o(.text)
    RemoteDataPrcess                         0x08007d9f   Thumb Code   216  remotetask.o(.text)
    GetShootState                            0x08007e77   Thumb Code     6  remotetask.o(.text)
    GetFrictionState                         0x08007e7d   Thumb Code     6  remotetask.o(.text)
    SetFrictionState                         0x08007e83   Thumb Code     6  remotetask.o(.text)
    RemoteTaskInit                           0x08007e89   Thumb Code    78  remotetask.o(.text)
    GetEncoderBias                           0x08007f29   Thumb Code    26  canbustask.o(.text)
    EncoderProcess                           0x08007f43   Thumb Code   202  canbustask.o(.text)
    CanReceiveMsgProcess                     0x0800800d   Thumb Code   570  canbustask.o(.text)
    Set_CM_Speed                             0x08008247   Thumb Code    92  canbustask.o(.text)
    Set_Gimbal_Current                       0x080082a3   Thumb Code    82  canbustask.o(.text)
    LED_TOGGLE                               0x08008331   Thumb Code   214  supervisetask.o(.text)
    Get_Lost_Error                           0x08008407   Thumb Code    10  supervisetask.o(.text)
    GetLostCounter                           0x08008411   Thumb Code    18  supervisetask.o(.text)
    SuperviseTask                            0x08008423   Thumb Code   420  supervisetask.o(.text)
    Set_Error_Flag                           0x080085c7   Thumb Code     2  supervisetask.o(.text)
    Is_Lost_Error_Set                        0x080085c9   Thumb Code    22  supervisetask.o(.text)
    Is_Serious_Error                         0x080085df   Thumb Code    28  supervisetask.o(.text)
    abs_limit                                0x08008619   Thumb Code    46  pid.o(.text)
    pid_calc                                 0x08008689   Thumb Code   504  pid.o(.text)
    PID_struct_init                          0x08008881   Thumb Code    88  pid.o(.text)
    Get_CRC8_Check_Sum                       0x080088e5   Thumb Code    30  judge.o(.text)
    Verify_CRC8_Check_Sum                    0x08008903   Thumb Code    46  judge.o(.text)
    Append_CRC8_Check_Sum                    0x08008931   Thumb Code    36  judge.o(.text)
    Get_CRC16_Check_Sum                      0x08008955   Thumb Code    46  judge.o(.text)
    Verify_CRC16_Check_Sum                   0x08008983   Thumb Code    60  judge.o(.text)
    Append_CRC16_Check_Sum                   0x080089bf   Thumb Code    44  judge.o(.text)
    BSP_UART5_InitConfig                     0x080089ed   Thumb Code   312  judge.o(.text)
    UART5_PrintBlock                         0x08008b25   Thumb Code    44  judge.o(.text)
    UART5_GetRxBuf                           0x08008b51   Thumb Code     4  judge.o(.text)
    Judge_InitConfig                         0x08008b55   Thumb Code    80  judge.o(.text)
    judgement_data_handle                    0x08008ba5   Thumb Code   230  judge.o(.text)
    unpack_fifo_data                         0x08008c8b   Thumb Code   420  judge.o(.text)
    get_dma_memory_msg                       0x08008e2f   Thumb Code    26  judge.o(.text)
    dma_buffer_to_unpack_buffer              0x08008e49   Thumb Code   140  judge.o(.text)
    UART5_IRQHandler                         0x08008ed5   Thumb Code    60  judge.o(.text)
    protocol_packet_pack                     0x08008f11   Thumb Code    74  judge.o(.text)
    data_upload_handle                       0x08008f5b   Thumb Code    58  judge.o(.text)
    communicate_param_init                   0x08008f95   Thumb Code    64  judge.o(.text)
    ShooterControl                           0x08008ff1   Thumb Code   198  auto_shoot_control_task.o(.text)
    setPitchYawRef                           0x080090b7   Thumb Code    66  auto_shoot_control_task.o(.text)
    Auto_Shoot_Control_Task                  0x080090f9   Thumb Code   114  auto_shoot_control_task.o(.text)
    EXTI_A6                                  0x0800916b   Thumb Code    32  auto_shoot_control_task.o(.text)
    targetOffsetDataDeal                     0x0800918b   Thumb Code   404  auto_shoot_control_task.o(.text)
    update_buff_table                        0x0800931f   Thumb Code   402  auto_shoot_control_task.o(.text)
    FIFO_Init                                0x080094b9   Thumb Code    78  fifo.o(.text)
    FIFO_Create                              0x08009507   Thumb Code    80  fifo.o(.text)
    FIFO_Destory                             0x08009557   Thumb Code    40  fifo.o(.text)
    FIFO_S_Init                              0x0800957f   Thumb Code    62  fifo.o(.text)
    FIFO_S_Create                            0x080095bd   Thumb Code    60  fifo.o(.text)
    FIFO_S_Destory                           0x080095f9   Thumb Code    40  fifo.o(.text)
    FIFO_Put                                 0x08009621   Thumb Code   106  fifo.o(.text)
    FIFO_S_Put                               0x0800968b   Thumb Code    68  fifo.o(.text)
    FIFO_S_Puts                              0x080096cf   Thumb Code    98  fifo.o(.text)
    FIFO_Get                                 0x08009731   Thumb Code   106  fifo.o(.text)
    FIFO_S_Get                               0x0800979b   Thumb Code    58  fifo.o(.text)
    FIFO_GetHead                             0x080097d5   Thumb Code   162  fifo.o(.text)
    FIFO_S_GetHead                           0x08009877   Thumb Code    76  fifo.o(.text)
    FIFO_PreRead                             0x080098c3   Thumb Code   108  fifo.o(.text)
    FIFO_S_PreRead                           0x0800992f   Thumb Code    48  fifo.o(.text)
    FIFO_IsEmpty                             0x0800995f   Thumb Code    24  fifo.o(.text)
    FIFO_S_IsEmpty                           0x08009977   Thumb Code    24  fifo.o(.text)
    FIFO_IsFull                              0x0800998f   Thumb Code    24  fifo.o(.text)
    FIFO_S_IsFull                            0x080099a7   Thumb Code    24  fifo.o(.text)
    FIFO_CountUsed                           0x080099bf   Thumb Code    16  fifo.o(.text)
    FIFO_S_CountUsed                         0x080099cf   Thumb Code    16  fifo.o(.text)
    FIFO_CountFree                           0x080099df   Thumb Code    16  fifo.o(.text)
    FIFO_S_CountFree                         0x080099ef   Thumb Code    16  fifo.o(.text)
    FIFO_Flush                               0x080099ff   Thumb Code    50  fifo.o(.text)
    FIFO_S_Flush                             0x08009a31   Thumb Code    44  fifo.o(.text)
    RampInit                                 0x08009a5d   Thumb Code     8  ramp.o(.text)
    RampCalc                                 0x08009a65   Thumb Code    66  ramp.o(.text)
    RampSetCounter                           0x08009aa7   Thumb Code     4  ramp.o(.text)
    RampResetCounter                         0x08009aab   Thumb Code     6  ramp.o(.text)
    RampSetScale                             0x08009ab1   Thumb Code     4  ramp.o(.text)
    RampIsOverflow                           0x08009ab5   Thumb Code    18  ramp.o(.text)
    LostCounterFeed                          0x08009acd   Thumb Code     8  lostcounter.o(.text)
    LostCounterCount                         0x08009ad5   Thumb Code    10  lostcounter.o(.text)
    LostCounterOverflowCheck                 0x08009adf   Thumb Code    14  lostcounter.o(.text)
    PID_Reset                                0x08009aed   Thumb Code    50  pid_regulator.o(.text)
    PID_Calc                                 0x08009b1f   Thumb Code   234  pid_regulator.o(.text)
    __aeabi_memcpy                           0x08009c0d   Thumb Code    36  memcpya.o(.text)
    __aeabi_memcpy4                          0x08009c0d   Thumb Code     0  memcpya.o(.text)
    __aeabi_memcpy8                          0x08009c0d   Thumb Code     0  memcpya.o(.text)
    __aeabi_memset                           0x08009c31   Thumb Code    14  memseta.o(.text)
    __aeabi_memset4                          0x08009c31   Thumb Code     0  memseta.o(.text)
    __aeabi_memset8                          0x08009c31   Thumb Code     0  memseta.o(.text)
    __aeabi_memclr                           0x08009c3f   Thumb Code     4  memseta.o(.text)
    __aeabi_memclr4                          0x08009c3f   Thumb Code     0  memseta.o(.text)
    __aeabi_memclr8                          0x08009c3f   Thumb Code     0  memseta.o(.text)
    _memset$wrapper                          0x08009c43   Thumb Code    18  memseta.o(.text)
    __aeabi_dadd                             0x08009c55   Thumb Code   322  dadd.o(.text)
    __aeabi_dsub                             0x08009d97   Thumb Code     6  dadd.o(.text)
    __aeabi_drsub                            0x08009d9d   Thumb Code     6  dadd.o(.text)
    __aeabi_dmul                             0x08009da3   Thumb Code   228  dmul.o(.text)
    __aeabi_i2d                              0x08009e87   Thumb Code    34  dflti.o(.text)
    __aeabi_ui2d                             0x08009ea9   Thumb Code    26  dfltui.o(.text)
    __aeabi_d2uiz                            0x08009ec3   Thumb Code    50  dfixui.o(.text)
    __aeabi_f2d                              0x08009ef5   Thumb Code    38  f2d.o(.text)
    __aeabi_cdcmpeq                          0x08009f1d   Thumb Code     0  cdcmple.o(.text)
    __aeabi_cdcmple                          0x08009f1d   Thumb Code    48  cdcmple.o(.text)
    __aeabi_cdrcmple                         0x08009f4d   Thumb Code    48  cdrcmple.o(.text)
    __aeabi_d2f                              0x08009f7d   Thumb Code    56  d2f.o(.text)
    __aeabi_llsl                             0x08009fb5   Thumb Code    30  llshl.o(.text)
    _ll_shift_l                              0x08009fb5   Thumb Code     0  llshl.o(.text)
    __aeabi_llsr                             0x08009fd3   Thumb Code    32  llushr.o(.text)
    _ll_ushift_r                             0x08009fd3   Thumb Code     0  llushr.o(.text)
    __aeabi_lasr                             0x08009ff3   Thumb Code    36  llsshr.o(.text)
    _ll_sshift_r                             0x08009ff3   Thumb Code     0  llsshr.o(.text)
    __I$use$fp                               0x0800a017   Thumb Code     0  iusefp.o(.text)
    _float_round                             0x0800a017   Thumb Code    18  fepilogue.o(.text)
    _float_epilogue                          0x0800a029   Thumb Code    92  fepilogue.o(.text)
    _double_round                            0x0800a085   Thumb Code    30  depilogue.o(.text)
    _double_epilogue                         0x0800a0a3   Thumb Code   156  depilogue.o(.text)
    __aeabi_ddiv                             0x0800a13f   Thumb Code   222  ddiv.o(.text)
    _dsqrt                                   0x0800a21d   Thumb Code   162  dsqrt.o(.text)
    __aeabi_d2iz                             0x0800a2bf   Thumb Code    62  dfixi.o(.text)
    __scatterload                            0x0800a2fd   Thumb Code    28  init.o(.text)
    __scatterload_rt2                        0x0800a2fd   Thumb Code     0  init.o(.text)
    __decompress                             0x0800a321   Thumb Code     0  __dczerorl2.o(.text)
    __decompress1                            0x0800a321   Thumb Code    86  __dczerorl2.o(.text)
    __0printf$bare                           0x0800a379   Thumb Code     8  printfb.o(i.__0printf$bare)
    __1printf$bare                           0x0800a379   Thumb Code     0  printfb.o(i.__0printf$bare)
    __2printf                                0x0800a379   Thumb Code     0  printfb.o(i.__0printf$bare)
    __ARM_fpclassify                         0x0800a389   Thumb Code    48  fpclassify.o(i.__ARM_fpclassify)
    __hardfp_exp                             0x0800a3b9   Thumb Code   714  exp.o(i.__hardfp_exp)
    __hardfp_fabs                            0x0800a711   Thumb Code    20  fabs.o(i.__hardfp_fabs)
    __hardfp_sqrt                            0x0800a725   Thumb Code   122  sqrt.o(i.__hardfp_sqrt)
    __kernel_poly                            0x0800a79f   Thumb Code   248  poly.o(i.__kernel_poly)
    __mathlib_dbl_infnan                     0x0800a897   Thumb Code    20  dunder.o(i.__mathlib_dbl_infnan)
    __mathlib_dbl_overflow                   0x0800a8b1   Thumb Code    24  dunder.o(i.__mathlib_dbl_overflow)
    __mathlib_dbl_underflow                  0x0800a8d1   Thumb Code    24  dunder.o(i.__mathlib_dbl_underflow)
    __scatterload_copy                       0x0800a8f1   Thumb Code    14  handlers.o(i.__scatterload_copy)
    __scatterload_null                       0x0800a8ff   Thumb Code     2  handlers.o(i.__scatterload_null)
    __scatterload_zeroinit                   0x0800a901   Thumb Code    14  handlers.o(i.__scatterload_zeroinit)
    __set_errno                              0x0800a911   Thumb Code     6  errno.o(i.__set_errno)
    free                                     0x0800a941   Thumb Code    76  malloc.o(i.free)
    malloc                                   0x0800a991   Thumb Code    92  malloc.o(i.malloc)
    lost_counter_len                         0x0800a9fc   Data          44  supervisetask.o(.constdata)
    CRC8_INIT                                0x0800aa28   Data           1  judge.o(.constdata)
    CRC8_TAB                                 0x0800aa29   Data         256  judge.o(.constdata)
    wCRC_Table                               0x0800ab2a   Data         512  judge.o(.constdata)
    Region$$Table$$Base                      0x0800ad88   Number         0  anon$$obj.o(Region$$Table)
    Region$$Table$$Limit                     0x0800ada8   Number         0  anon$$obj.o(Region$$Table)
    power1                                   0x20000000   Data           2  main.o(.data)
    power2                                   0x20000002   Data           2  main.o(.data)
    system_micrsecond                        0x20000004   Data           4  main.o(.data)
    Upload_Speed                             0x20000008   Data           4  main.o(.data)
    UART_TranFifo                            0x20000020   Data           4  usart3.o(.data)
    UART_TranFifo1                           0x2000002c   Data           4  uart4.o(.data)
    SystemCoreClock                          0x20000040   Data           4  system_stm32f4xx.o(.data)
    AHBPrescTable                            0x20000044   Data          16  system_stm32f4xx.o(.data)
    exInt                                    0x20000054   Data           4  imu.o(.data)
    eyInt                                    0x20000058   Data           4  imu.o(.data)
    ezInt                                    0x2000005c   Data           4  imu.o(.data)
    q0                                       0x20000060   Data           4  imu.o(.data)
    q1                                       0x20000064   Data           4  imu.o(.data)
    q2                                       0x20000068   Data           4  imu.o(.data)
    q3                                       0x2000006c   Data           4  imu.o(.data)
    lastUpdate                               0x20000094   Data           4  imu.o(.data)
    now                                      0x20000098   Data           4  imu.o(.data)
    yaw_temp                                 0x2000009c   Data           4  imu.o(.data)
    pitch_temp                               0x200000a0   Data           4  imu.o(.data)
    roll_temp                                0x200000a4   Data           4  imu.o(.data)
    last_yaw_temp                            0x200000a8   Data           4  imu.o(.data)
    last_pitch_temp                          0x200000ac   Data           4  imu.o(.data)
    last_roll_temp                           0x200000b0   Data           4  imu.o(.data)
    yaw_angle                                0x200000b4   Data           4  imu.o(.data)
    pitch_angle                              0x200000b8   Data           4  imu.o(.data)
    roll_angle                               0x200000bc   Data           4  imu.o(.data)
    HMC5883_lastx                            0x200000c4   Data           4  mpu6050_driver.o(.data)
    HMC5883_lasty                            0x200000c8   Data           4  mpu6050_driver.o(.data)
    HMC5883_lastz                            0x200000cc   Data           4  mpu6050_driver.o(.data)
    MPU6050_Lastax                           0x200000d0   Data           2  mpu6050_driver.o(.data)
    MPU6050_Lastay                           0x200000d2   Data           2  mpu6050_driver.o(.data)
    MPU6050_Lastaz                           0x200000d4   Data           2  mpu6050_driver.o(.data)
    MPU6050_Lastgx                           0x200000d6   Data           2  mpu6050_driver.o(.data)
    MPU6050_Lastgy                           0x200000d8   Data           2  mpu6050_driver.o(.data)
    MPU6050_Lastgz                           0x200000da   Data           2  mpu6050_driver.o(.data)
    isMPU6050_is_DRY                         0x200000dc   Data           1  mpu6050_interrupt.o(.data)
    PIDCaliData                              0x200000ec   Data           8  iotask.o(.data)
    GimbalSavedCaliData                      0x200000f4   Data           5  iotask.o(.data)
    GyroSavedCaliData                        0x200000f9   Data           7  iotask.o(.data)
    PitchPositionSavedPID                    0x20000100   Data           8  iotask.o(.data)
    PitchSpeedSavedPID                       0x20000108   Data           8  iotask.o(.data)
    YawPositionSavedPID                      0x20000110   Data           8  iotask.o(.data)
    YawSpeedSavedPID                         0x20000118   Data           8  iotask.o(.data)
    app_param_calied_flag                    0x20000120   Data           1  iotask.o(.data)
    GMPPositionPID                           0x20000148   Data          80  controltask.o(.data)
    GMPSpeedPID                              0x20000198   Data          80  controltask.o(.data)
    GMYPositionPID                           0x200001e8   Data          80  controltask.o(.data)
    GMYSpeedPID                              0x20000238   Data          80  controltask.o(.data)
    CMRotatePID                              0x20000288   Data          80  controltask.o(.data)
    CM1SpeedPID                              0x200002d8   Data          80  controltask.o(.data)
    CM2SpeedPID                              0x20000328   Data          80  controltask.o(.data)
    CM3SpeedPID                              0x20000378   Data          80  controltask.o(.data)
    CM4SpeedPID                              0x200003c8   Data          80  controltask.o(.data)
    ShootMotorPositionPID                    0x20000418   Data          80  controltask.o(.data)
    ShootMotorSpeedPID                       0x20000468   Data          80  controltask.o(.data)
    lastWorkState                            0x200004b8   Data           1  controltask.o(.data)
    workState                                0x200004b9   Data           1  controltask.o(.data)
    GMPitchRamp                              0x200004bc   Data          36  controltask.o(.data)
    GMYawRamp                                0x200004e0   Data          36  controltask.o(.data)
    output_add                               0x20000504   Data           2  controltask.o(.data)
    Gim_free_state                           0x20000506   Data           1  controltask.o(.data)
    start_shooting_count                     0x20000507   Data           1  controltask.o(.data)
    start_lock_rotor_count                   0x20000508   Data           1  controltask.o(.data)
    start_reversal_count                     0x20000509   Data           1  controltask.o(.data)
    lock_rotor                               0x2000050a   Data           1  controltask.o(.data)
    overheat                                 0x2000050b   Data           1  controltask.o(.data)
    pwm_ccr                                  0x2000050c   Data           2  controltask.o(.data)
    time_tick_1ms                            0x20000510   Data           4  controltask.o(.data)
    bullet_number                            0x20000514   Data           4  controltask.o(.data)
    time2                                    0x20000518   Data           4  controltask.o(.data)
    total_cur_limit                          0x2000051c   Data           4  controltask.o(.data)
    total_cur                                0x20000520   Data           4  controltask.o(.data)
    ChassisSpeedRef                          0x20000530   Data           6  remotetask.o(.data)
    friction_wheel_state                     0x20000536   Data           1  remotetask.o(.data)
    frictionRamp                             0x2000053c   Data          36  remotetask.o(.data)
    LRSpeedRamp                              0x20000560   Data          36  remotetask.o(.data)
    FBSpeedRamp                              0x20000584   Data          36  remotetask.o(.data)
    closeDelayCount                          0x200005a8   Data           2  remotetask.o(.data)
    px                                       0x200005ac   Data           4  remotetask.o(.data)
    py                                       0x200005b0   Data           4  remotetask.o(.data)
    posnum                                   0x200005b4   Data           4  remotetask.o(.data)
    BUFF_CALI                                0x200005b8   Data           4  remotetask.o(.data)
    ZGyroModuleAngle                         0x200005c8   Data           4  canbustask.o(.data)
    lost_counter                             0x200005cc   Data          44  supervisetask.o(.data)
    lost_err                                 0x200005f8   Data           4  supervisetask.o(.data)
    UARTtemp                                 0x20000608   Data           1  judge.o(.data)
    ChassisMaxSumCurrent                     0x2000060c   Data           4  judge.o(.data)
    JudgeFrameCounter                        0x20000610   Data           4  judge.o(.data)
    JudgeFrameRate                           0x20000614   Data           4  judge.o(.data)
    CRC_INIT                                 0x20000618   Data           2  judge.o(.data)
    UART5_TranFifo                           0x2000061c   Data           4  judge.o(.data)
    M                                        0x20000628   Data          64  auto_shoot_control_task.o(.data)
    dataFromMFReadyFlag                      0x20000668   Data           1  auto_shoot_control_task.o(.data)
    offsetHorizon                            0x20000669   Data           1  auto_shoot_control_task.o(.data)
    offsetHorizonReal                        0x2000066a   Data           2  auto_shoot_control_task.o(.data)
    offsetHorizonCorrected                   0x2000066c   Data           2  auto_shoot_control_task.o(.data)
    offsetHorizonAngle                       0x20000670   Data           8  auto_shoot_control_task.o(.data)
    offsetHorizonAngleToTurn                 0x20000678   Data           8  auto_shoot_control_task.o(.data)
    offsetVertical                           0x20000680   Data           1  auto_shoot_control_task.o(.data)
    offsetVerticalReal                       0x20000682   Data           2  auto_shoot_control_task.o(.data)
    offsetVerticalCorrected                  0x20000684   Data           2  auto_shoot_control_task.o(.data)
    offsetVerticalAngle                      0x20000688   Data           8  auto_shoot_control_task.o(.data)
    offsetVerticalAngleToTurn                0x20000690   Data           8  auto_shoot_control_task.o(.data)
    keyQDownFlag                             0x20000698   Data           1  auto_shoot_control_task.o(.data)
    keyQDownFlagLast                         0x20000699   Data           1  auto_shoot_control_task.o(.data)
    passwordCurrent                          0x2000069a   Data           5  auto_shoot_control_task.o(.data)
    passwordLast                             0x2000069f   Data           5  auto_shoot_control_task.o(.data)
    passwordIndex                            0x200006a4   Data           1  auto_shoot_control_task.o(.data)
    waitForGridChangeCount                   0x200006a6   Data           2  auto_shoot_control_task.o(.data)
    targetDone                               0x200006a8   Data           1  auto_shoot_control_task.o(.data)
    y_kp                                     0x200006ac   Data           4  auto_shoot_control_task.o(.data)
    p_kp                                     0x200006b0   Data           4  auto_shoot_control_task.o(.data)
    __stdout                                 0x200006b8   Data           4  stdout.o(.data)
    __microlib_freelist                      0x200006bc   Data           4  mvars.o(.data)
    __microlib_freelist_initialised          0x200006c0   Data           4  mvars.o(.data)
    mygetqval                                0x200007f0   Data          36  imu.o(.bss)
    angle                                    0x20000824   Data          12  imu.o(.bss)
    MPU6050_Raw_Data                         0x20000830   Data          20  mpu6050_driver.o(.bss)
    MPU6050_Real_Data                        0x20000844   Data          40  mpu6050_driver.o(.bss)
    ahrs                                     0x2000086c   Data          12  mpu6050_driver.o(.bss)
    mpu_buf                                  0x20000878   Data          20  mpu6050_driver.o(.bss)
    MPU6050_FIFO                             0x2000088c   Data         132  mpu6050_driver.o(.bss)
    HMC5883_FIFO                             0x20000910   Data          66  mpu6050_driver.o(.bss)
    MagMaxMinData                            0x20000952   Data          12  mpu6050_driver.o(.bss)
    gAppParamStruct                          0x2000095e   Data          87  iotask.o(.bss)
    AccSavedCaliData                         0x200009c8   Data          19  iotask.o(.bss)
    MagSavedCaliData                         0x200009db   Data          19  iotask.o(.bss)
    Power_Control                            0x200009f0   Data          20  controltask.o(.bss)
    RC_CtrlData                              0x20000a04   Data          22  remotetask.o(.bss)
    GimbalRef                                0x20000a1c   Data          24  remotetask.o(.bss)
    CM1Encoder                               0x20000a4c   Data          68  canbustask.o(.bss)
    CM2Encoder                               0x20000a90   Data          68  canbustask.o(.bss)
    CM3Encoder                               0x20000ad4   Data          68  canbustask.o(.bss)
    CM4Encoder                               0x20000b18   Data          68  canbustask.o(.bss)
    GMYawEncoder                             0x20000b5c   Data          68  canbustask.o(.bss)
    GMPitchEncoder                           0x20000ba0   Data          68  canbustask.o(.bss)
    PokeEncoder                              0x20000be4   Data          68  canbustask.o(.bss)
    pid_yaw                                  0x20000c28   Data          76  pid.o(.bss)
    pid_pit                                  0x20000c74   Data          76  pid.o(.bss)
    pid_yaw_speed                            0x20000cc0   Data          76  pid.o(.bss)
    pid_pit_speed                            0x20000d0c   Data          76  pid.o(.bss)
    pid_spd                                  0x20000d58   Data         304  pid.o(.bss)
    pid_chassis_angle                        0x20000e88   Data          76  pid.o(.bss)
    pid_trigger                              0x20000ed4   Data          76  pid.o(.bss)
    pid_trigger_speed                        0x20000f20   Data          76  pid.o(.bss)
    pid_imu_tmp                              0x20000f6c   Data          76  pid.o(.bss)
    judge_dma_rxbuff                         0x200011b7   Data        2048  judge.o(.bss)
    JudgeDataBuffer                          0x200019b7   Data         150  judge.o(.bss)
    InfantryJudge                            0x20001a4d   Data          27  judge.o(.bss)
    judge_rece_mesg                          0x20001ada   Data          88  judge.o(.bss)
    dataFromMF                               0x20001b34   Data          17  auto_shoot_control_task.o(.bss)
    cv_buff                                  0x20001b45   Data          26  auto_shoot_control_task.o(.bss)
    big_buff_tab                             0x20001b60   Data          72  auto_shoot_control_task.o(.bss)
    __heap_base                              0x20001ba8   Data           0  startup_stm32f4xx.o(HEAP)
    __heap_limit                             0x20001da8   Data           0  startup_stm32f4xx.o(HEAP)
    __initial_sp                             0x200027a8   Data           0  startup_stm32f4xx.o(STACK)



==============================================================================

Memory Map of the image

  Image Entry point : 0x08000189

  Load Region LR_IROM1 (Base: 0x08000000, Size: 0x0000b470, Max: 0x00100000, ABSOLUTE, COMPRESSED[0x0000aeb0])

    Execution Region ER_IROM1 (Exec base: 0x08000000, Load base: 0x08000000, Size: 0x0000ada8, Max: 0x00100000, ABSOLUTE)

    Exec Addr    Load Addr    Size         Type   Attr      Idx    E Section Name        Object

    0x08000000   0x08000000   0x00000188   Data   RO          917    RESET               startup_stm32f4xx.o
    0x08000188   0x08000188   0x00000000   Code   RO         2329  * .ARM.Collect$$$$00000000  mc_w.l(entry.o)
    0x08000188   0x08000188   0x00000004   Code   RO         2663    .ARM.Collect$$$$00000001  mc_w.l(entry2.o)
    0x0800018c   0x0800018c   0x00000004   Code   RO         2666    .ARM.Collect$$$$00000004  mc_w.l(entry5.o)
    0x08000190   0x08000190   0x00000000   Code   RO         2668    .ARM.Collect$$$$00000008  mc_w.l(entry7b.o)
    0x08000190   0x08000190   0x00000000   Code   RO         2670    .ARM.Collect$$$$0000000A  mc_w.l(entry8b.o)
    0x08000190   0x08000190   0x00000008   Code   RO         2671    .ARM.Collect$$$$0000000B  mc_w.l(entry9a.o)
    0x08000198   0x08000198   0x00000000   Code   RO         2673    .ARM.Collect$$$$0000000D  mc_w.l(entry10a.o)
    0x08000198   0x08000198   0x00000000   Code   RO         2675    .ARM.Collect$$$$0000000F  mc_w.l(entry11a.o)
    0x08000198   0x08000198   0x00000004   Code   RO         2664    .ARM.Collect$$$$00002712  mc_w.l(entry2.o)
    0x0800019c   0x0800019c   0x0000031c   Code   RO            4    .text               main.o
    0x080004b8   0x080004b8   0x00000064   Code   RO          243    .text               bsp.o
    0x0800051c   0x0800051c   0x00000078   Code   RO          443    .text               led.o
    0x08000594   0x08000594   0x000001b8   Code   RO          467    .text               gun.o
    0x0800074c   0x0800074c   0x00000204   Code   RO          494    .text               can1.o
    0x08000950   0x08000950   0x00000150   Code   RO          518    .text               can2.o
    0x08000aa0   0x08000aa0   0x0000006c   Code   RO          545    .text               delay.o
    0x08000b0c   0x08000b0c   0x00000104   Code   RO          569    .text               exti.o
    0x08000c10   0x08000c10   0x0000003c   Code   RO          593    .text               laser.o
    0x08000c4c   0x08000c4c   0x000001e4   Code   RO          617    .text               timer.o
    0x08000e30   0x08000e30   0x0000021c   Code   RO          644    .text               usart1.o
    0x0800104c   0x0800104c   0x00000108   Code   RO          671    .text               usart3.o
    0x08001154   0x08001154   0x00000174   Code   RO          724    .text               bsp_flash.o
    0x080012c8   0x080012c8   0x00000134   Code   RO          866    .text               key_scan.o
    0x080013fc   0x080013fc   0x000000f4   Code   RO          891    .text               uart4.o
    0x080014f0   0x080014f0   0x00000024   Code   RO          918    .text               startup_stm32f4xx.o
    0x08001514   0x08001514   0x00000018   Code   RO          925    .text               stm32f4xx_it.o
    0x0800152c   0x0800152c   0x000000e0   Code   RO          952    .text               misc.o
    0x0800160c   0x0800160c   0x000009f0   Code   RO         1029    .text               stm32f4xx_can.o
    0x08001ffc   0x08001ffc   0x000003a8   Code   RO         1110    .text               stm32f4xx_dma.o
    0x080023a4   0x080023a4   0x0000011c   Code   RO         1137    .text               stm32f4xx_exti.o
    0x080024c0   0x080024c0   0x000004bc   Code   RO         1164    .text               stm32f4xx_flash.o
    0x0800297c   0x0800297c   0x0000025c   Code   RO         1191    .text               stm32f4xx_gpio.o
    0x08002bd8   0x08002bd8   0x00000588   Code   RO         1245    .text               stm32f4xx_rcc.o
    0x08003160   0x08003160   0x0000008c   Code   RO         1301    .text               stm32f4xx_syscfg.o
    0x080031ec   0x080031ec   0x00000ca2   Code   RO         1328    .text               stm32f4xx_tim.o
    0x08003e8e   0x08003e8e   0x00000002   PAD
    0x08003e90   0x08003e90   0x0000041a   Code   RO         1355    .text               stm32f4xx_usart.o
    0x080042aa   0x080042aa   0x00000002   PAD
    0x080042ac   0x080042ac   0x00000210   Code   RO         1382    .text               system_stm32f4xx.o
    0x080044bc   0x080044bc   0x00000040   Code   RO         1439    .text               stm32f4xx_iwdg.o
    0x080044fc   0x080044fc   0x00000c40   Code   RO         1466    .text               imu.o
    0x0800513c   0x0800513c   0x000003d4   Code   RO         1498    .text               mpu6050_i2c.o
    0x08005510   0x08005510   0x000005e8   Code   RO         1522    .text               mpu6050_driver.o
    0x08005af8   0x08005af8   0x000000b4   Code   RO         1558    .text               mpu6050_interrupt.o
    0x08005bac   0x08005bac   0x000005d8   Code   RO         1588    .text               iotask.o
    0x08006184   0x08006184   0x0000111c   Code   RO         1620    .text               controltask.o
    0x080072a0   0x080072a0   0x00000c88   Code   RO         1824    .text               remotetask.o
    0x08007f28   0x08007f28   0x00000408   Code   RO         1855    .text               canbustask.o
    0x08008330   0x08008330   0x000002e8   Code   RO         1886    .text               supervisetask.o
    0x08008618   0x08008618   0x000002cc   Code   RO         1918    .text               pid.o
    0x080088e4   0x080088e4   0x0000070c   Code   RO         1948    .text               judge.o
    0x08008ff0   0x08008ff0   0x000004c8   Code   RO         1995    .text               auto_shoot_control_task.o
    0x080094b8   0x080094b8   0x000005a4   Code   RO         2025    .text               RMLib.lib(fifo.o)
    0x08009a5c   0x08009a5c   0x00000070   Code   RO         2117    .text               RMLib.lib(ramp.o)
    0x08009acc   0x08009acc   0x00000020   Code   RO         2250    .text               RMLib.lib(lostcounter.o)
    0x08009aec   0x08009aec   0x00000120   Code   RO         2273    .text               RMLib.lib(pid_regulator.o)
    0x08009c0c   0x08009c0c   0x00000024   Code   RO         2332    .text               mc_w.l(memcpya.o)
    0x08009c30   0x08009c30   0x00000024   Code   RO         2334    .text               mc_w.l(memseta.o)
    0x08009c54   0x08009c54   0x0000014e   Code   RO         2626    .text               mf_w.l(dadd.o)
    0x08009da2   0x08009da2   0x000000e4   Code   RO         2628    .text               mf_w.l(dmul.o)
    0x08009e86   0x08009e86   0x00000022   Code   RO         2630    .text               mf_w.l(dflti.o)
    0x08009ea8   0x08009ea8   0x0000001a   Code   RO         2632    .text               mf_w.l(dfltui.o)
    0x08009ec2   0x08009ec2   0x00000032   Code   RO         2634    .text               mf_w.l(dfixui.o)
    0x08009ef4   0x08009ef4   0x00000026   Code   RO         2636    .text               mf_w.l(f2d.o)
    0x08009f1a   0x08009f1a   0x00000002   PAD
    0x08009f1c   0x08009f1c   0x00000030   Code   RO         2638    .text               mf_w.l(cdcmple.o)
    0x08009f4c   0x08009f4c   0x00000030   Code   RO         2640    .text               mf_w.l(cdrcmple.o)
    0x08009f7c   0x08009f7c   0x00000038   Code   RO         2642    .text               mf_w.l(d2f.o)
    0x08009fb4   0x08009fb4   0x0000001e   Code   RO         2682    .text               mc_w.l(llshl.o)
    0x08009fd2   0x08009fd2   0x00000020   Code   RO         2684    .text               mc_w.l(llushr.o)
    0x08009ff2   0x08009ff2   0x00000024   Code   RO         2686    .text               mc_w.l(llsshr.o)
    0x0800a016   0x0800a016   0x00000000   Code   RO         2697    .text               mc_w.l(iusefp.o)
    0x0800a016   0x0800a016   0x0000006e   Code   RO         2698    .text               mf_w.l(fepilogue.o)
    0x0800a084   0x0800a084   0x000000ba   Code   RO         2700    .text               mf_w.l(depilogue.o)
    0x0800a13e   0x0800a13e   0x000000de   Code   RO         2702    .text               mf_w.l(ddiv.o)
    0x0800a21c   0x0800a21c   0x000000a2   Code   RO         2704    .text               mf_w.l(dsqrt.o)
    0x0800a2be   0x0800a2be   0x0000003e   Code   RO         2706    .text               mf_w.l(dfixi.o)
    0x0800a2fc   0x0800a2fc   0x00000024   Code   RO         2710    .text               mc_w.l(init.o)
    0x0800a320   0x0800a320   0x00000056   Code   RO         2720    .text               mc_w.l(__dczerorl2.o)
    0x0800a376   0x0800a376   0x00000002   PAD
    0x0800a378   0x0800a378   0x00000010   Code   RO         2339    i.__0printf$bare    mc_w.l(printfb.o)
    0x0800a388   0x0800a388   0x00000030   Code   RO         2658    i.__ARM_fpclassify  m_wm.l(fpclassify.o)
    0x0800a3b8   0x0800a3b8   0x00000358   Code   RO         2297    i.__hardfp_exp      m_wm.l(exp.o)
    0x0800a710   0x0800a710   0x00000014   Code   RO         2311    i.__hardfp_fabs     m_wm.l(fabs.o)
    0x0800a724   0x0800a724   0x0000007a   Code   RO         2317    i.__hardfp_sqrt     m_wm.l(sqrt.o)
    0x0800a79e   0x0800a79e   0x000000f8   Code   RO         2660    i.__kernel_poly     m_wm.l(poly.o)
    0x0800a896   0x0800a896   0x00000014   Code   RO         2645    i.__mathlib_dbl_infnan  m_wm.l(dunder.o)
    0x0800a8aa   0x0800a8aa   0x00000006   PAD
    0x0800a8b0   0x0800a8b0   0x00000020   Code   RO         2648    i.__mathlib_dbl_overflow  m_wm.l(dunder.o)
    0x0800a8d0   0x0800a8d0   0x00000020   Code   RO         2650    i.__mathlib_dbl_underflow  m_wm.l(dunder.o)
    0x0800a8f0   0x0800a8f0   0x0000000e   Code   RO         2714    i.__scatterload_copy  mc_w.l(handlers.o)
    0x0800a8fe   0x0800a8fe   0x00000002   Code   RO         2715    i.__scatterload_null  mc_w.l(handlers.o)
    0x0800a900   0x0800a900   0x0000000e   Code   RO         2716    i.__scatterload_zeroinit  mc_w.l(handlers.o)
    0x0800a90e   0x0800a90e   0x00000002   PAD
    0x0800a910   0x0800a910   0x0000000c   Code   RO         2692    i.__set_errno       mc_w.l(errno.o)
    0x0800a91c   0x0800a91c   0x00000022   Code   RO         2346    i._printf_core      mc_w.l(printfb.o)
    0x0800a93e   0x0800a93e   0x00000002   PAD
    0x0800a940   0x0800a940   0x00000050   Code   RO         2598    i.free              mc_w.l(malloc.o)
    0x0800a990   0x0800a990   0x0000006c   Code   RO         2599    i.malloc            mc_w.l(malloc.o)
    0x0800a9fc   0x0800a9fc   0x0000002c   Data   RO         1888    .constdata          supervisetask.o
    0x0800aa28   0x0800aa28   0x00000302   Data   RO         1950    .constdata          judge.o
    0x0800ad2a   0x0800ad2a   0x00000006   PAD
    0x0800ad30   0x0800ad30   0x00000058   Data   RO         2300    .constdata          m_wm.l(exp.o)
    0x0800ad88   0x0800ad88   0x00000020   Data   RO         2712    Region$$Table       anon$$obj.o


    Execution Region RW_IRAM1 (Exec base: 0x20000000, Load base: 0x0800ada8, Size: 0x000027a8, Max: 0x00020000, ABSOLUTE, COMPRESSED[0x00000108])

    Exec Addr    Load Addr    Size         Type   Attr      Idx    E Section Name        Object

    0x20000000   COMPRESSED   0x0000001c   Data   RW            6    .data               main.o
    0x2000001c   COMPRESSED   0x00000004   Data   RW          646    .data               usart1.o
    0x20000020   COMPRESSED   0x00000004   Data   RW          672    .data               usart3.o
    0x20000024   COMPRESSED   0x00000008   Data   RW          867    .data               key_scan.o
    0x2000002c   COMPRESSED   0x00000004   Data   RW          892    .data               uart4.o
    0x20000030   COMPRESSED   0x00000010   Data   RW         1246    .data               stm32f4xx_rcc.o
    0x20000040   COMPRESSED   0x00000014   Data   RW         1383    .data               system_stm32f4xx.o
    0x20000054   COMPRESSED   0x00000070   Data   RW         1468    .data               imu.o
    0x200000c4   COMPRESSED   0x00000018   Data   RW         1524    .data               mpu6050_driver.o
    0x200000dc   COMPRESSED   0x00000001   Data   RW         1559    .data               mpu6050_interrupt.o
    0x200000dd   COMPRESSED   0x00000003   PAD
    0x200000e0   COMPRESSED   0x00000068   Data   RW         1590    .data               iotask.o
    0x20000148   COMPRESSED   0x000003e8   Data   RW         1622    .data               controltask.o
    0x20000530   COMPRESSED   0x00000094   Data   RW         1826    .data               remotetask.o
    0x200005c4   COMPRESSED   0x00000008   Data   RW         1857    .data               canbustask.o
    0x200005cc   COMPRESSED   0x0000003c   Data   RW         1889    .data               supervisetask.o
    0x20000608   COMPRESSED   0x0000001c   Data   RW         1951    .data               judge.o
    0x20000624   COMPRESSED   0x00000004   PAD
    0x20000628   COMPRESSED   0x0000008d   Data   RW         1997    .data               auto_shoot_control_task.o
    0x200006b5   COMPRESSED   0x00000003   PAD
    0x200006b8   COMPRESSED   0x00000004   Data   RW         2677    .data               mc_w.l(stdout.o)
    0x200006bc   COMPRESSED   0x00000004   Data   RW         2688    .data               mc_w.l(mvars.o)
    0x200006c0   COMPRESSED   0x00000004   Data   RW         2689    .data               mc_w.l(mvars.o)
    0x200006c4   COMPRESSED   0x00000004   Data   RW         2693    .data               mc_w.l(errno.o)
    0x200006c8        -       0x00000127   Zero   RW          645    .bss                usart1.o
    0x200007ef   COMPRESSED   0x00000001   PAD
    0x200007f0        -       0x00000040   Zero   RW         1467    .bss                imu.o
    0x20000830        -       0x0000012e   Zero   RW         1523    .bss                mpu6050_driver.o
    0x2000095e        -       0x00000090   Zero   RW         1589    .bss                iotask.o
    0x200009ee   COMPRESSED   0x00000002   PAD
    0x200009f0        -       0x00000014   Zero   RW         1621    .bss                controltask.o
    0x20000a04        -       0x00000047   Zero   RW         1825    .bss                remotetask.o
    0x20000a4b   COMPRESSED   0x00000001   PAD
    0x20000a4c        -       0x000001dc   Zero   RW         1856    .bss                canbustask.o
    0x20000c28        -       0x00000390   Zero   RW         1919    .bss                pid.o
    0x20000fb8        -       0x00000b7a   Zero   RW         1949    .bss                judge.o
    0x20001b32   COMPRESSED   0x00000002   PAD
    0x20001b34        -       0x00000074   Zero   RW         1996    .bss                auto_shoot_control_task.o
    0x20001ba8        -       0x00000200   Zero   RW          916    HEAP                startup_stm32f4xx.o
    0x20001da8        -       0x00000a00   Zero   RW          915    STACK               startup_stm32f4xx.o


==============================================================================

Image component sizes


      Code (inc. data)   RO Data    RW Data    ZI Data      Debug   Object Name

      1224         92          0        141        116       5491   auto_shoot_control_task.o
       100         10          0          0          0     270431   bsp.o
       372         48          0          0          0     228782   bsp_flash.o
       516         12          0          0          0       2274   can1.o
       336          8          0          0          0       1280   can2.o
      1032         60          0          8        476       3920   canbustask.o
      4380        436          0       1000         20     218285   controltask.o
       108          0          0          0          0       1430   delay.o
       260          8          0          0          0       1151   exti.o
       440         18          0          0          0       1016   gun.o
      3136        282          0        112         64       5237   imu.o
      1496        110          0        104        144      10139   iotask.o
      1804        116        770         28       2938      13263   judge.o
       308         16          0          8          0       1293   key_scan.o
        60          6          0          0          0        738   laser.o
       120          8          0          0          0        764   led.o
       796        260          0         28          0     244857   main.o
       224         20          0          0          0     211633   misc.o
      1512        228          0         24        302       9038   mpu6050_driver.o
       980         90          0          0          0       4359   mpu6050_i2c.o
       180         10          0          1          0       1491   mpu6050_interrupt.o
       716         12          0          0        912       4547   pid.o
      3208        238          0        148         71       9339   remotetask.o
        36          8        392          0       3072        968   startup_stm32f4xx.o
      2544         38          0          0          0      16940   stm32f4xx_can.o
       936         32          0          0          0      19509   stm32f4xx_dma.o
       284         10          0          0          0       5223   stm32f4xx_exti.o
      1212         26          0          0          0      12929   stm32f4xx_flash.o
       604         36          0          0          0      10989   stm32f4xx_gpio.o
        24          0          0          0          0       1334   stm32f4xx_it.o
        64          6          0          0          0       1537   stm32f4xx_iwdg.o
      1416         48          0         16          0      24647   stm32f4xx_rcc.o
       140         12          0          0          0       1875   stm32f4xx_syscfg.o
      3234         60          0          0          0      43292   stm32f4xx_tim.o
      1050         26          0          0          0      14332   stm32f4xx_usart.o
       744         30         44         60          0       6107   supervisetask.o
       528         46          0         20          0       2459   system_stm32f4xx.o
       484         32          0          0          0       1957   timer.o
       244         16          0          4          0       1952   uart4.o
       540         28          0          4        295       2573   usart1.o
       264         14          0          4          0       2243   usart3.o

    ----------------------------------------------------------------------
     37660       2556       1244       1720       8416    1421624   Object Totals
         0          0         32          0          0          0   (incl. Generated)
         4          0          6         10          6          0   (incl. Padding)

    ----------------------------------------------------------------------

      Code (inc. data)   RO Data    RW Data    ZI Data      Debug   Library Member Name

      1444          0          0          0          0      11304   fifo.o
        32          0          0          0          0       1640   lostcounter.o
       288          4          0          0          0       1785   pid_regulator.o
       112          6          0          0          0       2612   ramp.o
        84         16          0          0          0        372   dunder.o
       856        142         88          0          0        288   exp.o
        20          0          0          0          0        124   fabs.o
        48          0          0          0          0        124   fpclassify.o
       248          0          0          0          0        152   poly.o
       122          0          0          0          0        148   sqrt.o
        86          0          0          0          0          0   __dczerorl2.o
         0          0          0          0          0          0   entry.o
         0          0          0          0          0          0   entry10a.o
         0          0          0          0          0          0   entry11a.o
         8          4          0          0          0          0   entry2.o
         4          0          0          0          0          0   entry5.o
         0          0          0          0          0          0   entry7b.o
         0          0          0          0          0          0   entry8b.o
         8          4          0          0          0          0   entry9a.o
        12          6          0          4          0         68   errno.o
        30          0          0          0          0          0   handlers.o
        36          8          0          0          0         68   init.o
         0          0          0          0          0          0   iusefp.o
        30          0          0          0          0         68   llshl.o
        36          0          0          0          0         68   llsshr.o
        32          0          0          0          0         68   llushr.o
       188         20          0          0          0        160   malloc.o
        36          0          0          0          0         68   memcpya.o
        36          0          0          0          0        108   memseta.o
         0          0          0          8          0          0   mvars.o
        50          8          0          0          0        152   printfb.o
         0          0          0          4          0          0   stdout.o
        48          0          0          0          0         68   cdcmple.o
        48          0          0          0          0         68   cdrcmple.o
        56          0          0          0          0         88   d2f.o
       334          0          0          0          0        148   dadd.o
       222          0          0          0          0        100   ddiv.o
       186          0          0          0          0        176   depilogue.o
        62          0          0          0          0         80   dfixi.o
        50          0          0          0          0         76   dfixui.o
        34          0          0          0          0         76   dflti.o
        26          0          0          0          0         76   dfltui.o
       228          0          0          0          0         96   dmul.o
       162          0          0          0          0        100   dsqrt.o
        38          0          0          0          0         68   f2d.o
       110          0          0          0          0        168   fepilogue.o

    ----------------------------------------------------------------------
      5464        218         88         16          0      20765   Library Totals
        14          0          0          0          0          0   (incl. Padding)

    ----------------------------------------------------------------------

      Code (inc. data)   RO Data    RW Data    ZI Data      Debug   Library Name

      1876         10          0          0          0      17341   RMLib.lib
      1378        158         88          0          0       1208   m_wm.l
       592         50          0         16          0        828   mc_w.l
      1604          0          0          0          0       1388   mf_w.l

    ----------------------------------------------------------------------
      5464        218         88         16          0      20765   Library Totals

    ----------------------------------------------------------------------

==============================================================================


      Code (inc. data)   RO Data    RW Data    ZI Data      Debug   

     43124       2774       1332       1736       8416    1431629   Grand Totals
     43124       2774       1332        264       8416    1431629   ELF Image Totals (compressed)
     43124       2774       1332        264          0          0   ROM Totals

==============================================================================

    Total RO  Size (Code + RO Data)                44456 (  43.41kB)
    Total RW  Size (RW Data + ZI Data)             10152 (   9.91kB)
    Total ROM Size (Code + RO Data + RW Data)      44720 (  43.67kB)

==============================================================================

