<html>
<body>
<pre>
<h1>礦ision Build Log</h1>
<h2>Tool Versions:</h2>
IDE-Version: μVision V5.23.0.0
Copyright (C) 2017 ARM Ltd and ARM Germany GmbH. All rights reserved.
License Information: 1 TC, 1, LIC=FQQMA-1GMXH-06NQU-SYV97-GX9R7-4ZUR3
 
Tool Versions:
Toolchain:       MDK-ARM Professional  Version: 5.23
Toolchain Path:  C:\Keil_v5\ARM\ARMCC\Bin
C Compiler:      Armcc.exe V5.06 update 4 (build 422)
Assembler:       Armasm.exe V5.06 update 4 (build 422)
Linker/Locator:  ArmLink.exe V5.06 update 4 (build 422)
Library Manager: ArmAr.exe V5.06 update 4 (build 422)
Hex Converter:   FromElf.exe V5.06 update 4 (build 422)
CPU DLL:         SARMCM3.DLL V5.23
Dialog DLL:      DCM.DLL V1.15.0.0
Target DLL:      Segger\JL2CM3.dll V2.99.23.0
Dialog DLL:      TCM.DLL V1.27.0.0
 
<h2>Project:</h2>
C:\Users\TC\Desktop\RPS_code\步兵\各个车代码整理\打幅车（3号，6号）\1-1下层成品（去除急刹）\RM2018 Infantry.uvprojx
Project File Date:  09/15/2023

<h2>Output:</h2>
*** Using Compiler 'V5.06 update 4 (build 422)', folder: 'C:\Keil_v5\ARM\ARMCC\Bin'
Rebuild target 'RM2018'
compiling bsp_flash.c...
BSP\bsp_flash.c(191): warning:  #1-D: last line of file ends without a newline
  }
BSP\bsp_flash.c: 1 warning, 0 errors
compiling gun.c...
.\User\config.h(1): warning:  #14-D: extra text after expected end of preprocessing directive
    #ifndef __SYS_H_、_
BSP\gun.c(115): warning:  #1-D: last line of file ends without a newline
  //		if(led0pwmval==0)dir=1;
BSP\gun.c: 2 warnings, 0 errors
compiling usart3.c...
BSP\usart3.h(11): warning:  #1295-D: Deprecated declaration USART3_Configuration_Send - give arg types
  void USART3_Configuration_Send();
BSP\usart3.h(12): warning:  #1295-D: Deprecated declaration USART3_Configuration_For_Hi220 - give arg types
  void USART3_Configuration_For_Hi220();
BSP\usart3.c: 2 warnings, 0 errors
compiling laser.c...
.\User\config.h(1): warning:  #14-D: extra text after expected end of preprocessing directive
    #ifndef __SYS_H_、_
.\BSP\usart3.h(11): warning:  #1295-D: Deprecated declaration USART3_Configuration_Send - give arg types
  void USART3_Configuration_Send();
.\BSP\usart3.h(12): warning:  #1295-D: Deprecated declaration USART3_Configuration_For_Hi220 - give arg types
  void USART3_Configuration_For_Hi220();
.\BSP\uart4.h(16): warning:  #1-D: last line of file ends without a newline
  #endif
.\User\config.h(1): warning:  #14-D: extra text after expected end of preprocessing directive
    #ifndef __SYS_H_、_
.\APP\chassis_task.h(164): warning:  #1295-D: Deprecated declaration get_6020power - give arg types
  float get_6020power();
.\APP\chassis_task.h(170): warning:  #1295-D: Deprecated declaration chassis_task1 - give arg types
  void chassis_task1();
.\APP\chassis_task.h(179): warning:  #1295-D: Deprecated declaration power_predict - give arg types
  float power_predict();
.\BSP\HI220.h(113): warning:  #1295-D: Deprecated declaration Hi220_Init - give arg types
  void Hi220_Init();
.\BSP\HI220.h(114): warning:  #1295-D: Deprecated declaration Hi220_Reset - give arg types
  void Hi220_Reset();
.\BSP\HI220.h(115): warning:  #1295-D: Deprecated declaration USART6_Configuration_For_Hi220 - give arg types
  void USART6_Configuration_For_Hi220();
.\BSP\HI220.h(116): warning:  #1295-D: Deprecated declaration Hi220_getYawPitchRoll - give arg types
  void Hi220_getYawPitchRoll();
.\APP\auto_angle_task.h(7): warning:  #1-D: last line of file ends without a newline
  #endif
BSP\laser.c: 13 warnings, 0 errors
compiling timer.c...
.\User\config.h(1): warning:  #14-D: extra text after expected end of preprocessing directive
    #ifndef __SYS_H_、_
.\BSP\usart3.h(11): warning:  #1295-D: Deprecated declaration USART3_Configuration_Send - give arg types
  void USART3_Configuration_Send();
.\BSP\usart3.h(12): warning:  #1295-D: Deprecated declaration USART3_Configuration_For_Hi220 - give arg types
  void USART3_Configuration_For_Hi220();
.\BSP\uart4.h(16): warning:  #1-D: last line of file ends without a newline
  #endif
.\User\config.h(1): warning:  #14-D: extra text after expected end of preprocessing directive
    #ifndef __SYS_H_、_
.\APP\chassis_task.h(164): warning:  #1295-D: Deprecated declaration get_6020power - give arg types
  float get_6020power();
.\APP\chassis_task.h(170): warning:  #1295-D: Deprecated declaration chassis_task1 - give arg types
  void chassis_task1();
.\APP\chassis_task.h(179): warning:  #1295-D: Deprecated declaration power_predict - give arg types
  float power_predict();
.\BSP\HI220.h(113): warning:  #1295-D: Deprecated declaration Hi220_Init - give arg types
  void Hi220_Init();
.\BSP\HI220.h(114): warning:  #1295-D: Deprecated declaration Hi220_Reset - give arg types
  void Hi220_Reset();
.\BSP\HI220.h(115): warning:  #1295-D: Deprecated declaration USART6_Configuration_For_Hi220 - give arg types
  void USART6_Configuration_For_Hi220();
.\BSP\HI220.h(116): warning:  #1295-D: Deprecated declaration Hi220_getYawPitchRoll - give arg types
  void Hi220_getYawPitchRoll();
.\APP\auto_angle_task.h(7): warning:  #1-D: last line of file ends without a newline
  #endif
BSP\timer.c: 13 warnings, 0 errors
compiling exti.c...
.\User\config.h(1): warning:  #14-D: extra text after expected end of preprocessing directive
    #ifndef __SYS_H_、_
.\BSP\usart3.h(11): warning:  #1295-D: Deprecated declaration USART3_Configuration_Send - give arg types
  void USART3_Configuration_Send();
.\BSP\usart3.h(12): warning:  #1295-D: Deprecated declaration USART3_Configuration_For_Hi220 - give arg types
  void USART3_Configuration_For_Hi220();
.\BSP\uart4.h(16): warning:  #1-D: last line of file ends without a newline
  #endif
.\User\config.h(1): warning:  #14-D: extra text after expected end of preprocessing directive
    #ifndef __SYS_H_、_
.\APP\chassis_task.h(164): warning:  #1295-D: Deprecated declaration get_6020power - give arg types
  float get_6020power();
.\APP\chassis_task.h(170): warning:  #1295-D: Deprecated declaration chassis_task1 - give arg types
  void chassis_task1();
.\APP\chassis_task.h(179): warning:  #1295-D: Deprecated declaration power_predict - give arg types
  float power_predict();
.\BSP\HI220.h(113): warning:  #1295-D: Deprecated declaration Hi220_Init - give arg types
  void Hi220_Init();
.\BSP\HI220.h(114): warning:  #1295-D: Deprecated declaration Hi220_Reset - give arg types
  void Hi220_Reset();
.\BSP\HI220.h(115): warning:  #1295-D: Deprecated declaration USART6_Configuration_For_Hi220 - give arg types
  void USART6_Configuration_For_Hi220();
.\BSP\HI220.h(116): warning:  #1295-D: Deprecated declaration Hi220_getYawPitchRoll - give arg types
  void Hi220_getYawPitchRoll();
.\APP\auto_angle_task.h(7): warning:  #1-D: last line of file ends without a newline
  #endif
BSP\exti.c: 13 warnings, 0 errors
compiling encoder.c...
.\User\config.h(1): warning:  #14-D: extra text after expected end of preprocessing directive
    #ifndef __SYS_H_、_
.\BSP\usart3.h(11): warning:  #1295-D: Deprecated declaration USART3_Configuration_Send - give arg types
  void USART3_Configuration_Send();
.\BSP\usart3.h(12): warning:  #1295-D: Deprecated declaration USART3_Configuration_For_Hi220 - give arg types
  void USART3_Configuration_For_Hi220();
.\BSP\uart4.h(16): warning:  #1-D: last line of file ends without a newline
  #endif
.\User\config.h(1): warning:  #14-D: extra text after expected end of preprocessing directive
    #ifndef __SYS_H_、_
.\APP\chassis_task.h(164): warning:  #1295-D: Deprecated declaration get_6020power - give arg types
  float get_6020power();
.\APP\chassis_task.h(170): warning:  #1295-D: Deprecated declaration chassis_task1 - give arg types
  void chassis_task1();
.\APP\chassis_task.h(179): warning:  #1295-D: Deprecated declaration power_predict - give arg types
  float power_predict();
.\BSP\HI220.h(113): warning:  #1295-D: Deprecated declaration Hi220_Init - give arg types
  void Hi220_Init();
.\BSP\HI220.h(114): warning:  #1295-D: Deprecated declaration Hi220_Reset - give arg types
  void Hi220_Reset();
.\BSP\HI220.h(115): warning:  #1295-D: Deprecated declaration USART6_Configuration_For_Hi220 - give arg types
  void USART6_Configuration_For_Hi220();
.\BSP\HI220.h(116): warning:  #1295-D: Deprecated declaration Hi220_getYawPitchRoll - give arg types
  void Hi220_getYawPitchRoll();
.\APP\auto_angle_task.h(7): warning:  #1-D: last line of file ends without a newline
  #endif
BSP\encoder.c: 13 warnings, 0 errors
compiling can1.c...
.\User\config.h(1): warning:  #14-D: extra text after expected end of preprocessing directive
    #ifndef __SYS_H_、_
.\BSP\usart3.h(11): warning:  #1295-D: Deprecated declaration USART3_Configuration_Send - give arg types
  void USART3_Configuration_Send();
.\BSP\usart3.h(12): warning:  #1295-D: Deprecated declaration USART3_Configuration_For_Hi220 - give arg types
  void USART3_Configuration_For_Hi220();
.\BSP\uart4.h(16): warning:  #1-D: last line of file ends without a newline
  #endif
.\User\config.h(1): warning:  #14-D: extra text after expected end of preprocessing directive
    #ifndef __SYS_H_、_
.\APP\chassis_task.h(164): warning:  #1295-D: Deprecated declaration get_6020power - give arg types
  float get_6020power();
.\APP\chassis_task.h(170): warning:  #1295-D: Deprecated declaration chassis_task1 - give arg types
  void chassis_task1();
.\APP\chassis_task.h(179): warning:  #1295-D: Deprecated declaration power_predict - give arg types
  float power_predict();
.\BSP\HI220.h(113): warning:  #1295-D: Deprecated declaration Hi220_Init - give arg types
  void Hi220_Init();
.\BSP\HI220.h(114): warning:  #1295-D: Deprecated declaration Hi220_Reset - give arg types
  void Hi220_Reset();
.\BSP\HI220.h(115): warning:  #1295-D: Deprecated declaration USART6_Configuration_For_Hi220 - give arg types
  void USART6_Configuration_For_Hi220();
.\BSP\HI220.h(116): warning:  #1295-D: Deprecated declaration Hi220_getYawPitchRoll - give arg types
  void Hi220_getYawPitchRoll();
.\APP\auto_angle_task.h(7): warning:  #1-D: last line of file ends without a newline
  #endif
BSP\can1.c: 13 warnings, 0 errors
compiling delay.c...
.\User\config.h(1): warning:  #14-D: extra text after expected end of preprocessing directive
    #ifndef __SYS_H_、_
.\BSP\usart3.h(11): warning:  #1295-D: Deprecated declaration USART3_Configuration_Send - give arg types
  void USART3_Configuration_Send();
.\BSP\usart3.h(12): warning:  #1295-D: Deprecated declaration USART3_Configuration_For_Hi220 - give arg types
  void USART3_Configuration_For_Hi220();
.\BSP\uart4.h(16): warning:  #1-D: last line of file ends without a newline
  #endif
.\User\config.h(1): warning:  #14-D: extra text after expected end of preprocessing directive
    #ifndef __SYS_H_、_
.\APP\chassis_task.h(164): warning:  #1295-D: Deprecated declaration get_6020power - give arg types
  float get_6020power();
.\APP\chassis_task.h(170): warning:  #1295-D: Deprecated declaration chassis_task1 - give arg types
  void chassis_task1();
.\APP\chassis_task.h(179): warning:  #1295-D: Deprecated declaration power_predict - give arg types
  float power_predict();
.\BSP\HI220.h(113): warning:  #1295-D: Deprecated declaration Hi220_Init - give arg types
  void Hi220_Init();
.\BSP\HI220.h(114): warning:  #1295-D: Deprecated declaration Hi220_Reset - give arg types
  void Hi220_Reset();
.\BSP\HI220.h(115): warning:  #1295-D: Deprecated declaration USART6_Configuration_For_Hi220 - give arg types
  void USART6_Configuration_For_Hi220();
.\BSP\HI220.h(116): warning:  #1295-D: Deprecated declaration Hi220_getYawPitchRoll - give arg types
  void Hi220_getYawPitchRoll();
.\APP\auto_angle_task.h(7): warning:  #1-D: last line of file ends without a newline
  #endif
BSP\delay.c: 13 warnings, 0 errors
compiling oled.c...
.\User\config.h(1): warning:  #14-D: extra text after expected end of preprocessing directive
    #ifndef __SYS_H_、_
.\BSP\usart3.h(11): warning:  #1295-D: Deprecated declaration USART3_Configuration_Send - give arg types
  void USART3_Configuration_Send();
.\BSP\usart3.h(12): warning:  #1295-D: Deprecated declaration USART3_Configuration_For_Hi220 - give arg types
  void USART3_Configuration_For_Hi220();
.\BSP\uart4.h(16): warning:  #1-D: last line of file ends without a newline
  #endif
.\User\config.h(1): warning:  #14-D: extra text after expected end of preprocessing directive
    #ifndef __SYS_H_、_
.\APP\chassis_task.h(164): warning:  #1295-D: Deprecated declaration get_6020power - give arg types
  float get_6020power();
.\APP\chassis_task.h(170): warning:  #1295-D: Deprecated declaration chassis_task1 - give arg types
  void chassis_task1();
.\APP\chassis_task.h(179): warning:  #1295-D: Deprecated declaration power_predict - give arg types
  float power_predict();
.\BSP\HI220.h(113): warning:  #1295-D: Deprecated declaration Hi220_Init - give arg types
  void Hi220_Init();
.\BSP\HI220.h(114): warning:  #1295-D: Deprecated declaration Hi220_Reset - give arg types
  void Hi220_Reset();
.\BSP\HI220.h(115): warning:  #1295-D: Deprecated declaration USART6_Configuration_For_Hi220 - give arg types
  void USART6_Configuration_For_Hi220();
.\BSP\HI220.h(116): warning:  #1295-D: Deprecated declaration Hi220_getYawPitchRoll - give arg types
  void Hi220_getYawPitchRoll();
.\APP\auto_angle_task.h(7): warning:  #1-D: last line of file ends without a newline
  #endif
BSP\OLED\oled.c: 13 warnings, 0 errors
compiling output2vs.c...
.\User\config.h(1): warning:  #14-D: extra text after expected end of preprocessing directive
    #ifndef __SYS_H_、_
.\BSP\usart3.h(11): warning:  #1295-D: Deprecated declaration USART3_Configuration_Send - give arg types
  void USART3_Configuration_Send();
.\BSP\usart3.h(12): warning:  #1295-D: Deprecated declaration USART3_Configuration_For_Hi220 - give arg types
  void USART3_Configuration_For_Hi220();
.\BSP\uart4.h(16): warning:  #1-D: last line of file ends without a newline
  #endif
.\User\config.h(1): warning:  #14-D: extra text after expected end of preprocessing directive
    #ifndef __SYS_H_、_
.\APP\chassis_task.h(164): warning:  #1295-D: Deprecated declaration get_6020power - give arg types
  float get_6020power();
.\APP\chassis_task.h(170): warning:  #1295-D: Deprecated declaration chassis_task1 - give arg types
  void chassis_task1();
.\APP\chassis_task.h(179): warning:  #1295-D: Deprecated declaration power_predict - give arg types
  float power_predict();
.\BSP\HI220.h(113): warning:  #1295-D: Deprecated declaration Hi220_Init - give arg types
  void Hi220_Init();
.\BSP\HI220.h(114): warning:  #1295-D: Deprecated declaration Hi220_Reset - give arg types
  void Hi220_Reset();
.\BSP\HI220.h(115): warning:  #1295-D: Deprecated declaration USART6_Configuration_For_Hi220 - give arg types
  void USART6_Configuration_For_Hi220();
.\BSP\HI220.h(116): warning:  #1295-D: Deprecated declaration Hi220_getYawPitchRoll - give arg types
  void Hi220_getYawPitchRoll();
.\APP\auto_angle_task.h(7): warning:  #1-D: last line of file ends without a newline
  #endif
BSP\output2vs.c: 13 warnings, 0 errors
compiling bsp.c...
.\User\config.h(1): warning:  #14-D: extra text after expected end of preprocessing directive
    #ifndef __SYS_H_、_
.\BSP\usart3.h(11): warning:  #1295-D: Deprecated declaration USART3_Configuration_Send - give arg types
  void USART3_Configuration_Send();
.\BSP\usart3.h(12): warning:  #1295-D: Deprecated declaration USART3_Configuration_For_Hi220 - give arg types
  void USART3_Configuration_For_Hi220();
.\BSP\uart4.h(16): warning:  #1-D: last line of file ends without a newline
  #endif
.\User\config.h(1): warning:  #14-D: extra text after expected end of preprocessing directive
    #ifndef __SYS_H_、_
.\APP\chassis_task.h(164): warning:  #1295-D: Deprecated declaration get_6020power - give arg types
  float get_6020power();
.\APP\chassis_task.h(170): warning:  #1295-D: Deprecated declaration chassis_task1 - give arg types
  void chassis_task1();
.\APP\chassis_task.h(179): warning:  #1295-D: Deprecated declaration power_predict - give arg types
  float power_predict();
.\BSP\HI220.h(113): warning:  #1295-D: Deprecated declaration Hi220_Init - give arg types
  void Hi220_Init();
.\BSP\HI220.h(114): warning:  #1295-D: Deprecated declaration Hi220_Reset - give arg types
  void Hi220_Reset();
.\BSP\HI220.h(115): warning:  #1295-D: Deprecated declaration USART6_Configuration_For_Hi220 - give arg types
  void USART6_Configuration_For_Hi220();
.\BSP\HI220.h(116): warning:  #1295-D: Deprecated declaration Hi220_getYawPitchRoll - give arg types
  void Hi220_getYawPitchRoll();
.\APP\auto_angle_task.h(7): warning:  #1-D: last line of file ends without a newline
  #endif
BSP\bsp.c: 13 warnings, 0 errors
compiling usart1.c...
.\User\config.h(1): warning:  #14-D: extra text after expected end of preprocessing directive
    #ifndef __SYS_H_、_
.\BSP\usart3.h(11): warning:  #1295-D: Deprecated declaration USART3_Configuration_Send - give arg types
  void USART3_Configuration_Send();
.\BSP\usart3.h(12): warning:  #1295-D: Deprecated declaration USART3_Configuration_For_Hi220 - give arg types
  void USART3_Configuration_For_Hi220();
.\BSP\uart4.h(16): warning:  #1-D: last line of file ends without a newline
  #endif
.\User\config.h(1): warning:  #14-D: extra text after expected end of preprocessing directive
    #ifndef __SYS_H_、_
.\APP\chassis_task.h(164): warning:  #1295-D: Deprecated declaration get_6020power - give arg types
  float get_6020power();
.\APP\chassis_task.h(170): warning:  #1295-D: Deprecated declaration chassis_task1 - give arg types
  void chassis_task1();
.\APP\chassis_task.h(179): warning:  #1295-D: Deprecated declaration power_predict - give arg types
  float power_predict();
.\BSP\HI220.h(113): warning:  #1295-D: Deprecated declaration Hi220_Init - give arg types
  void Hi220_Init();
.\BSP\HI220.h(114): warning:  #1295-D: Deprecated declaration Hi220_Reset - give arg types
  void Hi220_Reset();
.\BSP\HI220.h(115): warning:  #1295-D: Deprecated declaration USART6_Configuration_For_Hi220 - give arg types
  void USART6_Configuration_For_Hi220();
.\BSP\HI220.h(116): warning:  #1295-D: Deprecated declaration Hi220_getYawPitchRoll - give arg types
  void Hi220_getYawPitchRoll();
.\APP\auto_angle_task.h(7): warning:  #1-D: last line of file ends without a newline
  #endif
BSP\usart1.c(121): warning:  #177-D: function "USART1_FIFO_Init"  was declared but never referenced
  static void USART1_FIFO_Init(void)
BSP\usart1.c: 14 warnings, 0 errors
compiling can2.c...
.\User\config.h(1): warning:  #14-D: extra text after expected end of preprocessing directive
    #ifndef __SYS_H_、_
.\BSP\usart3.h(11): warning:  #1295-D: Deprecated declaration USART3_Configuration_Send - give arg types
  void USART3_Configuration_Send();
.\BSP\usart3.h(12): warning:  #1295-D: Deprecated declaration USART3_Configuration_For_Hi220 - give arg types
  void USART3_Configuration_For_Hi220();
.\BSP\uart4.h(16): warning:  #1-D: last line of file ends without a newline
  #endif
.\User\config.h(1): warning:  #14-D: extra text after expected end of preprocessing directive
    #ifndef __SYS_H_、_
.\APP\chassis_task.h(164): warning:  #1295-D: Deprecated declaration get_6020power - give arg types
  float get_6020power();
.\APP\chassis_task.h(170): warning:  #1295-D: Deprecated declaration chassis_task1 - give arg types
  void chassis_task1();
.\APP\chassis_task.h(179): warning:  #1295-D: Deprecated declaration power_predict - give arg types
  float power_predict();
.\BSP\HI220.h(113): warning:  #1295-D: Deprecated declaration Hi220_Init - give arg types
  void Hi220_Init();
.\BSP\HI220.h(114): warning:  #1295-D: Deprecated declaration Hi220_Reset - give arg types
  void Hi220_Reset();
.\BSP\HI220.h(115): warning:  #1295-D: Deprecated declaration USART6_Configuration_For_Hi220 - give arg types
  void USART6_Configuration_For_Hi220();
.\BSP\HI220.h(116): warning:  #1295-D: Deprecated declaration Hi220_getYawPitchRoll - give arg types
  void Hi220_getYawPitchRoll();
.\APP\auto_angle_task.h(7): warning:  #1-D: last line of file ends without a newline
  #endif
BSP\can2.c: 13 warnings, 0 errors
compiling led.c...
.\User\config.h(1): warning:  #14-D: extra text after expected end of preprocessing directive
    #ifndef __SYS_H_、_
.\BSP\usart3.h(11): warning:  #1295-D: Deprecated declaration USART3_Configuration_Send - give arg types
  void USART3_Configuration_Send();
.\BSP\usart3.h(12): warning:  #1295-D: Deprecated declaration USART3_Configuration_For_Hi220 - give arg types
  void USART3_Configuration_For_Hi220();
.\BSP\uart4.h(16): warning:  #1-D: last line of file ends without a newline
  #endif
.\User\config.h(1): warning:  #14-D: extra text after expected end of preprocessing directive
    #ifndef __SYS_H_、_
.\APP\chassis_task.h(164): warning:  #1295-D: Deprecated declaration get_6020power - give arg types
  float get_6020power();
.\APP\chassis_task.h(170): warning:  #1295-D: Deprecated declaration chassis_task1 - give arg types
  void chassis_task1();
.\APP\chassis_task.h(179): warning:  #1295-D: Deprecated declaration power_predict - give arg types
  float power_predict();
.\BSP\HI220.h(113): warning:  #1295-D: Deprecated declaration Hi220_Init - give arg types
  void Hi220_Init();
.\BSP\HI220.h(114): warning:  #1295-D: Deprecated declaration Hi220_Reset - give arg types
  void Hi220_Reset();
.\BSP\HI220.h(115): warning:  #1295-D: Deprecated declaration USART6_Configuration_For_Hi220 - give arg types
  void USART6_Configuration_For_Hi220();
.\BSP\HI220.h(116): warning:  #1295-D: Deprecated declaration Hi220_getYawPitchRoll - give arg types
  void Hi220_getYawPitchRoll();
.\APP\auto_angle_task.h(7): warning:  #1-D: last line of file ends without a newline
  #endif
BSP\led.c: 13 warnings, 0 errors
compiling main.c...
.\User\config.h(1): warning:  #14-D: extra text after expected end of preprocessing directive
    #ifndef __SYS_H_、_
.\BSP\usart3.h(11): warning:  #1295-D: Deprecated declaration USART3_Configuration_Send - give arg types
  void USART3_Configuration_Send();
.\BSP\usart3.h(12): warning:  #1295-D: Deprecated declaration USART3_Configuration_For_Hi220 - give arg types
  void USART3_Configuration_For_Hi220();
.\BSP\uart4.h(16): warning:  #1-D: last line of file ends without a newline
  #endif
User\config.h(1): warning:  #14-D: extra text after expected end of preprocessing directive
    #ifndef __SYS_H_、_
.\APP\chassis_task.h(164): warning:  #1295-D: Deprecated declaration get_6020power - give arg types
  float get_6020power();
.\APP\chassis_task.h(170): warning:  #1295-D: Deprecated declaration chassis_task1 - give arg types
  void chassis_task1();
.\APP\chassis_task.h(179): warning:  #1295-D: Deprecated declaration power_predict - give arg types
  float power_predict();
.\BSP\HI220.h(113): warning:  #1295-D: Deprecated declaration Hi220_Init - give arg types
  void Hi220_Init();
.\BSP\HI220.h(114): warning:  #1295-D: Deprecated declaration Hi220_Reset - give arg types
  void Hi220_Reset();
.\BSP\HI220.h(115): warning:  #1295-D: Deprecated declaration USART6_Configuration_For_Hi220 - give arg types
  void USART6_Configuration_For_Hi220();
.\BSP\HI220.h(116): warning:  #1295-D: Deprecated declaration Hi220_getYawPitchRoll - give arg types
  void Hi220_getYawPitchRoll();
.\APP\auto_angle_task.h(7): warning:  #1-D: last line of file ends without a newline
  #endif
User\main.c: 13 warnings, 0 errors
compiling distance_measue.c...
compiling key_scan.c...
.\User\config.h(1): warning:  #14-D: extra text after expected end of preprocessing directive
    #ifndef __SYS_H_、_
.\BSP\usart3.h(11): warning:  #1295-D: Deprecated declaration USART3_Configuration_Send - give arg types
  void USART3_Configuration_Send();
.\BSP\usart3.h(12): warning:  #1295-D: Deprecated declaration USART3_Configuration_For_Hi220 - give arg types
  void USART3_Configuration_For_Hi220();
.\BSP\uart4.h(16): warning:  #1-D: last line of file ends without a newline
  #endif
.\User\config.h(1): warning:  #14-D: extra text after expected end of preprocessing directive
    #ifndef __SYS_H_、_
.\APP\chassis_task.h(164): warning:  #1295-D: Deprecated declaration get_6020power - give arg types
  float get_6020power();
.\APP\chassis_task.h(170): warning:  #1295-D: Deprecated declaration chassis_task1 - give arg types
  void chassis_task1();
.\APP\chassis_task.h(179): warning:  #1295-D: Deprecated declaration power_predict - give arg types
  float power_predict();
.\BSP\HI220.h(113): warning:  #1295-D: Deprecated declaration Hi220_Init - give arg types
  void Hi220_Init();
.\BSP\HI220.h(114): warning:  #1295-D: Deprecated declaration Hi220_Reset - give arg types
  void Hi220_Reset();
.\BSP\HI220.h(115): warning:  #1295-D: Deprecated declaration USART6_Configuration_For_Hi220 - give arg types
  void USART6_Configuration_For_Hi220();
.\BSP\HI220.h(116): warning:  #1295-D: Deprecated declaration Hi220_getYawPitchRoll - give arg types
  void Hi220_getYawPitchRoll();
.\APP\auto_angle_task.h(7): warning:  #1-D: last line of file ends without a newline
  #endif
BSP\key_scan.c: 13 warnings, 0 errors
compiling uart4.c...
.\User\config.h(1): warning:  #14-D: extra text after expected end of preprocessing directive
    #ifndef __SYS_H_、_
.\BSP\usart3.h(11): warning:  #1295-D: Deprecated declaration USART3_Configuration_Send - give arg types
  void USART3_Configuration_Send();
.\BSP\usart3.h(12): warning:  #1295-D: Deprecated declaration USART3_Configuration_For_Hi220 - give arg types
  void USART3_Configuration_For_Hi220();
.\BSP\uart4.h(16): warning:  #1-D: last line of file ends without a newline
  #endif
.\User\config.h(1): warning:  #14-D: extra text after expected end of preprocessing directive
    #ifndef __SYS_H_、_
.\APP\chassis_task.h(164): warning:  #1295-D: Deprecated declaration get_6020power - give arg types
  float get_6020power();
.\APP\chassis_task.h(170): warning:  #1295-D: Deprecated declaration chassis_task1 - give arg types
  void chassis_task1();
.\APP\chassis_task.h(179): warning:  #1295-D: Deprecated declaration power_predict - give arg types
  float power_predict();
.\BSP\HI220.h(113): warning:  #1295-D: Deprecated declaration Hi220_Init - give arg types
  void Hi220_Init();
.\BSP\HI220.h(114): warning:  #1295-D: Deprecated declaration Hi220_Reset - give arg types
  void Hi220_Reset();
.\BSP\HI220.h(115): warning:  #1295-D: Deprecated declaration USART6_Configuration_For_Hi220 - give arg types
  void USART6_Configuration_For_Hi220();
.\BSP\HI220.h(116): warning:  #1295-D: Deprecated declaration Hi220_getYawPitchRoll - give arg types
  void Hi220_getYawPitchRoll();
.\APP\auto_angle_task.h(7): warning:  #1-D: last line of file ends without a newline
  #endif
BSP\uart4.c: 13 warnings, 0 errors
compiling Attack.pb-c.c...
compiling Signal.pb-c.c...
compiling Judge.c...
.\User\config.h(1): warning:  #14-D: extra text after expected end of preprocessing directive
    #ifndef __SYS_H_、_
.\BSP\usart3.h(11): warning:  #1295-D: Deprecated declaration USART3_Configuration_Send - give arg types
  void USART3_Configuration_Send();
.\BSP\usart3.h(12): warning:  #1295-D: Deprecated declaration USART3_Configuration_For_Hi220 - give arg types
  void USART3_Configuration_For_Hi220();
.\BSP\uart4.h(16): warning:  #1-D: last line of file ends without a newline
  #endif
.\User\config.h(1): warning:  #14-D: extra text after expected end of preprocessing directive
    #ifndef __SYS_H_、_
.\APP\chassis_task.h(164): warning:  #1295-D: Deprecated declaration get_6020power - give arg types
  float get_6020power();
.\APP\chassis_task.h(170): warning:  #1295-D: Deprecated declaration chassis_task1 - give arg types
  void chassis_task1();
.\APP\chassis_task.h(179): warning:  #1295-D: Deprecated declaration power_predict - give arg types
  float power_predict();
.\BSP\HI220.h(113): warning:  #1295-D: Deprecated declaration Hi220_Init - give arg types
  void Hi220_Init();
.\BSP\HI220.h(114): warning:  #1295-D: Deprecated declaration Hi220_Reset - give arg types
  void Hi220_Reset();
.\BSP\HI220.h(115): warning:  #1295-D: Deprecated declaration USART6_Configuration_For_Hi220 - give arg types
  void USART6_Configuration_For_Hi220();
.\BSP\HI220.h(116): warning:  #1295-D: Deprecated declaration Hi220_getYawPitchRoll - give arg types
  void Hi220_getYawPitchRoll();
.\APP\auto_angle_task.h(7): warning:  #1-D: last line of file ends without a newline
  #endif
APP\Judge.c(153): warning:  #1035-D: single-precision operand implicitly converted to double-precision
  		abcdf=af*10+bf+cf*0.1+df*0.01;
APP\Judge.c(153): warning:  #1035-D: single-precision operand implicitly converted to double-precision
  		abcdf=af*10+bf+cf*0.1+df*0.01;
APP\Judge.c(160): warning:  #1035-D: single-precision operand implicitly converted to double-precision
  		abcdf=af*10+bf+cf*0.1+df*0.01;
APP\Judge.c(160): warning:  #1035-D: single-precision operand implicitly converted to double-precision
  		abcdf=af*10+bf+cf*0.1+df*0.01;
APP\Judge.c(170): warning:  #1035-D: single-precision operand implicitly converted to double-precision
  		abcdf1=af1*10+bf1+cf1*0.1+df1*0.01;
APP\Judge.c(170): warning:  #1035-D: single-precision operand implicitly converted to double-precision
  		abcdf1=af1*10+bf1+cf1*0.1+df1*0.01;
APP\Judge.c(180): warning:  #1035-D: single-precision operand implicitly converted to double-precision
  		abcdf1=ef1*100+af1*10+bf1+cf1*0.1+df1*0.01;
APP\Judge.c(180): warning:  #1035-D: single-precision operand implicitly converted to double-precision
  		abcdf1=ef1*100+af1*10+bf1+cf1*0.1+df1*0.01;
APP\Judge.c(187): warning:  #1035-D: single-precision operand implicitly converted to double-precision
  		abcdf1=bf1+cf1*0.1+df1*0.01;
APP\Judge.c(187): warning:  #1035-D: single-precision operand implicitly converted to double-precision
  		abcdf1=bf1+cf1*0.1+df1*0.01;
APP\Judge.c: 23 warnings, 0 errors
compiling iwdg.c...
.\User\config.h(1): warning:  #14-D: extra text after expected end of preprocessing directive
    #ifndef __SYS_H_、_
.\BSP\usart3.h(11): warning:  #1295-D: Deprecated declaration USART3_Configuration_Send - give arg types
  void USART3_Configuration_Send();
.\BSP\usart3.h(12): warning:  #1295-D: Deprecated declaration USART3_Configuration_For_Hi220 - give arg types
  void USART3_Configuration_For_Hi220();
.\BSP\uart4.h(16): warning:  #1-D: last line of file ends without a newline
  #endif
.\User\config.h(1): warning:  #14-D: extra text after expected end of preprocessing directive
    #ifndef __SYS_H_、_
.\APP\chassis_task.h(164): warning:  #1295-D: Deprecated declaration get_6020power - give arg types
  float get_6020power();
.\APP\chassis_task.h(170): warning:  #1295-D: Deprecated declaration chassis_task1 - give arg types
  void chassis_task1();
.\APP\chassis_task.h(179): warning:  #1295-D: Deprecated declaration power_predict - give arg types
  float power_predict();
.\BSP\HI220.h(113): warning:  #1295-D: Deprecated declaration Hi220_Init - give arg types
  void Hi220_Init();
.\BSP\HI220.h(114): warning:  #1295-D: Deprecated declaration Hi220_Reset - give arg types
  void Hi220_Reset();
.\BSP\HI220.h(115): warning:  #1295-D: Deprecated declaration USART6_Configuration_For_Hi220 - give arg types
  void USART6_Configuration_For_Hi220();
.\BSP\HI220.h(116): warning:  #1295-D: Deprecated declaration Hi220_getYawPitchRoll - give arg types
  void Hi220_getYawPitchRoll();
.\APP\auto_angle_task.h(7): warning:  #1-D: last line of file ends without a newline
  #endif
BSP\iwdg.c(10): warning:  #1-D: last line of file ends without a newline
   
BSP\iwdg.c: 14 warnings, 0 errors
compiling TurretCommand.pb-c.c...
compiling adc.c...
.\User\config.h(1): warning:  #14-D: extra text after expected end of preprocessing directive
    #ifndef __SYS_H_、_
.\BSP\usart3.h(11): warning:  #1295-D: Deprecated declaration USART3_Configuration_Send - give arg types
  void USART3_Configuration_Send();
.\BSP\usart3.h(12): warning:  #1295-D: Deprecated declaration USART3_Configuration_For_Hi220 - give arg types
  void USART3_Configuration_For_Hi220();
.\BSP\uart4.h(16): warning:  #1-D: last line of file ends without a newline
  #endif
.\User\config.h(1): warning:  #14-D: extra text after expected end of preprocessing directive
    #ifndef __SYS_H_、_
.\APP\chassis_task.h(164): warning:  #1295-D: Deprecated declaration get_6020power - give arg types
  float get_6020power();
.\APP\chassis_task.h(170): warning:  #1295-D: Deprecated declaration chassis_task1 - give arg types
  void chassis_task1();
.\APP\chassis_task.h(179): warning:  #1295-D: Deprecated declaration power_predict - give arg types
  float power_predict();
.\BSP\HI220.h(113): warning:  #1295-D: Deprecated declaration Hi220_Init - give arg types
  void Hi220_Init();
.\BSP\HI220.h(114): warning:  #1295-D: Deprecated declaration Hi220_Reset - give arg types
  void Hi220_Reset();
.\BSP\HI220.h(115): warning:  #1295-D: Deprecated declaration USART6_Configuration_For_Hi220 - give arg types
  void USART6_Configuration_For_Hi220();
.\BSP\HI220.h(116): warning:  #1295-D: Deprecated declaration Hi220_getYawPitchRoll - give arg types
  void Hi220_getYawPitchRoll();
.\APP\auto_angle_task.h(7): warning:  #1-D: last line of file ends without a newline
  #endif
BSP\adc.c(94): warning:  #1-D: last line of file ends without a newline
  #endif
BSP\adc.c: 14 warnings, 0 errors
compiling protobuf-c.c...
BSP\protobuf-c.c(2082): warning:  #188-D: enumerated type mixed with another type
  	*wiretype_out = data[0] & 7;
BSP\protobuf-c.c(2505): warning:  #188-D: enumerated type mixed with another type
  	ProtobufCWireType wire_type = scanned_member->wire_type;
BSP\protobuf-c.c(2892): warning:  #188-D: enumerated type mixed with another type
  		ufield->wire_type = scanned_member->wire_type;
BSP\protobuf-c.c: 3 warnings, 0 errors
assembling startup_stm32f4xx.s...
compiling hi220.c...
.\User\config.h(1): warning:  #14-D: extra text after expected end of preprocessing directive
    #ifndef __SYS_H_、_
.\BSP\usart3.h(11): warning:  #1295-D: Deprecated declaration USART3_Configuration_Send - give arg types
  void USART3_Configuration_Send();
.\BSP\usart3.h(12): warning:  #1295-D: Deprecated declaration USART3_Configuration_For_Hi220 - give arg types
  void USART3_Configuration_For_Hi220();
.\BSP\uart4.h(16): warning:  #1-D: last line of file ends without a newline
  #endif
.\User\config.h(1): warning:  #14-D: extra text after expected end of preprocessing directive
    #ifndef __SYS_H_、_
.\APP\chassis_task.h(164): warning:  #1295-D: Deprecated declaration get_6020power - give arg types
  float get_6020power();
.\APP\chassis_task.h(170): warning:  #1295-D: Deprecated declaration chassis_task1 - give arg types
  void chassis_task1();
.\APP\chassis_task.h(179): warning:  #1295-D: Deprecated declaration power_predict - give arg types
  float power_predict();
.\BSP\HI220.h(113): warning:  #1295-D: Deprecated declaration Hi220_Init - give arg types
  void Hi220_Init();
.\BSP\HI220.h(114): warning:  #1295-D: Deprecated declaration Hi220_Reset - give arg types
  void Hi220_Reset();
.\BSP\HI220.h(115): warning:  #1295-D: Deprecated declaration USART6_Configuration_For_Hi220 - give arg types
  void USART6_Configuration_For_Hi220();
.\BSP\HI220.h(116): warning:  #1295-D: Deprecated declaration Hi220_getYawPitchRoll - give arg types
  void Hi220_getYawPitchRoll();
.\APP\auto_angle_task.h(7): warning:  #1-D: last line of file ends without a newline
  #endif
BSP\hi220.c(117): warning:  #177-D: variable "Length_Data"  was declared but never referenced
  	u8 Length_Data=0;
BSP\hi220.c: 14 warnings, 0 errors
compiling client.c...
.\User\config.h(1): warning:  #14-D: extra text after expected end of preprocessing directive
    #ifndef __SYS_H_、_
.\BSP\usart3.h(11): warning:  #1295-D: Deprecated declaration USART3_Configuration_Send - give arg types
  void USART3_Configuration_Send();
.\BSP\usart3.h(12): warning:  #1295-D: Deprecated declaration USART3_Configuration_For_Hi220 - give arg types
  void USART3_Configuration_For_Hi220();
.\BSP\uart4.h(16): warning:  #1-D: last line of file ends without a newline
  #endif
.\User\config.h(1): warning:  #14-D: extra text after expected end of preprocessing directive
    #ifndef __SYS_H_、_
.\APP\chassis_task.h(164): warning:  #1295-D: Deprecated declaration get_6020power - give arg types
  float get_6020power();
.\APP\chassis_task.h(170): warning:  #1295-D: Deprecated declaration chassis_task1 - give arg types
  void chassis_task1();
.\APP\chassis_task.h(179): warning:  #1295-D: Deprecated declaration power_predict - give arg types
  float power_predict();
.\BSP\HI220.h(113): warning:  #1295-D: Deprecated declaration Hi220_Init - give arg types
  void Hi220_Init();
.\BSP\HI220.h(114): warning:  #1295-D: Deprecated declaration Hi220_Reset - give arg types
  void Hi220_Reset();
.\BSP\HI220.h(115): warning:  #1295-D: Deprecated declaration USART6_Configuration_For_Hi220 - give arg types
  void USART6_Configuration_For_Hi220();
.\BSP\HI220.h(116): warning:  #1295-D: Deprecated declaration Hi220_getYawPitchRoll - give arg types
  void Hi220_getYawPitchRoll();
.\APP\auto_angle_task.h(7): warning:  #1-D: last line of file ends without a newline
  #endif
BSP\client.c: 13 warnings, 0 errors
compiling pid.c...
compiling stm32f4xx_it.c...
compiling misc.c...
compiling stm32f4xx_adc.c...
compiling stm32f4xx_can.c...
compiling stm32f4xx_crc.c...
compiling stm32f4xx_dac.c...
compiling stm32f4xx_dma.c...
compiling stm32f4xx_exti.c...
compiling stm32f4xx_gpio.c...
compiling stm32f4xx_flash.c...
compiling stm32f4xx_pwr.c...
compiling stm32f4xx_spi.c...
compiling stm32f4xx_rcc.c...
compiling stm32f4xx_syscfg.c...
compiling system_stm32f4xx.c...
compiling stm32f4xx_usart.c...
compiling stm32f4xx_i2c.c...
compiling stm32f4xx_tim.c...
compiling stm32f4xx_iwdg.c...
compiling ramp_second.c...
compiling IOTask.c...
.\User\config.h(1): warning:  #14-D: extra text after expected end of preprocessing directive
    #ifndef __SYS_H_、_
.\BSP\usart3.h(11): warning:  #1295-D: Deprecated declaration USART3_Configuration_Send - give arg types
  void USART3_Configuration_Send();
.\BSP\usart3.h(12): warning:  #1295-D: Deprecated declaration USART3_Configuration_For_Hi220 - give arg types
  void USART3_Configuration_For_Hi220();
.\BSP\uart4.h(16): warning:  #1-D: last line of file ends without a newline
  #endif
.\User\config.h(1): warning:  #14-D: extra text after expected end of preprocessing directive
    #ifndef __SYS_H_、_
.\APP\chassis_task.h(164): warning:  #1295-D: Deprecated declaration get_6020power - give arg types
  float get_6020power();
.\APP\chassis_task.h(170): warning:  #1295-D: Deprecated declaration chassis_task1 - give arg types
  void chassis_task1();
.\APP\chassis_task.h(179): warning:  #1295-D: Deprecated declaration power_predict - give arg types
  float power_predict();
.\BSP\HI220.h(113): warning:  #1295-D: Deprecated declaration Hi220_Init - give arg types
  void Hi220_Init();
.\BSP\HI220.h(114): warning:  #1295-D: Deprecated declaration Hi220_Reset - give arg types
  void Hi220_Reset();
.\BSP\HI220.h(115): warning:  #1295-D: Deprecated declaration USART6_Configuration_For_Hi220 - give arg types
  void USART6_Configuration_For_Hi220();
.\BSP\HI220.h(116): warning:  #1295-D: Deprecated declaration Hi220_getYawPitchRoll - give arg types
  void Hi220_getYawPitchRoll();
.\APP\auto_angle_task.h(7): warning:  #1-D: last line of file ends without a newline
  #endif
APP\IOTask.c: 13 warnings, 0 errors
compiling RemoteTask.c...
.\User\config.h(1): warning:  #14-D: extra text after expected end of preprocessing directive
    #ifndef __SYS_H_、_
.\BSP\usart3.h(11): warning:  #1295-D: Deprecated declaration USART3_Configuration_Send - give arg types
  void USART3_Configuration_Send();
.\BSP\usart3.h(12): warning:  #1295-D: Deprecated declaration USART3_Configuration_For_Hi220 - give arg types
  void USART3_Configuration_For_Hi220();
.\BSP\uart4.h(16): warning:  #1-D: last line of file ends without a newline
  #endif
.\User\config.h(1): warning:  #14-D: extra text after expected end of preprocessing directive
    #ifndef __SYS_H_、_
.\APP\chassis_task.h(164): warning:  #1295-D: Deprecated declaration get_6020power - give arg types
  float get_6020power();
.\APP\chassis_task.h(170): warning:  #1295-D: Deprecated declaration chassis_task1 - give arg types
  void chassis_task1();
.\APP\chassis_task.h(179): warning:  #1295-D: Deprecated declaration power_predict - give arg types
  float power_predict();
.\BSP\HI220.h(113): warning:  #1295-D: Deprecated declaration Hi220_Init - give arg types
  void Hi220_Init();
.\BSP\HI220.h(114): warning:  #1295-D: Deprecated declaration Hi220_Reset - give arg types
  void Hi220_Reset();
.\BSP\HI220.h(115): warning:  #1295-D: Deprecated declaration USART6_Configuration_For_Hi220 - give arg types
  void USART6_Configuration_For_Hi220();
.\BSP\HI220.h(116): warning:  #1295-D: Deprecated declaration Hi220_getYawPitchRoll - give arg types
  void Hi220_getYawPitchRoll();
.\APP\auto_angle_task.h(7): warning:  #1-D: last line of file ends without a newline
  #endif
APP\RemoteTask.c(646): warning:  #68-D: integer conversion resulted in a change of sign
  u8 key_f_pitch=-10;
APP\RemoteTask.c(647): warning:  #68-D: integer conversion resulted in a change of sign
  u8 key_e_yaw=-10;
APP\RemoteTask.c(782): warning:  #68-D: integer conversion resulted in a change of sign
            key_e_yaw=-10;
APP\RemoteTask.c(786): warning:  #68-D: integer conversion resulted in a change of sign
            key_f_pitch=-10;
APP\RemoteTask.c: 17 warnings, 0 errors
compiling ControlTask.c...
.\User\config.h(1): warning:  #14-D: extra text after expected end of preprocessing directive
    #ifndef __SYS_H_、_
.\BSP\usart3.h(11): warning:  #1295-D: Deprecated declaration USART3_Configuration_Send - give arg types
  void USART3_Configuration_Send();
.\BSP\usart3.h(12): warning:  #1295-D: Deprecated declaration USART3_Configuration_For_Hi220 - give arg types
  void USART3_Configuration_For_Hi220();
.\BSP\uart4.h(16): warning:  #1-D: last line of file ends without a newline
  #endif
.\User\config.h(1): warning:  #14-D: extra text after expected end of preprocessing directive
    #ifndef __SYS_H_、_
.\APP\chassis_task.h(164): warning:  #1295-D: Deprecated declaration get_6020power - give arg types
  float get_6020power();
.\APP\chassis_task.h(170): warning:  #1295-D: Deprecated declaration chassis_task1 - give arg types
  void chassis_task1();
.\APP\chassis_task.h(179): warning:  #1295-D: Deprecated declaration power_predict - give arg types
  float power_predict();
.\BSP\HI220.h(113): warning:  #1295-D: Deprecated declaration Hi220_Init - give arg types
  void Hi220_Init();
.\BSP\HI220.h(114): warning:  #1295-D: Deprecated declaration Hi220_Reset - give arg types
  void Hi220_Reset();
.\BSP\HI220.h(115): warning:  #1295-D: Deprecated declaration USART6_Configuration_For_Hi220 - give arg types
  void USART6_Configuration_For_Hi220();
.\BSP\HI220.h(116): warning:  #1295-D: Deprecated declaration Hi220_getYawPitchRoll - give arg types
  void Hi220_getYawPitchRoll();
.\APP\auto_angle_task.h(7): warning:  #1-D: last line of file ends without a newline
  #endif
APP\ControlTask.c(173): warning:  #1-D: last line of file ends without a newline
  }
APP\ControlTask.c: 14 warnings, 0 errors
compiling CanBusTask.c...
.\User\config.h(1): warning:  #14-D: extra text after expected end of preprocessing directive
    #ifndef __SYS_H_、_
.\BSP\usart3.h(11): warning:  #1295-D: Deprecated declaration USART3_Configuration_Send - give arg types
  void USART3_Configuration_Send();
.\BSP\usart3.h(12): warning:  #1295-D: Deprecated declaration USART3_Configuration_For_Hi220 - give arg types
  void USART3_Configuration_For_Hi220();
.\BSP\uart4.h(16): warning:  #1-D: last line of file ends without a newline
  #endif
.\User\config.h(1): warning:  #14-D: extra text after expected end of preprocessing directive
    #ifndef __SYS_H_、_
.\APP\chassis_task.h(164): warning:  #1295-D: Deprecated declaration get_6020power - give arg types
  float get_6020power();
.\APP\chassis_task.h(170): warning:  #1295-D: Deprecated declaration chassis_task1 - give arg types
  void chassis_task1();
.\APP\chassis_task.h(179): warning:  #1295-D: Deprecated declaration power_predict - give arg types
  float power_predict();
.\BSP\HI220.h(113): warning:  #1295-D: Deprecated declaration Hi220_Init - give arg types
  void Hi220_Init();
.\BSP\HI220.h(114): warning:  #1295-D: Deprecated declaration Hi220_Reset - give arg types
  void Hi220_Reset();
.\BSP\HI220.h(115): warning:  #1295-D: Deprecated declaration USART6_Configuration_For_Hi220 - give arg types
  void USART6_Configuration_For_Hi220();
.\BSP\HI220.h(116): warning:  #1295-D: Deprecated declaration Hi220_getYawPitchRoll - give arg types
  void Hi220_getYawPitchRoll();
.\APP\auto_angle_task.h(7): warning:  #1-D: last line of file ends without a newline
  #endif
APP\CanBusTask.c(228): warning:  #1035-D: single-precision operand implicitly converted to double-precision
  		v->cap_voltage_filte =(temp_sum/
OLTAGE_BUF_SIZE)/10.0;	
APP\CanBusTask.c(678): warning:  #1-D: last line of file ends without a newline
  }
APP\CanBusTask.c: 15 warnings, 0 errors
compiling modeswitch_task.c...
.\User\config.h(1): warning:  #14-D: extra text after expected end of preprocessing directive
    #ifndef __SYS_H_、_
.\BSP\usart3.h(11): warning:  #1295-D: Deprecated declaration USART3_Configuration_Send - give arg types
  void USART3_Configuration_Send();
.\BSP\usart3.h(12): warning:  #1295-D: Deprecated declaration USART3_Configuration_For_Hi220 - give arg types
  void USART3_Configuration_For_Hi220();
.\BSP\uart4.h(16): warning:  #1-D: last line of file ends without a newline
  #endif
.\User\config.h(1): warning:  #14-D: extra text after expected end of preprocessing directive
    #ifndef __SYS_H_、_
.\APP\chassis_task.h(164): warning:  #1295-D: Deprecated declaration get_6020power - give arg types
  float get_6020power();
.\APP\chassis_task.h(170): warning:  #1295-D: Deprecated declaration chassis_task1 - give arg types
  void chassis_task1();
.\APP\chassis_task.h(179): warning:  #1295-D: Deprecated declaration power_predict - give arg types
  float power_predict();
.\BSP\HI220.h(113): warning:  #1295-D: Deprecated declaration Hi220_Init - give arg types
  void Hi220_Init();
.\BSP\HI220.h(114): warning:  #1295-D: Deprecated declaration Hi220_Reset - give arg types
  void Hi220_Reset();
.\BSP\HI220.h(115): warning:  #1295-D: Deprecated declaration USART6_Configuration_For_Hi220 - give arg types
  void USART6_Configuration_For_Hi220();
.\BSP\HI220.h(116): warning:  #1295-D: Deprecated declaration Hi220_getYawPitchRoll - give arg types
  void Hi220_getYawPitchRoll();
.\APP\auto_angle_task.h(7): warning:  #1-D: last line of file ends without a newline
  #endif
APP\modeswitch_task.c(91): warning:  #177-D: function "get_shoot_mode"  was declared but never referenced
  void get_shoot_mode(void)
APP\modeswitch_task.c(3): warning:  #177-D: variable "glb_ctrl_mode"  was declared but never referenced
  static infantry_mode_e glb_ctrl_mode;
APP\modeswitch_task.c: 15 warnings, 0 errors
compiling AHRS_middleware.c...
compiling shoot_task.c...
.\User\config.h(1): warning:  #14-D: extra text after expected end of preprocessing directive
    #ifndef __SYS_H_、_
.\BSP\usart3.h(11): warning:  #1295-D: Deprecated declaration USART3_Configuration_Send - give arg types
  void USART3_Configuration_Send();
.\BSP\usart3.h(12): warning:  #1295-D: Deprecated declaration USART3_Configuration_For_Hi220 - give arg types
  void USART3_Configuration_For_Hi220();
.\BSP\uart4.h(16): warning:  #1-D: last line of file ends without a newline
  #endif
.\User\config.h(1): warning:  #14-D: extra text after expected end of preprocessing directive
    #ifndef __SYS_H_、_
.\APP\chassis_task.h(164): warning:  #1295-D: Deprecated declaration get_6020power - give arg types
  float get_6020power();
.\APP\chassis_task.h(170): warning:  #1295-D: Deprecated declaration chassis_task1 - give arg types
  void chassis_task1();
.\APP\chassis_task.h(179): warning:  #1295-D: Deprecated declaration power_predict - give arg types
  float power_predict();
.\BSP\HI220.h(113): warning:  #1295-D: Deprecated declaration Hi220_Init - give arg types
  void Hi220_Init();
.\BSP\HI220.h(114): warning:  #1295-D: Deprecated declaration Hi220_Reset - give arg types
  void Hi220_Reset();
.\BSP\HI220.h(115): warning:  #1295-D: Deprecated declaration USART6_Configuration_For_Hi220 - give arg types
  void USART6_Configuration_For_Hi220();
.\BSP\HI220.h(116): warning:  #1295-D: Deprecated declaration Hi220_getYawPitchRoll - give arg types
  void Hi220_getYawPitchRoll();
.\APP\auto_angle_task.h(7): warning:  #1-D: last line of file ends without a newline
  #endif
APP\shoot_task.c(67): warning:  #188-D: enumerated type mixed with another type
      shot.ctrl_mode=1;
APP\shoot_task.c(70): warning:  #188-D: enumerated type mixed with another type
        shot.ctrl_mode=0;
APP\shoot_task.c(312): warning:  #188-D: enumerated type mixed with another type
    shot.ctrl_mode=1;
APP\shoot_task.c: 16 warnings, 0 errors
compiling SuperviseTask.c...
.\User\config.h(1): warning:  #14-D: extra text after expected end of preprocessing directive
    #ifndef __SYS_H_、_
.\BSP\usart3.h(11): warning:  #1295-D: Deprecated declaration USART3_Configuration_Send - give arg types
  void USART3_Configuration_Send();
.\BSP\usart3.h(12): warning:  #1295-D: Deprecated declaration USART3_Configuration_For_Hi220 - give arg types
  void USART3_Configuration_For_Hi220();
.\BSP\uart4.h(16): warning:  #1-D: last line of file ends without a newline
  #endif
.\User\config.h(1): warning:  #14-D: extra text after expected end of preprocessing directive
    #ifndef __SYS_H_、_
.\APP\chassis_task.h(164): warning:  #1295-D: Deprecated declaration get_6020power - give arg types
  float get_6020power();
.\APP\chassis_task.h(170): warning:  #1295-D: Deprecated declaration chassis_task1 - give arg types
  void chassis_task1();
.\APP\chassis_task.h(179): warning:  #1295-D: Deprecated declaration power_predict - give arg types
  float power_predict();
.\BSP\HI220.h(113): warning:  #1295-D: Deprecated declaration Hi220_Init - give arg types
  void Hi220_Init();
.\BSP\HI220.h(114): warning:  #1295-D: Deprecated declaration Hi220_Reset - give arg types
  void Hi220_Reset();
.\BSP\HI220.h(115): warning:  #1295-D: Deprecated declaration USART6_Configuration_For_Hi220 - give arg types
  void USART6_Configuration_For_Hi220();
.\BSP\HI220.h(116): warning:  #1295-D: Deprecated declaration Hi220_getYawPitchRoll - give arg types
  void Hi220_getYawPitchRoll();
.\APP\auto_angle_task.h(7): warning:  #1-D: last line of file ends without a newline
  #endif
APP\SuperviseTask.c: 13 warnings, 0 errors
compiling gimbal_task.c...
.\User\config.h(1): warning:  #14-D: extra text after expected end of preprocessing directive
    #ifndef __SYS_H_、_
.\BSP\usart3.h(11): warning:  #1295-D: Deprecated declaration USART3_Configuration_Send - give arg types
  void USART3_Configuration_Send();
.\BSP\usart3.h(12): warning:  #1295-D: Deprecated declaration USART3_Configuration_For_Hi220 - give arg types
  void USART3_Configuration_For_Hi220();
.\BSP\uart4.h(16): warning:  #1-D: last line of file ends without a newline
  #endif
.\User\config.h(1): warning:  #14-D: extra text after expected end of preprocessing directive
    #ifndef __SYS_H_、_
.\APP\chassis_task.h(164): warning:  #1295-D: Deprecated declaration get_6020power - give arg types
  float get_6020power();
.\APP\chassis_task.h(170): warning:  #1295-D: Deprecated declaration chassis_task1 - give arg types
  void chassis_task1();
.\APP\chassis_task.h(179): warning:  #1295-D: Deprecated declaration power_predict - give arg types
  float power_predict();
.\BSP\HI220.h(113): warning:  #1295-D: Deprecated declaration Hi220_Init - give arg types
  void Hi220_Init();
.\BSP\HI220.h(114): warning:  #1295-D: Deprecated declaration Hi220_Reset - give arg types
  void Hi220_Reset();
.\BSP\HI220.h(115): warning:  #1295-D: Deprecated declaration USART6_Configuration_For_Hi220 - give arg types
  void USART6_Configuration_For_Hi220();
.\BSP\HI220.h(116): warning:  #1295-D: Deprecated declaration Hi220_getYawPitchRoll - give arg types
  void Hi220_getYawPitchRoll();
.\APP\auto_angle_task.h(7): warning:  #1-D: last line of file ends without a newline
  #endif
APP\gimbal_task.c(406): warning:  #1035-D: single-precision operand implicitly converted to double-precision
                Speed_Distence_Compensation = Gimbal_Auto_Shoot.Distance * 0.001;
APP\gimbal_task.c(790): warning:  #1035-D: single-precision operand implicitly converted to double-precision
    x3=sqrt(x2-(19.6*x2*((9.8*x2)/(2*x1)+distance_y))/x1);
APP\gimbal_task.c(790): warning:  #1035-D: single-precision operand implicitly converted to double-precision
    x3=sqrt(x2-(19.6*x2*((9.8*x2)/(2*x1)+distance_y))/x1);
APP\gimbal_task.c(791): warning:  #1035-D: single-precision operand implicitly converted to double-precision
    x4=9.8*x2;
APP\gimbal_task.c: 17 warnings, 0 errors
compiling Auto_Shoot_Control_Task.c...
.\User\config.h(1): warning:  #14-D: extra text after expected end of preprocessing directive
    #ifndef __SYS_H_、_
.\BSP\usart3.h(11): warning:  #1295-D: Deprecated declaration USART3_Configuration_Send - give arg types
  void USART3_Configuration_Send();
.\BSP\usart3.h(12): warning:  #1295-D: Deprecated declaration USART3_Configuration_For_Hi220 - give arg types
  void USART3_Configuration_For_Hi220();
.\BSP\uart4.h(16): warning:  #1-D: last line of file ends without a newline
  #endif
.\User\config.h(1): warning:  #14-D: extra text after expected end of preprocessing directive
    #ifndef __SYS_H_、_
.\APP\chassis_task.h(164): warning:  #1295-D: Deprecated declaration get_6020power - give arg types
  float get_6020power();
.\APP\chassis_task.h(170): warning:  #1295-D: Deprecated declaration chassis_task1 - give arg types
  void chassis_task1();
.\APP\chassis_task.h(179): warning:  #1295-D: Deprecated declaration power_predict - give arg types
  float power_predict();
.\BSP\HI220.h(113): warning:  #1295-D: Deprecated declaration Hi220_Init - give arg types
  void Hi220_Init();
.\BSP\HI220.h(114): warning:  #1295-D: Deprecated declaration Hi220_Reset - give arg types
  void Hi220_Reset();
.\BSP\HI220.h(115): warning:  #1295-D: Deprecated declaration USART6_Configuration_For_Hi220 - give arg types
  void USART6_Configuration_For_Hi220();
.\BSP\HI220.h(116): warning:  #1295-D: Deprecated declaration Hi220_getYawPitchRoll - give arg types
  void Hi220_getYawPitchRoll();
.\APP\auto_angle_task.h(7): warning:  #1-D: last line of file ends without a newline
  #endif
APP\Auto_Shoot_Control_Task.c(15): warning:  #188-D: enumerated type mixed with another type
  robot_color_e robot_color = 1 ;   //0-9以下标识自己都是红方，其它都是蓝方
APP\Auto_Shoot_Control_Task.c(193): warning:  #1-D: last line of file ends without a newline
  // send_signal("atk_e");
APP\Auto_Shoot_Control_Task.c: 15 warnings, 0 errors
compiling BasicMathFunctionsF16.c...
compiling kalman_filter.c...
APP\kalman_filter.c(143): warning:  #1-D: last line of file ends without a newline
  }
APP\kalman_filter.c: 1 warning, 0 errors
compiling BasicMathFunctions.c...
C:\Keil_v5\ARM\PACK\ARM\CMSIS\5.8.0\CMSIS\DSP\Source\BasicMathFunctions\BasicMathFunctions.c(79): warning:  #1-D: last line of file ends without a newline
  #include "arm_clip_q7.c"
C:\Keil_v5\ARM\PACK\ARM\CMSIS\5.8.0\CMSIS\DSP\Source\BasicMathFunctions\BasicMathFunctions.c: 1 warning, 0 errors
compiling chassis_task.c...
.\User\config.h(1): warning:  #14-D: extra text after expected end of preprocessing directive
    #ifndef __SYS_H_、_
.\BSP\usart3.h(11): warning:  #1295-D: Deprecated declaration USART3_Configuration_Send - give arg types
  void USART3_Configuration_Send();
.\BSP\usart3.h(12): warning:  #1295-D: Deprecated declaration USART3_Configuration_For_Hi220 - give arg types
  void USART3_Configuration_For_Hi220();
.\BSP\uart4.h(16): warning:  #1-D: last line of file ends without a newline
  #endif
.\User\config.h(1): warning:  #14-D: extra text after expected end of preprocessing directive
    #ifndef __SYS_H_、_
.\APP\chassis_task.h(164): warning:  #1295-D: Deprecated declaration get_6020power - give arg types
  float get_6020power();
.\APP\chassis_task.h(170): warning:  #1295-D: Deprecated declaration chassis_task1 - give arg types
  void chassis_task1();
.\APP\chassis_task.h(179): warning:  #1295-D: Deprecated declaration power_predict - give arg types
  float power_predict();
.\BSP\HI220.h(113): warning:  #1295-D: Deprecated declaration Hi220_Init - give arg types
  void Hi220_Init();
.\BSP\HI220.h(114): warning:  #1295-D: Deprecated declaration Hi220_Reset - give arg types
  void Hi220_Reset();
.\BSP\HI220.h(115): warning:  #1295-D: Deprecated declaration USART6_Configuration_For_Hi220 - give arg types
  void USART6_Configuration_For_Hi220();
.\BSP\HI220.h(116): warning:  #1295-D: Deprecated declaration Hi220_getYawPitchRoll - give arg types
  void Hi220_getYawPitchRoll();
.\APP\auto_angle_task.h(7): warning:  #1-D: last line of file ends without a newline
  #endif
APP\chassis_task.c(262): warning:  #940-D: missing return statement at end of non-void function "get_6020power" 
  }
APP\chassis_task.c(442): warning:  #1035-D: single-precision operand implicitly converted to double-precision
      max_power=(voltage-
ARNING_VOLTAGE)/4.0f*350;
APP\chassis_task.c(455): warning:  #1035-D: single-precision operand implicitly converted to double-precision
  				max_power=(voltage-
ARNING_VOLTAGE)/4.0f*450;
APP\chassis_task.c(462): warning:  #1035-D: single-precision operand implicitly converted to double-precision
  				max_power=(voltage-
ARNING_VOLTAGE)/4.0f*250;			
APP\chassis_task.c(1149): warning:  #1-D: last line of file ends without a newline
  }
APP\chassis_task.c(307): warning:  #177-D: function "chassis_twist_handle"  was declared but never referenced
  static void chassis_twist_handle(void)
APP\chassis_task.c(264): warning:  #177-D: function "chassis_stop_handle"  was declared but never referenced
  void chassis_stop_handle(void)
APP\chassis_task.c(312): warning:  #177-D: function "follow_gimbal_handle"  was declared but never referenced
  void follow_gimbal_handle(void)
APP\chassis_task.c(388): warning:  #177-D: function "rotate_follow_gimbal_handle"  was declared but never referenced
  void rotate_follow_gimbal_handle(void)
APP\chassis_task.c(394): warning:  #177-D: function "reverse_follow_gimbal_handle"  was declared but never referenced
  void reverse_follow_gimbal_handle(void)
APP\chassis_task.c(289): warning:  #177-D: function "chassis_change_reverse_handle"  was declared but never referenced
  void chassis_change_reverse_handle(void)
APP\chassis_task.c(351): warning:  #177-D: function "separate_gimbal_handle"  was declared but never referenced
  void separate_gimbal_handle(void)
APP\chassis_task.c(478): warning:  #177-D: function "auto_sup_handle"  was declared but never referenced
  void auto_sup_handle(void)
APP\chassis_task.c: 26 warnings, 0 errors
compiling BayesFunctions.c...
compiling icm20948.c...
.\User\config.h(1): warning:  #14-D: extra text after expected end of preprocessing directive
    #ifndef __SYS_H_、_
.\BSP\usart3.h(11): warning:  #1295-D: Deprecated declaration USART3_Configuration_Send - give arg types
  void USART3_Configuration_Send();
.\BSP\usart3.h(12): warning:  #1295-D: Deprecated declaration USART3_Configuration_For_Hi220 - give arg types
  void USART3_Configuration_For_Hi220();
.\BSP\uart4.h(16): warning:  #1-D: last line of file ends without a newline
  #endif
.\User\config.h(1): warning:  #14-D: extra text after expected end of preprocessing directive
    #ifndef __SYS_H_、_
.\APP\chassis_task.h(164): warning:  #1295-D: Deprecated declaration get_6020power - give arg types
  float get_6020power();
.\APP\chassis_task.h(170): warning:  #1295-D: Deprecated declaration chassis_task1 - give arg types
  void chassis_task1();
.\APP\chassis_task.h(179): warning:  #1295-D: Deprecated declaration power_predict - give arg types
  float power_predict();
.\BSP\HI220.h(113): warning:  #1295-D: Deprecated declaration Hi220_Init - give arg types
  void Hi220_Init();
.\BSP\HI220.h(114): warning:  #1295-D: Deprecated declaration Hi220_Reset - give arg types
  void Hi220_Reset();
.\BSP\HI220.h(115): warning:  #1295-D: Deprecated declaration USART6_Configuration_For_Hi220 - give arg types
  void USART6_Configuration_For_Hi220();
.\BSP\HI220.h(116): warning:  #1295-D: Deprecated declaration Hi220_getYawPitchRoll - give arg types
  void Hi220_getYawPitchRoll();
.\APP\auto_angle_task.h(7): warning:  #1-D: last line of file ends without a newline
  #endif
ICM20948\icm20948.c: 13 warnings, 0 errors
compiling icm20948_driver.c...
.\User\config.h(1): warning:  #14-D: extra text after expected end of preprocessing directive
    #ifndef __SYS_H_、_
.\BSP\usart3.h(11): warning:  #1295-D: Deprecated declaration USART3_Configuration_Send - give arg types
  void USART3_Configuration_Send();
.\BSP\usart3.h(12): warning:  #1295-D: Deprecated declaration USART3_Configuration_For_Hi220 - give arg types
  void USART3_Configuration_For_Hi220();
.\BSP\uart4.h(16): warning:  #1-D: last line of file ends without a newline
  #endif
.\User\config.h(1): warning:  #14-D: extra text after expected end of preprocessing directive
    #ifndef __SYS_H_、_
.\APP\chassis_task.h(164): warning:  #1295-D: Deprecated declaration get_6020power - give arg types
  float get_6020power();
.\APP\chassis_task.h(170): warning:  #1295-D: Deprecated declaration chassis_task1 - give arg types
  void chassis_task1();
.\APP\chassis_task.h(179): warning:  #1295-D: Deprecated declaration power_predict - give arg types
  float power_predict();
.\BSP\HI220.h(113): warning:  #1295-D: Deprecated declaration Hi220_Init - give arg types
  void Hi220_Init();
.\BSP\HI220.h(114): warning:  #1295-D: Deprecated declaration Hi220_Reset - give arg types
  void Hi220_Reset();
.\BSP\HI220.h(115): warning:  #1295-D: Deprecated declaration USART6_Configuration_For_Hi220 - give arg types
  void USART6_Configuration_For_Hi220();
.\BSP\HI220.h(116): warning:  #1295-D: Deprecated declaration Hi220_getYawPitchRoll - give arg types
  void Hi220_getYawPitchRoll();
.\APP\auto_angle_task.h(7): warning:  #1-D: last line of file ends without a newline
  #endif
ICM20948\icm20948_driver.c: 13 warnings, 0 errors
compiling BayesFunctionsF16.c...
compiling spi.c...
.\User\config.h(1): warning:  #14-D: extra text after expected end of preprocessing directive
    #ifndef __SYS_H_、_
.\BSP\usart3.h(11): warning:  #1295-D: Deprecated declaration USART3_Configuration_Send - give arg types
  void USART3_Configuration_Send();
.\BSP\usart3.h(12): warning:  #1295-D: Deprecated declaration USART3_Configuration_For_Hi220 - give arg types
  void USART3_Configuration_For_Hi220();
.\BSP\uart4.h(16): warning:  #1-D: last line of file ends without a newline
  #endif
.\User\config.h(1): warning:  #14-D: extra text after expected end of preprocessing directive
    #ifndef __SYS_H_、_
.\APP\chassis_task.h(164): warning:  #1295-D: Deprecated declaration get_6020power - give arg types
  float get_6020power();
.\APP\chassis_task.h(170): warning:  #1295-D: Deprecated declaration chassis_task1 - give arg types
  void chassis_task1();
.\APP\chassis_task.h(179): warning:  #1295-D: Deprecated declaration power_predict - give arg types
  float power_predict();
.\BSP\HI220.h(113): warning:  #1295-D: Deprecated declaration Hi220_Init - give arg types
  void Hi220_Init();
.\BSP\HI220.h(114): warning:  #1295-D: Deprecated declaration Hi220_Reset - give arg types
  void Hi220_Reset();
.\BSP\HI220.h(115): warning:  #1295-D: Deprecated declaration USART6_Configuration_For_Hi220 - give arg types
  void USART6_Configuration_For_Hi220();
.\BSP\HI220.h(116): warning:  #1295-D: Deprecated declaration Hi220_getYawPitchRoll - give arg types
  void Hi220_getYawPitchRoll();
.\APP\auto_angle_task.h(7): warning:  #1-D: last line of file ends without a newline
  #endif
ICM20948\spi.c: 13 warnings, 0 errors
compiling CommonTablesF16.c...
compiling ComplexMathFunctions.c...
compiling ComplexMathFunctionsF16.c...
C:\Keil_v5\ARM\PACK\ARM\CMSIS\5.8.0\CMSIS\DSP\Source\ComplexMathFunctions\arm_cmplx_conj_f16.c(185): warning:  #1-D: last line of file ends without a newline
  #endif /* #if defined(ARM_FLOAT16_SUPPORTED) */
C:\Keil_v5\ARM\PACK\ARM\CMSIS\5.8.0\CMSIS\DSP\Source\ComplexMathFunctions\arm_cmplx_dot_prod_f16.c(288): warning:  #1-D: last line of file ends without a newline
  #endif /* #if defined(ARM_FLOAT16_SUPPORTED) */
C:\Keil_v5\ARM\PACK\ARM\CMSIS\5.8.0\CMSIS\DSP\Source\ComplexMathFunctions\arm_cmplx_mag_f16.c(241): warning:  #1-D: last line of file ends without a newline
  #endif /* #if defined(ARM_FLOAT16_SUPPORTED) */
C:\Keil_v5\ARM\PACK\ARM\CMSIS\5.8.0\CMSIS\DSP\Source\ComplexMathFunctions\arm_cmplx_mag_squared_f16.c(174): warning:  #1-D: last line of file ends without a newline
  #endif /* #if defined(ARM_FLOAT16_SUPPORTED) */
C:\Keil_v5\ARM\PACK\ARM\CMSIS\5.8.0\CMSIS\DSP\Source\ComplexMathFunctions\arm_cmplx_mult_cmplx_f16.c(271): warning:  #1-D: last line of file ends without a newline
  #endif /* #if defined(ARM_FLOAT16_SUPPORTED) */
C:\Keil_v5\ARM\PACK\ARM\CMSIS\5.8.0\CMSIS\DSP\Source\ComplexMathFunctions\arm_cmplx_mult_real_f16.c(194): warning:  #1-D: last line of file ends without a newline
  #endif /* #if defined(ARM_FLOAT16_SUPPORTED) */
C:\Keil_v5\ARM\PACK\ARM\CMSIS\5.8.0\CMSIS\DSP\Source\ComplexMathFunctions\ComplexMathFunctionsF16.c: 6 warnings, 0 errors
compiling ControllerFunctions.c...
C:\Keil_v5\ARM\PACK\ARM\CMSIS\5.8.0\CMSIS\DSP\Source\ControllerFunctions\ControllerFunctions.c(46): warning:  #1-D: last line of file ends without a newline
  #endif
C:\Keil_v5\ARM\PACK\ARM\CMSIS\5.8.0\CMSIS\DSP\Source\ControllerFunctions\ControllerFunctions.c: 1 warning, 0 errors
compiling DistanceFunctions.c...
compiling FastMathFunctionsF16.c...
compiling DistanceFunctionsF16.c...
compiling FastMathFunctions.c...
compiling FilteringFunctionsF16.c...
C:\Keil_v5\ARM\PACK\ARM\CMSIS\5.8.0\CMSIS\DSP\Source\FilteringFunctions\arm_biquad_cascade_df1_f16.c(491): warning:  #1-D: last line of file ends without a newline
  #endif /*#if defined(ARM_FLOAT16_SUPPORTED)*/
C:\Keil_v5\ARM\PACK\ARM\CMSIS\5.8.0\CMSIS\DSP\Source\FilteringFunctions\arm_biquad_cascade_df1_init_f16.c(160): warning:  #1-D: last line of file ends without a newline
  #endif /* #if defined(ARM_FLOAT16_SUPPORTED) */
C:\Keil_v5\ARM\PACK\ARM\CMSIS\5.8.0\CMSIS\DSP\Source\FilteringFunctions\arm_biquad_cascade_df2T_init_f16.c(114): warning:  #1-D: last line of file ends without a newline
  #endif /* #if defined(ARM_FLOAT16_SUPPORTED) */
C:\Keil_v5\ARM\PACK\ARM\CMSIS\5.8.0\CMSIS\DSP\Source\FilteringFunctions\arm_biquad_cascade_stereo_df2T_f16.c(434): warning:  #1-D: last line of file ends without a newline
  #endif /* #if defined(ARM_FLOAT16_SUPPORTED) */
C:\Keil_v5\ARM\PACK\ARM\CMSIS\5.8.0\CMSIS\DSP\Source\FilteringFunctions\FilteringFunctionsF16.c: 4 warnings, 0 errors
compiling InterpolationFunctionsF16.c...
compiling InterpolationFunctions.c...
compiling MatrixFunctionsF16.c...
compiling SVMFunctionsF16.c...
compiling CommonTables.c...
compiling SVMFunctions.c...
compiling QuaternionMathFunctions.c...
C:\Keil_v5\ARM\PACK\ARM\CMSIS\5.8.0\CMSIS\DSP\Source\QuaternionMathFunctions\arm_rotation2quaternion_f32.c(183): warning:  #1035-D: single-precision operand implicitly converted to double-precision
          doubler = sqrtf(trace + 1.0) * 2; // invs=4*qw
C:\Keil_v5\ARM\PACK\ARM\CMSIS\5.8.0\CMSIS\DSP\Source\QuaternionMathFunctions\arm_rotation2quaternion_f32.c(184): warning:  #1035-D: single-precision operand implicitly converted to double-precision
          s = 1.0 / doubler;
C:\Keil_v5\ARM\PACK\ARM\CMSIS\5.8.0\CMSIS\DSP\Source\QuaternionMathFunctions\arm_rotation2quaternion_f32.c(185): warning:  #1035-D: single-precision operand implicitly converted to double-precision
          q[0] = 0.25 * doubler;
C:\Keil_v5\ARM\PACK\ARM\CMSIS\5.8.0\CMSIS\DSP\Source\QuaternionMathFunctions\arm_rotation2quaternion_f32.c(192): warning:  #1035-D: single-precision operand implicitly converted to double-precision
          doubler = sqrtf(1.0 + 
I(0,0) - RI(1,1) - RI(2,2)) * 2; // invs=4*qx
C:\Keil_v5\ARM\PACK\ARM\CMSIS\5.8.0\CMSIS\DSP\Source\QuaternionMathFunctions\arm_rotation2quaternion_f32.c(193): warning:  #1035-D: single-precision operand implicitly converted to double-precision
          s = 1.0 / doubler;
C:\Keil_v5\ARM\PACK\ARM\CMSIS\5.8.0\CMSIS\DSP\Source\QuaternionMathFunctions\arm_rotation2quaternion_f32.c(195): warning:  #1035-D: single-precision operand implicitly converted to double-precision
          q[1] = 0.25 * doubler;
C:\Keil_v5\ARM\PACK\ARM\CMSIS\5.8.0\CMSIS\DSP\Source\QuaternionMathFunctions\arm_rotation2quaternion_f32.c(201): warning:  #1035-D: single-precision operand implicitly converted to double-precision
          doubler = sqrtf(1.0 + 
I(1,1) - RI(0,0) - RI(2,2)) * 2; // invs=4*qy
C:\Keil_v5\ARM\PACK\ARM\CMSIS\5.8.0\CMSIS\DSP\Source\QuaternionMathFunctions\arm_rotation2quaternion_f32.c(202): warning:  #1035-D: single-precision operand implicitly converted to double-precision
          s = 1.0 / doubler;
C:\Keil_v5\ARM\PACK\ARM\CMSIS\5.8.0\CMSIS\DSP\Source\QuaternionMathFunctions\arm_rotation2quaternion_f32.c(205): warning:  #1035-D: single-precision operand implicitly converted to double-precision
          q[2] = 0.25 * doubler;
C:\Keil_v5\ARM\PACK\ARM\CMSIS\5.8.0\CMSIS\DSP\Source\QuaternionMathFunctions\arm_rotation2quaternion_f32.c(210): warning:  #1035-D: single-precision operand implicitly converted to double-precision
          doubler = sqrtf(1.0 + 
I(2,2) - RI(0,0) - RI(1,1)) * 2; // invs=4*qz
C:\Keil_v5\ARM\PACK\ARM\CMSIS\5.8.0\CMSIS\DSP\Source\QuaternionMathFunctions\arm_rotation2quaternion_f32.c(211): warning:  #1035-D: single-precision operand implicitly converted to double-precision
          s = 1.0 / doubler;
C:\Keil_v5\ARM\PACK\ARM\CMSIS\5.8.0\CMSIS\DSP\Source\QuaternionMathFunctions\arm_rotation2quaternion_f32.c(215): warning:  #1035-D: single-precision operand implicitly converted to double-precision
          q[3] = 0.25 * doubler;
C:\Keil_v5\ARM\PACK\ARM\CMSIS\5.8.0\CMSIS\DSP\Source\QuaternionMathFunctions\QuaternionMathFunctions.c: 12 warnings, 0 errors
compiling retarget_io.c...
compiling StatisticsFunctionsF16.c...
C:\Keil_v5\ARM\PACK\ARM\CMSIS\5.8.0\CMSIS\DSP\Source\StatisticsFunctions\StatisticsFunctionsF16.c(42): warning:  #1-D: last line of file ends without a newline
  #include "arm_absmin_f16.c"
C:\Keil_v5\ARM\PACK\ARM\CMSIS\5.8.0\CMSIS\DSP\Source\StatisticsFunctions\StatisticsFunctionsF16.c: 1 warning, 0 errors
compiling SupportFunctionsF16.c...
compiling TransformFunctionsF16.c...
C:\Keil_v5\ARM\PACK\ARM\CMSIS\5.8.0\CMSIS\DSP\Include\arm_const_structs_f16.h(77): warning:  #1-D: last line of file ends without a newline
  #endif
C:\Keil_v5\ARM\PACK\ARM\CMSIS\5.8.0\CMSIS\DSP\Source\TransformFunctions\arm_cfft_radix2_f16.c(475): warning:  #1-D: last line of file ends without a newline
  #endif /* #if defined(ARM_FLOAT16_SUPPORTED) */
C:\Keil_v5\ARM\PACK\ARM\CMSIS\5.8.0\CMSIS\DSP\Source\TransformFunctions\arm_cfft_radix4_f16.c(1272): warning:  #1-D: last line of file ends without a newline
  #endif /* #if defined(ARM_FLOAT16_SUPPORTED) */
C:\Keil_v5\ARM\PACK\ARM\CMSIS\5.8.0\CMSIS\DSP\Source\TransformFunctions\arm_rfft_fast_init_f16.c(357): warning:  #1-D: last line of file ends without a newline
  #endif /*  #if defined(ARM_FLOAT16_SUPPORTED) */
C:\Keil_v5\ARM\PACK\ARM\CMSIS\5.8.0\CMSIS\DSP\Source\TransformFunctions\arm_cfft_radix8_f16.c(289): warning:  #1-D: last line of file ends without a newline
  #endif /* #if defined(ARM_FLOAT16_SUPPORTED) */
C:\Keil_v5\ARM\PACK\ARM\CMSIS\5.8.0\CMSIS\DSP\Source\TransformFunctions\arm_bitreversal_f16.c(102): warning:  #1-D: last line of file ends without a newline
  #endif /* #if defined(ARM_FLOAT16_SUPPORTED) */
C:\Keil_v5\ARM\PACK\ARM\CMSIS\5.8.0\CMSIS\DSP\Source\TransformFunctions\TransformFunctionsF16.c: 6 warnings, 0 errors
compiling StatisticsFunctions.c...
C:\Keil_v5\ARM\PACK\ARM\CMSIS\5.8.0\CMSIS\DSP\Source\StatisticsFunctions\StatisticsFunctions.c(68): warning:  #1-D: last line of file ends without a newline
  #include "arm_absmin_q7.c"
C:\Keil_v5\ARM\PACK\ARM\CMSIS\5.8.0\CMSIS\DSP\Source\StatisticsFunctions\StatisticsFunctions.c: 1 warning, 0 errors
compiling SupportFunctions.c...
compiling MatrixFunctions.c...
compiling TransformFunctions.c...
compiling FilteringFunctions.c...
linking...
Program Size: Code=97408 RO-data=1668 RW-data=2516 ZI-data=14212  
FromELF: creating hex file...
".\Outputs\RM2018_Infantry.axf" - 0 Error(s), 515 Warning(s).

<h2>Software Packages used:</h2>

Package Vendor: ARM
                http://www.keil.com/pack/ARM.CMSIS.5.8.0.pack
                ARM::CMSIS:CORE:5.5.0
                CMSIS (Common Microcontroller Software Interface Standard)
   * Component: CORE Version: 5.5.0
   * Component: DSP Variant: Source Version: 1.9.0-dev

Package Vendor: Keil
                http://www.keil.com/pack/Keil.ARM_Compiler.1.3.0.pack
                Keil.ARM Compiler::Compiler:I/O:STDERR:ITM:1.2.0
                Keil ARM Compiler extensions for ARM Compiler 5 and ARM Compiler 6
   * Component: STDERR Variant: ITM Version: 1.2.0

<h2>Collection of Component include folders:</h2>
  .\RTE\_RM2018
  C:\Keil_v5\ARM\PACK\ARM\CMSIS\5.8.0\CMSIS\Core\Include
  C:\Keil_v5\ARM\PACK\ARM\CMSIS\5.8.0\CMSIS\DSP\Include
  C:\Keil_v5\ARM\PACK\ARM\CMSIS\5.8.0\CMSIS\DSP\PrivateInclude
  C:\Keil_v5\ARM\PACK\Keil\STM32F4xx_DFP\2.15.0\Drivers\CMSIS\Device\ST\STM32F4xx\Include

<h2>Collection of Component Files used:</h2>

   * Component: ARM::CMSIS:CORE:5.5.0

   * Component: ARM::CMSIS:DSP:Source:1.9.0-dev
      Include file:  CMSIS\DSP\Include\arm_math_f16.h
      Include file:  CMSIS\DSP\Include\arm_const_structs_f16.h
      Include file:  CMSIS\DSP\Include\arm_const_structs.h
      Source file:   CMSIS\DSP\Source\BasicMathFunctions\BasicMathFunctions.c
      Source file:   CMSIS\DSP\Source\CommonTables\CommonTables.c
      Source file:   CMSIS\DSP\Source\QuaternionMathFunctions\QuaternionMathFunctions.c
      Include file:  CMSIS\DSP\Include\arm_common_tables_f16.h
      Include file:  CMSIS\DSP\Include\arm_common_tables.h
      Source file:   CMSIS\DSP\Source\ComplexMathFunctions\ComplexMathFunctions.c
      Source file:   CMSIS\DSP\Source\ControllerFunctions\ControllerFunctions.c
      Include file:  CMSIS\DSP\Include\arm_math.h
      Source file:   CMSIS\DSP\Source\DistanceFunctions\DistanceFunctions.c
      Source file:   CMSIS\DSP\Source\FastMathFunctions\FastMathFunctions.c
      Source file:   CMSIS\DSP\Source\FilteringFunctions\FilteringFunctions.c
      Source file:   CMSIS\DSP\Source\MatrixFunctions\MatrixFunctions.c
      Source file:   CMSIS\DSP\Source\BayesFunctions\BayesFunctions.c
      Source file:   CMSIS\DSP\Source\FastMathFunctions\FastMathFunctionsF16.c
      Source file:   CMSIS\DSP\Source\CommonTables\CommonTablesF16.c
      Source file:   CMSIS\DSP\Source\StatisticsFunctions\StatisticsFunctionsF16.c
      Source file:   CMSIS\DSP\Source\MatrixFunctions\MatrixFunctionsF16.c
      Source file:   CMSIS\DSP\Source\InterpolationFunctions\InterpolationFunctionsF16.c
      Source file:   CMSIS\DSP\Source\DistanceFunctions\DistanceFunctionsF16.c
      Source file:   CMSIS\DSP\Source\TransformFunctions\TransformFunctions.c
      Source file:   CMSIS\DSP\Source\TransformFunctions\TransformFunctionsF16.c
      Source file:   CMSIS\DSP\Source\SupportFunctions\SupportFunctionsF16.c
      Source file:   CMSIS\DSP\Source\SVMFunctions\SVMFunctionsF16.c
      Source file:   CMSIS\DSP\Source\StatisticsFunctions\StatisticsFunctions.c
      Source file:   CMSIS\DSP\Source\FilteringFunctions\FilteringFunctionsF16.c
      Source file:   CMSIS\DSP\Source\SupportFunctions\SupportFunctions.c
      Source file:   CMSIS\DSP\Source\BasicMathFunctions\BasicMathFunctionsF16.c
      Source file:   CMSIS\DSP\Source\SVMFunctions\SVMFunctions.c
      Source file:   CMSIS\DSP\Source\BayesFunctions\BayesFunctionsF16.c
      Source file:   CMSIS\DSP\Source\InterpolationFunctions\InterpolationFunctions.c
      Source file:   CMSIS\DSP\Source\ComplexMathFunctions\ComplexMathFunctionsF16.c

   * Component: Keil.ARM Compiler::Compiler:I/O:STDERR:ITM:1.2.0
      Source file:   Source\retarget_io.c
Build Time Elapsed:  00:00:06
</pre>
</body>
</html>
