Component: ARM Compiler 5.06 update 4 (build 422) Tool: armlink [4d35d2]

==============================================================================

Section Cross References

    bsp.o(.text) refers to stm32f4xx_rcc.o(.text) for RCC_AHB1PeriphClockCmd
    bsp.o(.text) refers to stm32f4xx_gpio.o(.text) for GPIO_Init
    bsp.o(.text) refers to misc.o(.text) for NVIC_PriorityGroupConfig
    bsp.o(.text) refers to timer.o(.text) for TIM6_Configuration
    bsp.o(.text) refers to led.o(.text) for Led_Configuration
    bsp.o(.text) refers to gun.o(.text) for PWM_Configuration
    bsp.o(.text) refers to uart4.o(.text) for UART4_Configuration
    bsp.o(.text) refers to laser.o(.text) for Laser_Configuration
    bsp.o(.text) refers to judge.o(.text) for BSP_UART5_InitConfig
    bsp.o(.text) refers to ch100_dma.o(.text) for ch100_USART_Config
    bsp.o(.text) refers to delay.o(.text) for delay_ms
    bsp.o(.text) refers to can1.o(.text) for CAN1_Configuration
    bsp.o(.text) refers to can2.o(.text) for CAN2_Configuration
    bsp.o(.text) refers to usart1.o(.text) for USART1_Configuration
    bsp.o(.text) refers to pid.o(.bss) for pid_trigger_angle
    main.o(.text) refers to controltask.o(.text) for ControtLoopTaskInit
    main.o(.text) refers to remotetask.o(.text) for RemoteTaskInit
    main.o(.text) refers to delay.o(.text) for delay_ms
    main.o(.text) refers to bsp.o(.text) for BSP_Init
    main.o(.text) refers to timer.o(.text) for Get_Time_Micros
    main.o(.text) refers to stm32f4xx_gpio.o(.text) for GPIO_ResetBits
    main.o(.text) refers to iwdg.o(.text) for IWDG_Configuration
    main.o(.text) refers to main.o(.data) for system_micrsecond
    led.o(.text) refers to stm32f4xx_rcc.o(.text) for RCC_AHB1PeriphClockCmd
    led.o(.text) refers to stm32f4xx_gpio.o(.text) for GPIO_Init
    gun.o(.text) refers to stm32f4xx_rcc.o(.text) for RCC_AHB1PeriphClockCmd
    gun.o(.text) refers to stm32f4xx_gpio.o(.text) for GPIO_PinAFConfig
    gun.o(.text) refers to stm32f4xx_tim.o(.text) for TIM_TimeBaseInit
    gun.o(.text) refers to gun.o(.data) for door_flag
    can1.o(.text) refers to stm32f4xx_rcc.o(.text) for RCC_AHB1PeriphClockCmd
    can1.o(.text) refers to stm32f4xx_gpio.o(.text) for GPIO_PinAFConfig
    can1.o(.text) refers to misc.o(.text) for NVIC_Init
    can1.o(.text) refers to stm32f4xx_can.o(.text) for CAN_DeInit
    can1.o(.text) refers to canbustask.o(.text) for Can1ReceiveMsgProcess
    can1.o(.text) refers to can1.o(.data) for abcdef
    can2.o(.text) refers to stm32f4xx_rcc.o(.text) for RCC_AHB1PeriphClockCmd
    can2.o(.text) refers to stm32f4xx_gpio.o(.text) for GPIO_PinAFConfig
    can2.o(.text) refers to misc.o(.text) for NVIC_Init
    can2.o(.text) refers to stm32f4xx_can.o(.text) for CAN_DeInit
    can2.o(.text) refers to canbustask.o(.text) for Can2ReceiveMsgProcess
    exti.o(.text) refers to stm32f4xx_rcc.o(.text) for RCC_APB2PeriphClockCmd
    exti.o(.text) refers to stm32f4xx_gpio.o(.text) for GPIO_Init
    exti.o(.text) refers to stm32f4xx_syscfg.o(.text) for SYSCFG_EXTILineConfig
    exti.o(.text) refers to stm32f4xx_exti.o(.text) for EXTI_Init
    exti.o(.text) refers to misc.o(.text) for NVIC_Init
    laser.o(.text) refers to stm32f4xx_rcc.o(.text) for RCC_AHB1PeriphClockCmd
    laser.o(.text) refers to stm32f4xx_gpio.o(.text) for GPIO_Init
    timer.o(.text) refers to stm32f4xx_rcc.o(.text) for RCC_APB2PeriphClockCmd
    timer.o(.text) refers to stm32f4xx_tim.o(.text) for TIM_ARRPreloadConfig
    timer.o(.text) refers to misc.o(.text) for NVIC_Init
    timer.o(.text) refers to stm32f4xx_gpio.o(.text) for GPIO_ToggleBits
    timer.o(.text) refers to controltask.o(.text) for Control_Task
    timer.o(.text) refers to auto_shoot_control_task.o(.data) for fcount
    timer.o(.text) refers to main.o(.data) for SYS_START
    usart1.o(.text) refers to stm32f4xx_rcc.o(.text) for RCC_AHB1PeriphClockCmd
    usart1.o(.text) refers to stm32f4xx_gpio.o(.text) for GPIO_PinAFConfig
    usart1.o(.text) refers to stm32f4xx_usart.o(.text) for USART_DeInit
    usart1.o(.text) refers to stm32f4xx_dma.o(.text) for DMA_DeInit
    usart1.o(.text) refers to misc.o(.text) for NVIC_Init
    usart1.o(.text) refers to remotetask.o(.text) for RemoteDataPrcess
    usart1.o(.text) refers to supervisetask.o(.text) for GetLostCounter
    usart1.o(.text) refers to lostcounter.o(.text) for LostCounterFeed
    usart1.o(.text) refers to fifo.o(.text) for FIFO_Init
    usart1.o(.text) refers to usart1.o(.bss) for _USART1_DMA_RX_BUF
    usart1.o(.text) refers to usart1.o(.data) for this_time_rx_len
    bsp_flash.o(.text) refers to stm32f4xx_flash.o(.text) for FLASH_Unlock
    encoder.o(.text) refers to stm32f4xx_rcc.o(.text) for RCC_AHB1PeriphClockCmd
    encoder.o(.text) refers to stm32f4xx_gpio.o(.text) for GPIO_Init
    encoder.o(.text) refers to stm32f4xx_tim.o(.text) for TIM_EncoderInterfaceConfig
    encoder.o(.text) refers to encoder.o(.data) for Encoder_Dir
[...]
    FIFO_S_Get                               0x080170cb   Thumb Code    58  fifo.o(.text)
    FIFO_GetHead                             0x08017105   Thumb Code   162  fifo.o(.text)
    FIFO_S_GetHead                           0x080171a7   Thumb Code    76  fifo.o(.text)
    FIFO_PreRead                             0x080171f3   Thumb Code   108  fifo.o(.text)
    FIFO_S_PreRead                           0x0801725f   Thumb Code    48  fifo.o(.text)
    FIFO_IsEmpty                             0x0801728f   Thumb Code    24  fifo.o(.text)
    FIFO_S_IsEmpty                           0x080172a7   Thumb Code    24  fifo.o(.text)
    FIFO_IsFull                              0x080172bf   Thumb Code    24  fifo.o(.text)
    FIFO_S_IsFull                            0x080172d7   Thumb Code    24  fifo.o(.text)
    FIFO_CountUsed                           0x080172ef   Thumb Code    16  fifo.o(.text)
    FIFO_S_CountUsed                         0x080172ff   Thumb Code    16  fifo.o(.text)
    FIFO_CountFree                           0x0801730f   Thumb Code    16  fifo.o(.text)
    FIFO_S_CountFree                         0x0801731f   Thumb Code    16  fifo.o(.text)
    FIFO_Flush                               0x0801732f   Thumb Code    50  fifo.o(.text)
    FIFO_S_Flush                             0x08017361   Thumb Code    44  fifo.o(.text)
    RampInit                                 0x0801738d   Thumb Code     8  ramp.o(.text)
    RampCalc                                 0x08017395   Thumb Code    66  ramp.o(.text)
    RampSetCounter                           0x080173d7   Thumb Code     4  ramp.o(.text)
    RampResetCounter                         0x080173db   Thumb Code     6  ramp.o(.text)
    RampSetScale                             0x080173e1   Thumb Code     4  ramp.o(.text)
    RampIsOverflow                           0x080173e5   Thumb Code    18  ramp.o(.text)
    LostCounterFeed                          0x080173fd   Thumb Code     8  lostcounter.o(.text)
    LostCounterCount                         0x08017405   Thumb Code    10  lostcounter.o(.text)
    LostCounterOverflowCheck                 0x0801740f   Thumb Code    14  lostcounter.o(.text)
    __aeabi_uldivmod                         0x0801741d   Thumb Code    98  uldiv.o(.text)
    __aeabi_llsl                             0x0801747f   Thumb Code    30  llshl.o(.text)
    _ll_shift_l                              0x0801747f   Thumb Code     0  llshl.o(.text)
    __aeabi_lasr                             0x0801749d   Thumb Code    36  llsshr.o(.text)
    _ll_sshift_r                             0x0801749d   Thumb Code     0  llsshr.o(.text)
    ___aeabi_memcpy8$move                    0x080174c1   Thumb Code     0  memmovea.o(.text)
    __aeabi_memcpy                           0x080174c1   Thumb Code    64  memmovea.o(.text)
    __aeabi_memcpy4                          0x080174c1   Thumb Code     0  memmovea.o(.text)
    __aeabi_memmove                          0x080174c1   Thumb Code     0  memmovea.o(.text)
    __aeabi_memmove4                         0x080174c1   Thumb Code     0  memmovea.o(.text)
    __aeabi_memmove8                         0x080174c1   Thumb Code     0  memmovea.o(.text)
    __aeabi_memset                           0x08017501   Thumb Code    14  memseta.o(.text)
    __aeabi_memset4                          0x08017501   Thumb Code     0  memseta.o(.text)
    __aeabi_memset8                          0x08017501   Thumb Code     0  memseta.o(.text)
    __aeabi_memclr                           0x0801750f   Thumb Code     4  memseta.o(.text)
    __aeabi_memclr4                          0x0801750f   Thumb Code     0  memseta.o(.text)
    __aeabi_memclr8                          0x0801750f   Thumb Code     0  memseta.o(.text)
    _memset$wrapper                          0x08017513   Thumb Code    18  memseta.o(.text)
    strstr                                   0x08017525   Thumb Code    36  strstr.o(.text)
    strlen                                   0x08017549   Thumb Code    14  strlen.o(.text)
    strcmp                                   0x08017557   Thumb Code    28  strcmp.o(.text)
    __aeabi_dadd                             0x08017573   Thumb Code   322  dadd.o(.text)
    __aeabi_dsub                             0x080176b5   Thumb Code     6  dadd.o(.text)
    __aeabi_drsub                            0x080176bb   Thumb Code     6  dadd.o(.text)
    __aeabi_dmul                             0x080176c1   Thumb Code   228  dmul.o(.text)
    __aeabi_ddiv                             0x080177a5   Thumb Code   222  ddiv.o(.text)
    __aeabi_i2d                              0x08017883   Thumb Code    34  dflti.o(.text)
    __aeabi_ui2d                             0x080178a5   Thumb Code    26  dfltui.o(.text)
    __aeabi_f2lz                             0x080178bf   Thumb Code    66  ffixl.o(.text)
    __aeabi_d2iz                             0x08017901   Thumb Code    62  dfixi.o(.text)
    __aeabi_f2d                              0x0801793f   Thumb Code    38  f2d.o(.text)
    __aeabi_cdcmpeq                          0x08017965   Thumb Code     0  cdcmple.o(.text)
    __aeabi_cdcmple                          0x08017965   Thumb Code    48  cdcmple.o(.text)
    __aeabi_cdrcmple                         0x08017995   Thumb Code    48  cdrcmple.o(.text)
    __aeabi_d2f                              0x080179c5   Thumb Code    56  d2f.o(.text)
    __aeabi_uidiv                            0x080179fd   Thumb Code     0  uidiv.o(.text)
    __aeabi_uidivmod                         0x080179fd   Thumb Code    44  uidiv.o(.text)
    __aeabi_llsr                             0x08017a29   Thumb Code    32  llushr.o(.text)
    _ll_ushift_r                             0x08017a29   Thumb Code     0  llushr.o(.text)
    __I$use$fp                               0x08017a49   Thumb Code     0  iusefp.o(.text)
    _float_round                             0x08017a49   Thumb Code    18  fepilogue.o(.text)
    _float_epilogue                          0x08017a5b   Thumb Code    92  fepilogue.o(.text)
    _double_round                            0x08017ab7   Thumb Code    30  depilogue.o(.text)
    _double_epilogue                         0x08017ad5   Thumb Code   156  depilogue.o(.text)
    _dsqrt                                   0x08017b71   Thumb Code   162  dsqrt.o(.text)
    __aeabi_d2ulz                            0x08017c13   Thumb Code    48  dfixul.o(.text)
    __scatterload                            0x08017c45   Thumb Code    28  init.o(.text)
    __scatterload_rt2                        0x08017c45   Thumb Code     0  init.o(.text)
    __decompress                             0x08017c69   Thumb Code     0  __dczerorl2.o(.text)
    __decompress1                            0x08017c69   Thumb Code    86  __dczerorl2.o(.text)
    __0printf                                0x08017cc1   Thumb Code    22  printfa.o(i.__0printf)
    __1printf                                0x08017cc1   Thumb Code     0  printfa.o(i.__0printf)
    __2printf                                0x08017cc1   Thumb Code     0  printfa.o(i.__0printf)
    __c89printf                              0x08017cc1   Thumb Code     0  printfa.o(i.__0printf)
    printf                                   0x08017cc1   Thumb Code     0  printfa.o(i.__0printf)
    __0sprintf                               0x08017ce1   Thumb Code    34  printfa.o(i.__0sprintf)
    __1sprintf                               0x08017ce1   Thumb Code     0  printfa.o(i.__0sprintf)
    __2sprintf                               0x08017ce1   Thumb Code     0  printfa.o(i.__0sprintf)
    __c89sprintf                             0x08017ce1   Thumb Code     0  printfa.o(i.__0sprintf)
    sprintf                                  0x08017ce1   Thumb Code     0  printfa.o(i.__0sprintf)
    __ARM_fpclassify                         0x08017d09   Thumb Code    48  fpclassify.o(i.__ARM_fpclassify)
    __hardfp_atan                            0x08017d39   Thumb Code   622  atan.o(i.__hardfp_atan)
    __hardfp_atan2                           0x08018011   Thumb Code   432  atan2.o(i.__hardfp_atan2)
    __hardfp_cos                             0x08018201   Thumb Code   180  cos.o(i.__hardfp_cos)
    __hardfp_fabs                            0x080182c9   Thumb Code    20  fabs.o(i.__hardfp_fabs)
    __hardfp_sin                             0x080182e1   Thumb Code   180  sin.o(i.__hardfp_sin)
    __hardfp_sqrt                            0x080183a9   Thumb Code   122  sqrt.o(i.__hardfp_sqrt)
    __hardfp_sqrtf                           0x08018423   Thumb Code    58  sqrtf.o(i.__hardfp_sqrtf)
    __ieee754_rem_pio2                       0x08018461   Thumb Code   938  rred.o(i.__ieee754_rem_pio2)
    __kernel_cos                             0x08018899   Thumb Code   322  cos_i.o(i.__kernel_cos)
    __kernel_poly                            0x08018a09   Thumb Code   248  poly.o(i.__kernel_poly)
    __kernel_sin                             0x08018b01   Thumb Code   280  sin_i.o(i.__kernel_sin)
    __mathlib_dbl_infnan                     0x08018c31   Thumb Code    20  dunder.o(i.__mathlib_dbl_infnan)
    __mathlib_dbl_infnan2                    0x08018c45   Thumb Code    20  dunder.o(i.__mathlib_dbl_infnan2)
    __mathlib_dbl_invalid                    0x08018c59   Thumb Code    24  dunder.o(i.__mathlib_dbl_invalid)
    __mathlib_dbl_underflow                  0x08018c79   Thumb Code    24  dunder.o(i.__mathlib_dbl_underflow)
    __scatterload_copy                       0x08018c99   Thumb Code    14  handlers.o(i.__scatterload_copy)
    __scatterload_null                       0x08018ca7   Thumb Code     2  handlers.o(i.__scatterload_null)
    __scatterload_zeroinit                   0x08018ca9   Thumb Code    14  handlers.o(i.__scatterload_zeroinit)
    __set_errno                              0x08018cb9   Thumb Code     6  errno.o(i.__set_errno)
    atan                                     0x08019581   Thumb Code    16  atan.o(i.atan)
    fabs                                     0x08019591   Thumb Code    24  fabs.o(i.fabs)
    fputs                                    0x080195a9   Thumb Code    24  fputs.o(i.fputs)
    free                                     0x080195c1   Thumb Code    76  malloc.o(i.free)
    malloc                                   0x08019611   Thumb Code    92  malloc.o(i.malloc)
    CRC8_INIT                                0x0801967c   Data           1  judge.o(.constdata)
    CRC8_TAB                                 0x0801967d   Data         256  judge.o(.constdata)
    wCRC_Table                               0x0801977e   Data         512  judge.o(.constdata)
    protobuf_c_empty_string                  0x08019980   Data           1  protobuf-c.o(.constdata)
    signal__descriptor                       0x080199dc   Data          60  signal.pb-c.o(.constdata)
    lost_counter_len                         0x08019a28   Data          44  supervisetask.o(.constdata)
    device_to_host__frame__descriptor        0x08019b54   Data          60  recieve.pb-c.o(.constdata)
    host_to_device__frame__descriptor        0x08019ce0   Data          60  send.pb-c.o(.constdata)
    __mathlib_zero                           0x08019e08   Data           8  qnan.o(.constdata)
    Region$$Table$$Base                      0x0801a060   Number         0  anon$$obj.o(Region$$Table)
    Region$$Table$$Limit                     0x0801a080   Number         0  anon$$obj.o(Region$$Table)
    system_micrsecond                        0x20000000   Data           4  main.o(.data)
    Upload_Speed                             0x20000004   Data           4  main.o(.data)
    SYS_START                                0x20000008   Data           2  main.o(.data)
    most_power_Flagg                         0x2000000a   Data           2  main.o(.data)
    door_flag                                0x2000000c   Data           4  gun.o(.data)
    abcdef                                   0x20000010   Data           4  can1.o(.data)
    client_graphic_busy                      0x20000018   Data           1  judge.o(.data)
    bullet_num                               0x2000001c   Data           4  judge.o(.data)
    CRC_SEND_COLOR_BUF                       0x20000020   Data           5  judge.o(.data)
    CRC_INIT                                 0x20000026   Data           2  judge.o(.data)
    D_lenth                                  0x20000028   Data           1  judge.o(.data)
    shoot_num                                0x20000029   Data           1  judge.o(.data)
    draw_cnt                                 0x20000030   Data           1  client.o(.data)
    draw_int                                 0x20000031   Data           1  client.o(.data)
    draw_data_ID                             0x20000032   Data           2  client.o(.data)
    data_ID                                  0x20000034   Data           2  client.o(.data)
    client_custom_ID                         0x20000036   Data           2  client.o(.data)
    Energy_organs_flag                       0x20000038   Data           4  client.o(.data)
    key_B_time                               0x2000003c   Data           2  client.o(.data)
    qwe                                      0x20000040   Data           4  client.o(.data)
    qwer                                     0x20000044   Data           4  client.o(.data)
    last_qwe                                 0x20000048   Data           4  client.o(.data)
    qwert                                    0x2000004c   Data           4  client.o(.data)
    NX_time_flag                             0x20000050   Data           4  client.o(.data)
    NX_time                                  0x20000058   Data           8  client.o(.data)
    NX_time_qwe                              0x20000060   Data           8  client.o(.data)
    checkself                                0x20000068   Data           7  client.o(.data)
    Hi220_Flags                              0x20000070   Data           2  hi220.o(.data)
    p2                                       0x20000074   Data           4  hi220.o(.data)
    pitch_Angle1                             0x20000084   Data           4  ch100_dma.o(.data)
    yaw_Angle1                               0x20000088   Data           4  ch100_dma.o(.data)
    roll_Angle1                              0x2000008c   Data           4  ch100_dma.o(.data)
    pitch_Gyro1                              0x20000090   Data           4  ch100_dma.o(.data)
    yaw_Gyro1                                0x20000094   Data           4  ch100_dma.o(.data)
    roll_Gyro1                               0x20000098   Data           4  ch100_dma.o(.data)
    x_Acc1                                   0x2000009c   Data           4  ch100_dma.o(.data)
    y_Acc1                                   0x200000a0   Data           4  ch100_dma.o(.data)
    z_Acc1                                   0x200000a4   Data           4  ch100_dma.o(.data)
    SystemCoreClock                          0x200000c4   Data           4  system_stm32f4xx.o(.data)
    AHBPrescTable                            0x200000c8   Data          16  system_stm32f4xx.o(.data)
    lastWorkState                            0x200000d8   Data           1  controltask.o(.data)
    workState                                0x200000d9   Data           1  controltask.o(.data)
    GMPitchRamp                              0x200000dc   Data          36  controltask.o(.data)
    GMYawRamp                                0x20000100   Data          36  controltask.o(.data)
    showflag                                 0x20000124   Data           1  controltask.o(.data)
    output_add                               0x20000126   Data           2  controltask.o(.data)
    yaw_error_flag_time                      0x20000128   Data           1  controltask.o(.data)
    pitch_error_flag_time                    0x20000129   Data           1  controltask.o(.data)
    shoot1_error_flag_time                   0x2000012a   Data           1  controltask.o(.data)
    shoot2_error_flag_time                   0x2000012b   Data           1  controltask.o(.data)
    poke_error_flag_time                     0x2000012c   Data           1  controltask.o(.data)
    Gim_free_state                           0x2000012d   Data           1  controltask.o(.data)
    Shoot_Aim_Mode                           0x2000012e   Data           1  controltask.o(.data)
    Shoot_Buff_Dir                           0x2000012f   Data           1  controltask.o(.data)
    tp                                       0x20000130   Data           4  controltask.o(.data)
    T                                        0x20000134   Data           4  controltask.o(.data)
    time_tick_1ms                            0x20000138   Data           4  controltask.o(.data)
    bullet_number                            0x2000013c   Data           4  controltask.o(.data)
    click_time_buff                          0x20000140   Data           4  controltask.o(.data)
    PIDCaliData                              0x20000150   Data           8  iotask.o(.data)
    GimbalSavedCaliData                      0x20000158   Data           5  iotask.o(.data)
    GyroSavedCaliData                        0x2000015d   Data           7  iotask.o(.data)
    PitchPositionSavedPID                    0x20000164   Data           8  iotask.o(.data)
    PitchSpeedSavedPID                       0x2000016c   Data           8  iotask.o(.data)
    YawPositionSavedPID                      0x20000174   Data           8  iotask.o(.data)
    YawSpeedSavedPID                         0x2000017c   Data           8  iotask.o(.data)
    app_param_calied_flag                    0x20000184   Data           1  iotask.o(.data)
    w                                        0x200001ac   Data           4  remotetask.o(.data)
    ChassisSpeedRef                          0x200001b0   Data           6  remotetask.o(.data)
    FBVoltageRamp                            0x200001b8   Data           8  remotetask.o(.data)
    friction_wheel_state                     0x200001c0   Data           1  remotetask.o(.data)
    FBSpeed                                  0x200001c4   Data           2  remotetask.o(.data)
    frictionRamp                             0x200001c8   Data          36  remotetask.o(.data)
    frictionRamp_Off                         0x200001ec   Data          36  remotetask.o(.data)
    LRSpeedRamp                              0x20000210   Data          36  remotetask.o(.data)
    FBSpeedRamp                              0x20000234   Data          36  remotetask.o(.data)
    chassisRamp                              0x20000258   Data          36  remotetask.o(.data)
    FBSpeedRampSecond                        0x2000027c   Data          20  remotetask.o(.data)
    press_l_state_switch                     0x20000290   Data           4  remotetask.o(.data)
    closeDelayCount                          0x20000294   Data           2  remotetask.o(.data)
    frictionSpeedmode                        0x20000296   Data           1  remotetask.o(.data)
    FRICTION_WHEEL_DUTY                      0x20000298   Data           2  remotetask.o(.data)
    control_stop_flag                        0x2000029c   Data           4  remotetask.o(.data)
    chassis_mode_selection                   0x200002a0   Data           1  remotetask.o(.data)
    Shoot_Limit_Mode                         0x200002a1   Data           1  remotetask.o(.data)
    get_velocity_flag                        0x200002a2   Data           1  remotetask.o(.data)
    low_speed_flag                           0x200002a3   Data           1  remotetask.o(.data)
    high_speed_flag                          0x200002a4   Data           1  remotetask.o(.data)
    rotate_num                               0x200002a8   Data           4  remotetask.o(.data)
    close_rotate_flag                        0x200002ac   Data           1  remotetask.o(.data)
    rotate_num_ture                          0x200002b0   Data           4  remotetask.o(.data)
    rotate_key_flag                          0x200002b4   Data           1  remotetask.o(.data)
    rotate_change_time                       0x200002b8   Data           4  remotetask.o(.data)
    reverse_key_flag                         0x200002bc   Data           1  remotetask.o(.data)
    reverse_change_time                      0x200002c0   Data           4  remotetask.o(.data)
    separate_key_flag                        0x200002c4   Data           1  remotetask.o(.data)
    separate_change_time                     0x200002c8   Data           4  remotetask.o(.data)
    remove_rotate_moade                      0x200002cc   Data           1  remotetask.o(.data)
    auti_autoshoot_flag                      0x200002d0   Data           4  remotetask.o(.data)
    auti_tran_autoshoot_flag                 0x200002d4   Data           4  remotetask.o(.data)
    debug_high                               0x200002d8   Data           1  remotetask.o(.data)
    debug_low                                0x200002d9   Data           1  remotetask.o(.data)
    auto_angle_key_flag                      0x200002da   Data           1  remotetask.o(.data)
    auto_angle_change_time                   0x200002dc   Data           4  remotetask.o(.data)
    auto_angle_key_W_flag                    0x200002e0   Data           1  remotetask.o(.data)
    auto_angle_W_change_time                 0x200002e4   Data           4  remotetask.o(.data)
    auto_angle_key_S_flag                    0x200002e8   Data           1  remotetask.o(.data)
    auto_angle_S_change_time                 0x200002ec   Data           4  remotetask.o(.data)
    auto_angle_key_A_flag                    0x200002f0   Data           1  remotetask.o(.data)
    auto_angle_A_change_time                 0x200002f4   Data           4  remotetask.o(.data)
    auto_angle_key_D_flag                    0x200002f8   Data           1  remotetask.o(.data)
    auto_angle_D_change_time                 0x200002fc   Data           4  remotetask.o(.data)
    buff_shoot_handle                        0x20000300   Data           4  remotetask.o(.data)
    single_shoot_time                        0x20000304   Data           4  remotetask.o(.data)
    buff_flag                                0x20000308   Data           1  remotetask.o(.data)
    key_V_flag                               0x20000309   Data           1  remotetask.o(.data)
    key_V_push_flag                          0x2000030a   Data           1  remotetask.o(.data)
    key_V_push_times                         0x2000030c   Data           4  remotetask.o(.data)
    key_Q_flag                               0x20000310   Data           1  remotetask.o(.data)
    key_Q_push_flag                          0x20000311   Data           1  remotetask.o(.data)
    key_Q_push_times                         0x20000314   Data           4  remotetask.o(.data)
    key_E_flag                               0x20000318   Data           1  remotetask.o(.data)
    key_E_push_flag                          0x20000319   Data           1  remotetask.o(.data)
    key_E_push_flag_click                    0x2000031a   Data           1  remotetask.o(.data)
    key_E_push_times                         0x2000031c   Data           4  remotetask.o(.data)
    key_B_flag                               0x20000320   Data           1  remotetask.o(.data)
    key_B_push_flag                          0x20000324   Data           4  remotetask.o(.data)
    key_B_push_times                         0x20000328   Data           4  remotetask.o(.data)
    key_F_flag                               0x2000032c   Data           1  remotetask.o(.data)
    key_F_push_flag                          0x2000032d   Data           1  remotetask.o(.data)
    key_F_push_flag_click                    0x2000032e   Data           1  remotetask.o(.data)
    key_F_push_times                         0x20000330   Data           4  remotetask.o(.data)
    key_X_push_times                         0x20000334   Data           4  remotetask.o(.data)
    key_Z_flag                               0x20000338   Data           1  remotetask.o(.data)
    key_Z_push_flag                          0x20000339   Data           1  remotetask.o(.data)
    key_Z_push_times                         0x2000033c   Data           4  remotetask.o(.data)
    big_buff                                 0x20000340   Data           1  remotetask.o(.data)
    small_buff                               0x20000341   Data           1  remotetask.o(.data)
    chassis_separate_flag                    0x20000342   Data           1  remotetask.o(.data)
    reset_flag                               0x20000343   Data           1  remotetask.o(.data)
    click                                    0x20000344   Data           4  remotetask.o(.data)
    click_time1                              0x20000348   Data           4  remotetask.o(.data)
    gimbal_pitch_angle_bias                  0x2000034c   Data           4  remotetask.o(.data)
    vx                                       0x20000350   Data           4  remotetask.o(.data)
    vy                                       0x20000354   Data           4  remotetask.o(.data)
    capacitance_message2                     0x20000374   Data           7  canbustask.o(.data)
    not_receive_time                         0x2000037b   Data           1  canbustask.o(.data)
    can_receive_cnt                          0x2000037c   Data           4  canbustask.o(.data)
    can_last_receive_cnt                     0x20000380   Data           4  canbustask.o(.data)
    yaw_error_flag                           0x20000384   Data           1  canbustask.o(.data)
    pitch_error_flag                         0x20000385   Data           1  canbustask.o(.data)
    shoot1_error_flag                        0x20000386   Data           1  canbustask.o(.data)
    shoot2_error_flag                        0x20000387   Data           1  canbustask.o(.data)
    poke_error_flag                          0x20000388   Data           1  canbustask.o(.data)
    abc                                      0x20000389   Data           8  canbustask.o(.data)
    cap_voltage_filte                        0x20000394   Data           4  canbustask.o(.data)
    lost_counter                             0x20000398   Data          44  supervisetask.o(.data)
    lost_err                                 0x200003c4   Data           4  supervisetask.o(.data)
    flag_gim_mode                            0x200003d5   Data           1  modeswitch_task.o(.data)
    Gimbal_pitch_mid_point                   0x200003d8   Data           4  gimbal_task.o(.data)
    Delta_Dect_Angle_Yaw                     0x200003dc   Data           4  gimbal_task.o(.data)
    Delta_Dect_Angle_Pit                     0x200003e0   Data           4  gimbal_task.o(.data)
    shoot_angle_speed                        0x200003e8   Data           8  gimbal_task.o(.data)
    distance_s                               0x200003f0   Data           8  gimbal_task.o(.data)
    distance_x                               0x200003f8   Data           8  gimbal_task.o(.data)
    distance_y                               0x20000400   Data           8  gimbal_task.o(.data)
    x1                                       0x20000408   Data           8  gimbal_task.o(.data)
    x2                                       0x20000410   Data           8  gimbal_task.o(.data)
    x3                                       0x20000418   Data           8  gimbal_task.o(.data)
    x4                                       0x20000420   Data           8  gimbal_task.o(.data)
    angle_tan                                0x20000428   Data           4  gimbal_task.o(.data)
    shoot_radian                             0x2000042c   Data           4  gimbal_task.o(.data)
    shoot_angle                              0x20000430   Data           4  gimbal_task.o(.data)
    test_angle                               0x20000434   Data           4  gimbal_task.o(.data)
    kkk_speed_yaw                            0x20000438   Data           4  gimbal_task.o(.data)
    kkk_speed_pitch                          0x2000043c   Data           4  gimbal_task.o(.data)
    kkk_angle_yaw                            0x20000440   Data           4  gimbal_task.o(.data)
    kkk_angle_pitch                          0x20000444   Data           4  gimbal_task.o(.data)
    last_yaw_err                             0x20000448   Data           4  gimbal_task.o(.data)
    last_pitch_err                           0x2000044c   Data           4  gimbal_task.o(.data)
    yaw_speed_set                            0x20000450   Data           4  gimbal_task.o(.data)
    pit_speed_set                            0x20000454   Data           4  gimbal_task.o(.data)
    last_yaw_speed                           0x20000458   Data           4  gimbal_task.o(.data)
    last_pitch_speed                         0x2000045c   Data           4  gimbal_task.o(.data)
    yaw_speed                                0x20000460   Data           4  gimbal_task.o(.data)
    stop_flag                                0x20000464   Data           4  gimbal_task.o(.data)
    yaw_piao_stop_flag                       0x20000468   Data           4  gimbal_task.o(.data)
    yaw_piao_stop_time                       0x2000046c   Data           4  gimbal_task.o(.data)
    reverse_flag                             0x20000470   Data           4  gimbal_task.o(.data)
    init_rotate_num                          0x20000474   Data           4  gimbal_task.o(.data)
    init_Yaw_angle                           0x20000478   Data           4  gimbal_task.o(.data)
    autoshoot_mode                           0x2000047c   Data           1  gimbal_task.o(.data)
    YawTimeSpeed                             0x20000480   Data           4  gimbal_task.o(.data)
    PitchTimeSpeed                           0x20000484   Data           4  gimbal_task.o(.data)
    Army_Speed_Yaw                           0x20000488   Data           4  gimbal_task.o(.data)
    Army_Speed_Pit                           0x2000048c   Data           4  gimbal_task.o(.data)
    Gimbal_Speed_Yaw                         0x20000490   Data           4  gimbal_task.o(.data)
    initanleyaw                              0x20000494   Data           4  gimbal_task.o(.data)
    initanlepitch                            0x20000498   Data           4  gimbal_task.o(.data)
    addli                                    0x2000049c   Data           4  gimbal_task.o(.data)
    click_x                                  0x200004a0   Data           4  gimbal_task.o(.data)
    click_y                                  0x200004a4   Data           4  gimbal_task.o(.data)
    Rece_F                                   0x200004a8   Data           1  gimbal_task.o(.data)
    new_locationx_last                       0x200004ac   Data           4  gimbal_task.o(.data)
    new_locationy_last                       0x200004b0   Data           4  gimbal_task.o(.data)
    x_temp                                   0x200004b4   Data           4  gimbal_task.o(.data)
    y_temp                                   0x200004b8   Data           4  gimbal_task.o(.data)
    last_click_x                             0x200004bc   Data           4  gimbal_task.o(.data)
    last_click_y                             0x200004c0   Data           4  gimbal_task.o(.data)
    click_flag                               0x200004c4   Data           4  gimbal_task.o(.data)
    last_dis                                 0x200004c8   Data           4  gimbal_task.o(.data)
    c_dis                                    0x200004cc   Data           4  gimbal_task.o(.data)
    click_spin                               0x200004d0   Data           4  gimbal_task.o(.data)
    click_spin_flag                          0x200004d4   Data           4  gimbal_task.o(.data)
    last_click_p                             0x200004d8   Data           4  gimbal_task.o(.data)
    click_p                                  0x200004dc   Data           4  gimbal_task.o(.data)
    click_hl                                 0x200004e0   Data           4  gimbal_task.o(.data)
    ti_auto_shoot                            0x200004e4   Data           4  gimbal_task.o(.data)
    last_ti_auto_shoot                       0x200004e8   Data           4  gimbal_task.o(.data)
    t_c                                      0x200004ec   Data           4  gimbal_task.o(.data)
    t_shoot                                  0x200004f0   Data           4  gimbal_task.o(.data)
    tim_shoot                                0x200004f4   Data           4  gimbal_task.o(.data)
    ti_shoot                                 0x200004f8   Data           4  gimbal_task.o(.data)
    first_time_shoot                         0x200004fc   Data           4  gimbal_task.o(.data)
    last_y                                   0x20000500   Data           4  gimbal_task.o(.data)
    last_p                                   0x20000504   Data           4  gimbal_task.o(.data)
    yaw_angle_ref                            0x20000508   Data           4  gimbal_task.o(.data)
    last_yaw_angle_ref                       0x2000050c   Data           4  gimbal_task.o(.data)
    last_last_yaw_angle_ref                  0x20000510   Data           4  gimbal_task.o(.data)
    last_last_last_yaw_angle_ref             0x20000514   Data           4  gimbal_task.o(.data)
    last_pid_yaw_angle_ref                   0x20000518   Data           4  gimbal_task.o(.data)
    cycle_time_before                        0x2000051c   Data           4  gimbal_task.o(.data)
    cycle_time_rear                          0x20000520   Data           4  gimbal_task.o(.data)
    cycle_yaw_before                         0x20000524   Data           4  gimbal_task.o(.data)
    cycle_yaw_rear                           0x20000528   Data           4  gimbal_task.o(.data)
    last_max_ti_auto_shoot                   0x2000052c   Data           4  gimbal_task.o(.data)
    speed_yaw                                0x20000530   Data           4  gimbal_task.o(.data)
    last_auto_yaw                            0x20000534   Data           4  gimbal_task.o(.data)
    last_auto_pitch                          0x20000538   Data           4  gimbal_task.o(.data)
    YAW_ANGLE_BETWEEN_GUN_CAMERA             0x2000053c   Data           4  gimbal_task.o(.data)
    PITCH_ANGLE_BETWEEN_GUN_CAMERA           0x20000540   Data           4  gimbal_task.o(.data)
    last_auto_yaw_angle                      0x20000544   Data           4  gimbal_task.o(.data)
    last_auto_pit_angle                      0x20000548   Data           4  gimbal_task.o(.data)
    get_speed_time                           0x2000054c   Data           4  gimbal_task.o(.data)
    abbbbb                                   0x20000550   Data           4  gimbal_task.o(.data)
    last_new_location_x                      0x20000554   Data           4  gimbal_task.o(.data)
    Yaw_remain                               0x20000558   Data           4  gimbal_task.o(.data)
    pitch_remain                             0x2000055c   Data           4  gimbal_task.o(.data)
    lost_aim_time                            0x20000560   Data           4  gimbal_task.o(.data)
    yaw_err                                  0x20000564   Data           4  gimbal_task.o(.data)
    pitch_err                                0x20000568   Data           4  gimbal_task.o(.data)
    yaw_angle_ref_aim                        0x2000056c   Data           4  gimbal_task.o(.data)
    pit_angle_ref_aim                        0x20000570   Data           4  gimbal_task.o(.data)
    remain_yaw_angle                         0x20000574   Data           4  gimbal_task.o(.data)
    remain_pitch_angle                       0x20000578   Data           4  gimbal_task.o(.data)
    last_yaw                                 0x2000057c   Data           4  gimbal_task.o(.data)
    last_pit                                 0x20000580   Data           4  gimbal_task.o(.data)
    dynamic_pitch_remian                     0x20000584   Data           4  gimbal_task.o(.data)
    pitch_k                                  0x20000588   Data           4  gimbal_task.o(.data)
    last_pitch_angle                         0x2000058c   Data           4  gimbal_task.o(.data)
    last_yaw_angle                           0x20000590   Data           4  gimbal_task.o(.data)
    first_flag                               0x20000594   Data           1  gimbal_task.o(.data)
    ved                                      0x20000595   Data           1  gimbal_task.o(.data)
    yaw_angle_offset                         0x20000598   Data           4  gimbal_task.o(.data)
    pit_angle_offset                         0x2000059c   Data           4  gimbal_task.o(.data)
    angle_flag                               0x200005a0   Data           4  gimbal_task.o(.data)
    ddd                                      0x200005a4   Data           4  gimbal_task.o(.data)
    shoot_time_last                          0x200005ac   Data           4  shoot_task.o(.data)
    start_shooting_count                     0x200005b0   Data           4  shoot_task.o(.data)
    start_lock_rotor_count                   0x200005b4   Data           4  shoot_task.o(.data)
    start_reversal_count                     0x200005b8   Data           4  shoot_task.o(.data)
    lock_rotor                               0x200005bc   Data           1  shoot_task.o(.data)
    FRICTION_SPEED_REF                       0x200005be   Data           2  shoot_task.o(.data)
    shoot_mode_selection                     0x200005c0   Data           1  shoot_task.o(.data)
    pwm_ccr                                  0x200005c2   Data           2  shoot_task.o(.data)
    shoot_time_ms                            0x200005c4   Data           4  shoot_task.o(.data)
    PID_SHOOT_MOTOR_SPEED                    0x200005c8   Data           4  shoot_task.o(.data)
    FRICTION_SPEED                           0x200005cc   Data           4  shoot_task.o(.data)
    residual_heat                            0x200005d0   Data           4  shoot_task.o(.data)
    buff_follwo_times                        0x200005d4   Data           4  shoot_task.o(.data)
    ref_shot_bullets                         0x200005d8   Data           4  shoot_task.o(.data)
    shoot_speed                              0x200005dc   Data           4  shoot_task.o(.data)
    last_shoot_speed                         0x200005e0   Data           4  shoot_task.o(.data)
    cooling_rate                             0x200005e4   Data           4  shoot_task.o(.data)
    last_shoot_num                           0x200005e8   Data           1  shoot_task.o(.data)
    shoot_frequency                          0x200005ec   Data           4  shoot_task.o(.data)
    will_num_shoot                           0x200005f0   Data           4  shoot_task.o(.data)
    debug_speed                              0x200005f4   Data           4  shoot_task.o(.data)
    shot_cmd                                 0x200005f8   Data           4  shoot_task.o(.data)
    buff_timer                               0x200005fc   Data           4  shoot_task.o(.data)
    have_heat0_flag                          0x20000600   Data           1  shoot_task.o(.data)
    shoot_number                             0x20000601   Data           1  shoot_task.o(.data)
    lost_buff_timer                          0x20000604   Data           4  shoot_task.o(.data)
    will_time_shoot                          0x20000608   Data           4  shoot_task.o(.data)
    will_shoot_time_flag                     0x2000060c   Data           4  shoot_task.o(.data)
    click_time                               0x20000610   Data           4  shoot_task.o(.data)
    shoot_flag                               0x20000614   Data           4  shoot_task.o(.data)
    BUFF_shoot_flag                          0x20000618   Data           4  shoot_task.o(.data)
    buff_shoot_flag                          0x2000061c   Data           4  shoot_task.o(.data)
    last_buff_shoot_flag                     0x20000620   Data           4  shoot_task.o(.data)
    buff_shoot_flag_time                     0x20000624   Data           4  shoot_task.o(.data)
    buff_shoot_flag_time_flag                0x20000628   Data           4  shoot_task.o(.data)
    shoot_buff_time                          0x2000062c   Data           4  shoot_task.o(.data)
    shoot_buff_time_flag                     0x20000630   Data           4  shoot_task.o(.data)
    shoot_buff_click_angle_time              0x20000634   Data           4  shoot_task.o(.data)
    single_shoot_flag                        0x20000638   Data           4  shoot_task.o(.data)
    press_l_flag                             0x2000063c   Data           4  shoot_task.o(.data)
    shoot_lock_time                          0x20000640   Data           4  shoot_task.o(.data)
    single_angle                             0x20000644   Data           4  shoot_task.o(.data)
    speed_fiction                            0x20000648   Data           4  shoot_task.o(.data)
    friction_rotor                           0x2000064c   Data           1  shoot_task.o(.data)
    speed_bias_pid_out                       0x20000650   Data           4  shoot_task.o(.data)
    bulletspead_level                        0x20000654   Data           1  shoot_task.o(.data)
    last_bullet_speed                        0x20000658   Data           4  shoot_task.o(.data)
    realtime_diff_fri_speed                  0x2000065c   Data           4  shoot_task.o(.data)
    FRICTION_SPEED_plan_ref                  0x20000660   Data           4  shoot_task.o(.data)
    last_speed_limit                         0x20000664   Data           4  shoot_task.o(.data)
    key_shoot_speed                          0x20000668   Data           4  shoot_task.o(.data)
    chassis_time_last                        0x2000066c   Data           4  chassis_task.o(.data)
    power_limit                              0x20000670   Data           2  chassis_task.o(.data)
    software_limit                           0x20000672   Data           8  chassis_task.o(.data)
    chassis_time_ms                          0x2000067c   Data           4  chassis_task.o(.data)
    power_limit_rate                         0x20000680   Data           4  chassis_task.o(.data)
    chassis_speed_mode_time                  0x20000684   Data           4  chassis_task.o(.data)
    chassis_follow_flag                      0x20000688   Data           4  chassis_task.o(.data)
    rotate_sin_time                          0x2000068c   Data           2  chassis_task.o(.data)
    rotate_sin_max                           0x2000068e   Data           2  chassis_task.o(.data)
    total_chassis_wheel_speed_ref            0x20000690   Data           4  chassis_task.o(.data)
    total_chassis_wheel_speed_limit          0x20000694   Data           4  chassis_task.o(.data)
    chassis_speed_mode                       0x20000698   Data           1  chassis_task.o(.data)
    CanVcap_flag                             0x20000699   Data           1  chassis_task.o(.data)
    chassis_rotate_flag                      0x2000069a   Data           1  chassis_task.o(.data)
    car_velocity                             0x2000069c   Data           4  chassis_task.o(.data)
    forward_back_speed                       0x200006a0   Data           2  chassis_task.o(.data)
    left_right_speed                         0x200006a2   Data           2  chassis_task.o(.data)
    chassis_speedly_mode                     0x200006a4   Data           4  chassis_task.o(.data)
    start_angle                              0x200006a8   Data           4  chassis_task.o(.data)
    get_yaw_angle                            0x200006ac   Data           4  chassis_task.o(.data)
    yaw_num_get                              0x200006b0   Data           4  chassis_task.o(.data)
    chassis_mode                             0x200006b4   Data           4  chassis_task.o(.data)
    abbccd                                   0x200006b8   Data           4  chassis_task.o(.data)
    vw_homing                                0x200006bc   Data           4  chassis_task.o(.data)
    homing_flag                              0x200006c0   Data           4  chassis_task.o(.data)
    last_homing_flag                         0x200006c4   Data           4  chassis_task.o(.data)
    rotate_mode_count                        0x200006c8   Data           4  chassis_task.o(.data)
    rotate_mode                              0x200006cc   Data           1  chassis_task.o(.data)
    sin_constant_flag                        0x200006cd   Data           1  chassis_task.o(.data)
    get_speedwf_lag                          0x200006ce   Data           1  chassis_task.o(.data)
    gyro_speed                               0x200006d0   Data           2  chassis_task.o(.data)
    dataFromMF                               0x200006d4   Data           7  auto_shoot_control_task.o(.data)
    dataFromMFReadyFlag                      0x200006db   Data           1  auto_shoot_control_task.o(.data)
    sucflag                                  0x200006dc   Data           4  auto_shoot_control_task.o(.data)
    recflag                                  0x200006e0   Data           4  auto_shoot_control_task.o(.data)
    receive                                  0x200006e4   Data           4  auto_shoot_control_task.o(.data)
    num_command                              0x200006e8   Data           4  auto_shoot_control_task.o(.data)
    auto_shoot_mode_set                      0x200006ec   Data           1  auto_shoot_control_task.o(.data)
    robot_color                              0x200006ed   Data           1  auto_shoot_control_task.o(.data)
    wExpected                                0x200006f0   Data           4  auto_shoot_control_task.o(.data)
    auto_clck                                0x200006f4   Data           4  auto_shoot_control_task.o(.data)
    Uart4_Protobuf_Receive_Message           0x200006f8   Data           4  auto_shoot_control_task.o(.data)
    Uart4_Content_Size                       0x200006fc   Data           2  auto_shoot_control_task.o(.data)
    CRC_Content_buf                          0x20000700   Data           4  auto_shoot_control_task.o(.data)
    Uart4_Protobuf_Receive_Gimbal_Angle      0x20000704   Data           4  auto_shoot_control_task.o(.data)
    flagg_pitch                              0x20000708   Data           4  auto_shoot_control_task.o(.data)
    flagg_yaw                                0x2000070c   Data           4  auto_shoot_control_task.o(.data)
    xy_0_flag                                0x20000710   Data           4  auto_shoot_control_task.o(.data)
    xy_o_time                                0x20000714   Data           4  auto_shoot_control_task.o(.data)
    fcount                                   0x20000718   Data           4  auto_shoot_control_task.o(.data)
    usart_time                               0x2000071c   Data           4  auto_shoot_control_task.o(.data)
    yaw_buff                                 0x20000720   Data           4  auto_shoot_control_task.o(.data)
    parsers                                  0x20000724   Data          16  auto_shoot_control_task.o(.data)
    parsers_count                            0x20000734   Data           4  auto_shoot_control_task.o(.data)
    counter_receive                          0x20000738   Data           4  auto_shoot_control_task.o(.data)
    counter_complete                         0x2000073c   Data           4  auto_shoot_control_task.o(.data)
    counter_crc_passed                       0x20000740   Data           4  auto_shoot_control_task.o(.data)
    package_id                               0x20000744   Data           2  auto_shoot_control_task.o(.data)
    content_size                             0x20000746   Data           2  auto_shoot_control_task.o(.data)
    content_size1                            0x20000748   Data           2  auto_shoot_control_task.o(.data)
    ab1                                      0x2000074c   Data           4  auto_shoot_control_task.o(.data)
    ab2                                      0x20000750   Data           4  auto_shoot_control_task.o(.data)
    flag_x                                   0x20000754   Data           4  auto_shoot_control_task.o(.data)
    flag_y                                   0x20000758   Data           4  auto_shoot_control_task.o(.data)
    flagg_x                                  0x2000075c   Data           4  auto_shoot_control_task.o(.data)
    flagg_y                                  0x20000760   Data           4  auto_shoot_control_task.o(.data)
    first_len                                0x20000764   Data           4  auto_shoot_control_task.o(.data)
    i                                        0x20000768   Data           1  auto_shoot_control_task.o(.data)
    this_yaw_angle                           0x2000076c   Data           4  auto_shoot_control_task.o(.data)
    this_pit_angle                           0x20000770   Data           4  auto_shoot_control_task.o(.data)
    last_this_yaw_angle                      0x20000774   Data           4  auto_shoot_control_task.o(.data)
    last_this_pit_angle                      0x20000778   Data           4  auto_shoot_control_task.o(.data)
    DateLength                               0x2000077c   Data           1  auto_shoot_control_task.o(.data)
    yaw_Angle                                0x20000780   Data           4  icm20948.o(.data)
    pitch_Angle                              0x20000784   Data           4  icm20948.o(.data)
    roll_Angle                               0x20000788   Data           4  icm20948.o(.data)
    pitch_Gyro                               0x2000078c   Data           4  icm20948.o(.data)
    yaw_Gyro                                 0x20000790   Data           4  icm20948.o(.data)
    buff_kf_flag                             0x200007b0   Data           4  buff_karman_filter.o(.data)
    buff_kalman_filter                       0x200007b4   Data         560  buff_karman_filter.o(.data)
    TEMP__2_data                             0x200009e4   Data           8  buff_karman_filter.o(.data)
    TEMP_2_data                              0x200009ec   Data           8  buff_karman_filter.o(.data)
    autoshoot_kf_flag                        0x200009f8   Data           4  autoshoot_karman_filter.o(.data)
    autoshoot_kalman_filter                  0x200009fc   Data         856  autoshoot_karman_filter.o(.data)
    ITM_RxBuffer                             0x20000d58   Data           4  retarget_io.o(.data)
    __stderr                                 0x20000d5c   Data           4  stderr.o(.data)
    __stdout                                 0x20000d60   Data           4  stdout.o(.data)
    __microlib_freelist                      0x20000d64   Data           4  mvars.o(.data)
    __microlib_freelist_initialised          0x20000d68   Data           4  mvars.o(.data)
    UART4_DMA_RX_BUF                         0x20000fc9   Data         100  uart4.o(.bss)
    UART4_DMA_TX_BUF                         0x2000102d   Data         100  uart4.o(.bss)
    client_graph                             0x20004b26   Data          15  judge.o(.bss)
    judge_rece_mesg                          0x20004b35   Data         166  judge.o(.bss)
    _UART5_RX_FIFO                           0x20004bdb   Data          24  judge.o(.bss)
    judge_dma_rxbuff                         0x20004bf3   Data        2048  judge.o(.bss)
    tx_buf                                   0x200053f3   Data          66  judge.o(.bss)
    pdata                                    0x20005435   Data          32  judge.o(.bss)
    ddata                                    0x20005455   Data          66  judge.o(.bss)
    _UART5_DMA_RX_BUF                        0x20005497   Data         512  judge.o(.bss)
    bomb_hatch_cover                         0x20005697   Data          45  client.o(.bss)
    client_custom_characte_remaining_capacity 0x200056c4   Data          45  client.o(.bss)
    client_custom_character                  0x200056f1   Data          45  client.o(.bss)
    client_custom_character_voltage          0x2000571e   Data          45  client.o(.bss)
    client_custom_character_voltage_num      0x2000574b   Data          45  client.o(.bss)
    client_custom_character_Energy_organs    0x20005778   Data          45  client.o(.bss)
    client_custom_character_NX_time          0x200057a5   Data          45  client.o(.bss)
    client_custom_emission_frequency         0x200057d2   Data          45  client.o(.bss)
    client_custom_motor_error                0x200057ff   Data          45  client.o(.bss)
    client_custom_graphic_seven              0x2000582c   Data         105  client.o(.bss)
    client_custom_sight_bead                 0x20005895   Data         105  client.o(.bss)
    client_custom_Attack_Energy              0x200058fe   Data         105  client.o(.bss)
    client_custom_Magazine_graphics          0x20005967   Data         105  client.o(.bss)
    client_custom_character_graphics         0x200059d0   Data         105  client.o(.bss)
    client_custom_emission_frequency_graphics 0x20005a39   Data         105  client.o(.bss)
    HI220_Data_From_Usart                    0x20005aa2   Data          71  hi220.o(.bss)
    USART6_DMA_RX_BUF                        0x20005ae9   Data         100  hi220.o(.bss)
    pid_yaw_follow                           0x20005b50   Data          76  pid.o(.bss)
    pid_pit_follow                           0x20005b9c   Data          76  pid.o(.bss)
    pid_pit_speed_follow                     0x20005be8   Data          76  pid.o(.bss)
    pid_yaw_speed_follow                     0x20005c34   Data          76  pid.o(.bss)
    pid_yaw_small_buff                       0x20005c80   Data          76  pid.o(.bss)
    pid_pit_small_buff                       0x20005ccc   Data          76  pid.o(.bss)
    pid_pit_speed_small_buff                 0x20005d18   Data          76  pid.o(.bss)
    pid_yaw_speed_small_buff                 0x20005d64   Data          76  pid.o(.bss)
    pid_yaw_small_buff1                      0x20005db0   Data          76  pid.o(.bss)
    pid_pit_small_buff1                      0x20005dfc   Data          76  pid.o(.bss)
    pid_pit_speed_small_buff1                0x20005e48   Data          76  pid.o(.bss)
    pid_yaw_speed_small_buff1                0x20005e94   Data          76  pid.o(.bss)
    pid_yaw_big_buff                         0x20005ee0   Data          76  pid.o(.bss)
    pid_pit_big_buff                         0x20005f2c   Data          76  pid.o(.bss)
    pid_pit_speed_big_buff                   0x20005f78   Data          76  pid.o(.bss)
    pid_yaw_speed_big_buff                   0x20005fc4   Data          76  pid.o(.bss)
    pid_yaw_big_buff1                        0x20006010   Data          76  pid.o(.bss)
    pid_pit_big_buff1                        0x2000605c   Data          76  pid.o(.bss)
    pid_pit_speed_big_buff1                  0x200060a8   Data          76  pid.o(.bss)
    pid_yaw_speed_big_buff1                  0x200060f4   Data          76  pid.o(.bss)
    pid_yaw_auto_angle                       0x20006140   Data          76  pid.o(.bss)
    pid_pit_auto_angle                       0x2000618c   Data          76  pid.o(.bss)
    pid_pit_speed_auto_angle                 0x200061d8   Data          76  pid.o(.bss)
    pid_yaw_speed_auto_angle                 0x20006224   Data          76  pid.o(.bss)
    pid_yaw_follow_chassis_angle             0x20006270   Data          76  pid.o(.bss)
    pid_yaw_follow_chassis_speed             0x200062bc   Data          76  pid.o(.bss)
    pid_yaw                                  0x20006308   Data          76  pid.o(.bss)
    pid_pit                                  0x20006354   Data          76  pid.o(.bss)
    pid_auto_aim_yaw                         0x200063a0   Data          76  pid.o(.bss)
    pid_auto_aim_pit                         0x200063ec   Data          76  pid.o(.bss)
    pid_yaw_speed                            0x20006438   Data          76  pid.o(.bss)
    pid_pit_speed                            0x20006484   Data          76  pid.o(.bss)
    pid_spd                                  0x200064d0   Data         304  pid.o(.bss)
    pid_chassis_angle                        0x20006600   Data          76  pid.o(.bss)
    pid_trigger                              0x2000664c   Data          76  pid.o(.bss)
    pid_trigger_angle                        0x20006698   Data          76  pid.o(.bss)
    pid_trigger_speed                        0x200066e4   Data          76  pid.o(.bss)
    pid_trigger_angle_buf                    0x20006730   Data          76  pid.o(.bss)
    pid_trigger_speed_buf                    0x2000677c   Data          76  pid.o(.bss)
    pid_trigger_current                      0x200067c8   Data          76  pid.o(.bss)
    pid_rotate                               0x20006814   Data         304  pid.o(.bss)
    pid_imu_tmp                              0x20006944   Data          76  pid.o(.bss)
    pid_voltage                              0x20006990   Data          76  pid.o(.bss)
    pid_software_limit                       0x200069dc   Data          76  pid.o(.bss)
    pid_speed_bias                           0x20006a28   Data          76  pid.o(.bss)
    pid_front_distance                       0x20006a74   Data          76  pid.o(.bss)
    pid_right_distance                       0x20006ac0   Data          76  pid.o(.bss)
    pid_angle_distance                       0x20006b0c   Data          76  pid.o(.bss)
    pid_spring                               0x20006b58   Data         152  pid.o(.bss)
    ch100_Rx_Buffer                          0x20006bf0   Data         100  ch100_dma.o(.bss)
    dat                                      0x20006c54   Data          76  ch100_dma.o(.bss)
    Power_Control                            0x20006ca0   Data          20  controltask.o(.bss)
    gAppParamStruct                          0x20006cb4   Data          87  iotask.o(.bss)
    AccSavedCaliData                         0x20006d1e   Data          19  iotask.o(.bss)
    MagSavedCaliData                         0x20006d31   Data          19  iotask.o(.bss)
    RC_CtrlData                              0x20006d44   Data          24  remotetask.o(.bss)
    GimbalRef                                0x20006d5c   Data          24  remotetask.o(.bss)
    Chassis_angle                            0x20006d74   Data          72  remotetask.o(.bss)
    CHASSIS_1234                             0x20006dbc   Data          16  remotetask.o(.bss)
    Key_Flag                                 0x20006de3   Data          10  remotetask.o(.bss)
    CM1Encoder                               0x20006df0   Data          88  canbustask.o(.bss)
    CM2Encoder                               0x20006e48   Data          88  canbustask.o(.bss)
    CM3Encoder                               0x20006ea0   Data          88  canbustask.o(.bss)
    CM4Encoder                               0x20006ef8   Data          88  canbustask.o(.bss)
    GMYawEncoder                             0x20006f50   Data          88  canbustask.o(.bss)
    GMPitchEncoder                           0x20006fa8   Data          88  canbustask.o(.bss)
    GM1Encoder1                              0x20007000   Data          88  canbustask.o(.bss)
    GM2Encoder1                              0x20007058   Data          88  canbustask.o(.bss)
    GM3Encoder1                              0x200070b0   Data          88  canbustask.o(.bss)
    GM4Encoder1                              0x20007108   Data          88  canbustask.o(.bss)
    BUS1_CM1Encoder                          0x20007160   Data          88  canbustask.o(.bss)
    BUS1_CM2Encoder                          0x200071b8   Data          88  canbustask.o(.bss)
    PokeEncoder                              0x20007210   Data          88  canbustask.o(.bss)
    capacitance_message1                     0x20007268   Data          64  canbustask.o(.bss)
    distance_message                         0x200072a8   Data          32  canbustask.o(.bss)
    gim                                      0x200072c8   Data          81  gimbal_task.o(.bss)
    Gimbal_Auto_Shoot                        0x20007319   Data         208  gimbal_task.o(.bss)
    c_angle_y                                0x200073f0   Data         800  gimbal_task.o(.bss)
    c_angle_p                                0x20007710   Data         800  gimbal_task.o(.bss)
    c_time                                   0x20007a30   Data         800  gimbal_task.o(.bss)
    last_time                                0x20007d50   Data         800  gimbal_task.o(.bss)
    h_c_angle                                0x20008070   Data         800  gimbal_task.o(.bss)
    l_c_angle                                0x20008390   Data         800  gimbal_task.o(.bss)
    average_yaw_time                         0x200086b0   Data          16  gimbal_task.o(.bss)
    cycle_time                               0x200086c0   Data          12  gimbal_task.o(.bss)
    shot                                     0x200086e0   Data          35  shoot_task.o(.bss)
    shoot_save                               0x20008704   Data         400  shoot_task.o(.bss)
    chassis                                  0x20008894   Data         143  chassis_task.o(.bss)
    chassis_rotate_speed                     0x20008923   Data          48  chassis_task.o(.bss)
    cha                                      0x20008953   Data          64  chassis_task.o(.bss)
    new_location                             0x20008993   Data          29  auto_shoot_control_task.o(.bss)
    getaddress                               0x200089b0   Data         100  auto_shoot_control_task.o(.bss)
    msg                                      0x20008a14   Data          32  auto_shoot_control_task.o(.bss)
    TEMP41_data                              0x20008a34   Data          16  buff_karman_filter.o(.bss)
    bTEMP2_data                              0x20008a44   Data          64  buff_karman_filter.o(.bss)
    TEMP24_data                              0x20008a84   Data          32  buff_karman_filter.o(.bss)
    TEMP_22_data                             0x20008aa4   Data          16  buff_karman_filter.o(.bss)
    bTEMP_data                               0x20008ab4   Data          64  buff_karman_filter.o(.bss)
    TEMP42_data                              0x20008af4   Data          32  buff_karman_filter.o(.bss)
    TEMP22_data                              0x20008b14   Data          16  buff_karman_filter.o(.bss)
    TEMP_41_data                             0x20008b24   Data          16  buff_karman_filter.o(.bss)
    TEMP51_data                              0x20008b34   Data          20  autoshoot_karman_filter.o(.bss)
    TEMP_data                                0x20008b48   Data         100  autoshoot_karman_filter.o(.bss)
    TEMP2_data                               0x20008bac   Data         100  autoshoot_karman_filter.o(.bss)
    TEMP53_data                              0x20008c10   Data          60  autoshoot_karman_filter.o(.bss)
    TEMP35_data                              0x20008c4c   Data          60  autoshoot_karman_filter.o(.bss)
    TEMP33_data                              0x20008c88   Data          36  autoshoot_karman_filter.o(.bss)
    TEMP_33_data                             0x20008cac   Data          36  autoshoot_karman_filter.o(.bss)
    TEMP_3_data                              0x20008cd0   Data          12  autoshoot_karman_filter.o(.bss)
    TEMP__3_data                             0x20008cdc   Data          12  autoshoot_karman_filter.o(.bss)
    TEMP_51_data                             0x20008ce8   Data          20  autoshoot_karman_filter.o(.bss)
    __heap_base                              0x20008d00   Data           0  startup_stm32f4xx.o(HEAP)
    __heap_limit                             0x20009500   Data           0  startup_stm32f4xx.o(HEAP)
    __initial_sp                             0x2000a500   Data           0  startup_stm32f4xx.o(STACK)



==============================================================================

Memory Map of the image

  Image Entry point : 0x08000189

  Load Region LR_IROM1 (Base: 0x08000000, Size: 0x0001adf0, Max: 0x00100000, ABSOLUTE, COMPRESSED[0x0001a1b4])

    Execution Region ER_IROM1 (Base: 0x08000000, Size: 0x0001a080, Max: 0x00100000, ABSOLUTE)

    Base Addr    Size         Type   Attr      Idx    E Section Name        Object

    0x08000000   0x00000188   Data   RO         1423    RESET               startup_stm32f4xx.o
    0x08000188   0x00000000   Code   RO         5462  * .ARM.Collect$$$$00000000  mc_w.l(entry.o)
    0x08000188   0x00000004   Code   RO         5859    .ARM.Collect$$$$00000001  mc_w.l(entry2.o)
    0x0800018c   0x00000004   Code   RO         5862    .ARM.Collect$$$$00000004  mc_w.l(entry5.o)
    0x08000190   0x00000000   Code   RO         5864    .ARM.Collect$$$$00000008  mc_w.l(entry7b.o)
    0x08000190   0x00000000   Code   RO         5866    .ARM.Collect$$$$0000000A  mc_w.l(entry8b.o)
    0x08000190   0x00000008   Code   RO         5867    .ARM.Collect$$$$0000000B  mc_w.l(entry9a.o)
    0x08000198   0x00000000   Code   RO         5869    .ARM.Collect$$$$0000000D  mc_w.l(entry10a.o)
    0x08000198   0x00000000   Code   RO         5871    .ARM.Collect$$$$0000000F  mc_w.l(entry11a.o)
    0x08000198   0x00000004   Code   RO         5860    .ARM.Collect$$$$00002712  mc_w.l(entry2.o)
    0x0800019c   0x000000c4   Code   RO            4    .text               bsp.o
    0x08000260   0x00000040   Code   RO          385    .text               main.o
    0x080002a0   0x000000a0   Code   RO          445    .text               led.o
    0x08000340   0x00000108   Code   RO          469    .text               gun.o
    0x08000448   0x00000324   Code   RO          499    .text               can1.o
    0x0800076c   0x00000130   Code   RO          526    .text               can2.o
    0x0800089c   0x0000006c   Code   RO          553    .text               delay.o
    0x08000908   0x00000104   Code   RO          577    .text               exti.o
    0x08000a0c   0x0000003c   Code   RO          601    .text               laser.o
    0x08000a48   0x000001dc   Code   RO          625    .text               timer.o
    0x08000c24   0x0000022c   Code   RO          653    .text               usart1.o
    0x08000e50   0x00000174   Code   RO          680    .text               bsp_flash.o
    0x08000fc4   0x00000298   Code   RO          849    .text               uart4.o
    0x0800125c   0x00000614   Code   RO          880    .text               judge.o
    0x08001870   0x00000020   Code   RO          913    .text               iwdg.o
    0x08001890   0x00002e08   Code   RO          937    .text               client.o
    0x08004698   0x000006a8   Code   RO         1002    .text               hi220.o
    0x08004d40   0x00002ec0   Code   RO         1033    .text               protobuf-c.o
    0x08007c00   0x000004e0   Code   RO         1082    .text               pid.o
    0x080080e0   0x00000100   Code   RO         1109    .text               signal.pb-c.o
    0x080081e0   0x000002a0   Code   RO         1150    .text               ch100_dma.o
    0x08008480   0x00000058   Code   RO         1181    .text               stm32f4xx_it.o
    0x080084d8   0x000000e0   Code   RO         1212    .text               misc.o
    0x080085b8   0x000009f0   Code   RO         1289    .text               stm32f4xx_can.o
    0x08008fa8   0x000003a8   Code   RO         1370    .text               stm32f4xx_dma.o
    0x08009350   0x0000011c   Code   RO         1397    .text               stm32f4xx_exti.o
    0x0800946c   0x00000024   Code   RO         1424    .text               startup_stm32f4xx.o
    0x08009490   0x000004bc   Code   RO         1431    .text               stm32f4xx_flash.o
    0x0800994c   0x0000025c   Code   RO         1458    .text               stm32f4xx_gpio.o
    0x08009ba8   0x00000588   Code   RO         1512    .text               stm32f4xx_rcc.o
    0x0800a130   0x0000008c   Code   RO         1568    .text               stm32f4xx_syscfg.o
    0x0800a1bc   0x00000ca2   Code   RO         1595    .text               stm32f4xx_tim.o
    0x0800ae5e   0x00000002   PAD
    0x0800ae60   0x0000041a   Code   RO         1622    .text               stm32f4xx_usart.o
    0x0800b27a   0x00000002   PAD
    0x0800b27c   0x00000210   Code   RO         1649    .text               system_stm32f4xx.o
    0x0800b48c   0x00000040   Code   RO         1706    .text               stm32f4xx_iwdg.o
    0x0800b4cc   0x00000410   Code   RO         1733    .text               controltask.o
    0x0800b8dc   0x0000054c   Code   RO         1786    .text               iotask.o
    0x0800be28   0x00001b70   Code   RO         1818    .text               remotetask.o
    0x0800d998   0x000005ec   Code   RO         1863    .text               canbustask.o
    0x0800df84   0x000002d0   Code   RO         1899    .text               supervisetask.o
    0x0800e254   0x0000012c   Code   RO         1931    .text               modeswitch_task.o
    0x0800e380   0x00002110   Code   RO         1958    .text               gimbal_task.o
    0x08010490   0x00000a10   Code   RO         2010    .text               shoot_task.o
    0x08010ea0   0x00000c14   Code   RO         2055    .text               chassis_task.o
    0x08011ab4   0x00000428   Code   RO         2103    .text               auto_shoot_control_task.o
    0x08011edc   0x00000050   Code   RO         2134    .text               ramp_second.o
    0x08011f2c   0x00000318   Code   RO         2397    .text               buff_karman_filter.o
    0x08012244   0x000003c0   Code   RO         2428    .text               autoshoot_karman_filter.o
    0x08012604   0x00000118   Code   RO         2456    .text               recieve.pb-c.o
    0x0801271c   0x00000114   Code   RO         2475    .text               send.pb-c.o
    0x08012830   0x00003a58   Code   RO         3813    .text               matrixfunctions.o
    0x08016288   0x00000a3c   Code   RO         4494    .text               supportfunctions.o
    0x08016cc4   0x00000124   Code   RO         4891    .text               retarget_io.o
    0x08016de8   0x000005a4   Code   RO         4919    .text               RMLib.lib(fifo.o)
    0x0801738c   0x00000070   Code   RO         5011    .text               RMLib.lib(ramp.o)
    0x080173fc   0x00000020   Code   RO         5144    .text               RMLib.lib(lostcounter.o)
    0x0801741c   0x00000062   Code   RO         5470    .text               mc_w.l(uldiv.o)
    0x0801747e   0x0000001e   Code   RO         5474    .text               mc_w.l(llshl.o)
    0x0801749c   0x00000024   Code   RO         5476    .text               mc_w.l(llsshr.o)
    0x080174c0   0x00000040   Code   RO         5480    .text               mc_w.l(memmovea.o)
    0x08017500   0x00000024   Code   RO         5482    .text               mc_w.l(memseta.o)
    0x08017524   0x00000024   Code   RO         5484    .text               mc_w.l(strstr.o)
    0x08017548   0x0000000e   Code   RO         5486    .text               mc_w.l(strlen.o)
    0x08017556   0x0000001c   Code   RO         5488    .text               mc_w.l(strcmp.o)
    0x08017572   0x0000014e   Code   RO         5783    .text               mf_w.l(dadd.o)
    0x080176c0   0x000000e4   Code   RO         5785    .text               mf_w.l(dmul.o)
    0x080177a4   0x000000de   Code   RO         5787    .text               mf_w.l(ddiv.o)
    0x08017882   0x00000022   Code   RO         5791    .text               mf_w.l(dflti.o)
    0x080178a4   0x0000001a   Code   RO         5793    .text               mf_w.l(dfltui.o)
    0x080178be   0x00000042   Code   RO         5795    .text               mf_w.l(ffixl.o)
    0x08017900   0x0000003e   Code   RO         5797    .text               mf_w.l(dfixi.o)
    0x0801793e   0x00000026   Code   RO         5799    .text               mf_w.l(f2d.o)
    0x08017964   0x00000030   Code   RO         5801    .text               mf_w.l(cdcmple.o)
    0x08017994   0x00000030   Code   RO         5803    .text               mf_w.l(cdrcmple.o)
    0x080179c4   0x00000038   Code   RO         5805    .text               mf_w.l(d2f.o)
    0x080179fc   0x0000002c   Code   RO         5874    .text               mc_w.l(uidiv.o)
    0x08017a28   0x00000020   Code   RO         5876    .text               mc_w.l(llushr.o)
    0x08017a48   0x00000000   Code   RO         5887    .text               mc_w.l(iusefp.o)
    0x08017a48   0x0000006e   Code   RO         5888    .text               mf_w.l(fepilogue.o)
    0x08017ab6   0x000000ba   Code   RO         5890    .text               mf_w.l(depilogue.o)
    0x08017b70   0x000000a2   Code   RO         5892    .text               mf_w.l(dsqrt.o)
    0x08017c12   0x00000030   Code   RO         5894    .text               mf_w.l(dfixul.o)
    0x08017c42   0x00000002   PAD
    0x08017c44   0x00000024   Code   RO         5898    .text               mc_w.l(init.o)
    0x08017c68   0x00000056   Code   RO         5908    .text               mc_w.l(__dczerorl2.o)
    0x08017cbe   0x00000002   PAD
    0x08017cc0   0x00000020   Code   RO         5727    i.__0printf         mc_w.l(printfa.o)
    0x08017ce0   0x00000028   Code   RO         5729    i.__0sprintf        mc_w.l(printfa.o)
    0x08017d08   0x00000030   Code   RO         5824    i.__ARM_fpclassify  m_wm.l(fpclassify.o)
    0x08017d38   0x000002d8   Code   RO         5276    i.__hardfp_atan     m_wm.l(atan.o)
    0x08018010   0x000001f0   Code   RO         5290    i.__hardfp_atan2    m_wm.l(atan2.o)
    0x08018200   0x000000c8   Code   RO         5314    i.__hardfp_cos      m_wm.l(cos.o)
    0x080182c8   0x00000014   Code   RO         5354    i.__hardfp_fabs     m_wm.l(fabs.o)
    0x080182dc   0x00000004   PAD
    0x080182e0   0x000000c8   Code   RO         5402    i.__hardfp_sin      m_wm.l(sin.o)
    0x080183a8   0x0000007a   Code   RO         5414    i.__hardfp_sqrt     m_wm.l(sqrt.o)
    0x08018422   0x0000003a   Code   RO         5426    i.__hardfp_sqrtf    m_wm.l(sqrtf.o)
    0x0801845c   0x00000004   PAD
    0x08018460   0x00000438   Code   RO         5845    i.__ieee754_rem_pio2  m_wm.l(rred.o)
    0x08018898   0x00000170   Code   RO         5807    i.__kernel_cos      m_wm.l(cos_i.o)
    0x08018a08   0x000000f8   Code   RO         5842    i.__kernel_poly     m_wm.l(poly.o)
    0x08018b00   0x00000130   Code   RO         5853    i.__kernel_sin      m_wm.l(sin_i.o)
    0x08018c30   0x00000014   Code   RO         5811    i.__mathlib_dbl_infnan  m_wm.l(dunder.o)
    0x08018c44   0x00000014   Code   RO         5812    i.__mathlib_dbl_infnan2  m_wm.l(dunder.o)
    0x08018c58   0x00000020   Code   RO         5813    i.__mathlib_dbl_invalid  m_wm.l(dunder.o)
    0x08018c78   0x00000020   Code   RO         5816    i.__mathlib_dbl_underflow  m_wm.l(dunder.o)
    0x08018c98   0x0000000e   Code   RO         5902    i.__scatterload_copy  mc_w.l(handlers.o)
    0x08018ca6   0x00000002   Code   RO         5903    i.__scatterload_null  mc_w.l(handlers.o)
    0x08018ca8   0x0000000e   Code   RO         5904    i.__scatterload_zeroinit  mc_w.l(handlers.o)
    0x08018cb6   0x00000002   PAD
    0x08018cb8   0x0000000c   Code   RO         5882    i.__set_errno       mc_w.l(errno.o)
    0x08018cc4   0x00000184   Code   RO         5734    i._fp_digits        mc_w.l(printfa.o)
    0x08018e48   0x000006dc   Code   RO         5735    i._printf_core      mc_w.l(printfa.o)
    0x08019524   0x00000024   Code   RO         5736    i._printf_post_padding  mc_w.l(printfa.o)
    0x08019548   0x0000002e   Code   RO         5737    i._printf_pre_padding  mc_w.l(printfa.o)
    0x08019576   0x0000000a   Code   RO         5739    i._sputc            mc_w.l(printfa.o)
    0x08019580   0x00000010   Code   RO         5278    i.atan              m_wm.l(atan.o)
    0x08019590   0x00000018   Code   RO         5356    i.fabs              m_wm.l(fabs.o)
    0x080195a8   0x00000018   Code   RO         5465    i.fputs             mc_w.l(fputs.o)
    0x080195c0   0x00000050   Code   RO         5755    i.free              mc_w.l(malloc.o)
    0x08019610   0x0000006c   Code   RO         5756    i.malloc            mc_w.l(malloc.o)
    0x0801967c   0x00000302   Data   RO          882    .constdata          judge.o
    0x0801997e   0x00000002   PAD
    0x08019980   0x0000001c   Data   RO         1034    .constdata          protobuf-c.o
    0x0801999c   0x0000008c   Data   RO         1110    .constdata          signal.pb-c.o
    0x08019a28   0x0000002c   Data   RO         1901    .constdata          supervisetask.o
    0x08019a54   0x0000015c   Data   RO         2457    .constdata          recieve.pb-c.o
    0x08019bb0   0x00000190   Data   RO         2476    .constdata          send.pb-c.o
    0x08019d40   0x00000098   Data   RO         5279    .constdata          m_wm.l(atan.o)
    0x08019dd8   0x00000030   Data   RO         5808    .constdata          m_wm.l(cos_i.o)
    0x08019e08   0x00000008   Data   RO         5844    .constdata          m_wm.l(qnan.o)
    0x08019e10   0x000000c8   Data   RO         5847    .constdata          m_wm.l(rred.o)
    0x08019ed8   0x00000028   Data   RO         5854    .constdata          m_wm.l(sin_i.o)
    0x08019f00   0x00000047   Data   RO         1035    .conststring        protobuf-c.o
    0x08019f47   0x00000001   PAD
    0x08019f48   0x00000011   Data   RO         1111    .conststring        signal.pb-c.o
    0x08019f59   0x00000003   PAD
    0x08019f5c   0x0000008b   Data   RO         2458    .conststring        recieve.pb-c.o
    0x08019fe7   0x00000001   PAD
    0x08019fe8   0x00000078   Data   RO         2477    .conststring        send.pb-c.o
    0x0801a060   0x00000020   Data   RO         5900    Region$$Table       anon$$obj.o


    Execution Region RW_IRAM2 (Base: 0x10000000, Size: 0x00000000, Max: 0x00010000, ABSOLUTE)

    **** No section assigned to this execution region ****


    Execution Region RW_IRAM1 (Base: 0x20000000, Size: 0x0000a500, Max: 0x00020000, ABSOLUTE, COMPRESSED[0x00000134])

    Base Addr    Size         Type   Attr      Idx    E Section Name        Object

    0x20000000   0x0000000c   Data   RW          387    .data               main.o
    0x2000000c   0x00000004   Data   RW          470    .data               gun.o
    0x20000010   0x00000004   Data   RW          500    .data               can1.o
    0x20000014   0x00000004   Data   RW          655    .data               usart1.o
    0x20000018   0x00000018   Data   RW          883    .data               judge.o
    0x20000030   0x0000003f   Data   RW          939    .data               client.o
    0x2000006f   0x00000001   PAD
    0x20000070   0x00000008   Data   RW         1004    .data               hi220.o
    0x20000078   0x0000000c   Data   RW         1036    .data               protobuf-c.o
    0x20000084   0x00000030   Data   RW         1152    .data               ch100_dma.o
    0x200000b4   0x00000010   Data   RW         1513    .data               stm32f4xx_rcc.o
    0x200000c4   0x00000014   Data   RW         1650    .data               system_stm32f4xx.o
    0x200000d8   0x0000006c   Data   RW         1735    .data               controltask.o
    0x20000144   0x00000068   Data   RW         1788    .data               iotask.o
    0x200001ac   0x000001c0   Data   RW         1820    .data               remotetask.o
    0x2000036c   0x0000002c   Data   RW         1865    .data               canbustask.o
    0x20000398   0x0000003c   Data   RW         1902    .data               supervisetask.o
    0x200003d4   0x00000002   Data   RW         1932    .data               modeswitch_task.o
    0x200003d6   0x00000002   PAD
    0x200003d8   0x000001d1   Data   RW         1960    .data               gimbal_task.o
    0x200005a9   0x00000003   PAD
    0x200005ac   0x000000c0   Data   RW         2012    .data               shoot_task.o
    0x2000066c   0x00000066   Data   RW         2057    .data               chassis_task.o
    0x200006d2   0x00000002   PAD
    0x200006d4   0x000000a9   Data   RW         2105    .data               auto_shoot_control_task.o
    0x2000077d   0x00000003   PAD
    0x20000780   0x0000002d   Data   RW         2164    .data               icm20948.o
    0x200007ad   0x00000003   PAD
    0x200007b0   0x00000245   Data   RW         2399    .data               buff_karman_filter.o
    0x200009f5   0x00000003   PAD
    0x200009f8   0x0000035d   Data   RW         2430    .data               autoshoot_karman_filter.o
    0x20000d55   0x00000003   PAD
    0x20000d58   0x00000004   Data   RW         4892    .data               retarget_io.o
    0x20000d5c   0x00000004   Data   RW         5469    .data               mc_w.l(stderr.o)
    0x20000d60   0x00000004   Data   RW         5873    .data               mc_w.l(stdout.o)
    0x20000d64   0x00000004   Data   RW         5878    .data               mc_w.l(mvars.o)
    0x20000d68   0x00000004   Data   RW         5879    .data               mc_w.l(mvars.o)
    0x20000d6c   0x00000004   Data   RW         5883    .data               mc_w.l(errno.o)
    0x20000d70   0x00000259   Zero   RW          654    .bss                usart1.o
    0x20000fc9   0x000000c8   Zero   RW          850    .bss                uart4.o
    0x20001091   0x00004606   Zero   RW          881    .bss                judge.o
    0x20005697   0x0000040b   Zero   RW          938    .bss                client.o
    0x20005aa2   0x000000ab   Zero   RW         1003    .bss                hi220.o
    0x20005b4d   0x00000003   PAD
    0x20005b50   0x000010a0   Zero   RW         1083    .bss                pid.o
    0x20006bf0   0x000000b0   Zero   RW         1151    .bss                ch100_dma.o
    0x20006ca0   0x00000014   Zero   RW         1734    .bss                controltask.o
    0x20006cb4   0x00000090   Zero   RW         1787    .bss                iotask.o
    0x20006d44   0x000000a9   Zero   RW         1819    .bss                remotetask.o
    0x20006ded   0x00000003   PAD
    0x20006df0   0x000004d8   Zero   RW         1864    .bss                canbustask.o
    0x200072c8   0x00001418   Zero   RW         1959    .bss                gimbal_task.o
    0x200086e0   0x000001b4   Zero   RW         2011    .bss                shoot_task.o
    0x20008894   0x000000ff   Zero   RW         2056    .bss                chassis_task.o
    0x20008993   0x000000a1   Zero   RW         2104    .bss                auto_shoot_control_task.o
    0x20008a34   0x00000100   Zero   RW         2398    .bss                buff_karman_filter.o
    0x20008b34   0x000001c8   Zero   RW         2429    .bss                autoshoot_karman_filter.o
    0x20008cfc   0x00000004   PAD
    0x20008d00   0x00000800   Zero   RW         1422    HEAP                startup_stm32f4xx.o
    0x20009500   0x00001000   Zero   RW         1421    STACK               startup_stm32f4xx.o


==============================================================================

Image component sizes


      Code (inc. data)   RO Data    RW Data    ZI Data      Debug   Object Name

         0          0          0          0          0       5434   attack.pb-c.o
      1064        166          0        169        161       5738   auto_shoot_control_task.o
       960         64          0        861        456       4194   autoshoot_karman_filter.o
         0          0          0          0          0       1280   basicmathfunctions.o
       196         16          0          0          0     324008   bsp.o
       372         48          0          0          0       2422   bsp_flash.o
       792         58          0        581        256       3967   buff_karman_filter.o
       804         20          0          4          0       3755   can1.o
       304         10          0          0          0       1108   can2.o
      1516        100          0         44       1240       7821   canbustask.o
       672         74          0         48        176       4213   ch100_dma.o
      3092        346          0        102        255      17645   chassis_task.o
     11784        554          0         63       1035       9354   client.o
      1040        128          0        108         20       6078   controltask.o
       108          0          0          0          0       1278   delay.o
       260          8          0          0          0        999   exti.o
      8464        954          0        465       5144      19973   gimbal_task.o
       264         12          0          4          0       1036   gun.o
      1704        188          0          8        171       6222   hi220.o
         0          0          0         45          0       4800   icm20948.o
      1356         98          0        104        144       9455   iotask.o
        32          0          0          0          0        553   iwdg.o
      1556         90        770         24      17926      14302   judge.o
        60          6          0          0          0        590   laser.o
       160         10          0          0          0        632   led.o
        64         14          0         12          0      10571   main.o
     14936         94          0          0          0      64001   matrixfunctions.o
       224         20          0          0          0     211133   misc.o
       300         12          0          2          0       1962   modeswitch_task.o
      1248         10          0          0       4256       7120   pid.o
     11968        600         99         12          0      50117   protobuf-c.o
        80          6          0          0          0       1904   ramp_second.o
       280         96        487          0          0       3730   recieve.pb-c.o
      7024        644          0        448        169      21619   remotetask.o
       292         56          0          4          0       4207   retarget_io.o
       276         92        520          0          0       3702   send.pb-c.o
      2576        312          0        192        436      14298   shoot_task.o
       256         76        157          0          0       3397   signal.pb-c.o
        36          8        392          0       6144        868   startup_stm32f4xx.o
      2544         38          0          0          0      16568   stm32f4xx_can.o
       936         32          0          0          0      19137   stm32f4xx_dma.o
       284         10          0          0          0       4851   stm32f4xx_exti.o
      1212         26          0          0          0      12557   stm32f4xx_flash.o
       604         36          0          0          0      10617   stm32f4xx_gpio.o
        88          8          0          0          0      36929   stm32f4xx_it.o
        64          6          0          0          0       1413   stm32f4xx_iwdg.o
      1416         48          0         16          0      24151   stm32f4xx_rcc.o
       140         12          0          0          0       1751   stm32f4xx_syscfg.o
      3234         60          0          0          0      42920   stm32f4xx_tim.o
      1050         26          0          0          0      13960   stm32f4xx_usart.o
       720         28         44         60          0       5495   supervisetask.o
      2620         24          0          0          0      29718   supportfunctions.o
       528         46          0         20          0       2087   system_stm32f4xx.o
       476         26          0          0          0       1785   timer.o
       664         30          0          0        200       2788   uart4.o
       556         32          0          4        601       2113   usart1.o

    ----------------------------------------------------------------------
     93260       5478       2508       3420      38800    1084326   Object Totals
         0          0         32          0          0          0   (incl. Generated)
         4          0          7         20         10          0   (incl. Padding)

    ----------------------------------------------------------------------

      Code (inc. data)   RO Data    RW Data    ZI Data      Debug   Library Member Name

      1444          0          0          0          0      11304   fifo.o
        32          0          0          0          0       1640   lostcounter.o
       112          6          0          0          0       2612   ramp.o
       744        106        152          0          0        352   atan.o
       496         64          0          0          0        192   atan2.o
       200         20          0          0          0        164   cos.o
       368         46         48          0          0        200   cos_i.o
       104         16          0          0          0        496   dunder.o
        44          0          0          0          0        248   fabs.o
        48          0          0          0          0        124   fpclassify.o
       248          0          0          0          0        152   poly.o
         0          0          8          0          0          0   qnan.o
      1080        142        200          0          0        188   rred.o
       200         20          0          0          0        164   sin.o
       304         24         40          0          0        208   sin_i.o
       122          0          0          0          0        148   sqrt.o
        58          0          0          0          0        136   sqrtf.o
        86          0          0          0          0          0   __dczerorl2.o
         0          0          0          0          0          0   entry.o
         0          0          0          0          0          0   entry10a.o
         0          0          0          0          0          0   entry11a.o
         8          4          0          0          0          0   entry2.o
         4          0          0          0          0          0   entry5.o
         0          0          0          0          0          0   entry7b.o
         0          0          0          0          0          0   entry8b.o
         8          4          0          0          0          0   entry9a.o
        12          6          0          4          0         68   errno.o
        24          0          0          0          0         80   fputs.o
        30          0          0          0          0          0   handlers.o
        36          8          0          0          0         68   init.o
         0          0          0          0          0          0   iusefp.o
        30          0          0          0          0         68   llshl.o
        36          0          0          0          0         68   llsshr.o
        32          0          0          0          0         68   llushr.o
       188         20          0          0          0        160   malloc.o
        64          0          0          0          0         76   memmovea.o
        36          0          0          0          0        108   memseta.o
         0          0          0          8          0          0   mvars.o
      2308         96          0          0          0        604   printfa.o
         0          0          0          4          0          0   stderr.o
         0          0          0          4          0          0   stdout.o
        28          0          0          0          0         76   strcmp.o
        14          0          0          0          0         68   strlen.o
        36          0          0          0          0         80   strstr.o
        44          0          0          0          0         80   uidiv.o
        98          0          0          0          0         92   uldiv.o
        48          0          0          0          0         68   cdcmple.o
        48          0          0          0          0         68   cdrcmple.o
        56          0          0          0          0         88   d2f.o
       334          0          0          0          0        148   dadd.o
       222          0          0          0          0        100   ddiv.o
       186          0          0          0          0        176   depilogue.o
        62          0          0          0          0         80   dfixi.o
        48          0          0          0          0         68   dfixul.o
        34          0          0          0          0         76   dflti.o
        26          0          0          0          0         76   dfltui.o
       228          0          0          0          0         96   dmul.o
       162          0          0          0          0        100   dsqrt.o
        38          0          0          0          0         68   f2d.o
       110          0          0          0          0        168   fepilogue.o
        66          0          0          0          0         76   ffixl.o

    ----------------------------------------------------------------------
     10408        582        448         20          0      21548   Library Totals
        14          0          0          0          0          0   (incl. Padding)

    ----------------------------------------------------------------------

      Code (inc. data)   RO Data    RW Data    ZI Data      Debug   Library Name

      1588          6          0          0          0      15556   RMLib.lib
      4016        438        448          0          0       2772   m_wm.l
      3122        138          0         20          0       1764   mc_w.l
      1668          0          0          0          0       1456   mf_w.l

    ----------------------------------------------------------------------
     10408        582        448         20          0      21548   Library Totals

    ----------------------------------------------------------------------

==============================================================================


      Code (inc. data)   RO Data    RW Data    ZI Data      Debug   

    103668       6060       2956       3440      38800    1090690   Grand Totals
    103668       6060       2956        308      38800    1090690   ELF Image Totals (compressed)
    103668       6060       2956        308          0          0   ROM Totals

==============================================================================

    Total RO  Size (Code + RO Data)               106624 ( 104.13kB)
    Total RW  Size (RW Data + ZI Data)             42240 (  41.25kB)
    Total ROM Size (Code + RO Data + RW Data)     106932 ( 104.43kB)

==============================================================================

