Component: ARM Compiler 5.06 update 7 (build 960) Tool: armlink [4d3601]

==============================================================================

Section Cross References

    main.o(.text) refers to bsp.o(.text) for BSP_Init
    main.o(.text) refers to oldpid.o(.text) for PID_struct_init
    main.o(.text) refers to canbus.o(.text) for Set_GM6020_IQ1
    main.o(.text) refers to infantry_gimbal_task.o(.text) for gimbal_task
    main.o(.text) refers to mode_switch_task.o(.text) for mode_switch_task
    main.o(.text) refers to oldpid.o(.bss) for pid_yaw
    main.o(.text) refers to main.o(.data) for i
    main.o(.text) refers to senior.o(.bss) for yaw_Encoder
    system_stm32f4xx.o(.text) refers to system_stm32f4xx.o(.data) for SystemCoreClock
    bsp.o(.text) refers to misc.o(.text) for NVIC_PriorityGroupConfig
    bsp.o(.text) refers to usart.o(.text) for usart1_init
    bsp.o(.text) refers to can.o(.text) for CAN1_Mode_Init
    bsp.o(.text) refers to timer.o(.text) for TIM6_Configuration
    bsp.o(.text) refers to pwm.o(.text) for PWM_Configuration
    infantry_gimbal_task.o(.text) refers to rt_memclr_w.o(.text) for __aeabi_memclr4
    infantry_gimbal_task.o(.text) refers to dflt_clz.o(x$fpl$dflt) for __aeabi_i2d
    infantry_gimbal_task.o(.text) refers to dmul.o(x$fpl$dmul) for __aeabi_dmul
    infantry_gimbal_task.o(.text) refers to atan2.o(i.__hardfp_atan2) for __hardfp_atan2
    infantry_gimbal_task.o(.text) refers to d2f.o(x$fpl$d2f) for __aeabi_d2f
    infantry_gimbal_task.o(.text) refers to oldpid.o(.text) for pid_double_loop_cal
    infantry_gimbal_task.o(.text) refers to infantry_gimbal_task.o(.bss) for gimbal_data
    infantry_gimbal_task.o(.text) refers to infantry_gimbal_task.o(.data) for first_flag
    infantry_gimbal_task.o(.text) refers to senior.o(.bss) for gimbal_gyro
    infantry_gimbal_task.o(.text) refers to ddiv.o(x$fpl$ddiv) for __aeabi_ddiv
    infantry_gimbal_task.o(.text) refers to dfix.o(x$fpl$dfix) for __aeabi_d2iz
    mode_switch_task.o(.text) refers to dflt_clz.o(x$fpl$dflt) for __aeabi_i2d
    mode_switch_task.o(.text) refers to dmul.o(x$fpl$dmul) for __aeabi_dmul
    mode_switch_task.o(.text) refers to f2d.o(x$fpl$f2d) for __aeabi_f2d
    mode_switch_task.o(.text) refers to daddsub_clz.o(x$fpl$dadd) for __aeabi_dadd
    mode_switch_task.o(.text) refers to d2f.o(x$fpl$d2f) for __aeabi_d2f
    mode_switch_task.o(.text) refers to senior.o(.bss) for RC_CtrlData
    mode_switch_task.o(.text) refers to infantry_gimbal_task.o(.bss) for gimbal_data
    mode_switch_task.o(.text) refers to mode_switch_task.o(.bss) for chassis
    oldpid.o(.text) refers to f2d.o(x$fpl$f2d) for __aeabi_f2d
    oldpid.o(.text) refers to fabs.o(i.__hardfp_fabs) for __hardfp_fabs
    oldpid.o(.text) refers to drleqf.o(x$fpl$drleqf) for __aeabi_cdrcmple
    oldpid.o(.text) refers to dleqf.o(x$fpl$dleqf) for __aeabi_cdcmple
    protobuf-c.o(.text) refers to h1_alloc.o(.text) for malloc
    protobuf-c.o(.text) refers to h1_free.o(.text) for free
    protobuf-c.o(.text) refers to rt_memcpy_v6.o(.text) for __aeabi_memcpy
    protobuf-c.o(.text) refers to strlen.o(.text) for strlen
    protobuf-c.o(.text) refers to deqf.o(x$fpl$deqf) for __aeabi_cdcmpeq
    protobuf-c.o(.text) refers to protobuf-c.o(.data) for protobuf_c__allocator
    protobuf-c.o(.text) refers to assert.o(.text) for __aeabi_assert
    protobuf-c.o(.text) refers to protobuf-c.o(.conststring) for .conststring
    protobuf-c.o(.text) refers to rt_memmove_v6.o(.text) for __aeabi_memmove
    protobuf-c.o(.text) refers to rt_memcpy_w.o(.text) for __aeabi_memcpy4
    protobuf-c.o(.text) refers to protobuf-c.o(.constdata) for .constdata
    protobuf-c.o(.text) refers to rt_memclr.o(.text) for __aeabi_memclr
    protobuf-c.o(.text) refers to llshl.o(.text) for __aeabi_llsl
    protobuf-c.o(.text) refers to rt_memclr_w.o(.text) for __aeabi_memclr4
    protobuf-c.o(.text) refers to strcmpv7m.o(.text) for strcmp
    protobuf-c.o(.constdata) refers to protobuf-c.o(.text) for protobuf_c_buffer_simple_append
    protobuf-c.o(.data) refers to protobuf-c.o(.text) for system_alloc
    recieve.pb-c.o(.text) refers to rt_memcpy_w.o(.text) for __aeabi_memcpy4
    recieve.pb-c.o(.text) refers to assert.o(.text) for __aeabi_assert
    recieve.pb-c.o(.text) refers to protobuf-c.o(.text) for protobuf_c_message_get_packed_size
    recieve.pb-c.o(.text) refers to recieve.pb-c.o(.constdata) for init_value
    recieve.pb-c.o(.constdata) refers to recieve.pb-c.o(.conststring) for .conststring
    recieve.pb-c.o(.constdata) refers to recieve.pb-c.o(.text) for device_to_host__frame__init
    send.pb-c.o(.text) refers to rt_memcpy_w.o(.text) for __aeabi_memcpy4
    send.pb-c.o(.text) refers to assert.o(.text) for __aeabi_assert
    send.pb-c.o(.text) refers to protobuf-c.o(.text) for protobuf_c_message_get_packed_size
    send.pb-c.o(.text) refers to send.pb-c.o(.constdata) for init_value
    send.pb-c.o(.constdata) refers to send.pb-c.o(.conststring) for .conststring
[...]
    .data                                    0x20000018   Section       36  infantry_gimbal_task.o(.data)
    .data                                    0x2000003c   Section        8  canbus.o(.data)
    can1_count                               0x2000003c   Data           4  canbus.o(.data)
    can2_count                               0x20000040   Data           4  canbus.o(.data)
    .data                                    0x20000044   Section       32  remote.o(.data)
    .data                                    0x20000064   Section       24  usart.o(.data)
    this_time_rx_len                         0x2000006c   Data           4  usart.o(.data)
    this_time_rx_len                         0x20000070   Data           4  usart.o(.data)
    this_time_rx_len                         0x20000074   Data           4  usart.o(.data)
    this_time_rx_len                         0x20000078   Data           4  usart.o(.data)
    .data                                    0x2000007c   Section        4  timer.o(.data)
    .data                                    0x20000080   Section        8  pwm.o(.data)
    .data                                    0x20000088   Section       16  stm32f4xx_rcc.o(.data)
    APBAHBPrescTable                         0x20000088   Data          16  stm32f4xx_rcc.o(.data)
    .bss                                     0x20000098   Section     1268  infantry_gimbal_task.o(.bss)
    .bss                                     0x20000590   Section      360  mode_switch_task.o(.bss)
    .bss                                     0x200006f8   Section     5244  oldpid.o(.bss)
    .bss                                     0x20001b78   Section     2272  senior.o(.bss)
    .bss                                     0x20002458   Section     2032  usart.o(.bss)
    _USART1_DMA_RX_BUF                       0x20002458   Data         128  usart.o(.bss)
    _USART1_RX_BUF                           0x200024d8   Data          64  usart.o(.bss)
    _USART2_DMA_RX_BUF                       0x20002518   Data         200  usart.o(.bss)
    _USART2_RX_BUF                           0x200025e0   Data         100  usart.o(.bss)
    USART5_DMA_TX_BUF                        0x200027bc   Data         100  usart.o(.bss)
    judge_rxdata_buf                         0x20002820   Data         100  usart.o(.bss)
    _UART5_RX_BUF                            0x20002884   Data         100  usart.o(.bss)
    _USART6_DMA_RX_BUF                       0x20002ab8   Data         200  usart.o(.bss)
    _USART6_RX_BUF                           0x20002b80   Data         100  usart.o(.bss)
    .bss                                     0x20002c48   Section       96  libspace.o(.bss)
    HEAP                                     0x20002ca8   Section      512  startup_stm32f40_41xxx.o(HEAP)
    Heap_Mem                                 0x20002ca8   Data         512  startup_stm32f40_41xxx.o(HEAP)
    STACK                                    0x20002ea8   Section     1024  startup_stm32f40_41xxx.o(STACK)
    Stack_Mem                                0x20002ea8   Data        1024  startup_stm32f40_41xxx.o(STACK)
    __initial_sp                             0x200032a8   Data           0  startup_stm32f40_41xxx.o(STACK)

    Global Symbols

    Symbol Name                              Value     Ov Type        Size  Object(Section)

    BuildAttributes$$THM_ISAv4$E$P$D$K$B$S$7EM$VFPi3$EXTD16$VFPS$VFMA$PE$A:L22UL41UL21$X:L11$S22US41US21$IEEE1$IW$USESV6$~STKCKD$USESV7$~SHL$OTIME$ROPI$IEEEX$EBA8$UX$STANDARDLIB$REQ8$PRES8$EABIv2 0x00000000   Number         0  anon$$obj.o ABSOLUTE
    __ARM_use_no_argv                        0x00000000   Number         0  main.o ABSOLUTE
    __ARM_exceptions_init                     - Undefined Weak Reference
    __alloca_initialize                       - Undefined Weak Reference
    __arm_fini_                               - Undefined Weak Reference
    __arm_preinit_                            - Undefined Weak Reference
    __cpp_initialize__aeabi_                  - Undefined Weak Reference
    __cxa_finalize                            - Undefined Weak Reference
    __rt_locale                               - Undefined Weak Reference
    __sigvec_lookup                           - Undefined Weak Reference
    __user_heap_extent                        - Undefined Weak Reference
    _atexit_init                              - Undefined Weak Reference
    _call_atexit_fns                          - Undefined Weak Reference
    _clock_init                               - Undefined Weak Reference
    _fp_trap_init                             - Undefined Weak Reference
    _fp_trap_shutdown                         - Undefined Weak Reference
    _get_lc_collate                           - Undefined Weak Reference
    _get_lc_ctype                             - Undefined Weak Reference
    _get_lc_monetary                          - Undefined Weak Reference
    _get_lc_numeric                           - Undefined Weak Reference
    _get_lc_time                              - Undefined Weak Reference
    _getenv_init                              - Undefined Weak Reference
    _handle_redirection                       - Undefined Weak Reference
    _initio                                   - Undefined Weak Reference
    _mutex_acquire                            - Undefined Weak Reference
    _mutex_free                               - Undefined Weak Reference
    _mutex_release                            - Undefined Weak Reference
    _rand_init                                - Undefined Weak Reference
    _signal_finish                            - Undefined Weak Reference
    _signal_init                              - Undefined Weak Reference
    _terminateio                              - Undefined Weak Reference
    __Vectors_Size                           0x00000188   Number         0  startup_stm32f40_41xxx.o ABSOLUTE
    __Vectors                                0x08000000   Data           4  startup_stm32f40_41xxx.o(RESET)
    __Vectors_End                            0x08000188   Data           0  startup_stm32f40_41xxx.o(RESET)
    __main                                   0x08000189   Thumb Code     8  __main.o(!!!main)
    __scatterload                            0x08000191   Thumb Code     0  __scatter.o(!!!scatter)
    __scatterload_rt2                        0x08000191   Thumb Code    44  __scatter.o(!!!scatter)
    __scatterload_rt2_thumb_only             0x08000191   Thumb Code     0  __scatter.o(!!!scatter)
    __scatterload_null                       0x0800019f   Thumb Code     0  __scatter.o(!!!scatter)
    __scatterload_copy                       0x080001c5   Thumb Code    26  __scatter_copy.o(!!handler_copy)
    __scatterload_zeroinit                   0x080001e1   Thumb Code    28  __scatter_zi.o(!!handler_zi)
    __rt_lib_init                            0x080001fd   Thumb Code     0  libinit.o(.ARM.Collect$$libinit$$00000000)
    __rt_lib_init_fp_1                       0x080001ff   Thumb Code     0  libinit2.o(.ARM.Collect$$libinit$$00000001)
    __rt_lib_init_alloca_1                   0x08000203   Thumb Code     0  libinit2.o(.ARM.Collect$$libinit$$0000002E)
    __rt_lib_init_argv_1                     0x08000203   Thumb Code     0  libinit2.o(.ARM.Collect$$libinit$$0000002C)
    __rt_lib_init_atexit_1                   0x08000203   Thumb Code     0  libinit2.o(.ARM.Collect$$libinit$$0000001B)
    __rt_lib_init_clock_1                    0x08000203   Thumb Code     0  libinit2.o(.ARM.Collect$$libinit$$00000021)
    __rt_lib_init_cpp_1                      0x08000203   Thumb Code     0  libinit2.o(.ARM.Collect$$libinit$$00000032)
    __rt_lib_init_exceptions_1               0x08000203   Thumb Code     0  libinit2.o(.ARM.Collect$$libinit$$00000030)
    __rt_lib_init_fp_trap_1                  0x08000203   Thumb Code     0  libinit2.o(.ARM.Collect$$libinit$$0000001F)
    __rt_lib_init_getenv_1                   0x08000203   Thumb Code     0  libinit2.o(.ARM.Collect$$libinit$$00000023)
    __rt_lib_init_heap_1                     0x08000203   Thumb Code     0  libinit2.o(.ARM.Collect$$libinit$$0000000A)
    __rt_lib_init_lc_collate_1               0x08000203   Thumb Code     0  libinit2.o(.ARM.Collect$$libinit$$00000011)
    __rt_lib_init_lc_ctype_1                 0x08000203   Thumb Code     0  libinit2.o(.ARM.Collect$$libinit$$00000013)
    __rt_lib_init_lc_monetary_1              0x08000203   Thumb Code     0  libinit2.o(.ARM.Collect$$libinit$$00000015)
    __rt_lib_init_lc_numeric_1               0x08000203   Thumb Code     0  libinit2.o(.ARM.Collect$$libinit$$00000017)
    __rt_lib_init_lc_time_1                  0x08000203   Thumb Code     0  libinit2.o(.ARM.Collect$$libinit$$00000019)
    __rt_lib_init_preinit_1                  0x08000203   Thumb Code     0  libinit2.o(.ARM.Collect$$libinit$$00000004)
    __rt_lib_init_rand_1                     0x08000203   Thumb Code     0  libinit2.o(.ARM.Collect$$libinit$$0000000E)
    __rt_lib_init_return                     0x08000203   Thumb Code     0  libinit2.o(.ARM.Collect$$libinit$$00000033)
    __rt_lib_init_signal_1                   0x08000203   Thumb Code     0  libinit2.o(.ARM.Collect$$libinit$$0000001D)
    __rt_lib_init_stdio_1                    0x08000203   Thumb Code     0  libinit2.o(.ARM.Collect$$libinit$$00000025)
    __rt_lib_init_user_alloc_1               0x08000203   Thumb Code     0  libinit2.o(.ARM.Collect$$libinit$$0000000C)
    __rt_lib_shutdown                        0x08000205   Thumb Code     0  libshutdown.o(.ARM.Collect$$libshutdown$$00000000)
    __rt_lib_shutdown_cpp_1                  0x08000207   Thumb Code     0  libshutdown2.o(.ARM.Collect$$libshutdown$$00000004)
    __rt_lib_shutdown_fini_1                 0x08000207   Thumb Code     0  libshutdown2.o(.ARM.Collect$$libshutdown$$00000002)
    __rt_lib_shutdown_fp_trap_1              0x08000207   Thumb Code     0  libshutdown2.o(.ARM.Collect$$libshutdown$$00000009)
    __rt_lib_shutdown_heap_1                 0x08000207   Thumb Code     0  libshutdown2.o(.ARM.Collect$$libshutdown$$00000011)
    __rt_lib_shutdown_return                 0x08000207   Thumb Code     0  libshutdown2.o(.ARM.Collect$$libshutdown$$00000012)
    __rt_lib_shutdown_signal_1               0x08000207   Thumb Code     0  libshutdown2.o(.ARM.Collect$$libshutdown$$0000000C)
    __rt_lib_shutdown_stdio_1                0x08000207   Thumb Code     0  libshutdown2.o(.ARM.Collect$$libshutdown$$00000006)
    __rt_lib_shutdown_user_alloc_1           0x08000207   Thumb Code     0  libshutdown2.o(.ARM.Collect$$libshutdown$$0000000E)
    __rt_entry                               0x08000209   Thumb Code     0  __rtentry.o(.ARM.Collect$$rtentry$$00000000)
    __rt_entry_presh_1                       0x08000209   Thumb Code     0  __rtentry2.o(.ARM.Collect$$rtentry$$00000002)
    __rt_entry_sh                            0x08000209   Thumb Code     0  __rtentry4.o(.ARM.Collect$$rtentry$$00000004)
    __rt_entry_li                            0x0800020f   Thumb Code     0  __rtentry2.o(.ARM.Collect$$rtentry$$0000000A)
    __rt_entry_postsh_1                      0x0800020f   Thumb Code     0  __rtentry2.o(.ARM.Collect$$rtentry$$00000009)
    __rt_entry_main                          0x08000213   Thumb Code     0  __rtentry2.o(.ARM.Collect$$rtentry$$0000000D)
    __rt_entry_postli_1                      0x08000213   Thumb Code     0  __rtentry2.o(.ARM.Collect$$rtentry$$0000000C)
    __rt_exit                                0x0800021b   Thumb Code     0  rtexit.o(.ARM.Collect$$rtexit$$00000000)
    __rt_exit_ls                             0x0800021d   Thumb Code     0  rtexit2.o(.ARM.Collect$$rtexit$$00000003)
    __rt_exit_prels_1                        0x0800021d   Thumb Code     0  rtexit2.o(.ARM.Collect$$rtexit$$00000002)
    __rt_exit_exit                           0x08000221   Thumb Code     0  rtexit2.o(.ARM.Collect$$rtexit$$00000004)
    main                                     0x08000229   Thumb Code   128  main.o(.text)
    NMI_Handler                              0x080002c5   Thumb Code     2  stm32f4xx_it.o(.text)
    HardFault_Handler                        0x080002c7   Thumb Code     4  stm32f4xx_it.o(.text)
    MemManage_Handler                        0x080002cb   Thumb Code     4  stm32f4xx_it.o(.text)
    BusFault_Handler                         0x080002cf   Thumb Code     4  stm32f4xx_it.o(.text)
    UsageFault_Handler                       0x080002d3   Thumb Code     4  stm32f4xx_it.o(.text)
    SVC_Handler                              0x080002d7   Thumb Code     2  stm32f4xx_it.o(.text)
    DebugMon_Handler                         0x080002d9   Thumb Code     2  stm32f4xx_it.o(.text)
    PendSV_Handler                           0x080002db   Thumb Code     2  stm32f4xx_it.o(.text)
    SysTick_Handler                          0x080002dd   Thumb Code     2  stm32f4xx_it.o(.text)
    SystemInit                               0x080003bd   Thumb Code    88  system_stm32f4xx.o(.text)
    SystemCoreClockUpdate                    0x08000415   Thumb Code   174  system_stm32f4xx.o(.text)
    BSP_Init                                 0x080004f1   Thumb Code    90  bsp.o(.text)
    gimbal_parameter_Init                    0x08000551   Thumb Code    22  infantry_gimbal_task.o(.text)
    auto_big_buff_handle                     0x08000567   Thumb Code   654  infantry_gimbal_task.o(.text)
    auto_small_buff_handle                   0x080007f5   Thumb Code   740  infantry_gimbal_task.o(.text)
    gimbal_follow_gyro_handle                0x08000ad9   Thumb Code   288  infantry_gimbal_task.o(.text)
    gimbal_init_handle                       0x08000bf9   Thumb Code   240  infantry_gimbal_task.o(.text)
    gimbal_task                              0x08000ce9   Thumb Code   138  infantry_gimbal_task.o(.text)
    mode_switch_task                         0x08000db9   Thumb Code   394  mode_switch_task.o(.text)
    abs_limit                                0x08000f61   Thumb Code    46  oldpid.o(.text)
    pid_calc                                 0x08000fd1   Thumb Code   504  oldpid.o(.text)
    pid_calc1                                0x080011c9   Thumb Code   502  oldpid.o(.text)
    PID_struct_init                          0x080013bf   Thumb Code    66  oldpid.o(.text)
    pid_clr                                  0x08001401   Thumb Code    58  oldpid.o(.text)
    pid_double_loop_cal                      0x0800143b   Thumb Code    68  oldpid.o(.text)
    Can1ReceiveMsgProcess                    0x08001485   Thumb Code    26  canbus.o(.text)
    Can2ReceiveMsgProcess                    0x0800149f   Thumb Code    46  canbus.o(.text)
    Set_GM6020_IQ1                           0x080014cd   Thumb Code    92  canbus.o(.text)
    Set_GM6020_IQ2                           0x08001529   Thumb Code    92  canbus.o(.text)
    Set_C620andC610_IQ1                      0x08001585   Thumb Code    92  canbus.o(.text)
    Set_C620andC610_IQ2                      0x080015e1   Thumb Code    92  canbus.o(.text)
    CAN_9015Command                          0x0800163d   Thumb Code    74  canbus.o(.text)
    CAN_9015setpidCommand                    0x08001687   Thumb Code   166  canbus.o(.text)
    CAN_9015angleControl                     0x0800172d   Thumb Code    90  canbus.o(.text)
    CAN_9015speedControl                     0x08001787   Thumb Code    82  canbus.o(.text)
    CAN_9015torsionControl                   0x080017d9   Thumb Code    80  canbus.o(.text)
    POWER_Control1                           0x08001829   Thumb Code    88  canbus.o(.text)
    POWER_Control1l                          0x08001881   Thumb Code    68  canbus.o(.text)
    power_send_handle2                       0x080018c5   Thumb Code    46  canbus.o(.text)
    power_send_handle1                       0x080018f3   Thumb Code    74  canbus.o(.text)
    HT_430_Encoder_Calibration               0x0800193d   Thumb Code    40  canbus.o(.text)
    HT_430_Encoder_Origin                    0x08001965   Thumb Code    40  canbus.o(.text)
    Motor_Information_Request                0x0800198d   Thumb Code    40  canbus.o(.text)
    HT_430_Fault_Clear                       0x080019b5   Thumb Code    40  canbus.o(.text)
    HT_430_Tuen_Off                          0x080019dd   Thumb Code    40  canbus.o(.text)
    HT_430_Origin_Total                      0x08001a05   Thumb Code    40  canbus.o(.text)
    HT_430_Back                              0x08001a2d   Thumb Code    40  canbus.o(.text)
    HT_430_Power_Open_Loop                   0x08001a55   Thumb Code    66  canbus.o(.text)
    HT_430_V_Clossed_Loop                    0x08001a97   Thumb Code    66  canbus.o(.text)
    HT_430_Absolute_Position_closed_Loop     0x08001ad9   Thumb Code    92  canbus.o(.text)
    HT_430_Relative_Position_closed_Loop     0x08001b35   Thumb Code    92  canbus.o(.text)
    HT_430_Position_closed_Loop_T_R_OR_W     0x08001b91   Thumb Code    72  canbus.o(.text)
    GetEncoderBias                           0x08001bd9   Thumb Code    26  dji_motor.o(.text)
    EncoderProcess                           0x08001bf3   Thumb Code   224  dji_motor.o(.text)
    GM6020EncoderProcess                     0x08001cd3   Thumb Code   180  dji_motor.o(.text)
    M3508orM2006EncoderTask                  0x08001d87   Thumb Code    32  dji_motor.o(.text)
    GM6020EncoderTask                        0x08001da7   Thumb Code    66  dji_motor.o(.text)
    T_Key_procces                            0x08001df1   Thumb Code    44  remote.o(.text)
    updateKeyFlag                            0x08001e1d   Thumb Code    16  remote.o(.text)
    keyborad_process                         0x08001e2d   Thumb Code   470  remote.o(.text)
    GetRemoteSwitchAction                    0x08002003   Thumb Code    90  remote.o(.text)
    SetInputMode                             0x0800205d   Thumb Code    30  remote.o(.text)
    RemoteDataPrcess                         0x0800207b   Thumb Code   200  remote.o(.text)
    CAN1_Mode_Init                           0x080021c9   Thumb Code   230  can.o(.text)
    CAN1_TX_IRQHandler                       0x080022af   Thumb Code    22  can.o(.text)
    CAN1_RX0_IRQHandler                      0x080022c5   Thumb Code    54  can.o(.text)
    CAN2_Mode_Init                           0x080022fb   Thumb Code   260  can.o(.text)
    CAN2_TX_IRQHandler                       0x080023ff   Thumb Code    22  can.o(.text)
    CAN2_RX0_IRQHandler                      0x08002415   Thumb Code    46  can.o(.text)
    usart1_init                              0x08002459   Thumb Code   298  usart.o(.text)
    USART1_IRQHandler                        0x08002583   Thumb Code   194  usart.o(.text)
    usart2_init                              0x08002645   Thumb Code   298  usart.o(.text)
    USART2_IRQHandler                        0x0800276f   Thumb Code   184  usart.o(.text)
    usart3_init                              0x08002827   Thumb Code   326  usart.o(.text)
    USART3_IRQHandler                        0x0800296d   Thumb Code    84  usart.o(.text)
    uart4_init                               0x080029c1   Thumb Code   430  usart.o(.text)
    UART4_IRQHandler                         0x08002b6f   Thumb Code    86  usart.o(.text)
    Uart4DmaSendDataProc                     0x08002bc5   Thumb Code    24  usart.o(.text)
    DMA1_Stream4_IRQHandler                  0x08002bdd   Thumb Code    36  usart.o(.text)
    Uart4SendByteInfoProc                    0x08002c01   Thumb Code    24  usart.o(.text)
    Uart4SendBytesInfoProc                   0x08002c19   Thumb Code    44  usart.o(.text)
    uart5_init                               0x08002c45   Thumb Code   508  usart.o(.text)
    MYDMA_Enable                             0x08002e41   Thumb Code    44  usart.o(.text)
    UART5_IRQHandler                         0x08002e6d   Thumb Code    76  usart.o(.text)
    usart6_init                              0x08002eb9   Thumb Code   270  usart.o(.text)
    USART6_IRQHandler                        0x08002fc7   Thumb Code   176  usart.o(.text)
    TIM3_Configuration                       0x080030ad   Thumb Code   106  timer.o(.text)
    TIM6_Configuration                       0x08003117   Thumb Code    98  timer.o(.text)
    TIM6_DAC_IRQHandler                      0x08003179   Thumb Code    44  timer.o(.text)
    PWM_Configuration                        0x080031b5   Thumb Code   220  pwm.o(.text)
    PWM                                      0x08003291   Thumb Code   154  pwm.o(.text)
    NVIC_PriorityGroupConfig                 0x0800333d   Thumb Code    10  misc.o(.text)
    NVIC_Init                                0x08003347   Thumb Code   106  misc.o(.text)
    NVIC_SetVectorTable                      0x080033b1   Thumb Code    14  misc.o(.text)
    NVIC_SystemLPConfig                      0x080033bf   Thumb Code    34  misc.o(.text)
    SysTick_CLKSourceConfig                  0x080033e1   Thumb Code    40  misc.o(.text)
    CAN_DeInit                               0x0800341d   Thumb Code    50  stm32f4xx_can.o(.text)
    CAN_Init                                 0x0800344f   Thumb Code   276  stm32f4xx_can.o(.text)
    CAN_FilterInit                           0x08003563   Thumb Code   258  stm32f4xx_can.o(.text)
    CAN_StructInit                           0x08003665   Thumb Code    32  stm32f4xx_can.o(.text)
    CAN_SlaveStartBank                       0x08003685   Thumb Code    48  stm32f4xx_can.o(.text)
    CAN_DBGFreeze                            0x080036b5   Thumb Code    22  stm32f4xx_can.o(.text)
    CAN_TTComModeCmd                         0x080036cb   Thumb Code   118  stm32f4xx_can.o(.text)
    CAN_Transmit                             0x08003741   Thumb Code   304  stm32f4xx_can.o(.text)
    CAN_TransmitStatus                       0x08003871   Thumb Code   138  stm32f4xx_can.o(.text)
    CAN_CancelTransmit                       0x080038fb   Thumb Code    48  stm32f4xx_can.o(.text)
    CAN_Receive                              0x0800392b   Thumb Code   240  stm32f4xx_can.o(.text)
    CAN_FIFORelease                          0x08003a1b   Thumb Code    22  stm32f4xx_can.o(.text)
    CAN_MessagePending                       0x08003a31   Thumb Code    30  stm32f4xx_can.o(.text)
    CAN_OperatingModeRequest                 0x08003a4f   Thumb Code   162  stm32f4xx_can.o(.text)
    CAN_Sleep                                0x08003af1   Thumb Code    30  stm32f4xx_can.o(.text)
    CAN_WakeUp                               0x08003b0f   Thumb Code    48  stm32f4xx_can.o(.text)
    CAN_GetLastErrorCode                     0x08003b3f   Thumb Code    12  stm32f4xx_can.o(.text)
    CAN_GetReceiveErrorCounter               0x08003b4b   Thumb Code    10  stm32f4xx_can.o(.text)
    CAN_GetLSBTransmitErrorCounter           0x08003b55   Thumb Code    12  stm32f4xx_can.o(.text)
    CAN_ITConfig                             0x08003b61   Thumb Code    18  stm32f4xx_can.o(.text)
    CAN_GetFlagStatus                        0x08003b73   Thumb Code   120  stm32f4xx_can.o(.text)
    CAN_ClearFlag                            0x08003beb   Thumb Code    52  stm32f4xx_can.o(.text)
    CAN_GetITStatus                          0x08003c31   Thumb Code   310  stm32f4xx_can.o(.text)
    CAN_ClearITPendingBit                    0x08003d67   Thumb Code   162  stm32f4xx_can.o(.text)
    DMA_DeInit                               0x08003e0d   Thumb Code   324  stm32f4xx_dma.o(.text)
    DMA_Init                                 0x08003f51   Thumb Code    82  stm32f4xx_dma.o(.text)
    DMA_StructInit                           0x08003fa3   Thumb Code    34  stm32f4xx_dma.o(.text)
    DMA_Cmd                                  0x08003fc5   Thumb Code    22  stm32f4xx_dma.o(.text)
    DMA_PeriphIncOffsetSizeConfig            0x08003fdb   Thumb Code    22  stm32f4xx_dma.o(.text)
    DMA_FlowControllerConfig                 0x08003ff1   Thumb Code    22  stm32f4xx_dma.o(.text)
    DMA_SetCurrDataCounter                   0x08004007   Thumb Code     4  stm32f4xx_dma.o(.text)
    DMA_GetCurrDataCounter                   0x0800400b   Thumb Code     8  stm32f4xx_dma.o(.text)
    DMA_DoubleBufferModeConfig               0x08004013   Thumb Code    24  stm32f4xx_dma.o(.text)
    DMA_DoubleBufferModeCmd                  0x0800402b   Thumb Code    22  stm32f4xx_dma.o(.text)
    DMA_MemoryTargetConfig                   0x08004041   Thumb Code    10  stm32f4xx_dma.o(.text)
    DMA_GetCurrentMemoryTarget               0x0800404b   Thumb Code    20  stm32f4xx_dma.o(.text)
    DMA_GetCmdStatus                         0x0800405f   Thumb Code    20  stm32f4xx_dma.o(.text)
    DMA_GetFIFOStatus                        0x08004073   Thumb Code    12  stm32f4xx_dma.o(.text)
    DMA_GetFlagStatus                        0x0800407f   Thumb Code    56  stm32f4xx_dma.o(.text)
    DMA_ClearFlag                            0x080040b7   Thumb Code    40  stm32f4xx_dma.o(.text)
    DMA_ITConfig                             0x080040df   Thumb Code    58  stm32f4xx_dma.o(.text)
    DMA_GetITStatus                          0x08004119   Thumb Code    84  stm32f4xx_dma.o(.text)
    DMA_ClearITPendingBit                    0x0800416d   Thumb Code    40  stm32f4xx_dma.o(.text)
    GPIO_DeInit                              0x080041b5   Thumb Code   268  stm32f4xx_gpio.o(.text)
    GPIO_Init                                0x080042c1   Thumb Code   144  stm32f4xx_gpio.o(.text)
    GPIO_StructInit                          0x08004351   Thumb Code    18  stm32f4xx_gpio.o(.text)
    GPIO_PinLockConfig                       0x08004363   Thumb Code    34  stm32f4xx_gpio.o(.text)
    GPIO_ReadInputDataBit                    0x08004385   Thumb Code    18  stm32f4xx_gpio.o(.text)
    GPIO_ReadInputData                       0x08004397   Thumb Code     8  stm32f4xx_gpio.o(.text)
    GPIO_ReadOutputDataBit                   0x0800439f   Thumb Code    18  stm32f4xx_gpio.o(.text)
    GPIO_ReadOutputData                      0x080043b1   Thumb Code     8  stm32f4xx_gpio.o(.text)
    GPIO_SetBits                             0x080043b9   Thumb Code     4  stm32f4xx_gpio.o(.text)
    GPIO_ResetBits                           0x080043bd   Thumb Code     4  stm32f4xx_gpio.o(.text)
    GPIO_WriteBit                            0x080043c1   Thumb Code    10  stm32f4xx_gpio.o(.text)
    GPIO_Write                               0x080043cb   Thumb Code     4  stm32f4xx_gpio.o(.text)
    GPIO_ToggleBits                          0x080043cf   Thumb Code     8  stm32f4xx_gpio.o(.text)
    GPIO_PinAFConfig                         0x080043d7   Thumb Code    70  stm32f4xx_gpio.o(.text)
    RCC_DeInit                               0x08004449   Thumb Code    82  stm32f4xx_rcc.o(.text)
    RCC_HSEConfig                            0x0800449b   Thumb Code    14  stm32f4xx_rcc.o(.text)
    RCC_GetFlagStatus                        0x080044a9   Thumb Code    60  stm32f4xx_rcc.o(.text)
    RCC_WaitForHSEStartUp                    0x080044e5   Thumb Code    56  stm32f4xx_rcc.o(.text)
    RCC_AdjustHSICalibrationValue            0x0800451d   Thumb Code    20  stm32f4xx_rcc.o(.text)
    RCC_HSICmd                               0x08004531   Thumb Code     6  stm32f4xx_rcc.o(.text)
    RCC_LSEConfig                            0x08004537   Thumb Code    46  stm32f4xx_rcc.o(.text)
    RCC_LSICmd                               0x08004565   Thumb Code     6  stm32f4xx_rcc.o(.text)
    RCC_PLLConfig                            0x0800456b   Thumb Code    32  stm32f4xx_rcc.o(.text)
    RCC_PLLCmd                               0x0800458b   Thumb Code     6  stm32f4xx_rcc.o(.text)
    RCC_PLLI2SConfig                         0x08004591   Thumb Code    14  stm32f4xx_rcc.o(.text)
    RCC_PLLI2SCmd                            0x0800459f   Thumb Code     6  stm32f4xx_rcc.o(.text)
    RCC_PLLSAIConfig                         0x080045a5   Thumb Code    20  stm32f4xx_rcc.o(.text)
    RCC_PLLSAICmd                            0x080045b9   Thumb Code     6  stm32f4xx_rcc.o(.text)
    RCC_ClockSecuritySystemCmd               0x080045bf   Thumb Code     6  stm32f4xx_rcc.o(.text)
    RCC_MCO1Config                           0x080045c5   Thumb Code    28  stm32f4xx_rcc.o(.text)
    RCC_MCO2Config                           0x080045e1   Thumb Code    28  stm32f4xx_rcc.o(.text)
    RCC_SYSCLKConfig                         0x080045fd   Thumb Code    20  stm32f4xx_rcc.o(.text)
    RCC_GetSYSCLKSource                      0x08004611   Thumb Code    12  stm32f4xx_rcc.o(.text)
    RCC_HCLKConfig                           0x0800461d   Thumb Code    20  stm32f4xx_rcc.o(.text)
    RCC_PCLK1Config                          0x08004631   Thumb Code    20  stm32f4xx_rcc.o(.text)
    RCC_PCLK2Config                          0x08004645   Thumb Code    22  stm32f4xx_rcc.o(.text)
    RCC_GetClocksFreq                        0x0800465b   Thumb Code   222  stm32f4xx_rcc.o(.text)
    RCC_RTCCLKConfig                         0x08004739   Thumb Code    54  stm32f4xx_rcc.o(.text)
    RCC_RTCCLKCmd                            0x0800476f   Thumb Code     8  stm32f4xx_rcc.o(.text)
    RCC_BackupResetCmd                       0x08004777   Thumb Code     8  stm32f4xx_rcc.o(.text)
    RCC_I2SCLKConfig                         0x0800477f   Thumb Code     6  stm32f4xx_rcc.o(.text)
    RCC_SAIPLLI2SClkDivConfig                0x08004785   Thumb Code    26  stm32f4xx_rcc.o(.text)
    RCC_SAIPLLSAIClkDivConfig                0x0800479f   Thumb Code    28  stm32f4xx_rcc.o(.text)
    RCC_SAIBlockACLKConfig                   0x080047bb   Thumb Code    20  stm32f4xx_rcc.o(.text)
    RCC_SAIBlockBCLKConfig                   0x080047cf   Thumb Code    20  stm32f4xx_rcc.o(.text)
    RCC_LTDCCLKDivConfig                     0x080047e3   Thumb Code    20  stm32f4xx_rcc.o(.text)
    RCC_TIMCLKPresConfig                     0x080047f7   Thumb Code     6  stm32f4xx_rcc.o(.text)
    RCC_AHB1PeriphClockCmd                   0x080047fd   Thumb Code    34  stm32f4xx_rcc.o(.text)
    RCC_AHB2PeriphClockCmd                   0x0800481f   Thumb Code    78  stm32f4xx_rcc.o(.text)
    RCC_AHB3PeriphClockCmd                   0x0800486d   Thumb Code    34  stm32f4xx_rcc.o(.text)
    RCC_APB1PeriphClockCmd                   0x0800488f   Thumb Code    34  stm32f4xx_rcc.o(.text)
    RCC_APB2PeriphClockCmd                   0x080048b1   Thumb Code    34  stm32f4xx_rcc.o(.text)
    RCC_AHB1PeriphResetCmd                   0x080048d3   Thumb Code    34  stm32f4xx_rcc.o(.text)
    RCC_AHB2PeriphResetCmd                   0x080048f5   Thumb Code    34  stm32f4xx_rcc.o(.text)
    RCC_AHB3PeriphResetCmd                   0x08004917   Thumb Code    34  stm32f4xx_rcc.o(.text)
    RCC_APB1PeriphResetCmd                   0x08004939   Thumb Code    34  stm32f4xx_rcc.o(.text)
    RCC_APB2PeriphResetCmd                   0x0800495b   Thumb Code    34  stm32f4xx_rcc.o(.text)
    RCC_AHB1PeriphClockLPModeCmd             0x0800497d   Thumb Code    34  stm32f4xx_rcc.o(.text)
    RCC_AHB2PeriphClockLPModeCmd             0x0800499f   Thumb Code    34  stm32f4xx_rcc.o(.text)
    RCC_AHB3PeriphClockLPModeCmd             0x080049c1   Thumb Code    34  stm32f4xx_rcc.o(.text)
    RCC_APB1PeriphClockLPModeCmd             0x080049e3   Thumb Code    34  stm32f4xx_rcc.o(.text)
    RCC_APB2PeriphClockLPModeCmd             0x08004a05   Thumb Code    34  stm32f4xx_rcc.o(.text)
    RCC_LSEModeConfig                        0x08004a27   Thumb Code    40  stm32f4xx_rcc.o(.text)
    RCC_ITConfig                             0x08004a4f   Thumb Code    34  stm32f4xx_rcc.o(.text)
    RCC_ClearFlag                            0x08004a71   Thumb Code    18  stm32f4xx_rcc.o(.text)
    RCC_GetITStatus                          0x08004a83   Thumb Code    22  stm32f4xx_rcc.o(.text)
    RCC_ClearITPendingBit                    0x08004a99   Thumb Code     8  stm32f4xx_rcc.o(.text)
    TIM_DeInit                               0x08004aa5   Thumb Code   346  stm32f4xx_tim.o(.text)
    TIM_TimeBaseInit                         0x08004bff   Thumb Code   104  stm32f4xx_tim.o(.text)
    TIM_TimeBaseStructInit                   0x08004c67   Thumb Code    18  stm32f4xx_tim.o(.text)
    TIM_PrescalerConfig                      0x08004c79   Thumb Code     6  stm32f4xx_tim.o(.text)
    TIM_CounterModeConfig                    0x08004c7f   Thumb Code    18  stm32f4xx_tim.o(.text)
    TIM_SetCounter                           0x08004c91   Thumb Code     4  stm32f4xx_tim.o(.text)
    TIM_SetAutoreload                        0x08004c95   Thumb Code     4  stm32f4xx_tim.o(.text)
    TIM_GetCounter                           0x08004c99   Thumb Code     6  stm32f4xx_tim.o(.text)
    TIM_GetPrescaler                         0x08004c9f   Thumb Code     6  stm32f4xx_tim.o(.text)
    TIM_UpdateDisableConfig                  0x08004ca5   Thumb Code    24  stm32f4xx_tim.o(.text)
    TIM_UpdateRequestConfig                  0x08004cbd   Thumb Code    24  stm32f4xx_tim.o(.text)
    TIM_ARRPreloadConfig                     0x08004cd5   Thumb Code    24  stm32f4xx_tim.o(.text)
    TIM_SelectOnePulseMode                   0x08004ced   Thumb Code    18  stm32f4xx_tim.o(.text)
    TIM_SetClockDivision                     0x08004cff   Thumb Code    18  stm32f4xx_tim.o(.text)
    TIM_Cmd                                  0x08004d11   Thumb Code    24  stm32f4xx_tim.o(.text)
    TIM_OC1Init                              0x08004d29   Thumb Code   114  stm32f4xx_tim.o(.text)
    TIM_OC2Init                              0x08004d9b   Thumb Code   154  stm32f4xx_tim.o(.text)
    TIM_OC3Init                              0x08004e35   Thumb Code   204  stm32f4xx_tim.o(.text)
    TIM_OC4Init                              0x08004f01   Thumb Code   112  stm32f4xx_tim.o(.text)
    TIM_OCStructInit                         0x08004f71   Thumb Code    20  stm32f4xx_tim.o(.text)
    TIM_SelectOCxM                           0x08004f85   Thumb Code    86  stm32f4xx_tim.o(.text)
    TIM_SetCompare1                          0x08004fdb   Thumb Code     4  stm32f4xx_tim.o(.text)
    TIM_SetCompare2                          0x08004fdf   Thumb Code     4  stm32f4xx_tim.o(.text)
    TIM_SetCompare3                          0x08004fe3   Thumb Code     4  stm32f4xx_tim.o(.text)
    TIM_SetCompare4                          0x08004fe7   Thumb Code     4  stm32f4xx_tim.o(.text)
    TIM_ForcedOC1Config                      0x08004feb   Thumb Code    18  stm32f4xx_tim.o(.text)
    TIM_ForcedOC2Config                      0x08004ffd   Thumb Code    26  stm32f4xx_tim.o(.text)
    TIM_ForcedOC3Config                      0x08005017   Thumb Code    18  stm32f4xx_tim.o(.text)
    TIM_ForcedOC4Config                      0x08005029   Thumb Code    26  stm32f4xx_tim.o(.text)
    TIM_OC1PreloadConfig                     0x08005043   Thumb Code    18  stm32f4xx_tim.o(.text)
    TIM_OC2PreloadConfig                     0x08005055   Thumb Code    26  stm32f4xx_tim.o(.text)
    TIM_OC3PreloadConfig                     0x0800506f   Thumb Code    18  stm32f4xx_tim.o(.text)
    TIM_OC4PreloadConfig                     0x08005081   Thumb Code    26  stm32f4xx_tim.o(.text)
    TIM_OC1FastConfig                        0x0800509b   Thumb Code    18  stm32f4xx_tim.o(.text)
    TIM_OC2FastConfig                        0x080050ad   Thumb Code    26  stm32f4xx_tim.o(.text)
    TIM_OC3FastConfig                        0x080050c7   Thumb Code    18  stm32f4xx_tim.o(.text)
    TIM_OC4FastConfig                        0x080050d9   Thumb Code    26  stm32f4xx_tim.o(.text)
    TIM_ClearOC1Ref                          0x080050f3   Thumb Code    18  stm32f4xx_tim.o(.text)
    TIM_ClearOC2Ref                          0x08005105   Thumb Code    24  stm32f4xx_tim.o(.text)
    TIM_ClearOC3Ref                          0x0800511d   Thumb Code    18  stm32f4xx_tim.o(.text)
    TIM_ClearOC4Ref                          0x0800512f   Thumb Code    24  stm32f4xx_tim.o(.text)
    TIM_OC1PolarityConfig                    0x08005147   Thumb Code    18  stm32f4xx_tim.o(.text)
    TIM_OC1NPolarityConfig                   0x08005159   Thumb Code    18  stm32f4xx_tim.o(.text)
    TIM_OC2PolarityConfig                    0x0800516b   Thumb Code    26  stm32f4xx_tim.o(.text)
    TIM_OC2NPolarityConfig                   0x08005185   Thumb Code    26  stm32f4xx_tim.o(.text)
    TIM_OC3PolarityConfig                    0x0800519f   Thumb Code    26  stm32f4xx_tim.o(.text)
    TIM_OC3NPolarityConfig                   0x080051b9   Thumb Code    26  stm32f4xx_tim.o(.text)
    TIM_OC4PolarityConfig                    0x080051d3   Thumb Code    26  stm32f4xx_tim.o(.text)
    TIM_CCxCmd                               0x080051ed   Thumb Code    30  stm32f4xx_tim.o(.text)
    TIM_CCxNCmd                              0x0800520b   Thumb Code    30  stm32f4xx_tim.o(.text)
    TIM_SetIC4Prescaler                      0x08005229   Thumb Code    26  stm32f4xx_tim.o(.text)
    TIM_SetIC3Prescaler                      0x08005293   Thumb Code    18  stm32f4xx_tim.o(.text)
    TIM_SetIC2Prescaler                      0x080052ed   Thumb Code    26  stm32f4xx_tim.o(.text)
    TIM_SetIC1Prescaler                      0x08005361   Thumb Code    18  stm32f4xx_tim.o(.text)
    TIM_ICInit                               0x080053ad   Thumb Code   110  stm32f4xx_tim.o(.text)
    TIM_ICStructInit                         0x0800541b   Thumb Code    18  stm32f4xx_tim.o(.text)
    TIM_PWMIConfig                           0x0800542d   Thumb Code   124  stm32f4xx_tim.o(.text)
    TIM_GetCapture1                          0x080054a9   Thumb Code     6  stm32f4xx_tim.o(.text)
    TIM_GetCapture2                          0x080054af   Thumb Code     6  stm32f4xx_tim.o(.text)
    TIM_GetCapture3                          0x080054b5   Thumb Code     6  stm32f4xx_tim.o(.text)
    TIM_GetCapture4                          0x080054bb   Thumb Code     6  stm32f4xx_tim.o(.text)
    TIM_BDTRConfig                           0x080054c1   Thumb Code    32  stm32f4xx_tim.o(.text)
    TIM_BDTRStructInit                       0x080054e1   Thumb Code    18  stm32f4xx_tim.o(.text)
    TIM_CtrlPWMOutputs                       0x080054f3   Thumb Code    30  stm32f4xx_tim.o(.text)
    TIM_SelectCOM                            0x08005511   Thumb Code    24  stm32f4xx_tim.o(.text)
    TIM_CCPreloadControl                     0x08005529   Thumb Code    24  stm32f4xx_tim.o(.text)
    TIM_ITConfig                             0x08005541   Thumb Code    18  stm32f4xx_tim.o(.text)
    TIM_GenerateEvent                        0x08005553   Thumb Code     4  stm32f4xx_tim.o(.text)
    TIM_GetFlagStatus                        0x08005557   Thumb Code    18  stm32f4xx_tim.o(.text)
    TIM_ClearFlag                            0x08005569   Thumb Code     6  stm32f4xx_tim.o(.text)
    TIM_GetITStatus                          0x0800556f   Thumb Code    34  stm32f4xx_tim.o(.text)
    TIM_ClearITPendingBit                    0x08005591   Thumb Code     6  stm32f4xx_tim.o(.text)
    TIM_DMAConfig                            0x08005597   Thumb Code    10  stm32f4xx_tim.o(.text)
    TIM_DMACmd                               0x080055a1   Thumb Code    18  stm32f4xx_tim.o(.text)
    TIM_SelectCCDMA                          0x080055b3   Thumb Code    24  stm32f4xx_tim.o(.text)
    TIM_InternalClockConfig                  0x080055cb   Thumb Code    12  stm32f4xx_tim.o(.text)
    TIM_SelectInputTrigger                   0x080055d7   Thumb Code    18  stm32f4xx_tim.o(.text)
    TIM_ITRxExternalClockConfig              0x080055e9   Thumb Code    24  stm32f4xx_tim.o(.text)
    TIM_TIxExternalClockConfig               0x08005601   Thumb Code    62  stm32f4xx_tim.o(.text)
    TIM_ETRConfig                            0x0800563f   Thumb Code    28  stm32f4xx_tim.o(.text)
    TIM_ETRClockMode1Config                  0x0800565b   Thumb Code    54  stm32f4xx_tim.o(.text)
    TIM_ETRClockMode2Config                  0x08005691   Thumb Code    32  stm32f4xx_tim.o(.text)
    TIM_SelectOutputTrigger                  0x080056b1   Thumb Code    18  stm32f4xx_tim.o(.text)
    TIM_SelectSlaveMode                      0x080056c3   Thumb Code    18  stm32f4xx_tim.o(.text)
    TIM_SelectMasterSlaveMode                0x080056d5   Thumb Code    18  stm32f4xx_tim.o(.text)
    TIM_EncoderInterfaceConfig               0x080056e7   Thumb Code    66  stm32f4xx_tim.o(.text)
    TIM_SelectHallSensor                     0x08005729   Thumb Code    24  stm32f4xx_tim.o(.text)
    TIM_RemapConfig                          0x08005741   Thumb Code     6  stm32f4xx_tim.o(.text)
    USART_DeInit                             0x08005749   Thumb Code   206  stm32f4xx_usart.o(.text)
    USART_Init                               0x08005817   Thumb Code   204  stm32f4xx_usart.o(.text)
    USART_StructInit                         0x080058e3   Thumb Code    24  stm32f4xx_usart.o(.text)
    USART_ClockInit                          0x080058fb   Thumb Code    32  stm32f4xx_usart.o(.text)
    USART_ClockStructInit                    0x0800591b   Thumb Code    12  stm32f4xx_usart.o(.text)
    USART_Cmd                                0x08005927   Thumb Code    24  stm32f4xx_usart.o(.text)
    USART_SetPrescaler                       0x0800593f   Thumb Code    16  stm32f4xx_usart.o(.text)
    USART_OverSampling8Cmd                   0x0800594f   Thumb Code    22  stm32f4xx_usart.o(.text)
    USART_OneBitMethodCmd                    0x08005965   Thumb Code    24  stm32f4xx_usart.o(.text)
    USART_SendData                           0x0800597d   Thumb Code     8  stm32f4xx_usart.o(.text)
    USART_ReceiveData                        0x08005985   Thumb Code    10  stm32f4xx_usart.o(.text)
    USART_SetAddress                         0x0800598f   Thumb Code    18  stm32f4xx_usart.o(.text)
    USART_ReceiverWakeUpCmd                  0x080059a1   Thumb Code    24  stm32f4xx_usart.o(.text)
    USART_WakeUpConfig                       0x080059b9   Thumb Code    18  stm32f4xx_usart.o(.text)
    USART_LINBreakDetectLengthConfig         0x080059cb   Thumb Code    18  stm32f4xx_usart.o(.text)
    USART_LINCmd                             0x080059dd   Thumb Code    24  stm32f4xx_usart.o(.text)
    USART_SendBreak                          0x080059f5   Thumb Code    10  stm32f4xx_usart.o(.text)
    USART_HalfDuplexCmd                      0x080059ff   Thumb Code    24  stm32f4xx_usart.o(.text)
    USART_SetGuardTime                       0x08005a17   Thumb Code    16  stm32f4xx_usart.o(.text)
    USART_SmartCardCmd                       0x08005a27   Thumb Code    24  stm32f4xx_usart.o(.text)
    USART_SmartCardNACKCmd                   0x08005a3f   Thumb Code    24  stm32f4xx_usart.o(.text)
    USART_IrDAConfig                         0x08005a57   Thumb Code    18  stm32f4xx_usart.o(.text)
    USART_IrDACmd                            0x08005a69   Thumb Code    24  stm32f4xx_usart.o(.text)
    USART_DMACmd                             0x08005a81   Thumb Code    18  stm32f4xx_usart.o(.text)
    USART_ITConfig                           0x08005a93   Thumb Code    74  stm32f4xx_usart.o(.text)
    USART_GetFlagStatus                      0x08005add   Thumb Code    26  stm32f4xx_usart.o(.text)
    USART_ClearFlag                          0x08005af7   Thumb Code    18  stm32f4xx_usart.o(.text)
    USART_GetITStatus                        0x08005b09   Thumb Code   118  stm32f4xx_usart.o(.text)
    USART_ClearITPendingBit                  0x08005b7f   Thumb Code    30  stm32f4xx_usart.o(.text)
    Reset_Handler                            0x08005b9d   Thumb Code     8  startup_stm32f40_41xxx.o(.text)
    ADC_IRQHandler                           0x08005bb7   Thumb Code     0  startup_stm32f40_41xxx.o(.text)
    CAN1_RX1_IRQHandler                      0x08005bb7   Thumb Code     0  startup_stm32f40_41xxx.o(.text)
    CAN1_SCE_IRQHandler                      0x08005bb7   Thumb Code     0  startup_stm32f40_41xxx.o(.text)
    CAN2_RX1_IRQHandler                      0x08005bb7   Thumb Code     0  startup_stm32f40_41xxx.o(.text)
    CAN2_SCE_IRQHandler                      0x08005bb7   Thumb Code     0  startup_stm32f40_41xxx.o(.text)
    CRYP_IRQHandler                          0x08005bb7   Thumb Code     0  startup_stm32f40_41xxx.o(.text)
    DCMI_IRQHandler                          0x08005bb7   Thumb Code     0  startup_stm32f40_41xxx.o(.text)
    DMA1_Stream0_IRQHandler                  0x08005bb7   Thumb Code     0  startup_stm32f40_41xxx.o(.text)
    DMA1_Stream1_IRQHandler                  0x08005bb7   Thumb Code     0  startup_stm32f40_41xxx.o(.text)
    DMA1_Stream2_IRQHandler                  0x08005bb7   Thumb Code     0  startup_stm32f40_41xxx.o(.text)
    DMA1_Stream3_IRQHandler                  0x08005bb7   Thumb Code     0  startup_stm32f40_41xxx.o(.text)
    DMA1_Stream5_IRQHandler                  0x08005bb7   Thumb Code     0  startup_stm32f40_41xxx.o(.text)
    DMA1_Stream6_IRQHandler                  0x08005bb7   Thumb Code     0  startup_stm32f40_41xxx.o(.text)
    DMA1_Stream7_IRQHandler                  0x08005bb7   Thumb Code     0  startup_stm32f40_41xxx.o(.text)
    DMA2_Stream0_IRQHandler                  0x08005bb7   Thumb Code     0  startup_stm32f40_41xxx.o(.text)
    DMA2_Stream1_IRQHandler                  0x08005bb7   Thumb Code     0  startup_stm32f40_41xxx.o(.text)
    DMA2_Stream2_IRQHandler                  0x08005bb7   Thumb Code     0  startup_stm32f40_41xxx.o(.text)
    DMA2_Stream3_IRQHandler                  0x08005bb7   Thumb Code     0  startup_stm32f40_41xxx.o(.text)
    DMA2_Stream4_IRQHandler                  0x08005bb7   Thumb Code     0  startup_stm32f40_41xxx.o(.text)
    DMA2_Stream5_IRQHandler                  0x08005bb7   Thumb Code     0  startup_stm32f40_41xxx.o(.text)
    DMA2_Stream6_IRQHandler                  0x08005bb7   Thumb Code     0  startup_stm32f40_41xxx.o(.text)
    DMA2_Stream7_IRQHandler                  0x08005bb7   Thumb Code     0  startup_stm32f40_41xxx.o(.text)
    ETH_IRQHandler                           0x08005bb7   Thumb Code     0  startup_stm32f40_41xxx.o(.text)
    ETH_WKUP_IRQHandler                      0x08005bb7   Thumb Code     0  startup_stm32f40_41xxx.o(.text)
    EXTI0_IRQHandler                         0x08005bb7   Thumb Code     0  startup_stm32f40_41xxx.o(.text)
    EXTI15_10_IRQHandler                     0x08005bb7   Thumb Code     0  startup_stm32f40_41xxx.o(.text)
    EXTI1_IRQHandler                         0x08005bb7   Thumb Code     0  startup_stm32f40_41xxx.o(.text)
    EXTI2_IRQHandler                         0x08005bb7   Thumb Code     0  startup_stm32f40_41xxx.o(.text)
    EXTI3_IRQHandler                         0x08005bb7   Thumb Code     0  startup_stm32f40_41xxx.o(.text)
    EXTI4_IRQHandler                         0x08005bb7   Thumb Code     0  startup_stm32f40_41xxx.o(.text)
    EXTI9_5_IRQHandler                       0x08005bb7   Thumb Code     0  startup_stm32f40_41xxx.o(.text)
    FLASH_IRQHandler                         0x08005bb7   Thumb Code     0  startup_stm32f40_41xxx.o(.text)
    FPU_IRQHandler                           0x08005bb7   Thumb Code     0  startup_stm32f40_41xxx.o(.text)
    FSMC_IRQHandler                          0x08005bb7   Thumb Code     0  startup_stm32f40_41xxx.o(.text)
    HASH_RNG_IRQHandler                      0x08005bb7   Thumb Code     0  startup_stm32f40_41xxx.o(.text)
    I2C1_ER_IRQHandler                       0x08005bb7   Thumb Code     0  startup_stm32f40_41xxx.o(.text)
    I2C1_EV_IRQHandler                       0x08005bb7   Thumb Code     0  startup_stm32f40_41xxx.o(.text)
    I2C2_ER_IRQHandler                       0x08005bb7   Thumb Code     0  startup_stm32f40_41xxx.o(.text)
    I2C2_EV_IRQHandler                       0x08005bb7   Thumb Code     0  startup_stm32f40_41xxx.o(.text)
    I2C3_ER_IRQHandler                       0x08005bb7   Thumb Code     0  startup_stm32f40_41xxx.o(.text)
    I2C3_EV_IRQHandler                       0x08005bb7   Thumb Code     0  startup_stm32f40_41xxx.o(.text)
    OTG_FS_IRQHandler                        0x08005bb7   Thumb Code     0  startup_stm32f40_41xxx.o(.text)
    OTG_FS_WKUP_IRQHandler                   0x08005bb7   Thumb Code     0  startup_stm32f40_41xxx.o(.text)
    OTG_HS_EP1_IN_IRQHandler                 0x08005bb7   Thumb Code     0  startup_stm32f40_41xxx.o(.text)
    OTG_HS_EP1_OUT_IRQHandler                0x08005bb7   Thumb Code     0  startup_stm32f40_41xxx.o(.text)
    OTG_HS_IRQHandler                        0x08005bb7   Thumb Code     0  startup_stm32f40_41xxx.o(.text)
    OTG_HS_WKUP_IRQHandler                   0x08005bb7   Thumb Code     0  startup_stm32f40_41xxx.o(.text)
    PVD_IRQHandler                           0x08005bb7   Thumb Code     0  startup_stm32f40_41xxx.o(.text)
    RCC_IRQHandler                           0x08005bb7   Thumb Code     0  startup_stm32f40_41xxx.o(.text)
    RTC_Alarm_IRQHandler                     0x08005bb7   Thumb Code     0  startup_stm32f40_41xxx.o(.text)
    RTC_WKUP_IRQHandler                      0x08005bb7   Thumb Code     0  startup_stm32f40_41xxx.o(.text)
    SDIO_IRQHandler                          0x08005bb7   Thumb Code     0  startup_stm32f40_41xxx.o(.text)
    SPI1_IRQHandler                          0x08005bb7   Thumb Code     0  startup_stm32f40_41xxx.o(.text)
    SPI2_IRQHandler                          0x08005bb7   Thumb Code     0  startup_stm32f40_41xxx.o(.text)
    SPI3_IRQHandler                          0x08005bb7   Thumb Code     0  startup_stm32f40_41xxx.o(.text)
    TAMP_STAMP_IRQHandler                    0x08005bb7   Thumb Code     0  startup_stm32f40_41xxx.o(.text)
    TIM1_BRK_TIM9_IRQHandler                 0x08005bb7   Thumb Code     0  startup_stm32f40_41xxx.o(.text)
    TIM1_CC_IRQHandler                       0x08005bb7   Thumb Code     0  startup_stm32f40_41xxx.o(.text)
    TIM1_TRG_COM_TIM11_IRQHandler            0x08005bb7   Thumb Code     0  startup_stm32f40_41xxx.o(.text)
    TIM1_UP_TIM10_IRQHandler                 0x08005bb7   Thumb Code     0  startup_stm32f40_41xxx.o(.text)
    TIM2_IRQHandler                          0x08005bb7   Thumb Code     0  startup_stm32f40_41xxx.o(.text)
    TIM3_IRQHandler                          0x08005bb7   Thumb Code     0  startup_stm32f40_41xxx.o(.text)
    TIM4_IRQHandler                          0x08005bb7   Thumb Code     0  startup_stm32f40_41xxx.o(.text)
    TIM5_IRQHandler                          0x08005bb7   Thumb Code     0  startup_stm32f40_41xxx.o(.text)
    TIM7_IRQHandler                          0x08005bb7   Thumb Code     0  startup_stm32f40_41xxx.o(.text)
    TIM8_BRK_TIM12_IRQHandler                0x08005bb7   Thumb Code     0  startup_stm32f40_41xxx.o(.text)
    TIM8_CC_IRQHandler                       0x08005bb7   Thumb Code     0  startup_stm32f40_41xxx.o(.text)
    TIM8_TRG_COM_TIM14_IRQHandler            0x08005bb7   Thumb Code     0  startup_stm32f40_41xxx.o(.text)
    TIM8_UP_TIM13_IRQHandler                 0x08005bb7   Thumb Code     0  startup_stm32f40_41xxx.o(.text)
    WWDG_IRQHandler                          0x08005bb7   Thumb Code     0  startup_stm32f40_41xxx.o(.text)
    __user_initial_stackheap                 0x08005bb9   Thumb Code     0  startup_stm32f40_41xxx.o(.text)
    __aeabi_memcpy                           0x08005bdd   Thumb Code     0  rt_memcpy_v6.o(.text)
    __rt_memcpy                              0x08005bdd   Thumb Code   138  rt_memcpy_v6.o(.text)
    _memcpy_lastbytes                        0x08005c43   Thumb Code     0  rt_memcpy_v6.o(.text)
    __aeabi_memcpy4                          0x08005c67   Thumb Code     0  rt_memcpy_w.o(.text)
    __aeabi_memcpy8                          0x08005c67   Thumb Code     0  rt_memcpy_w.o(.text)
    __rt_memcpy_w                            0x08005c67   Thumb Code   100  rt_memcpy_w.o(.text)
    _memcpy_lastbytes_aligned                0x08005caf   Thumb Code     0  rt_memcpy_w.o(.text)
    __aeabi_memclr4                          0x08005ccb   Thumb Code     0  rt_memclr_w.o(.text)
    __aeabi_memclr8                          0x08005ccb   Thumb Code     0  rt_memclr_w.o(.text)
    __rt_memclr_w                            0x08005ccb   Thumb Code    78  rt_memclr_w.o(.text)
    _memset_w                                0x08005ccf   Thumb Code     0  rt_memclr_w.o(.text)
    __use_two_region_memory                  0x08005d19   Thumb Code     2  heapauxi.o(.text)
    __rt_heap_escrow                         0x08005d1b   Thumb Code     2  heapauxi.o(.text)
    __rt_heap_expand                         0x08005d1d   Thumb Code     2  heapauxi.o(.text)
    __read_errno                             0x08005d1f   Thumb Code    10  _rserrno.o(.text)
    __set_errno                              0x08005d29   Thumb Code    12  _rserrno.o(.text)
    _sys_exit                                0x08005d35   Thumb Code     8  sys_exit.o(.text)
    __user_libspace                          0x08005d41   Thumb Code     8  libspace.o(.text)
    __user_perproc_libspace                  0x08005d41   Thumb Code     0  libspace.o(.text)
    __user_perthread_libspace                0x08005d41   Thumb Code     0  libspace.o(.text)
    __aeabi_errno_addr                       0x08005d49   Thumb Code     8  rt_errno_addr_intlibspace.o(.text)
    __errno$intlibspace                      0x08005d49   Thumb Code     0  rt_errno_addr_intlibspace.o(.text)
    __rt_errno_addr$intlibspace              0x08005d49   Thumb Code     0  rt_errno_addr_intlibspace.o(.text)
    __I$use$semihosting                      0x08005d51   Thumb Code     0  use_no_semi.o(.text)
    __use_no_semihosting_swi                 0x08005d51   Thumb Code     2  use_no_semi.o(.text)
    __semihosting_library_function           0x08005d53   Thumb Code     0  indicate_semi.o(.text)
    __user_setup_stackheap                   0x08005d53   Thumb Code    74  sys_stackheap_outer.o(.text)
    exit                                     0x08005d9d   Thumb Code    18  exit.o(.text)
    __ARM_fpclassify                         0x08005daf   Thumb Code    48  fpclassify.o(i.__ARM_fpclassify)
    __hardfp_atan                            0x08005de1   Thumb Code   622  atan.o(i.__hardfp_atan)
    __hardfp_atan2                           0x080060b9   Thumb Code   448  atan2.o(i.__hardfp_atan2)
    __hardfp_fabs                            0x080062b9   Thumb Code    20  fabs.o(i.__hardfp_fabs)
    __kernel_poly                            0x080062cd   Thumb Code   248  poly.o(i.__kernel_poly)
    __mathlib_dbl_infnan                     0x080063c5   Thumb Code    20  dunder.o(i.__mathlib_dbl_infnan)
    __mathlib_dbl_infnan2                    0x080063d9   Thumb Code    20  dunder.o(i.__mathlib_dbl_infnan2)
    __mathlib_dbl_underflow                  0x080063f1   Thumb Code    24  dunder.o(i.__mathlib_dbl_underflow)
    atan                                     0x08006411   Thumb Code    16  atan.o(i.atan)
    fabs                                     0x08006421   Thumb Code    24  fabs.o(i.fabs)
    __aeabi_dneg                             0x08006439   Thumb Code     0  basic.o(x$fpl$basic)
    _dneg                                    0x08006439   Thumb Code     6  basic.o(x$fpl$basic)
    __aeabi_fneg                             0x0800643f   Thumb Code     0  basic.o(x$fpl$basic)
    _fneg                                    0x0800643f   Thumb Code     6  basic.o(x$fpl$basic)
    _dabs                                    0x08006445   Thumb Code     6  basic.o(x$fpl$basic)
    _fabs                                    0x0800644b   Thumb Code     6  basic.o(x$fpl$basic)
    __aeabi_d2f                              0x08006451   Thumb Code     0  d2f.o(x$fpl$d2f)
    _d2f                                     0x08006451   Thumb Code    98  d2f.o(x$fpl$d2f)
    __aeabi_dadd                             0x080064b5   Thumb Code     0  daddsub_clz.o(x$fpl$dadd)
    _dadd                                    0x080064b5   Thumb Code   332  daddsub_clz.o(x$fpl$dadd)
    __fpl_dcmp_Inf                           0x08006605   Thumb Code    24  dcmpi.o(x$fpl$dcmpinf)
    __aeabi_ddiv                             0x0800661d   Thumb Code     0  ddiv.o(x$fpl$ddiv)
    _ddiv                                    0x0800661d   Thumb Code   552  ddiv.o(x$fpl$ddiv)
    __aeabi_cdcmpeq                          0x080068cd   Thumb Code     0  deqf.o(x$fpl$deqf)
    _dcmpeq                                  0x080068cd   Thumb Code   120  deqf.o(x$fpl$deqf)
    __aeabi_d2iz                             0x08006945   Thumb Code     0  dfix.o(x$fpl$dfix)
    _dfix                                    0x08006945   Thumb Code    94  dfix.o(x$fpl$dfix)
    __aeabi_i2d                              0x080069a3   Thumb Code     0  dflt_clz.o(x$fpl$dflt)
    _dflt                                    0x080069a3   Thumb Code    46  dflt_clz.o(x$fpl$dflt)
    __aeabi_cdcmple                          0x080069d1   Thumb Code     0  dleqf.o(x$fpl$dleqf)
    _dcmple                                  0x080069d1   Thumb Code   120  dleqf.o(x$fpl$dleqf)
    __fpl_dcmple_InfNaN                      0x08006a33   Thumb Code     0  dleqf.o(x$fpl$dleqf)
    __aeabi_dmul                             0x08006a49   Thumb Code     0  dmul.o(x$fpl$dmul)
    _dmul                                    0x08006a49   Thumb Code   332  dmul.o(x$fpl$dmul)
    __fpl_dnaninf                            0x08006b9d   Thumb Code   156  dnaninf.o(x$fpl$dnaninf)
    __fpl_dretinf                            0x08006c39   Thumb Code    12  dretinf.o(x$fpl$dretinf)
    __aeabi_cdrcmple                         0x08006c45   Thumb Code     0  drleqf.o(x$fpl$drleqf)
    _drcmple                                 0x08006c45   Thumb Code   108  drleqf.o(x$fpl$drleqf)
    __aeabi_drsub                            0x08006cb1   Thumb Code     0  daddsub_clz.o(x$fpl$drsb)
    _drsb                                    0x08006cb1   Thumb Code    22  daddsub_clz.o(x$fpl$drsb)
    __aeabi_dsub                             0x08006cc9   Thumb Code     0  daddsub_clz.o(x$fpl$dsub)
    _dsub                                    0x08006cc9   Thumb Code   464  daddsub_clz.o(x$fpl$dsub)
    __aeabi_f2d                              0x08006e9d   Thumb Code     0  f2d.o(x$fpl$f2d)
    _f2d                                     0x08006e9d   Thumb Code    86  f2d.o(x$fpl$f2d)
    __fpl_fnaninf                            0x08006ef3   Thumb Code   140  fnaninf.o(x$fpl$fnaninf)
    _fp_init                                 0x08006f7f   Thumb Code    10  fpinit.o(x$fpl$fpinit)
    __fplib_config_fpu_vfp                   0x08006f87   Thumb Code     0  fpinit.o(x$fpl$fpinit)
    __fplib_config_pureend_doubles           0x08006f87   Thumb Code     0  fpinit.o(x$fpl$fpinit)
    __fpl_fretinf                            0x08006f89   Thumb Code    10  fretinf.o(x$fpl$fretinf)
    __I$use$fp                               0x08006f92   Number         0  usenofp.o(x$fpl$usenofp)
    __mathlib_zero                           0x08007030   Data           8  qnan.o(.constdata)
    Region$$Table$$Base                      0x08007038   Number         0  anon$$obj.o(Region$$Table)
    Region$$Table$$Limit                     0x08007058   Number         0  anon$$obj.o(Region$$Table)
    i                                        0x20000000   Data           4  main.o(.data)
    SystemCoreClock                          0x20000004   Data           4  system_stm32f4xx.o(.data)
    AHBPrescTable                            0x20000008   Data          16  system_stm32f4xx.o(.data)
    last_pitch_angle                         0x20000018   Data           4  infantry_gimbal_task.o(.data)
    last_yaw_angle                           0x2000001c   Data           4  infantry_gimbal_task.o(.data)
    yaw_angle_ref_aim                        0x20000020   Data           4  infantry_gimbal_task.o(.data)
    pit_angle_ref_aim                        0x20000024   Data           4  infantry_gimbal_task.o(.data)
    last_yaw                                 0x20000028   Data           4  infantry_gimbal_task.o(.data)
    last_pit                                 0x2000002c   Data           4  infantry_gimbal_task.o(.data)
    first_flag                               0x20000030   Data           1  infantry_gimbal_task.o(.data)
    ved                                      0x20000031   Data           1  infantry_gimbal_task.o(.data)
    Delta_Dect_Angle_Yaw                     0x20000034   Data           4  infantry_gimbal_task.o(.data)
    Delta_Dect_Angle_Pit                     0x20000038   Data           4  infantry_gimbal_task.o(.data)
    remote_flagW1                            0x20000044   Data           1  remote.o(.data)
    remote_flagW2                            0x20000045   Data           1  remote.o(.data)
    remote_flagA1                            0x20000046   Data           1  remote.o(.data)
    remote_flagA2                            0x20000047   Data           1  remote.o(.data)
    remote_flagS1                            0x20000048   Data           1  remote.o(.data)
    remote_flagS2                            0x20000049   Data           1  remote.o(.data)
    remote_flagD1                            0x2000004a   Data           1  remote.o(.data)
    remote_flagD2                            0x2000004b   Data           1  remote.o(.data)
    remote_flagSHIFT1                        0x2000004c   Data           1  remote.o(.data)
    remote_flagSHIFT2                        0x2000004d   Data           1  remote.o(.data)
    remote_flagCTRL1                         0x2000004e   Data           1  remote.o(.data)
    remote_flagCTRL2                         0x2000004f   Data           1  remote.o(.data)
    remote_flagQ1                            0x20000050   Data           1  remote.o(.data)
    remote_flagQ2                            0x20000051   Data           1  remote.o(.data)
    remote_flagE1                            0x20000052   Data           1  remote.o(.data)
    remote_flagE2                            0x20000053   Data           1  remote.o(.data)
    remote_flagR1                            0x20000054   Data           1  remote.o(.data)
    remote_flagR2                            0x20000055   Data           1  remote.o(.data)
    remote_flagF1                            0x20000056   Data           1  remote.o(.data)
    remote_flagF2                            0x20000057   Data           1  remote.o(.data)
    remote_flagG1                            0x20000058   Data           1  remote.o(.data)
    remote_flagG2                            0x20000059   Data           1  remote.o(.data)
    remote_flagZ1                            0x2000005a   Data           1  remote.o(.data)
    remote_flagZ2                            0x2000005b   Data           1  remote.o(.data)
    remote_flagX1                            0x2000005c   Data           1  remote.o(.data)
    remote_flagX2                            0x2000005d   Data           1  remote.o(.data)
    remote_flagC1                            0x2000005e   Data           1  remote.o(.data)
    remote_flagC2                            0x2000005f   Data           1  remote.o(.data)
    remote_flagV1                            0x20000060   Data           1  remote.o(.data)
    remote_flagV2                            0x20000061   Data           1  remote.o(.data)
    remote_flagB1                            0x20000062   Data           1  remote.o(.data)
    remote_flagB2                            0x20000063   Data           1  remote.o(.data)
    client_graphic_busy                      0x20000064   Data           1  usart.o(.data)
    bullet_num                               0x20000068   Data           4  usart.o(.data)
    a                                        0x2000007c   Data           4  timer.o(.data)
    pwm_flag                                 0x20000080   Data           4  pwm.o(.data)
    pwm_mode                                 0x20000084   Data           4  pwm.o(.data)
    gimbal_data                              0x20000098   Data        1268  infantry_gimbal_task.o(.bss)
    chassis                                  0x20000590   Data         360  mode_switch_task.o(.bss)
    pid_yaw_follow                           0x200006f8   Data          76  oldpid.o(.bss)
    pid_pit_follow                           0x20000744   Data          76  oldpid.o(.bss)
    pid_pit_speed_follow                     0x20000790   Data          76  oldpid.o(.bss)
    pid_yaw_speed_follow                     0x200007dc   Data          76  oldpid.o(.bss)
    pid_yaw_small_buff                       0x20000828   Data          76  oldpid.o(.bss)
    pid_pit_small_buff                       0x20000874   Data          76  oldpid.o(.bss)
    pid_pit_speed_small_buff                 0x200008c0   Data          76  oldpid.o(.bss)
    pid_yaw_speed_small_buff                 0x2000090c   Data          76  oldpid.o(.bss)
    pid_yaw_small_buff1                      0x20000958   Data          76  oldpid.o(.bss)
    pid_pit_small_buff1                      0x200009a4   Data          76  oldpid.o(.bss)
    pid_pit_speed_small_buff1                0x200009f0   Data          76  oldpid.o(.bss)
    pid_yaw_speed_small_buff1                0x20000a3c   Data          76  oldpid.o(.bss)
    pid_yaw_big_buff                         0x20000a88   Data          76  oldpid.o(.bss)
    pid_pit_big_buff                         0x20000ad4   Data          76  oldpid.o(.bss)
    pid_pit_speed_big_buff                   0x20000b20   Data          76  oldpid.o(.bss)
    pid_yaw_speed_big_buff                   0x20000b6c   Data          76  oldpid.o(.bss)
    pid_yaw_big_buff1                        0x20000bb8   Data          76  oldpid.o(.bss)
    pid_pit_big_buff1                        0x20000c04   Data          76  oldpid.o(.bss)
    pid_pit_speed_big_buff1                  0x20000c50   Data          76  oldpid.o(.bss)
    pid_yaw_speed_big_buff1                  0x20000c9c   Data          76  oldpid.o(.bss)
    pid_yaw_auto_angle                       0x20000ce8   Data          76  oldpid.o(.bss)
    pid_pit_auto_angle                       0x20000d34   Data          76  oldpid.o(.bss)
    pid_pit_speed_auto_angle                 0x20000d80   Data          76  oldpid.o(.bss)
    pid_yaw_speed_auto_angle                 0x20000dcc   Data          76  oldpid.o(.bss)
    pid_yaw_follow_chassis_angle             0x20000e18   Data          76  oldpid.o(.bss)
    pid_yaw_follow_chassis_speed             0x20000e64   Data          76  oldpid.o(.bss)
    pid_yaw                                  0x20000eb0   Data          76  oldpid.o(.bss)
    pid_pit                                  0x20000efc   Data          76  oldpid.o(.bss)
    pid_auto_aim_yaw                         0x20000f48   Data          76  oldpid.o(.bss)
    pid_auto_aim_pit                         0x20000f94   Data          76  oldpid.o(.bss)
    pid_yaw_speed                            0x20000fe0   Data          76  oldpid.o(.bss)
    pid_pit_speed                            0x2000102c   Data          76  oldpid.o(.bss)
    pid_spd                                  0x20001078   Data         304  oldpid.o(.bss)
    pid_chassis_angle                        0x200011a8   Data          76  oldpid.o(.bss)
    pid_trigger                              0x200011f4   Data          76  oldpid.o(.bss)
    pid_trigger_speed                        0x20001240   Data          76  oldpid.o(.bss)
    pid_trigger_second_speed                 0x2000128c   Data          76  oldpid.o(.bss)
    pid_rotate                               0x200012d8   Data         304  oldpid.o(.bss)
    pid_imu_tmp                              0x20001408   Data          76  oldpid.o(.bss)
    pid_voltage                              0x20001454   Data          76  oldpid.o(.bss)
    pid_software_limit                       0x200014a0   Data          76  oldpid.o(.bss)
    pid_speed_bias                           0x200014ec   Data          76  oldpid.o(.bss)
    pid_front_distance                       0x20001538   Data          76  oldpid.o(.bss)
    pid_right_distance                       0x20001584   Data          76  oldpid.o(.bss)
    pid_angle_distance                       0x200015d0   Data          76  oldpid.o(.bss)
    pid_spring                               0x2000161c   Data         152  oldpid.o(.bss)
    pid_cha_6020_angle                       0x200016b4   Data         304  oldpid.o(.bss)
    pid_cha_3508_angle                       0x200017e4   Data         304  oldpid.o(.bss)
    pid_cha_6020_speed                       0x20001914   Data         304  oldpid.o(.bss)
    pid_cha_3508_speed                       0x20001a44   Data         304  oldpid.o(.bss)
    gimbal_gyro                              0x20001b78   Data          36  senior.o(.bss)
    chassis_gyro                             0x20001b9c   Data          36  senior.o(.bss)
    steering_wheel_chassis                   0x20001bc0   Data         640  senior.o(.bss)
    Mecanum_chassis                          0x20001e40   Data         320  senior.o(.bss)
    Pitch_Encoder                            0x20001f80   Data          80  senior.o(.bss)
    yaw_Encoder                              0x20001fd0   Data          80  senior.o(.bss)
    hero_small_gimbal                        0x20002020   Data         160  senior.o(.bss)
    general_friction                         0x200020c0   Data         320  senior.o(.bss)
    general_poke                             0x20002200   Data         160  senior.o(.bss)
    capacitance_message                      0x200022a0   Data          24  senior.o(.bss)
    judge_rece_mesg                          0x200022b8   Data         198  senior.o(.bss)
    new_location                             0x20002380   Data          36  senior.o(.bss)
    RC_CtrlData                              0x200023a4   Data          72  senior.o(.bss)
    can_chassis_data                         0x200023f0   Data         104  senior.o(.bss)
    ch100_Rx_Buffer                          0x20002644   Data         100  usart.o(.bss)
    dat                                      0x200026a8   Data          76  usart.o(.bss)
    UART4_DMA_RX_BUF                         0x200026f4   Data         100  usart.o(.bss)
    UART4_DMA_TX_BUF                         0x20002758   Data         100  usart.o(.bss)
    judge_dma_rxbuff                         0x200028e8   Data         200  usart.o(.bss)
    tx_buf                                   0x200029b0   Data          66  usart.o(.bss)
    pdata                                    0x200029f2   Data          32  usart.o(.bss)
    ddata                                    0x20002a12   Data          66  usart.o(.bss)
    _UART5_DMA_RX_BUF                        0x20002a54   Data         100  usart.o(.bss)
    USART6_DMA_RX_BUF                        0x20002be4   Data         100  usart.o(.bss)
    __libspace_start                         0x20002c48   Data          96  libspace.o(.bss)
    __temporary_stack_top$libspace           0x20002ca8   Data           0  libspace.o(.bss)



==============================================================================

Memory Map of the image

  Image Entry point : 0x08000189

  Load Region LR_IROM1 (Base: 0x08000000, Size: 0x000070f0, Max: 0x00100000, ABSOLUTE)

    Execution Region ER_IROM1 (Exec base: 0x08000000, Load base: 0x08000000, Size: 0x00007058, Max: 0x00100000, ABSOLUTE)

    Exec Addr    Load Addr    Size         Type   Attr      Idx    E Section Name        Object

    0x08000000   0x08000000   0x00000188   Data   RO         1513    RESET               startup_stm32f40_41xxx.o
    0x08000188   0x08000188   0x00000008   Code   RO         4102  * !!!main             c_w.l(__main.o)
    0x08000190   0x08000190   0x00000034   Code   RO         4566    !!!scatter          c_w.l(__scatter.o)
    0x080001c4   0x080001c4   0x0000001a   Code   RO         4568    !!handler_copy      c_w.l(__scatter_copy.o)
    0x080001de   0x080001de   0x00000002   PAD
    0x080001e0   0x080001e0   0x0000001c   Code   RO         4570    !!handler_zi        c_w.l(__scatter_zi.o)
    0x080001fc   0x080001fc   0x00000002   Code   RO         4509    .ARM.Collect$$libinit$$00000000  c_w.l(libinit.o)
    0x080001fe   0x080001fe   0x00000004   Code   RO         4316    .ARM.Collect$$libinit$$00000001  c_w.l(libinit2.o)
    0x08000202   0x08000202   0x00000000   Code   RO         4319    .ARM.Collect$$libinit$$00000004  c_w.l(libinit2.o)
    0x08000202   0x08000202   0x00000000   Code   RO         4322    .ARM.Collect$$libinit$$0000000A  c_w.l(libinit2.o)
    0x08000202   0x08000202   0x00000000   Code   RO         4324    .ARM.Collect$$libinit$$0000000C  c_w.l(libinit2.o)
    0x08000202   0x08000202   0x00000000   Code   RO         4326    .ARM.Collect$$libinit$$0000000E  c_w.l(libinit2.o)
    0x08000202   0x08000202   0x00000000   Code   RO         4329    .ARM.Collect$$libinit$$00000011  c_w.l(libinit2.o)
    0x08000202   0x08000202   0x00000000   Code   RO         4331    .ARM.Collect$$libinit$$00000013  c_w.l(libinit2.o)
    0x08000202   0x08000202   0x00000000   Code   RO         4333    .ARM.Collect$$libinit$$00000015  c_w.l(libinit2.o)
    0x08000202   0x08000202   0x00000000   Code   RO         4335    .ARM.Collect$$libinit$$00000017  c_w.l(libinit2.o)
    0x08000202   0x08000202   0x00000000   Code   RO         4337    .ARM.Collect$$libinit$$00000019  c_w.l(libinit2.o)
    0x08000202   0x08000202   0x00000000   Code   RO         4339    .ARM.Collect$$libinit$$0000001B  c_w.l(libinit2.o)
    0x08000202   0x08000202   0x00000000   Code   RO         4341    .ARM.Collect$$libinit$$0000001D  c_w.l(libinit2.o)
    0x08000202   0x08000202   0x00000000   Code   RO         4343    .ARM.Collect$$libinit$$0000001F  c_w.l(libinit2.o)
    0x08000202   0x08000202   0x00000000   Code   RO         4345    .ARM.Collect$$libinit$$00000021  c_w.l(libinit2.o)
    0x08000202   0x08000202   0x00000000   Code   RO         4347    .ARM.Collect$$libinit$$00000023  c_w.l(libinit2.o)
    0x08000202   0x08000202   0x00000000   Code   RO         4349    .ARM.Collect$$libinit$$00000025  c_w.l(libinit2.o)
    0x08000202   0x08000202   0x00000000   Code   RO         4353    .ARM.Collect$$libinit$$0000002C  c_w.l(libinit2.o)
    0x08000202   0x08000202   0x00000000   Code   RO         4355    .ARM.Collect$$libinit$$0000002E  c_w.l(libinit2.o)
    0x08000202   0x08000202   0x00000000   Code   RO         4357    .ARM.Collect$$libinit$$00000030  c_w.l(libinit2.o)
    0x08000202   0x08000202   0x00000000   Code   RO         4359    .ARM.Collect$$libinit$$00000032  c_w.l(libinit2.o)
    0x08000202   0x08000202   0x00000002   Code   RO         4360    .ARM.Collect$$libinit$$00000033  c_w.l(libinit2.o)
    0x08000204   0x08000204   0x00000002   Code   RO         4563    .ARM.Collect$$libshutdown$$00000000  c_w.l(libshutdown.o)
    0x08000206   0x08000206   0x00000000   Code   RO         4523    .ARM.Collect$$libshutdown$$00000002  c_w.l(libshutdown2.o)
    0x08000206   0x08000206   0x00000000   Code   RO         4525    .ARM.Collect$$libshutdown$$00000004  c_w.l(libshutdown2.o)
    0x08000206   0x08000206   0x00000000   Code   RO         4527    .ARM.Collect$$libshutdown$$00000006  c_w.l(libshutdown2.o)
    0x08000206   0x08000206   0x00000000   Code   RO         4530    .ARM.Collect$$libshutdown$$00000009  c_w.l(libshutdown2.o)
    0x08000206   0x08000206   0x00000000   Code   RO         4533    .ARM.Collect$$libshutdown$$0000000C  c_w.l(libshutdown2.o)
    0x08000206   0x08000206   0x00000000   Code   RO         4535    .ARM.Collect$$libshutdown$$0000000E  c_w.l(libshutdown2.o)
    0x08000206   0x08000206   0x00000000   Code   RO         4538    .ARM.Collect$$libshutdown$$00000011  c_w.l(libshutdown2.o)
    0x08000206   0x08000206   0x00000002   Code   RO         4539    .ARM.Collect$$libshutdown$$00000012  c_w.l(libshutdown2.o)
    0x08000208   0x08000208   0x00000000   Code   RO         4276    .ARM.Collect$$rtentry$$00000000  c_w.l(__rtentry.o)
    0x08000208   0x08000208   0x00000000   Code   RO         4435    .ARM.Collect$$rtentry$$00000002  c_w.l(__rtentry2.o)
    0x08000208   0x08000208   0x00000006   Code   RO         4447    .ARM.Collect$$rtentry$$00000004  c_w.l(__rtentry4.o)
    0x0800020e   0x0800020e   0x00000000   Code   RO         4437    .ARM.Collect$$rtentry$$00000009  c_w.l(__rtentry2.o)
    0x0800020e   0x0800020e   0x00000004   Code   RO         4438    .ARM.Collect$$rtentry$$0000000A  c_w.l(__rtentry2.o)
    0x08000212   0x08000212   0x00000000   Code   RO         4440    .ARM.Collect$$rtentry$$0000000C  c_w.l(__rtentry2.o)
    0x08000212   0x08000212   0x00000008   Code   RO         4441    .ARM.Collect$$rtentry$$0000000D  c_w.l(__rtentry2.o)
    0x0800021a   0x0800021a   0x00000002   Code   RO         4510    .ARM.Collect$$rtexit$$00000000  c_w.l(rtexit.o)
    0x0800021c   0x0800021c   0x00000000   Code   RO         4541    .ARM.Collect$$rtexit$$00000002  c_w.l(rtexit2.o)
    0x0800021c   0x0800021c   0x00000004   Code   RO         4542    .ARM.Collect$$rtexit$$00000003  c_w.l(rtexit2.o)
    0x08000220   0x08000220   0x00000006   Code   RO         4543    .ARM.Collect$$rtexit$$00000004  c_w.l(rtexit2.o)
    0x08000226   0x08000226   0x00000002   PAD
    0x08000228   0x08000228   0x0000009c   Code   RO            4    .text               main.o
    0x080002c4   0x080002c4   0x0000001a   Code   RO          328    .text               stm32f4xx_it.o
    0x080002de   0x080002de   0x00000002   PAD
    0x080002e0   0x080002e0   0x00000210   Code   RO          381    .text               system_stm32f4xx.o
    0x080004f0   0x080004f0   0x00000060   Code   RO          411    .text               bsp.o
    0x08000550   0x08000550   0x00000868   Code   RO          438    .text               infantry_gimbal_task.o
    0x08000db8   0x08000db8   0x000001a8   Code   RO          469    .text               mode_switch_task.o
    0x08000f60   0x08000f60   0x00000524   Code   RO          497    .text               oldpid.o
    0x08001484   0x08001484   0x00000754   Code   RO          637    .text               canbus.o
    0x08001bd8   0x08001bd8   0x00000218   Code   RO          699    .text               dji_motor.o
    0x08001df0   0x08001df0   0x000003d8   Code   RO          894    .text               remote.o
    0x080021c8   0x080021c8   0x00000290   Code   RO          921    .text               can.o
    0x08002458   0x08002458   0x00000c54   Code   RO         1019    .text               usart.o
    0x080030ac   0x080030ac   0x00000108   Code   RO         1047    .text               timer.o
    0x080031b4   0x080031b4   0x00000188   Code   RO         1074    .text               pwm.o
    0x0800333c   0x0800333c   0x000000e0   Code   RO         1104    .text               misc.o
    0x0800341c   0x0800341c   0x000009f0   Code   RO         1152    .text               stm32f4xx_can.o
    0x08003e0c   0x08003e0c   0x000003a8   Code   RO         1224    .text               stm32f4xx_dma.o
    0x080041b4   0x080041b4   0x00000294   Code   RO         1296    .text               stm32f4xx_gpio.o
    0x08004448   0x08004448   0x0000065c   Code   RO         1368    .text               stm32f4xx_rcc.o
    0x08004aa4   0x08004aa4   0x00000ca2   Code   RO         1466    .text               stm32f4xx_tim.o
    0x08005746   0x08005746   0x00000002   PAD
    0x08005748   0x08005748   0x00000454   Code   RO         1490    .text               stm32f4xx_usart.o
    0x08005b9c   0x08005b9c   0x00000040   Code   RO         1514    .text               startup_stm32f40_41xxx.o
    0x08005bdc   0x08005bdc   0x0000008a   Code   RO         4088    .text               c_w.l(rt_memcpy_v6.o)
    0x08005c66   0x08005c66   0x00000064   Code   RO         4092    .text               c_w.l(rt_memcpy_w.o)
    0x08005cca   0x08005cca   0x0000004e   Code   RO         4096    .text               c_w.l(rt_memclr_w.o)
    0x08005d18   0x08005d18   0x00000006   Code   RO         4100    .text               c_w.l(heapauxi.o)
    0x08005d1e   0x08005d1e   0x00000016   Code   RO         4306    .text               c_w.l(_rserrno.o)
    0x08005d34   0x08005d34   0x0000000c   Code   RO         4429    .text               c_w.l(sys_exit.o)
    0x08005d40   0x08005d40   0x00000008   Code   RO         4431    .text               c_w.l(libspace.o)
    0x08005d48   0x08005d48   0x00000008   Code   RO         4454    .text               c_w.l(rt_errno_addr_intlibspace.o)
    0x08005d50   0x08005d50   0x00000002   Code   RO         4479    .text               c_w.l(use_no_semi.o)
    0x08005d52   0x08005d52   0x00000000   Code   RO         4481    .text               c_w.l(indicate_semi.o)
    0x08005d52   0x08005d52   0x0000004a   Code   RO         4482    .text               c_w.l(sys_stackheap_outer.o)
    0x08005d9c   0x08005d9c   0x00000012   Code   RO         4488    .text               c_w.l(exit.o)
    0x08005dae   0x08005dae   0x00000030   Code   RO         4404    i.__ARM_fpclassify  m_wm.l(fpclassify.o)
    0x08005dde   0x08005dde   0x00000002   PAD
    0x08005de0   0x08005de0   0x000002d8   Code   RO         4376    i.__hardfp_atan     m_wm.l(atan.o)
    0x080060b8   0x080060b8   0x00000200   Code   RO         4150    i.__hardfp_atan2    m_wm.l(atan2.o)
    0x080062b8   0x080062b8   0x00000014   Code   RO         4190    i.__hardfp_fabs     m_wm.l(fabs.o)
    0x080062cc   0x080062cc   0x000000f8   Code   RO         4422    i.__kernel_poly     m_wm.l(poly.o)
    0x080063c4   0x080063c4   0x00000014   Code   RO         4391    i.__mathlib_dbl_infnan  m_wm.l(dunder.o)
    0x080063d8   0x080063d8   0x00000014   Code   RO         4392    i.__mathlib_dbl_infnan2  m_wm.l(dunder.o)
    0x080063ec   0x080063ec   0x00000004   PAD
    0x080063f0   0x080063f0   0x00000020   Code   RO         4396    i.__mathlib_dbl_underflow  m_wm.l(dunder.o)
    0x08006410   0x08006410   0x00000010   Code   RO         4378    i.atan              m_wm.l(atan.o)
    0x08006420   0x08006420   0x00000018   Code   RO         4192    i.fabs              m_wm.l(fabs.o)
    0x08006438   0x08006438   0x00000018   Code   RO         4104    x$fpl$basic         fz_wm.l(basic.o)
    0x08006450   0x08006450   0x00000062   Code   RO         4106    x$fpl$d2f           fz_wm.l(d2f.o)
    0x080064b2   0x080064b2   0x00000002   PAD
    0x080064b4   0x080064b4   0x00000150   Code   RO         4108    x$fpl$dadd          fz_wm.l(daddsub_clz.o)
    0x08006604   0x08006604   0x00000018   Code   RO         4361    x$fpl$dcmpinf       fz_wm.l(dcmpi.o)
    0x0800661c   0x0800661c   0x000002b0   Code   RO         4115    x$fpl$ddiv          fz_wm.l(ddiv.o)
    0x080068cc   0x080068cc   0x00000078   Code   RO         4118    x$fpl$deqf          fz_wm.l(deqf.o)
    0x08006944   0x08006944   0x0000005e   Code   RO         4120    x$fpl$dfix          fz_wm.l(dfix.o)
    0x080069a2   0x080069a2   0x0000002e   Code   RO         4133    x$fpl$dflt          fz_wm.l(dflt_clz.o)
    0x080069d0   0x080069d0   0x00000078   Code   RO         4138    x$fpl$dleqf         fz_wm.l(dleqf.o)
    0x08006a48   0x08006a48   0x00000154   Code   RO         4140    x$fpl$dmul          fz_wm.l(dmul.o)
    0x08006b9c   0x08006b9c   0x0000009c   Code   RO         4363    x$fpl$dnaninf       fz_wm.l(dnaninf.o)
    0x08006c38   0x08006c38   0x0000000c   Code   RO         4365    x$fpl$dretinf       fz_wm.l(dretinf.o)
    0x08006c44   0x08006c44   0x0000006c   Code   RO         4142    x$fpl$drleqf        fz_wm.l(drleqf.o)
    0x08006cb0   0x08006cb0   0x00000016   Code   RO         4109    x$fpl$drsb          fz_wm.l(daddsub_clz.o)
    0x08006cc6   0x08006cc6   0x00000002   PAD
    0x08006cc8   0x08006cc8   0x000001d4   Code   RO         4110    x$fpl$dsub          fz_wm.l(daddsub_clz.o)
    0x08006e9c   0x08006e9c   0x00000056   Code   RO         4144    x$fpl$f2d           fz_wm.l(f2d.o)
    0x08006ef2   0x08006ef2   0x0000008c   Code   RO         4369    x$fpl$fnaninf       fz_wm.l(fnaninf.o)
    0x08006f7e   0x08006f7e   0x0000000a   Code   RO         4477    x$fpl$fpinit        fz_wm.l(fpinit.o)
    0x08006f88   0x08006f88   0x0000000a   Code   RO         4371    x$fpl$fretinf       fz_wm.l(fretinf.o)
    0x08006f92   0x08006f92   0x00000000   Code   RO         4375    x$fpl$usenofp       fz_wm.l(usenofp.o)
    0x08006f92   0x08006f92   0x00000006   PAD
    0x08006f98   0x08006f98   0x00000098   Data   RO         4379    .constdata          m_wm.l(atan.o)
    0x08007030   0x08007030   0x00000008   Data   RO         4424    .constdata          m_wm.l(qnan.o)
    0x08007038   0x08007038   0x00000020   Data   RO         4564    Region$$Table       anon$$obj.o


    Execution Region RW_IRAM1 (Exec base: 0x20000000, Load base: 0x08007058, Size: 0x000032a8, Max: 0x00020000, ABSOLUTE)

    Exec Addr    Load Addr    Size         Type   Attr      Idx    E Section Name        Object

    0x20000000   0x08007058   0x00000004   Data   RW            5    .data               main.o
    0x20000004   0x0800705c   0x00000014   Data   RW          382    .data               system_stm32f4xx.o
    0x20000018   0x08007070   0x00000024   Data   RW          440    .data               infantry_gimbal_task.o
    0x2000003c   0x08007094   0x00000008   Data   RW          638    .data               canbus.o
    0x20000044   0x0800709c   0x00000020   Data   RW          895    .data               remote.o
    0x20000064   0x080070bc   0x00000018   Data   RW         1021    .data               usart.o
    0x2000007c   0x080070d4   0x00000004   Data   RW         1048    .data               timer.o
    0x20000080   0x080070d8   0x00000008   Data   RW         1075    .data               pwm.o
    0x20000088   0x080070e0   0x00000010   Data   RW         1369    .data               stm32f4xx_rcc.o
    0x20000098        -       0x000004f4   Zero   RW          439    .bss                infantry_gimbal_task.o
    0x2000058c   0x080070f0   0x00000004   PAD
    0x20000590        -       0x00000168   Zero   RW          470    .bss                mode_switch_task.o
    0x200006f8        -       0x0000147c   Zero   RW          498    .bss                oldpid.o
    0x20001b74   0x080070f0   0x00000004   PAD
    0x20001b78        -       0x000008e0   Zero   RW          527    .bss                senior.o
    0x20002458        -       0x000007f0   Zero   RW         1020    .bss                usart.o
    0x20002c48        -       0x00000060   Zero   RW         4432    .bss                c_w.l(libspace.o)
    0x20002ca8        -       0x00000200   Zero   RW         1512    HEAP                startup_stm32f40_41xxx.o
    0x20002ea8        -       0x00000400   Zero   RW         1511    STACK               startup_stm32f40_41xxx.o


==============================================================================

Image component sizes


      Code (inc. data)   RO Data    RW Data    ZI Data      Debug   Object Name

        96          6          0          0          0        483   bsp.o
       656         22          0          0          0       2154   can.o
      1876         12          0          8          0      10682   canbus.o
       536          8          0          0          0       3203   dji_motor.o
      2152        156          0         36       1268       4366   infantry_gimbal_task.o
       156         28          0          4          0     312642   main.o
       224         20          0          0          0       1825   misc.o
       424         30          0          0        360       1041   mode_switch_task.o
      1316         10          0          0       5244       7655   oldpid.o
       392         18          0          8          0       1216   pwm.o
       984        134          0         32          0       4015   remote.o
         0          0          0          0       2272      11566   senior.o
        64         26        392          0       1536        840   startup_stm32f40_41xxx.o
      2544         38          0          0          0       8152   stm32f4xx_can.o
       936         32          0          0          0       6397   stm32f4xx_dma.o
       660         44          0          0          0       4165   stm32f4xx_gpio.o
        26          0          0          0          0       1226   stm32f4xx_it.o
      1628         52          0         16          0      13044   stm32f4xx_rcc.o
      3234         60          0          0          0      23020   stm32f4xx_tim.o
      1108         34          0          0          0       7888   stm32f4xx_usart.o
       528         46          0         20          0       1787   system_stm32f4xx.o
       264         16          0          4          0       1148   timer.o
      3156        146          0         24       2032       7224   usart.o

    ----------------------------------------------------------------------
     22964        938        424        152      12720     435739   Object Totals
         0          0         32          0          0          0   (incl. Generated)
         4          0          0          0          8          0   (incl. Padding)

    ----------------------------------------------------------------------

      Code (inc. data)   RO Data    RW Data    ZI Data      Debug   Library Member Name

         8          0          0          0          0         68   __main.o
         0          0          0          0          0          0   __rtentry.o
        12          0          0          0          0          0   __rtentry2.o
         6          0          0          0          0          0   __rtentry4.o
        52          8          0          0          0          0   __scatter.o
        26          0          0          0          0          0   __scatter_copy.o
        28          0          0          0          0          0   __scatter_zi.o
        22          0          0          0          0        100   _rserrno.o
        18          0          0          0          0         80   exit.o
         6          0          0          0          0        152   heapauxi.o
         0          0          0          0          0          0   indicate_semi.o
         2          0          0          0          0          0   libinit.o
         6          0          0          0          0          0   libinit2.o
         2          0          0          0          0          0   libshutdown.o
         2          0          0          0          0          0   libshutdown2.o
         8          4          0          0         96         68   libspace.o
         8          4          0          0          0         68   rt_errno_addr_intlibspace.o
        78          0          0          0          0         80   rt_memclr_w.o
       138          0          0          0          0         68   rt_memcpy_v6.o
       100          0          0          0          0         80   rt_memcpy_w.o
         2          0          0          0          0          0   rtexit.o
        10          0          0          0          0          0   rtexit2.o
        12          4          0          0          0         68   sys_exit.o
        74          0          0          0          0         80   sys_stackheap_outer.o
         2          0          0          0          0         68   use_no_semi.o
        24          0          0          0          0        164   basic.o
        98          4          0          0          0        140   d2f.o
       826         16          0          0          0        492   daddsub_clz.o
        24          0          0          0          0        116   dcmpi.o
       688        140          0          0          0        256   ddiv.o
       120          4          0          0          0        140   deqf.o
        94          4          0          0          0        140   dfix.o
        46          0          0          0          0        116   dflt_clz.o
       120          4          0          0          0        140   dleqf.o
       340         12          0          0          0        152   dmul.o
       156          4          0          0          0        140   dnaninf.o
        12          0          0          0          0        116   dretinf.o
       108          0          0          0          0        128   drleqf.o
        86          4          0          0          0        132   f2d.o
       140          4          0          0          0        132   fnaninf.o
        10          0          0          0          0        116   fpinit.o
        10          0          0          0          0        116   fretinf.o
         0          0          0          0          0          0   usenofp.o
       744        106        152          0          0        352   atan.o
       512         64          0          0          0        208   atan2.o
        72          8          0          0          0        372   dunder.o
        44          0          0          0          0        248   fabs.o
        48          0          0          0          0        124   fpclassify.o
       248          0          0          0          0        152   poly.o
         0          0          8          0          0          0   qnan.o

    ----------------------------------------------------------------------
      5212        394        160          0         96       5172   Library Totals
        20          0          0          0          0          0   (incl. Padding)

    ----------------------------------------------------------------------

      Code (inc. data)   RO Data    RW Data    ZI Data      Debug   Library Name

       622         20          0          0         96        980   c_w.l
      2902        196          0          0          0       2736   fz_wm.l
      1668        178        160          0          0       1456   m_wm.l

    ----------------------------------------------------------------------
      5212        394        160          0         96       5172   Library Totals

    ----------------------------------------------------------------------

==============================================================================


      Code (inc. data)   RO Data    RW Data    ZI Data      Debug   

     28176       1332        584        152      12816     433795   Grand Totals
     28176       1332        584        152      12816     433795   ELF Image Totals
     28176       1332        584        152          0          0   ROM Totals

==============================================================================

    Total RO  Size (Code + RO Data)                28760 (  28.09kB)
    Total RW  Size (RW Data + ZI Data)             12968 (  12.66kB)
    Total ROM Size (Code + RO Data + RW Data)      28912 (  28.23kB)

==============================================================================

