<html>
<body>
<pre>
<h1>µVision Build Log</h1>
<h2>Tool Versions:</h2>
IDE-Version: ¦ÌVision V5.38.0.0
Copyright (C) 2022 ARM Ltd and ARM Germany GmbH. All rights reserved.
License Information: 11 G, 1, LIC=BUURY-IBDA7-HLFCL-0E2Y7-SZ4P4-PNWS7
 
Tool Versions:
Toolchain:       MDK-ARM Plus  Version: 5.38.0.0
Toolchain Path:  D:\Users\G\RM\keil\ARM\ARMCC\Bin
C Compiler:      Armcc.exe V5.06 update 7 (build 960)
Assembler:       Armasm.exe V5.06 update 7 (build 960)
Linker/Locator:  ArmLink.exe V5.06 update 7 (build 960)
Library Manager: ArmAr.exe V5.06 update 7 (build 960)
Hex Converter:   FromElf.exe V5.06 update 7 (build 960)
CPU DLL:         SARMCM3.DLL V5.38.0.0
Dialog DLL:      DCM.DLL V1.17.5.0
Target DLL:      Segger\JL2CM3.dll V2.99.42.0
Dialog DLL:      TCM.DLL V1.56.4.0
 
<h2>Project:</h2>
D:\GitHub\RPS_Embedded_Development_Team\DEMO\USER\Template.uvprojx
Project File Date:  10/13/2023

<h2>Output:</h2>
*** Using Compiler 'V5.06 update 7 (build 960)', folder: 'D:\Users\G\RM\keil\ARM\ARMCC\Bin'
Build target 'Template'
compiling shoot_task.c...
linking...
Program Size: Code=32778 RO-data=1358 RW-data=352 ZI-data=13432  
FromELF: creating hex file...
"..\OBJ\Template.axf" - 0 Error(s), 0 Warning(s).

<h2>Software Packages used:</h2>

Package Vendor: ARM
                http://www.keil.com/pack/ARM.CMSIS.5.9.0.pack
                ARM.CMSIS.5.9.0
                CMSIS (Common Microcontroller Software Interface Standard)
   * Component: CORE Version: 5.6.0

Package Vendor: ARM
                https://www.keil.com/pack/ARM.CMSIS-DSP.1.14.2.pack
                ARM.CMSIS-DSP.1.14.2
                CMSIS Embedded Compute Library
   * Component: DSP Variant: Source Version: 1.14.2

Package Vendor: Keil
                https://www.keil.com/pack/Keil.ARM_Compiler.1.7.2.pack
                Keil.ARM_Compiler.1.7.2
                Keil ARM Compiler extensions for ARM Compiler 5 and ARM Compiler 6
   * Component: STDERR Variant: ITM Version: 1.2.0

Package Vendor: Keil
                http://www.keil.com/pack/Keil.STM32F4xx_DFP.2.15.0.pack
                Keil.STM32F4xx_DFP.2.15.0
                STMicroelectronics STM32F4 Series Device Support, Drivers and Examples

<h2>Collection of Component include folders:</h2>
  ./RTE/_Template
  D:/Users/G/RM/keil/packs/ARM/CMSIS-DSP/1.14.2/Include
  D:/Users/G/RM/keil/packs/ARM/CMSIS-DSP/1.14.2/PrivateInclude
  D:/Users/G/RM/keil/packs/ARM/CMSIS/5.9.0/CMSIS/Core/Include
  D:/Users/G/RM/keil/packs/Keil/STM32F4xx_DFP/2.15.0/Drivers/CMSIS/Device/ST/STM32F4xx/Include

<h2>Collection of Component Files used:</h2>

   * Component: ARM::CMSIS:CORE:5.6.0

   * Component: ARM::CMSIS:DSP:Source:1.14.2
      Include file:  Include/arm_math.h
      Include file:  Include/arm_common_tables.h
      Include file:  Include/arm_const_structs_f16.h
      Include file:  Include/arm_const_structs.h
      Include file:  Include/arm_math_f16.h
      Include file:  Include/arm_common_tables_f16.h
      Source file:   Source/SVMFunctions/SVMFunctionsF16.c
      Source file:   Source/MatrixFunctions/MatrixFunctions.c
      Source file:   Source/ComplexMathFunctions/ComplexMathFunctions.c
      Source file:   Source/ComplexMathFunctions/ComplexMathFunctionsF16.c
      Source file:   Source/DistanceFunctions/DistanceFunctions.c
      Source file:   Source/SVMFunctions/SVMFunctions.c
      Source file:   Source/TransformFunctions/TransformFunctions.c
      Source file:   Source/FilteringFunctions/FilteringFunctionsF16.c
      Source file:   Source/FastMathFunctions/FastMathFunctionsF16.c
      Source file:   Source/BayesFunctions/BayesFunctionsF16.c
      Source file:   Source/DistanceFunctions/DistanceFunctionsF16.c
      Source file:   Source/StatisticsFunctions/StatisticsFunctions.c
      Source file:   Source/CommonTables/CommonTables.c
      Source file:   Source/FastMathFunctions/FastMathFunctions.c
      Source file:   Source/SupportFunctions/SupportFunctions.c
      Source file:   Source/FilteringFunctions/FilteringFunctions.c
      Source file:   Source/InterpolationFunctions/InterpolationFunctions.c
      Source file:   Source/BasicMathFunctions/BasicMathFunctionsF16.c
      Source file:   Source/CommonTables/CommonTablesF16.c
      Source file:   Source/TransformFunctions/TransformFunctionsF16.c
      Source file:   Source/BasicMathFunctions/BasicMathFunctions.c
      Source file:   Source/QuaternionMathFunctions/QuaternionMathFunctions.c
      Source file:   Source/MatrixFunctions/MatrixFunctionsF16.c
      Source file:   Source/ControllerFunctions/ControllerFunctions.c
      Source file:   Source/InterpolationFunctions/InterpolationFunctionsF16.c
      Source file:   Source/BayesFunctions/BayesFunctions.c
      Source file:   Source/StatisticsFunctions/StatisticsFunctionsF16.c
      Source file:   Source/SupportFunctions/SupportFunctionsF16.c

   * Component: Keil.ARM Compiler::Compiler:I/O:STDERR:ITM:1.2.0
      Source file:   Source/retarget_io.c
Build Time Elapsed:  00:00:02
</pre>
</body>
</html>
