Component: ARM Compiler 5.06 update 4 (build 422) Tool: armlink [4d35d2]

==============================================================================

Section Cross References

    main.o(.text) refers to bsp.o(.text) for BSP_Init
    main.o(.text) refers to oldpid.o(.text) for PID_struct_init
    main.o(.text) refers to canbus.o(.text) for Set_GM6020_IQ1
    main.o(.text) refers to infantry_gimbal_task.o(.text) for gimbal_task
    main.o(.text) refers to mode_switch_task.o(.text) for mode_switch_task
    main.o(.text) refers to oldpid.o(.bss) for pid_yaw
    main.o(.text) refers to main.o(.data) for i
    main.o(.text) refers to senior.o(.bss) for yaw_Encoder
    system_stm32f4xx.o(.text) refers to system_stm32f4xx.o(.data) for SystemCoreClock
    bsp.o(.text) refers to misc.o(.text) for NVIC_PriorityGroupConfig
    bsp.o(.text) refers to usart.o(.text) for usart1_init
    bsp.o(.text) refers to can.o(.text) for CAN1_Mode_Init
    infantry_gimbal_task.o(.text) refers to rt_memclr_w.o(.text) for __aeabi_memclr4
    infantry_gimbal_task.o(.text) refers to dflt_clz.o(x$fpl$dflt) for __aeabi_i2d
    infantry_gimbal_task.o(.text) refers to dmul.o(x$fpl$dmul) for __aeabi_dmul
    infantry_gimbal_task.o(.text) refers to atan2.o(i.__hardfp_atan2) for __hardfp_atan2
    infantry_gimbal_task.o(.text) refers to d2f.o(x$fpl$d2f) for __aeabi_d2f
    infantry_gimbal_task.o(.text) refers to oldpid.o(.text) for pid_double_loop_cal
    infantry_gimbal_task.o(.text) refers to infantry_gimbal_task.o(.bss) for gimbal_data
    infantry_gimbal_task.o(.text) refers to infantry_gimbal_task.o(.data) for first_flag
    infantry_gimbal_task.o(.text) refers to senior.o(.bss) for gimbal_gyro
    infantry_gimbal_task.o(.text) refers to ddiv.o(x$fpl$ddiv) for __aeabi_ddiv
    infantry_gimbal_task.o(.text) refers to dfix.o(x$fpl$dfix) for __aeabi_d2iz
    mode_switch_task.o(.text) refers to dflt_clz.o(x$fpl$dflt) for __aeabi_i2d
    mode_switch_task.o(.text) refers to dmul.o(x$fpl$dmul) for __aeabi_dmul
    mode_switch_task.o(.text) refers to f2d.o(x$fpl$f2d) for __aeabi_f2d
    mode_switch_task.o(.text) refers to daddsub_clz.o(x$fpl$dadd) for __aeabi_dadd
    mode_switch_task.o(.text) refers to d2f.o(x$fpl$d2f) for __aeabi_d2f
    mode_switch_task.o(.text) refers to senior.o(.bss) for RC_CtrlData
    mode_switch_task.o(.text) refers to infantry_gimbal_task.o(.bss) for gimbal_data
    mode_switch_task.o(.text) refers to mode_switch_task.o(.bss) for chassis
    oldpid.o(.text) refers to f2d.o(x$fpl$f2d) for __aeabi_f2d
    oldpid.o(.text) refers to fabs.o(i.__hardfp_fabs) for __hardfp_fabs
    oldpid.o(.text) refers to drleqf.o(x$fpl$drleqf) for __aeabi_cdrcmple
    oldpid.o(.text) refers to dleqf.o(x$fpl$dleqf) for __aeabi_cdcmple
    protobuf-c.o(.text) refers to h1_alloc.o(.text) for malloc
    protobuf-c.o(.text) refers to h1_free.o(.text) for free
    protobuf-c.o(.text) refers to rt_memcpy_v6.o(.text) for __aeabi_memcpy
    protobuf-c.o(.text) refers to strlen.o(.text) for strlen
    protobuf-c.o(.text) refers to deqf.o(x$fpl$deqf) for __aeabi_cdcmpeq
    protobuf-c.o(.text) refers to protobuf-c.o(.data) for protobuf_c__allocator
    protobuf-c.o(.text) refers to assert.o(.text) for __aeabi_assert
    protobuf-c.o(.text) refers to protobuf-c.o(.conststring) for .conststring
    protobuf-c.o(.text) refers to rt_memmove_v6.o(.text) for __aeabi_memmove
    protobuf-c.o(.text) refers to rt_memcpy_w.o(.text) for __aeabi_memcpy4
    protobuf-c.o(.text) refers to protobuf-c.o(.constdata) for .constdata
    protobuf-c.o(.text) refers to rt_memclr.o(.text) for __aeabi_memclr
    protobuf-c.o(.text) refers to llshl.o(.text) for __aeabi_llsl
    protobuf-c.o(.text) refers to rt_memclr_w.o(.text) for __aeabi_memclr4
    protobuf-c.o(.text) refers to strcmpv7m.o(.text) for strcmp
    protobuf-c.o(.constdata) refers to protobuf-c.o(.text) for protobuf_c_buffer_simple_append
    protobuf-c.o(.data) refers to protobuf-c.o(.text) for system_alloc
    recieve.pb-c.o(.text) refers to rt_memcpy_w.o(.text) for __aeabi_memcpy4
    recieve.pb-c.o(.text) refers to assert.o(.text) for __aeabi_assert
    recieve.pb-c.o(.text) refers to protobuf-c.o(.text) for protobuf_c_message_get_packed_size
    recieve.pb-c.o(.text) refers to recieve.pb-c.o(.constdata) for init_value
    recieve.pb-c.o(.constdata) refers to recieve.pb-c.o(.conststring) for .conststring
    recieve.pb-c.o(.constdata) refers to recieve.pb-c.o(.text) for device_to_host__frame__init
    send.pb-c.o(.text) refers to rt_memcpy_w.o(.text) for __aeabi_memcpy4
    send.pb-c.o(.text) refers to assert.o(.text) for __aeabi_assert
    send.pb-c.o(.text) refers to protobuf-c.o(.text) for protobuf_c_message_get_packed_size
    send.pb-c.o(.text) refers to send.pb-c.o(.constdata) for init_value
    send.pb-c.o(.constdata) refers to send.pb-c.o(.conststring) for .conststring
    send.pb-c.o(.constdata) refers to send.pb-c.o(.text) for host_to_device__frame__init
[...]
    .ARM.Collect$$libinit$$0000000A          0x08000202   Section        0  libinit2.o(.ARM.Collect$$libinit$$0000000A)
    .ARM.Collect$$libinit$$0000000C          0x08000202   Section        0  libinit2.o(.ARM.Collect$$libinit$$0000000C)
    .ARM.Collect$$libinit$$0000000E          0x08000202   Section        0  libinit2.o(.ARM.Collect$$libinit$$0000000E)
    .ARM.Collect$$libinit$$00000011          0x08000202   Section        0  libinit2.o(.ARM.Collect$$libinit$$00000011)
    .ARM.Collect$$libinit$$00000013          0x08000202   Section        0  libinit2.o(.ARM.Collect$$libinit$$00000013)
    .ARM.Collect$$libinit$$00000015          0x08000202   Section        0  libinit2.o(.ARM.Collect$$libinit$$00000015)
    .ARM.Collect$$libinit$$00000017          0x08000202   Section        0  libinit2.o(.ARM.Collect$$libinit$$00000017)
    .ARM.Collect$$libinit$$00000019          0x08000202   Section        0  libinit2.o(.ARM.Collect$$libinit$$00000019)
    .ARM.Collect$$libinit$$0000001B          0x08000202   Section        0  libinit2.o(.ARM.Collect$$libinit$$0000001B)
    .ARM.Collect$$libinit$$0000001D          0x08000202   Section        0  libinit2.o(.ARM.Collect$$libinit$$0000001D)
    .ARM.Collect$$libinit$$0000001F          0x08000202   Section        0  libinit2.o(.ARM.Collect$$libinit$$0000001F)
    .ARM.Collect$$libinit$$00000021          0x08000202   Section        0  libinit2.o(.ARM.Collect$$libinit$$00000021)
    .ARM.Collect$$libinit$$00000023          0x08000202   Section        0  libinit2.o(.ARM.Collect$$libinit$$00000023)
    .ARM.Collect$$libinit$$00000025          0x08000202   Section        0  libinit2.o(.ARM.Collect$$libinit$$00000025)
    .ARM.Collect$$libinit$$0000002C          0x08000202   Section        0  libinit2.o(.ARM.Collect$$libinit$$0000002C)
    .ARM.Collect$$libinit$$0000002E          0x08000202   Section        0  libinit2.o(.ARM.Collect$$libinit$$0000002E)
    .ARM.Collect$$libinit$$00000030          0x08000202   Section        0  libinit2.o(.ARM.Collect$$libinit$$00000030)
    .ARM.Collect$$libinit$$00000032          0x08000202   Section        0  libinit2.o(.ARM.Collect$$libinit$$00000032)
    .ARM.Collect$$libinit$$00000033          0x08000202   Section        2  libinit2.o(.ARM.Collect$$libinit$$00000033)
    .ARM.Collect$$libshutdown$$00000000      0x08000204   Section        2  libshutdown.o(.ARM.Collect$$libshutdown$$00000000)
    .ARM.Collect$$libshutdown$$00000002      0x08000206   Section        0  libshutdown2.o(.ARM.Collect$$libshutdown$$00000002)
    .ARM.Collect$$libshutdown$$00000004      0x08000206   Section        0  libshutdown2.o(.ARM.Collect$$libshutdown$$00000004)
    .ARM.Collect$$libshutdown$$00000007      0x08000206   Section        0  libshutdown2.o(.ARM.Collect$$libshutdown$$00000007)
    .ARM.Collect$$libshutdown$$0000000A      0x08000206   Section        0  libshutdown2.o(.ARM.Collect$$libshutdown$$0000000A)
    .ARM.Collect$$libshutdown$$0000000C      0x08000206   Section        0  libshutdown2.o(.ARM.Collect$$libshutdown$$0000000C)
    .ARM.Collect$$libshutdown$$0000000F      0x08000206   Section        0  libshutdown2.o(.ARM.Collect$$libshutdown$$0000000F)
    .ARM.Collect$$libshutdown$$00000010      0x08000206   Section        2  libshutdown2.o(.ARM.Collect$$libshutdown$$00000010)
    .ARM.Collect$$rtentry$$00000000          0x08000208   Section        0  __rtentry.o(.ARM.Collect$$rtentry$$00000000)
    .ARM.Collect$$rtentry$$00000002          0x08000208   Section        0  __rtentry2.o(.ARM.Collect$$rtentry$$00000002)
    .ARM.Collect$$rtentry$$00000004          0x08000208   Section        6  __rtentry4.o(.ARM.Collect$$rtentry$$00000004)
    .ARM.Collect$$rtentry$$00000009          0x0800020e   Section        0  __rtentry2.o(.ARM.Collect$$rtentry$$00000009)
    .ARM.Collect$$rtentry$$0000000A          0x0800020e   Section        4  __rtentry2.o(.ARM.Collect$$rtentry$$0000000A)
    .ARM.Collect$$rtentry$$0000000C          0x08000212   Section        0  __rtentry2.o(.ARM.Collect$$rtentry$$0000000C)
    .ARM.Collect$$rtentry$$0000000D          0x08000212   Section        8  __rtentry2.o(.ARM.Collect$$rtentry$$0000000D)
    .ARM.Collect$$rtexit$$00000000           0x0800021a   Section        2  rtexit.o(.ARM.Collect$$rtexit$$00000000)
    .ARM.Collect$$rtexit$$00000002           0x0800021c   Section        0  rtexit2.o(.ARM.Collect$$rtexit$$00000002)
    .ARM.Collect$$rtexit$$00000003           0x0800021c   Section        4  rtexit2.o(.ARM.Collect$$rtexit$$00000003)
    .ARM.Collect$$rtexit$$00000004           0x08000220   Section        6  rtexit2.o(.ARM.Collect$$rtexit$$00000004)
    .text                                    0x08000228   Section        0  main.o(.text)
    .text                                    0x080002c4   Section        0  stm32f4xx_it.o(.text)
    .text                                    0x080002e0   Section        0  system_stm32f4xx.o(.text)
    SetSysClock                              0x080002e1   Thumb Code   220  system_stm32f4xx.o(.text)
    .text                                    0x080004f0   Section        0  bsp.o(.text)
    .text                                    0x08000548   Section        0  infantry_gimbal_task.o(.text)
    .text                                    0x08000db0   Section        0  mode_switch_task.o(.text)
    .text                                    0x08000f58   Section        0  oldpid.o(.text)
    pid_param_init                           0x08000f87   Thumb Code    20  oldpid.o(.text)
    pid_reset                                0x08000f9b   Thumb Code    46  oldpid.o(.text)
    .text                                    0x0800147c   Section        0  canbus.o(.text)
    .text                                    0x08001bd0   Section        0  dji_motor.o(.text)
    .text                                    0x08001de8   Section        0  remote.o(.text)
    .text                                    0x080021c0   Section        0  can.o(.text)
    .text                                    0x08002450   Section        0  usart.o(.text)
    .text                                    0x080030a4   Section        0  misc.o(.text)
    .text                                    0x08003184   Section        0  stm32f4xx_can.o(.text)
    CheckITStatus                            0x08003987   Thumb Code    18  stm32f4xx_can.o(.text)
    .text                                    0x08003b74   Section        0  stm32f4xx_dma.o(.text)
    .text                                    0x08003f1c   Section        0  stm32f4xx_gpio.o(.text)
    .text                                    0x080041b0   Section        0  stm32f4xx_rcc.o(.text)
    .text                                    0x0800480c   Section        0  stm32f4xx_usart.o(.text)
    .text                                    0x08004c60   Section       64  startup_stm32f40_41xxx.o(.text)
    $v0                                      0x08004c60   Number         0  startup_stm32f40_41xxx.o(.text)
    .text                                    0x08004ca0   Section      138  rt_memcpy_v6.o(.text)
    .text                                    0x08004d2a   Section      100  rt_memcpy_w.o(.text)
    .text                                    0x08004d8e   Section       78  rt_memclr_w.o(.text)
    .text                                    0x08004ddc   Section        0  heapauxi.o(.text)
    .text                                    0x08004de4   Section        0  sys_exit.o(.text)
    .text                                    0x08004df0   Section        8  libspace.o(.text)
    .text                                    0x08004df8   Section        2  use_no_semi.o(.text)
    .text                                    0x08004dfa   Section        0  indicate_semi.o(.text)
    .text                                    0x08004dfa   Section       74  sys_stackheap_outer.o(.text)
    .text                                    0x08004e44   Section        0  exit.o(.text)
    i.__ARM_fpclassify                       0x08004e56   Section        0  fpclassify.o(i.__ARM_fpclassify)
    i.__hardfp_atan                          0x08004e88   Section        0  atan.o(i.__hardfp_atan)
    i.__hardfp_atan2                         0x08005160   Section        0  atan2.o(i.__hardfp_atan2)
    i.__hardfp_fabs                          0x08005350   Section        0  fabs.o(i.__hardfp_fabs)
    i.__kernel_poly                          0x08005364   Section        0  poly.o(i.__kernel_poly)
    i.__mathlib_dbl_infnan                   0x0800545c   Section        0  dunder.o(i.__mathlib_dbl_infnan)
    i.__mathlib_dbl_infnan2                  0x08005470   Section        0  dunder.o(i.__mathlib_dbl_infnan2)
    i.__mathlib_dbl_underflow                0x08005488   Section        0  dunder.o(i.__mathlib_dbl_underflow)
    i.atan                                   0x080054a8   Section        0  atan.o(i.atan)
    i.fabs                                   0x080054b8   Section        0  fabs.o(i.fabs)
    x$fpl$basic                              0x080054d0   Section       24  basic.o(x$fpl$basic)
    $v0                                      0x080054d0   Number         0  basic.o(x$fpl$basic)
    x$fpl$d2f                                0x080054e8   Section       98  d2f.o(x$fpl$d2f)
    $v0                                      0x080054e8   Number         0  d2f.o(x$fpl$d2f)
    x$fpl$dadd                               0x0800554c   Section      336  daddsub_clz.o(x$fpl$dadd)
    $v0                                      0x0800554c   Number         0  daddsub_clz.o(x$fpl$dadd)
    _dadd1                                   0x0800555d   Thumb Code     0  daddsub_clz.o(x$fpl$dadd)
    x$fpl$dcmpinf                            0x0800569c   Section       24  dcmpi.o(x$fpl$dcmpinf)
    $v0                                      0x0800569c   Number         0  dcmpi.o(x$fpl$dcmpinf)
    x$fpl$ddiv                               0x080056b4   Section      688  ddiv.o(x$fpl$ddiv)
    $v0                                      0x080056b4   Number         0  ddiv.o(x$fpl$ddiv)
    ddiv_entry                               0x080056bb   Thumb Code     0  ddiv.o(x$fpl$ddiv)
    x$fpl$dfix                               0x08005964   Section       94  dfix.o(x$fpl$dfix)
    $v0                                      0x08005964   Number         0  dfix.o(x$fpl$dfix)
    x$fpl$dflt                               0x080059c2   Section       46  dflt_clz.o(x$fpl$dflt)
    $v0                                      0x080059c2   Number         0  dflt_clz.o(x$fpl$dflt)
    x$fpl$dleqf                              0x080059f0   Section      120  dleqf.o(x$fpl$dleqf)
    $v0                                      0x080059f0   Number         0  dleqf.o(x$fpl$dleqf)
    x$fpl$dmul                               0x08005a68   Section      340  dmul.o(x$fpl$dmul)
    $v0                                      0x08005a68   Number         0  dmul.o(x$fpl$dmul)
    x$fpl$dnaninf                            0x08005bbc   Section      156  dnaninf.o(x$fpl$dnaninf)
    $v0                                      0x08005bbc   Number         0  dnaninf.o(x$fpl$dnaninf)
    x$fpl$dretinf                            0x08005c58   Section       12  dretinf.o(x$fpl$dretinf)
    $v0                                      0x08005c58   Number         0  dretinf.o(x$fpl$dretinf)
    x$fpl$drleqf                             0x08005c64   Section      108  drleqf.o(x$fpl$drleqf)
    $v0                                      0x08005c64   Number         0  drleqf.o(x$fpl$drleqf)
    x$fpl$drsb                               0x08005cd0   Section       22  daddsub_clz.o(x$fpl$drsb)
    $v0                                      0x08005cd0   Number         0  daddsub_clz.o(x$fpl$drsb)
    x$fpl$dsub                               0x08005ce8   Section      468  daddsub_clz.o(x$fpl$dsub)
    $v0                                      0x08005ce8   Number         0  daddsub_clz.o(x$fpl$dsub)
    _dsub1                                   0x08005cf9   Thumb Code     0  daddsub_clz.o(x$fpl$dsub)
    x$fpl$f2d                                0x08005ebc   Section       86  f2d.o(x$fpl$f2d)
    $v0                                      0x08005ebc   Number         0  f2d.o(x$fpl$f2d)
    x$fpl$fnaninf                            0x08005f12   Section      140  fnaninf.o(x$fpl$fnaninf)
    $v0                                      0x08005f12   Number         0  fnaninf.o(x$fpl$fnaninf)
    x$fpl$fpinit                             0x08005f9e   Section       10  fpinit.o(x$fpl$fpinit)
    $v0                                      0x08005f9e   Number         0  fpinit.o(x$fpl$fpinit)
    x$fpl$fretinf                            0x08005fa8   Section       10  fretinf.o(x$fpl$fretinf)
    $v0                                      0x08005fa8   Number         0  fretinf.o(x$fpl$fretinf)
    x$fpl$usenofp                            0x08005fb2   Section        0  usenofp.o(x$fpl$usenofp)
    .constdata                               0x08005fb8   Section      152  atan.o(.constdata)
    atanhi                                   0x08005fb8   Data          32  atan.o(.constdata)
    atanlo                                   0x08005fd8   Data          32  atan.o(.constdata)
    aTodd                                    0x08005ff8   Data          40  atan.o(.constdata)
    aTeven                                   0x08006020   Data          48  atan.o(.constdata)
    .constdata                               0x08006050   Section        8  qnan.o(.constdata)
    .data                                    0x20000000   Section        4  main.o(.data)
    .data                                    0x20000004   Section       20  system_stm32f4xx.o(.data)
    .data                                    0x20000018   Section       36  infantry_gimbal_task.o(.data)
    .data                                    0x2000003c   Section        8  canbus.o(.data)
    can1_count                               0x2000003c   Data           4  canbus.o(.data)
    can2_count                               0x20000040   Data           4  canbus.o(.data)
    .data                                    0x20000044   Section       32  remote.o(.data)
    .data                                    0x20000064   Section       24  usart.o(.data)
    this_time_rx_len                         0x2000006c   Data           4  usart.o(.data)
    this_time_rx_len                         0x20000070   Data           4  usart.o(.data)
    this_time_rx_len                         0x20000074   Data           4  usart.o(.data)
    this_time_rx_len                         0x20000078   Data           4  usart.o(.data)
    .data                                    0x2000007c   Section       16  stm32f4xx_rcc.o(.data)
    APBAHBPrescTable                         0x2000007c   Data          16  stm32f4xx_rcc.o(.data)
    .bss                                     0x2000008c   Section     1268  infantry_gimbal_task.o(.bss)
    .bss                                     0x20000580   Section      360  mode_switch_task.o(.bss)
    .bss                                     0x200006e8   Section     5244  oldpid.o(.bss)
    .bss                                     0x20001b68   Section     2272  senior.o(.bss)
    .bss                                     0x20002448   Section     2032  usart.o(.bss)
    _USART1_DMA_RX_BUF                       0x20002448   Data         128  usart.o(.bss)
    _USART1_RX_BUF                           0x200024c8   Data          64  usart.o(.bss)
    _USART2_DMA_RX_BUF                       0x20002508   Data         200  usart.o(.bss)
    _USART2_RX_BUF                           0x200025d0   Data         100  usart.o(.bss)
    USART5_DMA_TX_BUF                        0x200027ac   Data         100  usart.o(.bss)
    judge_rxdata_buf                         0x20002810   Data         100  usart.o(.bss)
    _UART5_RX_BUF                            0x20002874   Data         100  usart.o(.bss)
    _USART6_DMA_RX_BUF                       0x20002aa8   Data         200  usart.o(.bss)
    _USART6_RX_BUF                           0x20002b70   Data         100  usart.o(.bss)
    .bss                                     0x20002c38   Section       96  libspace.o(.bss)
    HEAP                                     0x20002c98   Section      512  startup_stm32f40_41xxx.o(HEAP)
    Heap_Mem                                 0x20002c98   Data         512  startup_stm32f40_41xxx.o(HEAP)
    STACK                                    0x20002e98   Section     1024  startup_stm32f40_41xxx.o(STACK)
    Stack_Mem                                0x20002e98   Data        1024  startup_stm32f40_41xxx.o(STACK)
    __initial_sp                             0x20003298   Data           0  startup_stm32f40_41xxx.o(STACK)

    Global Symbols

    Symbol Name                              Value     Ov Type        Size  Object(Section)

    BuildAttributes$$THM_ISAv4$E$P$D$K$B$S$7EM$VFPi3$EXTD16$VFPS$VFMA$PE$A:L22UL41UL21$X:L11$S22US41US21$IEEE1$IW$USESV6$~STKCKD$USESV7$~SHL$OTIME$ROPI$IEEEX$EBA8$UX$STANDARDLIB$REQ8$PRES8$EABIv2 0x00000000   Number         0  anon$$obj.o ABSOLUTE
    __ARM_use_no_argv                        0x00000000   Number         0  main.o ABSOLUTE
    __ARM_exceptions_init                     - Undefined Weak Reference
    __alloca_initialize                       - Undefined Weak Reference
    __arm_preinit_                            - Undefined Weak Reference
    __cpp_initialize__aeabi_                  - Undefined Weak Reference
    __cxa_finalize                            - Undefined Weak Reference
    __rt_locale                               - Undefined Weak Reference
    __sigvec_lookup                           - Undefined Weak Reference
    __user_heap_extent                        - Undefined Weak Reference
    _atexit_init                              - Undefined Weak Reference
    _call_atexit_fns                          - Undefined Weak Reference
    _clock_init                               - Undefined Weak Reference
    _fp_trap_init                             - Undefined Weak Reference
    _fp_trap_shutdown                         - Undefined Weak Reference
    _get_lc_collate                           - Undefined Weak Reference
    _get_lc_ctype                             - Undefined Weak Reference
    _get_lc_monetary                          - Undefined Weak Reference
    _get_lc_numeric                           - Undefined Weak Reference
    _get_lc_time                              - Undefined Weak Reference
    _getenv_init                              - Undefined Weak Reference
    _handle_redirection                       - Undefined Weak Reference
    _initio                                   - Undefined Weak Reference
    _mutex_acquire                            - Undefined Weak Reference
    _mutex_free                               - Undefined Weak Reference
    _mutex_release                            - Undefined Weak Reference
    _rand_init                                - Undefined Weak Reference
    _signal_finish                            - Undefined Weak Reference
    _signal_init                              - Undefined Weak Reference
    _terminateio                              - Undefined Weak Reference
    __Vectors_Size                           0x00000188   Number         0  startup_stm32f40_41xxx.o ABSOLUTE
    __Vectors                                0x08000000   Data           4  startup_stm32f40_41xxx.o(RESET)
    __Vectors_End                            0x08000188   Data           0  startup_stm32f40_41xxx.o(RESET)
    __main                                   0x08000189   Thumb Code     8  __main.o(!!!main)
    __scatterload                            0x08000191   Thumb Code     0  __scatter.o(!!!scatter)
    __scatterload_rt2                        0x08000191   Thumb Code    44  __scatter.o(!!!scatter)
    __scatterload_rt2_thumb_only             0x08000191   Thumb Code     0  __scatter.o(!!!scatter)
    __scatterload_null                       0x0800019f   Thumb Code     0  __scatter.o(!!!scatter)
    __scatterload_copy                       0x080001c5   Thumb Code    26  __scatter_copy.o(!!handler_copy)
    __scatterload_zeroinit                   0x080001e1   Thumb Code    28  __scatter_zi.o(!!handler_zi)
    __rt_lib_init                            0x080001fd   Thumb Code     0  libinit.o(.ARM.Collect$$libinit$$00000000)
    __rt_lib_init_fp_1                       0x080001ff   Thumb Code     0  libinit2.o(.ARM.Collect$$libinit$$00000001)
    __rt_lib_init_alloca_1                   0x08000203   Thumb Code     0  libinit2.o(.ARM.Collect$$libinit$$0000002E)
    __rt_lib_init_argv_1                     0x08000203   Thumb Code     0  libinit2.o(.ARM.Collect$$libinit$$0000002C)
    __rt_lib_init_atexit_1                   0x08000203   Thumb Code     0  libinit2.o(.ARM.Collect$$libinit$$0000001B)
    __rt_lib_init_clock_1                    0x08000203   Thumb Code     0  libinit2.o(.ARM.Collect$$libinit$$00000021)
    __rt_lib_init_cpp_1                      0x08000203   Thumb Code     0  libinit2.o(.ARM.Collect$$libinit$$00000032)
    __rt_lib_init_exceptions_1               0x08000203   Thumb Code     0  libinit2.o(.ARM.Collect$$libinit$$00000030)
    __rt_lib_init_fp_trap_1                  0x08000203   Thumb Code     0  libinit2.o(.ARM.Collect$$libinit$$0000001F)
    __rt_lib_init_getenv_1                   0x08000203   Thumb Code     0  libinit2.o(.ARM.Collect$$libinit$$00000023)
    __rt_lib_init_heap_1                     0x08000203   Thumb Code     0  libinit2.o(.ARM.Collect$$libinit$$0000000A)
    __rt_lib_init_lc_collate_1               0x08000203   Thumb Code     0  libinit2.o(.ARM.Collect$$libinit$$00000011)
    __rt_lib_init_lc_ctype_1                 0x08000203   Thumb Code     0  libinit2.o(.ARM.Collect$$libinit$$00000013)
    __rt_lib_init_lc_monetary_1              0x08000203   Thumb Code     0  libinit2.o(.ARM.Collect$$libinit$$00000015)
    __rt_lib_init_lc_numeric_1               0x08000203   Thumb Code     0  libinit2.o(.ARM.Collect$$libinit$$00000017)
    __rt_lib_init_lc_time_1                  0x08000203   Thumb Code     0  libinit2.o(.ARM.Collect$$libinit$$00000019)
    __rt_lib_init_preinit_1                  0x08000203   Thumb Code     0  libinit2.o(.ARM.Collect$$libinit$$00000004)
    __rt_lib_init_rand_1                     0x08000203   Thumb Code     0  libinit2.o(.ARM.Collect$$libinit$$0000000E)
    __rt_lib_init_return                     0x08000203   Thumb Code     0  libinit2.o(.ARM.Collect$$libinit$$00000033)
    __rt_lib_init_signal_1                   0x08000203   Thumb Code     0  libinit2.o(.ARM.Collect$$libinit$$0000001D)
    __rt_lib_init_stdio_1                    0x08000203   Thumb Code     0  libinit2.o(.ARM.Collect$$libinit$$00000025)
    __rt_lib_init_user_alloc_1               0x08000203   Thumb Code     0  libinit2.o(.ARM.Collect$$libinit$$0000000C)
    __rt_lib_shutdown                        0x08000205   Thumb Code     0  libshutdown.o(.ARM.Collect$$libshutdown$$00000000)
    __rt_lib_shutdown_cpp_1                  0x08000207   Thumb Code     0  libshutdown2.o(.ARM.Collect$$libshutdown$$00000002)
    __rt_lib_shutdown_fp_trap_1              0x08000207   Thumb Code     0  libshutdown2.o(.ARM.Collect$$libshutdown$$00000007)
    __rt_lib_shutdown_heap_1                 0x08000207   Thumb Code     0  libshutdown2.o(.ARM.Collect$$libshutdown$$0000000F)
    __rt_lib_shutdown_return                 0x08000207   Thumb Code     0  libshutdown2.o(.ARM.Collect$$libshutdown$$00000010)
    __rt_lib_shutdown_signal_1               0x08000207   Thumb Code     0  libshutdown2.o(.ARM.Collect$$libshutdown$$0000000A)
    __rt_lib_shutdown_stdio_1                0x08000207   Thumb Code     0  libshutdown2.o(.ARM.Collect$$libshutdown$$00000004)
    __rt_lib_shutdown_user_alloc_1           0x08000207   Thumb Code     0  libshutdown2.o(.ARM.Collect$$libshutdown$$0000000C)
    __rt_entry                               0x08000209   Thumb Code     0  __rtentry.o(.ARM.Collect$$rtentry$$00000000)
    __rt_entry_presh_1                       0x08000209   Thumb Code     0  __rtentry2.o(.ARM.Collect$$rtentry$$00000002)
    __rt_entry_sh                            0x08000209   Thumb Code     0  __rtentry4.o(.ARM.Collect$$rtentry$$00000004)
    __rt_entry_li                            0x0800020f   Thumb Code     0  __rtentry2.o(.ARM.Collect$$rtentry$$0000000A)
    __rt_entry_postsh_1                      0x0800020f   Thumb Code     0  __rtentry2.o(.ARM.Collect$$rtentry$$00000009)
    __rt_entry_main                          0x08000213   Thumb Code     0  __rtentry2.o(.ARM.Collect$$rtentry$$0000000D)
    __rt_entry_postli_1                      0x08000213   Thumb Code     0  __rtentry2.o(.ARM.Collect$$rtentry$$0000000C)
    __rt_exit                                0x0800021b   Thumb Code     0  rtexit.o(.ARM.Collect$$rtexit$$00000000)
    __rt_exit_ls                             0x0800021d   Thumb Code     0  rtexit2.o(.ARM.Collect$$rtexit$$00000003)
    __rt_exit_prels_1                        0x0800021d   Thumb Code     0  rtexit2.o(.ARM.Collect$$rtexit$$00000002)
    __rt_exit_exit                           0x08000221   Thumb Code     0  rtexit2.o(.ARM.Collect$$rtexit$$00000004)
    main                                     0x08000229   Thumb Code   128  main.o(.text)
    NMI_Handler                              0x080002c5   Thumb Code     2  stm32f4xx_it.o(.text)
    HardFault_Handler                        0x080002c7   Thumb Code     4  stm32f4xx_it.o(.text)
    MemManage_Handler                        0x080002cb   Thumb Code     4  stm32f4xx_it.o(.text)
    BusFault_Handler                         0x080002cf   Thumb Code     4  stm32f4xx_it.o(.text)
    UsageFault_Handler                       0x080002d3   Thumb Code     4  stm32f4xx_it.o(.text)
    SVC_Handler                              0x080002d7   Thumb Code     2  stm32f4xx_it.o(.text)
    DebugMon_Handler                         0x080002d9   Thumb Code     2  stm32f4xx_it.o(.text)
    PendSV_Handler                           0x080002db   Thumb Code     2  stm32f4xx_it.o(.text)
    SysTick_Handler                          0x080002dd   Thumb Code     2  stm32f4xx_it.o(.text)
    SystemInit                               0x080003bd   Thumb Code    88  system_stm32f4xx.o(.text)
    SystemCoreClockUpdate                    0x08000415   Thumb Code   174  system_stm32f4xx.o(.text)
    BSP_Init                                 0x080004f1   Thumb Code    82  bsp.o(.text)
    gimbal_parameter_Init                    0x08000549   Thumb Code    22  infantry_gimbal_task.o(.text)
    auto_big_buff_handle                     0x0800055f   Thumb Code   654  infantry_gimbal_task.o(.text)
    auto_small_buff_handle                   0x080007ed   Thumb Code   740  infantry_gimbal_task.o(.text)
    gimbal_follow_gyro_handle                0x08000ad1   Thumb Code   288  infantry_gimbal_task.o(.text)
    gimbal_init_handle                       0x08000bf1   Thumb Code   240  infantry_gimbal_task.o(.text)
    gimbal_task                              0x08000ce1   Thumb Code   138  infantry_gimbal_task.o(.text)
    mode_switch_task                         0x08000db1   Thumb Code   394  mode_switch_task.o(.text)
    abs_limit                                0x08000f59   Thumb Code    46  oldpid.o(.text)
    pid_calc                                 0x08000fc9   Thumb Code   504  oldpid.o(.text)
    pid_calc1                                0x080011c1   Thumb Code   502  oldpid.o(.text)
    PID_struct_init                          0x080013b7   Thumb Code    66  oldpid.o(.text)
    pid_clr                                  0x080013f9   Thumb Code    58  oldpid.o(.text)
    pid_double_loop_cal                      0x08001433   Thumb Code    68  oldpid.o(.text)
    Can1ReceiveMsgProcess                    0x0800147d   Thumb Code    26  canbus.o(.text)
    Can2ReceiveMsgProcess                    0x08001497   Thumb Code    46  canbus.o(.text)
    Set_GM6020_IQ1                           0x080014c5   Thumb Code    92  canbus.o(.text)
    Set_GM6020_IQ2                           0x08001521   Thumb Code    92  canbus.o(.text)
    Set_C620andC610_IQ1                      0x0800157d   Thumb Code    92  canbus.o(.text)
    Set_C620andC610_IQ2                      0x080015d9   Thumb Code    92  canbus.o(.text)
    CAN_9015Command                          0x08001635   Thumb Code    74  canbus.o(.text)
    CAN_9015setpidCommand                    0x0800167f   Thumb Code   166  canbus.o(.text)
    CAN_9015angleControl                     0x08001725   Thumb Code    90  canbus.o(.text)
    CAN_9015speedControl                     0x0800177f   Thumb Code    82  canbus.o(.text)
    CAN_9015torsionControl                   0x080017d1   Thumb Code    80  canbus.o(.text)
    POWER_Control1                           0x08001821   Thumb Code    88  canbus.o(.text)
    POWER_Control1l                          0x08001879   Thumb Code    68  canbus.o(.text)
    power_send_handle2                       0x080018bd   Thumb Code    46  canbus.o(.text)
    power_send_handle1                       0x080018eb   Thumb Code    74  canbus.o(.text)
    HT_430_Encoder_Calibration               0x08001935   Thumb Code    40  canbus.o(.text)
    HT_430_Encoder_Origin                    0x0800195d   Thumb Code    40  canbus.o(.text)
    Motor_Information_Request                0x08001985   Thumb Code    40  canbus.o(.text)
    HT_430_Fault_Clear                       0x080019ad   Thumb Code    40  canbus.o(.text)
    HT_430_Tuen_Off                          0x080019d5   Thumb Code    40  canbus.o(.text)
    HT_430_Origin_Total                      0x080019fd   Thumb Code    40  canbus.o(.text)
    HT_430_Back                              0x08001a25   Thumb Code    40  canbus.o(.text)
    HT_430_Power_Open_Loop                   0x08001a4d   Thumb Code    66  canbus.o(.text)
    HT_430_V_Clossed_Loop                    0x08001a8f   Thumb Code    66  canbus.o(.text)
    HT_430_Absolute_Position_closed_Loop     0x08001ad1   Thumb Code    92  canbus.o(.text)
    HT_430_Relative_Position_closed_Loop     0x08001b2d   Thumb Code    92  canbus.o(.text)
    HT_430_Position_closed_Loop_T_R_OR_W     0x08001b89   Thumb Code    72  canbus.o(.text)
    GetEncoderBias                           0x08001bd1   Thumb Code    26  dji_motor.o(.text)
    EncoderProcess                           0x08001beb   Thumb Code   224  dji_motor.o(.text)
    GM6020EncoderProcess                     0x08001ccb   Thumb Code   180  dji_motor.o(.text)
    M3508orM2006EncoderTask                  0x08001d7f   Thumb Code    32  dji_motor.o(.text)
    GM6020EncoderTask                        0x08001d9f   Thumb Code    66  dji_motor.o(.text)
    T_Key_procces                            0x08001de9   Thumb Code    44  remote.o(.text)
    updateKeyFlag                            0x08001e15   Thumb Code    16  remote.o(.text)
    keyborad_process                         0x08001e25   Thumb Code   470  remote.o(.text)
    GetRemoteSwitchAction                    0x08001ffb   Thumb Code    90  remote.o(.text)
    SetInputMode                             0x08002055   Thumb Code    30  remote.o(.text)
    RemoteDataPrcess                         0x08002073   Thumb Code   200  remote.o(.text)
    CAN1_Mode_Init                           0x080021c1   Thumb Code   230  can.o(.text)
    CAN1_TX_IRQHandler                       0x080022a7   Thumb Code    22  can.o(.text)
    CAN1_RX0_IRQHandler                      0x080022bd   Thumb Code    54  can.o(.text)
    CAN2_Mode_Init                           0x080022f3   Thumb Code   260  can.o(.text)
    CAN2_TX_IRQHandler                       0x080023f7   Thumb Code    22  can.o(.text)
    CAN2_RX0_IRQHandler                      0x0800240d   Thumb Code    46  can.o(.text)
    usart1_init                              0x08002451   Thumb Code   298  usart.o(.text)
    USART1_IRQHandler                        0x0800257b   Thumb Code   194  usart.o(.text)
    usart2_init                              0x0800263d   Thumb Code   298  usart.o(.text)
    USART2_IRQHandler                        0x08002767   Thumb Code   184  usart.o(.text)
    usart3_init                              0x0800281f   Thumb Code   326  usart.o(.text)
    USART3_IRQHandler                        0x08002965   Thumb Code    84  usart.o(.text)
    uart4_init                               0x080029b9   Thumb Code   430  usart.o(.text)
    UART4_IRQHandler                         0x08002b67   Thumb Code    86  usart.o(.text)
    Uart4DmaSendDataProc                     0x08002bbd   Thumb Code    24  usart.o(.text)
    DMA1_Stream4_IRQHandler                  0x08002bd5   Thumb Code    36  usart.o(.text)
    Uart4SendByteInfoProc                    0x08002bf9   Thumb Code    24  usart.o(.text)
    Uart4SendBytesInfoProc                   0x08002c11   Thumb Code    44  usart.o(.text)
    uart5_init                               0x08002c3d   Thumb Code   508  usart.o(.text)
    MYDMA_Enable                             0x08002e39   Thumb Code    44  usart.o(.text)
    UART5_IRQHandler                         0x08002e65   Thumb Code    76  usart.o(.text)
    usart6_init                              0x08002eb1   Thumb Code   270  usart.o(.text)
    USART6_IRQHandler                        0x08002fbf   Thumb Code   176  usart.o(.text)
    NVIC_PriorityGroupConfig                 0x080030a5   Thumb Code    10  misc.o(.text)
    NVIC_Init                                0x080030af   Thumb Code   106  misc.o(.text)
    NVIC_SetVectorTable                      0x08003119   Thumb Code    14  misc.o(.text)
    NVIC_SystemLPConfig                      0x08003127   Thumb Code    34  misc.o(.text)
    SysTick_CLKSourceConfig                  0x08003149   Thumb Code    40  misc.o(.text)
    CAN_DeInit                               0x08003185   Thumb Code    50  stm32f4xx_can.o(.text)
    CAN_Init                                 0x080031b7   Thumb Code   276  stm32f4xx_can.o(.text)
    CAN_FilterInit                           0x080032cb   Thumb Code   258  stm32f4xx_can.o(.text)
    CAN_StructInit                           0x080033cd   Thumb Code    32  stm32f4xx_can.o(.text)
    CAN_SlaveStartBank                       0x080033ed   Thumb Code    48  stm32f4xx_can.o(.text)
    CAN_DBGFreeze                            0x0800341d   Thumb Code    22  stm32f4xx_can.o(.text)
    CAN_TTComModeCmd                         0x08003433   Thumb Code   118  stm32f4xx_can.o(.text)
    CAN_Transmit                             0x080034a9   Thumb Code   304  stm32f4xx_can.o(.text)
    CAN_TransmitStatus                       0x080035d9   Thumb Code   138  stm32f4xx_can.o(.text)
    CAN_CancelTransmit                       0x08003663   Thumb Code    48  stm32f4xx_can.o(.text)
    CAN_Receive                              0x08003693   Thumb Code   240  stm32f4xx_can.o(.text)
    CAN_FIFORelease                          0x08003783   Thumb Code    22  stm32f4xx_can.o(.text)
    CAN_MessagePending                       0x08003799   Thumb Code    30  stm32f4xx_can.o(.text)
    CAN_OperatingModeRequest                 0x080037b7   Thumb Code   162  stm32f4xx_can.o(.text)
    CAN_Sleep                                0x08003859   Thumb Code    30  stm32f4xx_can.o(.text)
    CAN_WakeUp                               0x08003877   Thumb Code    48  stm32f4xx_can.o(.text)
    CAN_GetLastErrorCode                     0x080038a7   Thumb Code    12  stm32f4xx_can.o(.text)
    CAN_GetReceiveErrorCounter               0x080038b3   Thumb Code    10  stm32f4xx_can.o(.text)
    CAN_GetLSBTransmitErrorCounter           0x080038bd   Thumb Code    12  stm32f4xx_can.o(.text)
    CAN_ITConfig                             0x080038c9   Thumb Code    18  stm32f4xx_can.o(.text)
    CAN_GetFlagStatus                        0x080038db   Thumb Code   120  stm32f4xx_can.o(.text)
    CAN_ClearFlag                            0x08003953   Thumb Code    52  stm32f4xx_can.o(.text)
    CAN_GetITStatus                          0x08003999   Thumb Code   310  stm32f4xx_can.o(.text)
    CAN_ClearITPendingBit                    0x08003acf   Thumb Code   162  stm32f4xx_can.o(.text)
    DMA_DeInit                               0x08003b75   Thumb Code   324  stm32f4xx_dma.o(.text)
    DMA_Init                                 0x08003cb9   Thumb Code    82  stm32f4xx_dma.o(.text)
    DMA_StructInit                           0x08003d0b   Thumb Code    34  stm32f4xx_dma.o(.text)
    DMA_Cmd                                  0x08003d2d   Thumb Code    22  stm32f4xx_dma.o(.text)
    DMA_PeriphIncOffsetSizeConfig            0x08003d43   Thumb Code    22  stm32f4xx_dma.o(.text)
    DMA_FlowControllerConfig                 0x08003d59   Thumb Code    22  stm32f4xx_dma.o(.text)
    DMA_SetCurrDataCounter                   0x08003d6f   Thumb Code     4  stm32f4xx_dma.o(.text)
    DMA_GetCurrDataCounter                   0x08003d73   Thumb Code     8  stm32f4xx_dma.o(.text)
    DMA_DoubleBufferModeConfig               0x08003d7b   Thumb Code    24  stm32f4xx_dma.o(.text)
    DMA_DoubleBufferModeCmd                  0x08003d93   Thumb Code    22  stm32f4xx_dma.o(.text)
    DMA_MemoryTargetConfig                   0x08003da9   Thumb Code    10  stm32f4xx_dma.o(.text)
    DMA_GetCurrentMemoryTarget               0x08003db3   Thumb Code    20  stm32f4xx_dma.o(.text)
    DMA_GetCmdStatus                         0x08003dc7   Thumb Code    20  stm32f4xx_dma.o(.text)
    DMA_GetFIFOStatus                        0x08003ddb   Thumb Code    12  stm32f4xx_dma.o(.text)
    DMA_GetFlagStatus                        0x08003de7   Thumb Code    56  stm32f4xx_dma.o(.text)
    DMA_ClearFlag                            0x08003e1f   Thumb Code    40  stm32f4xx_dma.o(.text)
    DMA_ITConfig                             0x08003e47   Thumb Code    58  stm32f4xx_dma.o(.text)
    DMA_GetITStatus                          0x08003e81   Thumb Code    84  stm32f4xx_dma.o(.text)
    DMA_ClearITPendingBit                    0x08003ed5   Thumb Code    40  stm32f4xx_dma.o(.text)
    GPIO_DeInit                              0x08003f1d   Thumb Code   268  stm32f4xx_gpio.o(.text)
    GPIO_Init                                0x08004029   Thumb Code   144  stm32f4xx_gpio.o(.text)
    GPIO_StructInit                          0x080040b9   Thumb Code    18  stm32f4xx_gpio.o(.text)
    GPIO_PinLockConfig                       0x080040cb   Thumb Code    34  stm32f4xx_gpio.o(.text)
    GPIO_ReadInputDataBit                    0x080040ed   Thumb Code    18  stm32f4xx_gpio.o(.text)
    GPIO_ReadInputData                       0x080040ff   Thumb Code     8  stm32f4xx_gpio.o(.text)
    GPIO_ReadOutputDataBit                   0x08004107   Thumb Code    18  stm32f4xx_gpio.o(.text)
    GPIO_ReadOutputData                      0x08004119   Thumb Code     8  stm32f4xx_gpio.o(.text)
    GPIO_SetBits                             0x08004121   Thumb Code     4  stm32f4xx_gpio.o(.text)
    GPIO_ResetBits                           0x08004125   Thumb Code     4  stm32f4xx_gpio.o(.text)
    GPIO_WriteBit                            0x08004129   Thumb Code    10  stm32f4xx_gpio.o(.text)
    GPIO_Write                               0x08004133   Thumb Code     4  stm32f4xx_gpio.o(.text)
    GPIO_ToggleBits                          0x08004137   Thumb Code     8  stm32f4xx_gpio.o(.text)
    GPIO_PinAFConfig                         0x0800413f   Thumb Code    70  stm32f4xx_gpio.o(.text)
    RCC_DeInit                               0x080041b1   Thumb Code    82  stm32f4xx_rcc.o(.text)
    RCC_HSEConfig                            0x08004203   Thumb Code    14  stm32f4xx_rcc.o(.text)
    RCC_GetFlagStatus                        0x08004211   Thumb Code    60  stm32f4xx_rcc.o(.text)
    RCC_WaitForHSEStartUp                    0x0800424d   Thumb Code    56  stm32f4xx_rcc.o(.text)
    RCC_AdjustHSICalibrationValue            0x08004285   Thumb Code    20  stm32f4xx_rcc.o(.text)
    RCC_HSICmd                               0x08004299   Thumb Code     6  stm32f4xx_rcc.o(.text)
    RCC_LSEConfig                            0x0800429f   Thumb Code    46  stm32f4xx_rcc.o(.text)
    RCC_LSICmd                               0x080042cd   Thumb Code     6  stm32f4xx_rcc.o(.text)
    RCC_PLLConfig                            0x080042d3   Thumb Code    32  stm32f4xx_rcc.o(.text)
    RCC_PLLCmd                               0x080042f3   Thumb Code     6  stm32f4xx_rcc.o(.text)
    RCC_PLLI2SConfig                         0x080042f9   Thumb Code    14  stm32f4xx_rcc.o(.text)
    RCC_PLLI2SCmd                            0x08004307   Thumb Code     6  stm32f4xx_rcc.o(.text)
    RCC_PLLSAIConfig                         0x0800430d   Thumb Code    20  stm32f4xx_rcc.o(.text)
    RCC_PLLSAICmd                            0x08004321   Thumb Code     6  stm32f4xx_rcc.o(.text)
    RCC_ClockSecuritySystemCmd               0x08004327   Thumb Code     6  stm32f4xx_rcc.o(.text)
    RCC_MCO1Config                           0x0800432d   Thumb Code    28  stm32f4xx_rcc.o(.text)
    RCC_MCO2Config                           0x08004349   Thumb Code    28  stm32f4xx_rcc.o(.text)
    RCC_SYSCLKConfig                         0x08004365   Thumb Code    20  stm32f4xx_rcc.o(.text)
    RCC_GetSYSCLKSource                      0x08004379   Thumb Code    12  stm32f4xx_rcc.o(.text)
    RCC_HCLKConfig                           0x08004385   Thumb Code    20  stm32f4xx_rcc.o(.text)
    RCC_PCLK1Config                          0x08004399   Thumb Code    20  stm32f4xx_rcc.o(.text)
    RCC_PCLK2Config                          0x080043ad   Thumb Code    22  stm32f4xx_rcc.o(.text)
    RCC_GetClocksFreq                        0x080043c3   Thumb Code   222  stm32f4xx_rcc.o(.text)
    RCC_RTCCLKConfig                         0x080044a1   Thumb Code    54  stm32f4xx_rcc.o(.text)
    RCC_RTCCLKCmd                            0x080044d7   Thumb Code     8  stm32f4xx_rcc.o(.text)
    RCC_BackupResetCmd                       0x080044df   Thumb Code     8  stm32f4xx_rcc.o(.text)
    RCC_I2SCLKConfig                         0x080044e7   Thumb Code     6  stm32f4xx_rcc.o(.text)
    RCC_SAIPLLI2SClkDivConfig                0x080044ed   Thumb Code    26  stm32f4xx_rcc.o(.text)
    RCC_SAIPLLSAIClkDivConfig                0x08004507   Thumb Code    28  stm32f4xx_rcc.o(.text)
    RCC_SAIBlockACLKConfig                   0x08004523   Thumb Code    20  stm32f4xx_rcc.o(.text)
    RCC_SAIBlockBCLKConfig                   0x08004537   Thumb Code    20  stm32f4xx_rcc.o(.text)
    RCC_LTDCCLKDivConfig                     0x0800454b   Thumb Code    20  stm32f4xx_rcc.o(.text)
    RCC_TIMCLKPresConfig                     0x0800455f   Thumb Code     6  stm32f4xx_rcc.o(.text)
    RCC_AHB1PeriphClockCmd                   0x08004565   Thumb Code    34  stm32f4xx_rcc.o(.text)
    RCC_AHB2PeriphClockCmd                   0x08004587   Thumb Code    78  stm32f4xx_rcc.o(.text)
    RCC_AHB3PeriphClockCmd                   0x080045d5   Thumb Code    34  stm32f4xx_rcc.o(.text)
    RCC_APB1PeriphClockCmd                   0x080045f7   Thumb Code    34  stm32f4xx_rcc.o(.text)
    RCC_APB2PeriphClockCmd                   0x08004619   Thumb Code    34  stm32f4xx_rcc.o(.text)
    RCC_AHB1PeriphResetCmd                   0x0800463b   Thumb Code    34  stm32f4xx_rcc.o(.text)
    RCC_AHB2PeriphResetCmd                   0x0800465d   Thumb Code    34  stm32f4xx_rcc.o(.text)
    RCC_AHB3PeriphResetCmd                   0x0800467f   Thumb Code    34  stm32f4xx_rcc.o(.text)
    RCC_APB1PeriphResetCmd                   0x080046a1   Thumb Code    34  stm32f4xx_rcc.o(.text)
    RCC_APB2PeriphResetCmd                   0x080046c3   Thumb Code    34  stm32f4xx_rcc.o(.text)
    RCC_AHB1PeriphClockLPModeCmd             0x080046e5   Thumb Code    34  stm32f4xx_rcc.o(.text)
    RCC_AHB2PeriphClockLPModeCmd             0x08004707   Thumb Code    34  stm32f4xx_rcc.o(.text)
    RCC_AHB3PeriphClockLPModeCmd             0x08004729   Thumb Code    34  stm32f4xx_rcc.o(.text)
    RCC_APB1PeriphClockLPModeCmd             0x0800474b   Thumb Code    34  stm32f4xx_rcc.o(.text)
    RCC_APB2PeriphClockLPModeCmd             0x0800476d   Thumb Code    34  stm32f4xx_rcc.o(.text)
    RCC_LSEModeConfig                        0x0800478f   Thumb Code    40  stm32f4xx_rcc.o(.text)
    RCC_ITConfig                             0x080047b7   Thumb Code    34  stm32f4xx_rcc.o(.text)
    RCC_ClearFlag                            0x080047d9   Thumb Code    18  stm32f4xx_rcc.o(.text)
    RCC_GetITStatus                          0x080047eb   Thumb Code    22  stm32f4xx_rcc.o(.text)
    RCC_ClearITPendingBit                    0x08004801   Thumb Code     8  stm32f4xx_rcc.o(.text)
    USART_DeInit                             0x0800480d   Thumb Code   206  stm32f4xx_usart.o(.text)
    USART_Init                               0x080048db   Thumb Code   204  stm32f4xx_usart.o(.text)
    USART_StructInit                         0x080049a7   Thumb Code    24  stm32f4xx_usart.o(.text)
    USART_ClockInit                          0x080049bf   Thumb Code    32  stm32f4xx_usart.o(.text)
    USART_ClockStructInit                    0x080049df   Thumb Code    12  stm32f4xx_usart.o(.text)
    USART_Cmd                                0x080049eb   Thumb Code    24  stm32f4xx_usart.o(.text)
    USART_SetPrescaler                       0x08004a03   Thumb Code    16  stm32f4xx_usart.o(.text)
    USART_OverSampling8Cmd                   0x08004a13   Thumb Code    22  stm32f4xx_usart.o(.text)
    USART_OneBitMethodCmd                    0x08004a29   Thumb Code    24  stm32f4xx_usart.o(.text)
    USART_SendData                           0x08004a41   Thumb Code     8  stm32f4xx_usart.o(.text)
    USART_ReceiveData                        0x08004a49   Thumb Code    10  stm32f4xx_usart.o(.text)
    USART_SetAddress                         0x08004a53   Thumb Code    18  stm32f4xx_usart.o(.text)
    USART_ReceiverWakeUpCmd                  0x08004a65   Thumb Code    24  stm32f4xx_usart.o(.text)
    USART_WakeUpConfig                       0x08004a7d   Thumb Code    18  stm32f4xx_usart.o(.text)
    USART_LINBreakDetectLengthConfig         0x08004a8f   Thumb Code    18  stm32f4xx_usart.o(.text)
    USART_LINCmd                             0x08004aa1   Thumb Code    24  stm32f4xx_usart.o(.text)
    USART_SendBreak                          0x08004ab9   Thumb Code    10  stm32f4xx_usart.o(.text)
    USART_HalfDuplexCmd                      0x08004ac3   Thumb Code    24  stm32f4xx_usart.o(.text)
    USART_SetGuardTime                       0x08004adb   Thumb Code    16  stm32f4xx_usart.o(.text)
    USART_SmartCardCmd                       0x08004aeb   Thumb Code    24  stm32f4xx_usart.o(.text)
    USART_SmartCardNACKCmd                   0x08004b03   Thumb Code    24  stm32f4xx_usart.o(.text)
    USART_IrDAConfig                         0x08004b1b   Thumb Code    18  stm32f4xx_usart.o(.text)
    USART_IrDACmd                            0x08004b2d   Thumb Code    24  stm32f4xx_usart.o(.text)
    USART_DMACmd                             0x08004b45   Thumb Code    18  stm32f4xx_usart.o(.text)
    USART_ITConfig                           0x08004b57   Thumb Code    74  stm32f4xx_usart.o(.text)
    USART_GetFlagStatus                      0x08004ba1   Thumb Code    26  stm32f4xx_usart.o(.text)
    USART_ClearFlag                          0x08004bbb   Thumb Code    18  stm32f4xx_usart.o(.text)
    USART_GetITStatus                        0x08004bcd   Thumb Code   118  stm32f4xx_usart.o(.text)
    USART_ClearITPendingBit                  0x08004c43   Thumb Code    30  stm32f4xx_usart.o(.text)
    Reset_Handler                            0x08004c61   Thumb Code     8  startup_stm32f40_41xxx.o(.text)
    ADC_IRQHandler                           0x08004c7b   Thumb Code     0  startup_stm32f40_41xxx.o(.text)
    CAN1_RX1_IRQHandler                      0x08004c7b   Thumb Code     0  startup_stm32f40_41xxx.o(.text)
    CAN1_SCE_IRQHandler                      0x08004c7b   Thumb Code     0  startup_stm32f40_41xxx.o(.text)
    CAN2_RX1_IRQHandler                      0x08004c7b   Thumb Code     0  startup_stm32f40_41xxx.o(.text)
    CAN2_SCE_IRQHandler                      0x08004c7b   Thumb Code     0  startup_stm32f40_41xxx.o(.text)
    CRYP_IRQHandler                          0x08004c7b   Thumb Code     0  startup_stm32f40_41xxx.o(.text)
    DCMI_IRQHandler                          0x08004c7b   Thumb Code     0  startup_stm32f40_41xxx.o(.text)
    DMA1_Stream0_IRQHandler                  0x08004c7b   Thumb Code     0  startup_stm32f40_41xxx.o(.text)
    DMA1_Stream1_IRQHandler                  0x08004c7b   Thumb Code     0  startup_stm32f40_41xxx.o(.text)
    DMA1_Stream2_IRQHandler                  0x08004c7b   Thumb Code     0  startup_stm32f40_41xxx.o(.text)
    DMA1_Stream3_IRQHandler                  0x08004c7b   Thumb Code     0  startup_stm32f40_41xxx.o(.text)
    DMA1_Stream5_IRQHandler                  0x08004c7b   Thumb Code     0  startup_stm32f40_41xxx.o(.text)
    DMA1_Stream6_IRQHandler                  0x08004c7b   Thumb Code     0  startup_stm32f40_41xxx.o(.text)
    DMA1_Stream7_IRQHandler                  0x08004c7b   Thumb Code     0  startup_stm32f40_41xxx.o(.text)
    DMA2_Stream0_IRQHandler                  0x08004c7b   Thumb Code     0  startup_stm32f40_41xxx.o(.text)
    DMA2_Stream1_IRQHandler                  0x08004c7b   Thumb Code     0  startup_stm32f40_41xxx.o(.text)
    DMA2_Stream2_IRQHandler                  0x08004c7b   Thumb Code     0  startup_stm32f40_41xxx.o(.text)
    DMA2_Stream3_IRQHandler                  0x08004c7b   Thumb Code     0  startup_stm32f40_41xxx.o(.text)
    DMA2_Stream4_IRQHandler                  0x08004c7b   Thumb Code     0  startup_stm32f40_41xxx.o(.text)
    DMA2_Stream5_IRQHandler                  0x08004c7b   Thumb Code     0  startup_stm32f40_41xxx.o(.text)
    DMA2_Stream6_IRQHandler                  0x08004c7b   Thumb Code     0  startup_stm32f40_41xxx.o(.text)
    DMA2_Stream7_IRQHandler                  0x08004c7b   Thumb Code     0  startup_stm32f40_41xxx.o(.text)
    ETH_IRQHandler                           0x08004c7b   Thumb Code     0  startup_stm32f40_41xxx.o(.text)
    ETH_WKUP_IRQHandler                      0x08004c7b   Thumb Code     0  startup_stm32f40_41xxx.o(.text)
    EXTI0_IRQHandler                         0x08004c7b   Thumb Code     0  startup_stm32f40_41xxx.o(.text)
    EXTI15_10_IRQHandler                     0x08004c7b   Thumb Code     0  startup_stm32f40_41xxx.o(.text)
    EXTI1_IRQHandler                         0x08004c7b   Thumb Code     0  startup_stm32f40_41xxx.o(.text)
    EXTI2_IRQHandler                         0x08004c7b   Thumb Code     0  startup_stm32f40_41xxx.o(.text)
    EXTI3_IRQHandler                         0x08004c7b   Thumb Code     0  startup_stm32f40_41xxx.o(.text)
    EXTI4_IRQHandler                         0x08004c7b   Thumb Code     0  startup_stm32f40_41xxx.o(.text)
    EXTI9_5_IRQHandler                       0x08004c7b   Thumb Code     0  startup_stm32f40_41xxx.o(.text)
    FLASH_IRQHandler                         0x08004c7b   Thumb Code     0  startup_stm32f40_41xxx.o(.text)
    FPU_IRQHandler                           0x08004c7b   Thumb Code     0  startup_stm32f40_41xxx.o(.text)
    FSMC_IRQHandler                          0x08004c7b   Thumb Code     0  startup_stm32f40_41xxx.o(.text)
    HASH_RNG_IRQHandler                      0x08004c7b   Thumb Code     0  startup_stm32f40_41xxx.o(.text)
    I2C1_ER_IRQHandler                       0x08004c7b   Thumb Code     0  startup_stm32f40_41xxx.o(.text)
    I2C1_EV_IRQHandler                       0x08004c7b   Thumb Code     0  startup_stm32f40_41xxx.o(.text)
    I2C2_ER_IRQHandler                       0x08004c7b   Thumb Code     0  startup_stm32f40_41xxx.o(.text)
    I2C2_EV_IRQHandler                       0x08004c7b   Thumb Code     0  startup_stm32f40_41xxx.o(.text)
    I2C3_ER_IRQHandler                       0x08004c7b   Thumb Code     0  startup_stm32f40_41xxx.o(.text)
    I2C3_EV_IRQHandler                       0x08004c7b   Thumb Code     0  startup_stm32f40_41xxx.o(.text)
    OTG_FS_IRQHandler                        0x08004c7b   Thumb Code     0  startup_stm32f40_41xxx.o(.text)
    OTG_FS_WKUP_IRQHandler                   0x08004c7b   Thumb Code     0  startup_stm32f40_41xxx.o(.text)
    OTG_HS_EP1_IN_IRQHandler                 0x08004c7b   Thumb Code     0  startup_stm32f40_41xxx.o(.text)
    OTG_HS_EP1_OUT_IRQHandler                0x08004c7b   Thumb Code     0  startup_stm32f40_41xxx.o(.text)
    OTG_HS_IRQHandler                        0x08004c7b   Thumb Code     0  startup_stm32f40_41xxx.o(.text)
    OTG_HS_WKUP_IRQHandler                   0x08004c7b   Thumb Code     0  startup_stm32f40_41xxx.o(.text)
    PVD_IRQHandler                           0x08004c7b   Thumb Code     0  startup_stm32f40_41xxx.o(.text)
    RCC_IRQHandler                           0x08004c7b   Thumb Code     0  startup_stm32f40_41xxx.o(.text)
    RTC_Alarm_IRQHandler                     0x08004c7b   Thumb Code     0  startup_stm32f40_41xxx.o(.text)
    RTC_WKUP_IRQHandler                      0x08004c7b   Thumb Code     0  startup_stm32f40_41xxx.o(.text)
    SDIO_IRQHandler                          0x08004c7b   Thumb Code     0  startup_stm32f40_41xxx.o(.text)
    SPI1_IRQHandler                          0x08004c7b   Thumb Code     0  startup_stm32f40_41xxx.o(.text)
    SPI2_IRQHandler                          0x08004c7b   Thumb Code     0  startup_stm32f40_41xxx.o(.text)
    SPI3_IRQHandler                          0x08004c7b   Thumb Code     0  startup_stm32f40_41xxx.o(.text)
    TAMP_STAMP_IRQHandler                    0x08004c7b   Thumb Code     0  startup_stm32f40_41xxx.o(.text)
    TIM1_BRK_TIM9_IRQHandler                 0x08004c7b   Thumb Code     0  startup_stm32f40_41xxx.o(.text)
    TIM1_CC_IRQHandler                       0x08004c7b   Thumb Code     0  startup_stm32f40_41xxx.o(.text)
    TIM1_TRG_COM_TIM11_IRQHandler            0x08004c7b   Thumb Code     0  startup_stm32f40_41xxx.o(.text)
    TIM1_UP_TIM10_IRQHandler                 0x08004c7b   Thumb Code     0  startup_stm32f40_41xxx.o(.text)
    TIM2_IRQHandler                          0x08004c7b   Thumb Code     0  startup_stm32f40_41xxx.o(.text)
    TIM3_IRQHandler                          0x08004c7b   Thumb Code     0  startup_stm32f40_41xxx.o(.text)
    TIM4_IRQHandler                          0x08004c7b   Thumb Code     0  startup_stm32f40_41xxx.o(.text)
    TIM5_IRQHandler                          0x08004c7b   Thumb Code     0  startup_stm32f40_41xxx.o(.text)
    TIM6_DAC_IRQHandler                      0x08004c7b   Thumb Code     0  startup_stm32f40_41xxx.o(.text)
    TIM7_IRQHandler                          0x08004c7b   Thumb Code     0  startup_stm32f40_41xxx.o(.text)
    TIM8_BRK_TIM12_IRQHandler                0x08004c7b   Thumb Code     0  startup_stm32f40_41xxx.o(.text)
    TIM8_CC_IRQHandler                       0x08004c7b   Thumb Code     0  startup_stm32f40_41xxx.o(.text)
    TIM8_TRG_COM_TIM14_IRQHandler            0x08004c7b   Thumb Code     0  startup_stm32f40_41xxx.o(.text)
    TIM8_UP_TIM13_IRQHandler                 0x08004c7b   Thumb Code     0  startup_stm32f40_41xxx.o(.text)
    WWDG_IRQHandler                          0x08004c7b   Thumb Code     0  startup_stm32f40_41xxx.o(.text)
    __user_initial_stackheap                 0x08004c7d   Thumb Code     0  startup_stm32f40_41xxx.o(.text)
    __aeabi_memcpy                           0x08004ca1   Thumb Code     0  rt_memcpy_v6.o(.text)
    __rt_memcpy                              0x08004ca1   Thumb Code   138  rt_memcpy_v6.o(.text)
    _memcpy_lastbytes                        0x08004d07   Thumb Code     0  rt_memcpy_v6.o(.text)
    __aeabi_memcpy4                          0x08004d2b   Thumb Code     0  rt_memcpy_w.o(.text)
    __aeabi_memcpy8                          0x08004d2b   Thumb Code     0  rt_memcpy_w.o(.text)
    __rt_memcpy_w                            0x08004d2b   Thumb Code   100  rt_memcpy_w.o(.text)
    _memcpy_lastbytes_aligned                0x08004d73   Thumb Code     0  rt_memcpy_w.o(.text)
    __aeabi_memclr4                          0x08004d8f   Thumb Code     0  rt_memclr_w.o(.text)
    __aeabi_memclr8                          0x08004d8f   Thumb Code     0  rt_memclr_w.o(.text)
    __rt_memclr_w                            0x08004d8f   Thumb Code    78  rt_memclr_w.o(.text)
    _memset_w                                0x08004d93   Thumb Code     0  rt_memclr_w.o(.text)
    __use_two_region_memory                  0x08004ddd   Thumb Code     2  heapauxi.o(.text)
    __rt_heap_escrow                         0x08004ddf   Thumb Code     2  heapauxi.o(.text)
    __rt_heap_expand                         0x08004de1   Thumb Code     2  heapauxi.o(.text)
    _sys_exit                                0x08004de5   Thumb Code     8  sys_exit.o(.text)
    __user_libspace                          0x08004df1   Thumb Code     8  libspace.o(.text)
    __user_perproc_libspace                  0x08004df1   Thumb Code     0  libspace.o(.text)
    __user_perthread_libspace                0x08004df1   Thumb Code     0  libspace.o(.text)
    __I$use$semihosting                      0x08004df9   Thumb Code     0  use_no_semi.o(.text)
    __use_no_semihosting_swi                 0x08004df9   Thumb Code     2  use_no_semi.o(.text)
    __semihosting_library_function           0x08004dfb   Thumb Code     0  indicate_semi.o(.text)
    __user_setup_stackheap                   0x08004dfb   Thumb Code    74  sys_stackheap_outer.o(.text)
    exit                                     0x08004e45   Thumb Code    18  exit.o(.text)
    __ARM_fpclassify                         0x08004e57   Thumb Code    48  fpclassify.o(i.__ARM_fpclassify)
    __hardfp_atan                            0x08004e89   Thumb Code   622  atan.o(i.__hardfp_atan)
    __hardfp_atan2                           0x08005161   Thumb Code   432  atan2.o(i.__hardfp_atan2)
    __hardfp_fabs                            0x08005351   Thumb Code    20  fabs.o(i.__hardfp_fabs)
    __kernel_poly                            0x08005365   Thumb Code   248  poly.o(i.__kernel_poly)
    __mathlib_dbl_infnan                     0x0800545d   Thumb Code    20  dunder.o(i.__mathlib_dbl_infnan)
    __mathlib_dbl_infnan2                    0x08005471   Thumb Code    20  dunder.o(i.__mathlib_dbl_infnan2)
    __mathlib_dbl_underflow                  0x08005489   Thumb Code    24  dunder.o(i.__mathlib_dbl_underflow)
    atan                                     0x080054a9   Thumb Code    16  atan.o(i.atan)
    fabs                                     0x080054b9   Thumb Code    24  fabs.o(i.fabs)
    __aeabi_dneg                             0x080054d1   Thumb Code     0  basic.o(x$fpl$basic)
    _dneg                                    0x080054d1   Thumb Code     6  basic.o(x$fpl$basic)
    __aeabi_fneg                             0x080054d7   Thumb Code     0  basic.o(x$fpl$basic)
    _fneg                                    0x080054d7   Thumb Code     6  basic.o(x$fpl$basic)
    _dabs                                    0x080054dd   Thumb Code     6  basic.o(x$fpl$basic)
    _fabs                                    0x080054e3   Thumb Code     6  basic.o(x$fpl$basic)
    __aeabi_d2f                              0x080054e9   Thumb Code     0  d2f.o(x$fpl$d2f)
    _d2f                                     0x080054e9   Thumb Code    98  d2f.o(x$fpl$d2f)
    __aeabi_dadd                             0x0800554d   Thumb Code     0  daddsub_clz.o(x$fpl$dadd)
    _dadd                                    0x0800554d   Thumb Code   332  daddsub_clz.o(x$fpl$dadd)
    __fpl_dcmp_Inf                           0x0800569d   Thumb Code    24  dcmpi.o(x$fpl$dcmpinf)
    __aeabi_ddiv                             0x080056b5   Thumb Code     0  ddiv.o(x$fpl$ddiv)
    _ddiv                                    0x080056b5   Thumb Code   552  ddiv.o(x$fpl$ddiv)
    __aeabi_d2iz                             0x08005965   Thumb Code     0  dfix.o(x$fpl$dfix)
    _dfix                                    0x08005965   Thumb Code    94  dfix.o(x$fpl$dfix)
    __aeabi_i2d                              0x080059c3   Thumb Code     0  dflt_clz.o(x$fpl$dflt)
    _dflt                                    0x080059c3   Thumb Code    46  dflt_clz.o(x$fpl$dflt)
    __aeabi_cdcmple                          0x080059f1   Thumb Code     0  dleqf.o(x$fpl$dleqf)
    _dcmple                                  0x080059f1   Thumb Code   120  dleqf.o(x$fpl$dleqf)
    __fpl_dcmple_InfNaN                      0x08005a53   Thumb Code     0  dleqf.o(x$fpl$dleqf)
    __aeabi_dmul                             0x08005a69   Thumb Code     0  dmul.o(x$fpl$dmul)
    _dmul                                    0x08005a69   Thumb Code   332  dmul.o(x$fpl$dmul)
    __fpl_dnaninf                            0x08005bbd   Thumb Code   156  dnaninf.o(x$fpl$dnaninf)
    __fpl_dretinf                            0x08005c59   Thumb Code    12  dretinf.o(x$fpl$dretinf)
    __aeabi_cdrcmple                         0x08005c65   Thumb Code     0  drleqf.o(x$fpl$drleqf)
    _drcmple                                 0x08005c65   Thumb Code   108  drleqf.o(x$fpl$drleqf)
    __aeabi_drsub                            0x08005cd1   Thumb Code     0  daddsub_clz.o(x$fpl$drsb)
    _drsb                                    0x08005cd1   Thumb Code    22  daddsub_clz.o(x$fpl$drsb)
    __aeabi_dsub                             0x08005ce9   Thumb Code     0  daddsub_clz.o(x$fpl$dsub)
    _dsub                                    0x08005ce9   Thumb Code   464  daddsub_clz.o(x$fpl$dsub)
    __aeabi_f2d                              0x08005ebd   Thumb Code     0  f2d.o(x$fpl$f2d)
    _f2d                                     0x08005ebd   Thumb Code    86  f2d.o(x$fpl$f2d)
    __fpl_fnaninf                            0x08005f13   Thumb Code   140  fnaninf.o(x$fpl$fnaninf)
    _fp_init                                 0x08005f9f   Thumb Code    10  fpinit.o(x$fpl$fpinit)
    __fplib_config_fpu_vfp                   0x08005fa7   Thumb Code     0  fpinit.o(x$fpl$fpinit)
    __fplib_config_pureend_doubles           0x08005fa7   Thumb Code     0  fpinit.o(x$fpl$fpinit)
    __fpl_fretinf                            0x08005fa9   Thumb Code    10  fretinf.o(x$fpl$fretinf)
    __I$use$fp                               0x08005fb2   Number         0  usenofp.o(x$fpl$usenofp)
    __mathlib_zero                           0x08006050   Data           8  qnan.o(.constdata)
    Region$$Table$$Base                      0x08006058   Number         0  anon$$obj.o(Region$$Table)
    Region$$Table$$Limit                     0x08006078   Number         0  anon$$obj.o(Region$$Table)
    i                                        0x20000000   Data           4  main.o(.data)
    SystemCoreClock                          0x20000004   Data           4  system_stm32f4xx.o(.data)
    AHBPrescTable                            0x20000008   Data          16  system_stm32f4xx.o(.data)
    last_pitch_angle                         0x20000018   Data           4  infantry_gimbal_task.o(.data)
    last_yaw_angle                           0x2000001c   Data           4  infantry_gimbal_task.o(.data)
    yaw_angle_ref_aim                        0x20000020   Data           4  infantry_gimbal_task.o(.data)
    pit_angle_ref_aim                        0x20000024   Data           4  infantry_gimbal_task.o(.data)
    last_yaw                                 0x20000028   Data           4  infantry_gimbal_task.o(.data)
    last_pit                                 0x2000002c   Data           4  infantry_gimbal_task.o(.data)
    first_flag                               0x20000030   Data           1  infantry_gimbal_task.o(.data)
    ved                                      0x20000031   Data           1  infantry_gimbal_task.o(.data)
    Delta_Dect_Angle_Yaw                     0x20000034   Data           4  infantry_gimbal_task.o(.data)
    Delta_Dect_Angle_Pit                     0x20000038   Data           4  infantry_gimbal_task.o(.data)
    remote_flagW1                            0x20000044   Data           1  remote.o(.data)
    remote_flagW2                            0x20000045   Data           1  remote.o(.data)
    remote_flagA1                            0x20000046   Data           1  remote.o(.data)
    remote_flagA2                            0x20000047   Data           1  remote.o(.data)
    remote_flagS1                            0x20000048   Data           1  remote.o(.data)
    remote_flagS2                            0x20000049   Data           1  remote.o(.data)
    remote_flagD1                            0x2000004a   Data           1  remote.o(.data)
    remote_flagD2                            0x2000004b   Data           1  remote.o(.data)
    remote_flagSHIFT1                        0x2000004c   Data           1  remote.o(.data)
    remote_flagSHIFT2                        0x2000004d   Data           1  remote.o(.data)
    remote_flagCTRL1                         0x2000004e   Data           1  remote.o(.data)
    remote_flagCTRL2                         0x2000004f   Data           1  remote.o(.data)
    remote_flagQ1                            0x20000050   Data           1  remote.o(.data)
    remote_flagQ2                            0x20000051   Data           1  remote.o(.data)
    remote_flagE1                            0x20000052   Data           1  remote.o(.data)
    remote_flagE2                            0x20000053   Data           1  remote.o(.data)
    remote_flagR1                            0x20000054   Data           1  remote.o(.data)
    remote_flagR2                            0x20000055   Data           1  remote.o(.data)
    remote_flagF1                            0x20000056   Data           1  remote.o(.data)
    remote_flagF2                            0x20000057   Data           1  remote.o(.data)
    remote_flagG1                            0x20000058   Data           1  remote.o(.data)
    remote_flagG2                            0x20000059   Data           1  remote.o(.data)
    remote_flagZ1                            0x2000005a   Data           1  remote.o(.data)
    remote_flagZ2                            0x2000005b   Data           1  remote.o(.data)
    remote_flagX1                            0x2000005c   Data           1  remote.o(.data)
    remote_flagX2                            0x2000005d   Data           1  remote.o(.data)
    remote_flagC1                            0x2000005e   Data           1  remote.o(.data)
    remote_flagC2                            0x2000005f   Data           1  remote.o(.data)
    remote_flagV1                            0x20000060   Data           1  remote.o(.data)
    remote_flagV2                            0x20000061   Data           1  remote.o(.data)
    remote_flagB1                            0x20000062   Data           1  remote.o(.data)
    remote_flagB2                            0x20000063   Data           1  remote.o(.data)
    client_graphic_busy                      0x20000064   Data           1  usart.o(.data)
    bullet_num                               0x20000068   Data           4  usart.o(.data)
    gimbal_data                              0x2000008c   Data        1268  infantry_gimbal_task.o(.bss)
    chassis                                  0x20000580   Data         360  mode_switch_task.o(.bss)
    pid_yaw_follow                           0x200006e8   Data          76  oldpid.o(.bss)
    pid_pit_follow                           0x20000734   Data          76  oldpid.o(.bss)
    pid_pit_speed_follow                     0x20000780   Data          76  oldpid.o(.bss)
    pid_yaw_speed_follow                     0x200007cc   Data          76  oldpid.o(.bss)
    pid_yaw_small_buff                       0x20000818   Data          76  oldpid.o(.bss)
    pid_pit_small_buff                       0x20000864   Data          76  oldpid.o(.bss)
    pid_pit_speed_small_buff                 0x200008b0   Data          76  oldpid.o(.bss)
    pid_yaw_speed_small_buff                 0x200008fc   Data          76  oldpid.o(.bss)
    pid_yaw_small_buff1                      0x20000948   Data          76  oldpid.o(.bss)
    pid_pit_small_buff1                      0x20000994   Data          76  oldpid.o(.bss)
    pid_pit_speed_small_buff1                0x200009e0   Data          76  oldpid.o(.bss)
    pid_yaw_speed_small_buff1                0x20000a2c   Data          76  oldpid.o(.bss)
    pid_yaw_big_buff                         0x20000a78   Data          76  oldpid.o(.bss)
    pid_pit_big_buff                         0x20000ac4   Data          76  oldpid.o(.bss)
    pid_pit_speed_big_buff                   0x20000b10   Data          76  oldpid.o(.bss)
    pid_yaw_speed_big_buff                   0x20000b5c   Data          76  oldpid.o(.bss)
    pid_yaw_big_buff1                        0x20000ba8   Data          76  oldpid.o(.bss)
    pid_pit_big_buff1                        0x20000bf4   Data          76  oldpid.o(.bss)
    pid_pit_speed_big_buff1                  0x20000c40   Data          76  oldpid.o(.bss)
    pid_yaw_speed_big_buff1                  0x20000c8c   Data          76  oldpid.o(.bss)
    pid_yaw_auto_angle                       0x20000cd8   Data          76  oldpid.o(.bss)
    pid_pit_auto_angle                       0x20000d24   Data          76  oldpid.o(.bss)
    pid_pit_speed_auto_angle                 0x20000d70   Data          76  oldpid.o(.bss)
    pid_yaw_speed_auto_angle                 0x20000dbc   Data          76  oldpid.o(.bss)
    pid_yaw_follow_chassis_angle             0x20000e08   Data          76  oldpid.o(.bss)
    pid_yaw_follow_chassis_speed             0x20000e54   Data          76  oldpid.o(.bss)
    pid_yaw                                  0x20000ea0   Data          76  oldpid.o(.bss)
    pid_pit                                  0x20000eec   Data          76  oldpid.o(.bss)
    pid_auto_aim_yaw                         0x20000f38   Data          76  oldpid.o(.bss)
    pid_auto_aim_pit                         0x20000f84   Data          76  oldpid.o(.bss)
    pid_yaw_speed                            0x20000fd0   Data          76  oldpid.o(.bss)
    pid_pit_speed                            0x2000101c   Data          76  oldpid.o(.bss)
    pid_spd                                  0x20001068   Data         304  oldpid.o(.bss)
    pid_chassis_angle                        0x20001198   Data          76  oldpid.o(.bss)
    pid_trigger                              0x200011e4   Data          76  oldpid.o(.bss)
    pid_trigger_speed                        0x20001230   Data          76  oldpid.o(.bss)
    pid_trigger_second_speed                 0x2000127c   Data          76  oldpid.o(.bss)
    pid_rotate                               0x200012c8   Data         304  oldpid.o(.bss)
    pid_imu_tmp                              0x200013f8   Data          76  oldpid.o(.bss)
    pid_voltage                              0x20001444   Data          76  oldpid.o(.bss)
    pid_software_limit                       0x20001490   Data          76  oldpid.o(.bss)
    pid_speed_bias                           0x200014dc   Data          76  oldpid.o(.bss)
    pid_front_distance                       0x20001528   Data          76  oldpid.o(.bss)
    pid_right_distance                       0x20001574   Data          76  oldpid.o(.bss)
    pid_angle_distance                       0x200015c0   Data          76  oldpid.o(.bss)
    pid_spring                               0x2000160c   Data         152  oldpid.o(.bss)
    pid_cha_6020_angle                       0x200016a4   Data         304  oldpid.o(.bss)
    pid_cha_3508_angle                       0x200017d4   Data         304  oldpid.o(.bss)
    pid_cha_6020_speed                       0x20001904   Data         304  oldpid.o(.bss)
    pid_cha_3508_speed                       0x20001a34   Data         304  oldpid.o(.bss)
    gimbal_gyro                              0x20001b68   Data          36  senior.o(.bss)
    chassis_gyro                             0x20001b8c   Data          36  senior.o(.bss)
    steering_wheel_chassis                   0x20001bb0   Data         640  senior.o(.bss)
    Mecanum_chassis                          0x20001e30   Data         320  senior.o(.bss)
    Pitch_Encoder                            0x20001f70   Data          80  senior.o(.bss)
    yaw_Encoder                              0x20001fc0   Data          80  senior.o(.bss)
    hero_small_gimbal                        0x20002010   Data         160  senior.o(.bss)
    general_friction                         0x200020b0   Data         320  senior.o(.bss)
    general_poke                             0x200021f0   Data         160  senior.o(.bss)
    capacitance_message                      0x20002290   Data          24  senior.o(.bss)
    judge_rece_mesg                          0x200022a8   Data         198  senior.o(.bss)
    new_location                             0x20002370   Data          36  senior.o(.bss)
    RC_CtrlData                              0x20002394   Data          72  senior.o(.bss)
    can_chassis_data                         0x200023e0   Data         104  senior.o(.bss)
    ch100_Rx_Buffer                          0x20002634   Data         100  usart.o(.bss)
    dat                                      0x20002698   Data          76  usart.o(.bss)
    UART4_DMA_RX_BUF                         0x200026e4   Data         100  usart.o(.bss)
    UART4_DMA_TX_BUF                         0x20002748   Data         100  usart.o(.bss)
    judge_dma_rxbuff                         0x200028d8   Data         200  usart.o(.bss)
    tx_buf                                   0x200029a0   Data          66  usart.o(.bss)
    pdata                                    0x200029e2   Data          32  usart.o(.bss)
    ddata                                    0x20002a02   Data          66  usart.o(.bss)
    _UART5_DMA_RX_BUF                        0x20002a44   Data         100  usart.o(.bss)
    USART6_DMA_RX_BUF                        0x20002bd4   Data         100  usart.o(.bss)
    __libspace_start                         0x20002c38   Data          96  libspace.o(.bss)
    __temporary_stack_top$libspace           0x20002c98   Data           0  libspace.o(.bss)



==============================================================================

Memory Map of the image

  Image Entry point : 0x08000189

  Load Region LR_IROM1 (Base: 0x08000000, Size: 0x00006104, Max: 0x00100000, ABSOLUTE)

    Execution Region ER_IROM1 (Base: 0x08000000, Size: 0x00006078, Max: 0x00100000, ABSOLUTE)

    Base Addr    Size         Type   Attr      Idx    E Section Name        Object

    0x08000000   0x00000188   Data   RO         1446    RESET               startup_stm32f40_41xxx.o
    0x08000188   0x00000008   Code   RO         3972  * !!!main             c_w.l(__main.o)
    0x08000190   0x00000034   Code   RO         4430    !!!scatter          c_w.l(__scatter.o)
    0x080001c4   0x0000001a   Code   RO         4432    !!handler_copy      c_w.l(__scatter_copy.o)
    0x080001de   0x00000002   PAD
    0x080001e0   0x0000001c   Code   RO         4434    !!handler_zi        c_w.l(__scatter_zi.o)
    0x080001fc   0x00000002   Code   RO         4375    .ARM.Collect$$libinit$$00000000  c_w.l(libinit.o)
    0x080001fe   0x00000004   Code   RO         4182    .ARM.Collect$$libinit$$00000001  c_w.l(libinit2.o)
    0x08000202   0x00000000   Code   RO         4185    .ARM.Collect$$libinit$$00000004  c_w.l(libinit2.o)
    0x08000202   0x00000000   Code   RO         4188    .ARM.Collect$$libinit$$0000000A  c_w.l(libinit2.o)
    0x08000202   0x00000000   Code   RO         4190    .ARM.Collect$$libinit$$0000000C  c_w.l(libinit2.o)
    0x08000202   0x00000000   Code   RO         4192    .ARM.Collect$$libinit$$0000000E  c_w.l(libinit2.o)
    0x08000202   0x00000000   Code   RO         4195    .ARM.Collect$$libinit$$00000011  c_w.l(libinit2.o)
    0x08000202   0x00000000   Code   RO         4197    .ARM.Collect$$libinit$$00000013  c_w.l(libinit2.o)
    0x08000202   0x00000000   Code   RO         4199    .ARM.Collect$$libinit$$00000015  c_w.l(libinit2.o)
    0x08000202   0x00000000   Code   RO         4201    .ARM.Collect$$libinit$$00000017  c_w.l(libinit2.o)
    0x08000202   0x00000000   Code   RO         4203    .ARM.Collect$$libinit$$00000019  c_w.l(libinit2.o)
    0x08000202   0x00000000   Code   RO         4205    .ARM.Collect$$libinit$$0000001B  c_w.l(libinit2.o)
    0x08000202   0x00000000   Code   RO         4207    .ARM.Collect$$libinit$$0000001D  c_w.l(libinit2.o)
    0x08000202   0x00000000   Code   RO         4209    .ARM.Collect$$libinit$$0000001F  c_w.l(libinit2.o)
    0x08000202   0x00000000   Code   RO         4211    .ARM.Collect$$libinit$$00000021  c_w.l(libinit2.o)
    0x08000202   0x00000000   Code   RO         4213    .ARM.Collect$$libinit$$00000023  c_w.l(libinit2.o)
    0x08000202   0x00000000   Code   RO         4215    .ARM.Collect$$libinit$$00000025  c_w.l(libinit2.o)
    0x08000202   0x00000000   Code   RO         4219    .ARM.Collect$$libinit$$0000002C  c_w.l(libinit2.o)
    0x08000202   0x00000000   Code   RO         4221    .ARM.Collect$$libinit$$0000002E  c_w.l(libinit2.o)
    0x08000202   0x00000000   Code   RO         4223    .ARM.Collect$$libinit$$00000030  c_w.l(libinit2.o)
    0x08000202   0x00000000   Code   RO         4225    .ARM.Collect$$libinit$$00000032  c_w.l(libinit2.o)
    0x08000202   0x00000002   Code   RO         4226    .ARM.Collect$$libinit$$00000033  c_w.l(libinit2.o)
    0x08000204   0x00000002   Code   RO         4427    .ARM.Collect$$libshutdown$$00000000  c_w.l(libshutdown.o)
    0x08000206   0x00000000   Code   RO         4389    .ARM.Collect$$libshutdown$$00000002  c_w.l(libshutdown2.o)
    0x08000206   0x00000000   Code   RO         4391    .ARM.Collect$$libshutdown$$00000004  c_w.l(libshutdown2.o)
    0x08000206   0x00000000   Code   RO         4394    .ARM.Collect$$libshutdown$$00000007  c_w.l(libshutdown2.o)
    0x08000206   0x00000000   Code   RO         4397    .ARM.Collect$$libshutdown$$0000000A  c_w.l(libshutdown2.o)
    0x08000206   0x00000000   Code   RO         4399    .ARM.Collect$$libshutdown$$0000000C  c_w.l(libshutdown2.o)
    0x08000206   0x00000000   Code   RO         4402    .ARM.Collect$$libshutdown$$0000000F  c_w.l(libshutdown2.o)
    0x08000206   0x00000002   Code   RO         4403    .ARM.Collect$$libshutdown$$00000010  c_w.l(libshutdown2.o)
    0x08000208   0x00000000   Code   RO         4142    .ARM.Collect$$rtentry$$00000000  c_w.l(__rtentry.o)
    0x08000208   0x00000000   Code   RO         4301    .ARM.Collect$$rtentry$$00000002  c_w.l(__rtentry2.o)
    0x08000208   0x00000006   Code   RO         4313    .ARM.Collect$$rtentry$$00000004  c_w.l(__rtentry4.o)
    0x0800020e   0x00000000   Code   RO         4303    .ARM.Collect$$rtentry$$00000009  c_w.l(__rtentry2.o)
    0x0800020e   0x00000004   Code   RO         4304    .ARM.Collect$$rtentry$$0000000A  c_w.l(__rtentry2.o)
    0x08000212   0x00000000   Code   RO         4306    .ARM.Collect$$rtentry$$0000000C  c_w.l(__rtentry2.o)
    0x08000212   0x00000008   Code   RO         4307    .ARM.Collect$$rtentry$$0000000D  c_w.l(__rtentry2.o)
    0x0800021a   0x00000002   Code   RO         4376    .ARM.Collect$$rtexit$$00000000  c_w.l(rtexit.o)
    0x0800021c   0x00000000   Code   RO         4405    .ARM.Collect$$rtexit$$00000002  c_w.l(rtexit2.o)
    0x0800021c   0x00000004   Code   RO         4406    .ARM.Collect$$rtexit$$00000003  c_w.l(rtexit2.o)
    0x08000220   0x00000006   Code   RO         4407    .ARM.Collect$$rtexit$$00000004  c_w.l(rtexit2.o)
    0x08000226   0x00000002   PAD
    0x08000228   0x0000009c   Code   RO            4    .text               main.o
    0x080002c4   0x0000001a   Code   RO          318    .text               stm32f4xx_it.o
    0x080002de   0x00000002   PAD
    0x080002e0   0x00000210   Code   RO          371    .text               system_stm32f4xx.o
    0x080004f0   0x00000058   Code   RO          401    .text               bsp.o
    0x08000548   0x00000868   Code   RO          428    .text               infantry_gimbal_task.o
    0x08000db0   0x000001a8   Code   RO          459    .text               mode_switch_task.o
    0x08000f58   0x00000524   Code   RO          487    .text               oldpid.o
    0x0800147c   0x00000754   Code   RO          627    .text               canbus.o
    0x08001bd0   0x00000218   Code   RO          689    .text               dji_motor.o
    0x08001de8   0x000003d8   Code   RO          884    .text               remote.o
    0x080021c0   0x00000290   Code   RO          911    .text               can.o
    0x08002450   0x00000c54   Code   RO         1009    .text               usart.o
    0x080030a4   0x000000e0   Code   RO         1037    .text               misc.o
    0x08003184   0x000009f0   Code   RO         1085    .text               stm32f4xx_can.o
    0x08003b74   0x000003a8   Code   RO         1157    .text               stm32f4xx_dma.o
    0x08003f1c   0x00000294   Code   RO         1229    .text               stm32f4xx_gpio.o
    0x080041b0   0x0000065c   Code   RO         1301    .text               stm32f4xx_rcc.o
    0x0800480c   0x00000454   Code   RO         1423    .text               stm32f4xx_usart.o
    0x08004c60   0x00000040   Code   RO         1447    .text               startup_stm32f40_41xxx.o
    0x08004ca0   0x0000008a   Code   RO         3958    .text               c_w.l(rt_memcpy_v6.o)
    0x08004d2a   0x00000064   Code   RO         3962    .text               c_w.l(rt_memcpy_w.o)
    0x08004d8e   0x0000004e   Code   RO         3966    .text               c_w.l(rt_memclr_w.o)
    0x08004ddc   0x00000006   Code   RO         3970    .text               c_w.l(heapauxi.o)
    0x08004de2   0x00000002   PAD
    0x08004de4   0x0000000c   Code   RO         4295    .text               c_w.l(sys_exit.o)
    0x08004df0   0x00000008   Code   RO         4297    .text               c_w.l(libspace.o)
    0x08004df8   0x00000002   Code   RO         4345    .text               c_w.l(use_no_semi.o)
    0x08004dfa   0x00000000   Code   RO         4347    .text               c_w.l(indicate_semi.o)
    0x08004dfa   0x0000004a   Code   RO         4348    .text               c_w.l(sys_stackheap_outer.o)
    0x08004e44   0x00000012   Code   RO         4354    .text               c_w.l(exit.o)
    0x08004e56   0x00000030   Code   RO         4270    i.__ARM_fpclassify  m_wm.l(fpclassify.o)
    0x08004e86   0x00000002   PAD
    0x08004e88   0x000002d8   Code   RO         4242    i.__hardfp_atan     m_wm.l(atan.o)
    0x08005160   0x000001f0   Code   RO         4016    i.__hardfp_atan2    m_wm.l(atan2.o)
    0x08005350   0x00000014   Code   RO         4056    i.__hardfp_fabs     m_wm.l(fabs.o)
    0x08005364   0x000000f8   Code   RO         4288    i.__kernel_poly     m_wm.l(poly.o)
    0x0800545c   0x00000014   Code   RO         4257    i.__mathlib_dbl_infnan  m_wm.l(dunder.o)
    0x08005470   0x00000014   Code   RO         4258    i.__mathlib_dbl_infnan2  m_wm.l(dunder.o)
    0x08005484   0x00000004   PAD
    0x08005488   0x00000020   Code   RO         4262    i.__mathlib_dbl_underflow  m_wm.l(dunder.o)
    0x080054a8   0x00000010   Code   RO         4244    i.atan              m_wm.l(atan.o)
    0x080054b8   0x00000018   Code   RO         4058    i.fabs              m_wm.l(fabs.o)
    0x080054d0   0x00000018   Code   RO         3974    x$fpl$basic         fz_wm.l(basic.o)
    0x080054e8   0x00000062   Code   RO         3976    x$fpl$d2f           fz_wm.l(d2f.o)
    0x0800554a   0x00000002   PAD
    0x0800554c   0x00000150   Code   RO         3978    x$fpl$dadd          fz_wm.l(daddsub_clz.o)
    0x0800569c   0x00000018   Code   RO         4227    x$fpl$dcmpinf       fz_wm.l(dcmpi.o)
    0x080056b4   0x000002b0   Code   RO         3985    x$fpl$ddiv          fz_wm.l(ddiv.o)
    0x08005964   0x0000005e   Code   RO         3990    x$fpl$dfix          fz_wm.l(dfix.o)
    0x080059c2   0x0000002e   Code   RO         3999    x$fpl$dflt          fz_wm.l(dflt_clz.o)
    0x080059f0   0x00000078   Code   RO         4004    x$fpl$dleqf         fz_wm.l(dleqf.o)
    0x08005a68   0x00000154   Code   RO         4006    x$fpl$dmul          fz_wm.l(dmul.o)
    0x08005bbc   0x0000009c   Code   RO         4229    x$fpl$dnaninf       fz_wm.l(dnaninf.o)
    0x08005c58   0x0000000c   Code   RO         4231    x$fpl$dretinf       fz_wm.l(dretinf.o)
    0x08005c64   0x0000006c   Code   RO         4008    x$fpl$drleqf        fz_wm.l(drleqf.o)
    0x08005cd0   0x00000016   Code   RO         3979    x$fpl$drsb          fz_wm.l(daddsub_clz.o)
    0x08005ce6   0x00000002   PAD
    0x08005ce8   0x000001d4   Code   RO         3980    x$fpl$dsub          fz_wm.l(daddsub_clz.o)
    0x08005ebc   0x00000056   Code   RO         4010    x$fpl$f2d           fz_wm.l(f2d.o)
    0x08005f12   0x0000008c   Code   RO         4235    x$fpl$fnaninf       fz_wm.l(fnaninf.o)
    0x08005f9e   0x0000000a   Code   RO         4343    x$fpl$fpinit        fz_wm.l(fpinit.o)
    0x08005fa8   0x0000000a   Code   RO         4237    x$fpl$fretinf       fz_wm.l(fretinf.o)
    0x08005fb2   0x00000000   Code   RO         4241    x$fpl$usenofp       fz_wm.l(usenofp.o)
    0x08005fb2   0x00000006   PAD
    0x08005fb8   0x00000098   Data   RO         4245    .constdata          m_wm.l(atan.o)
    0x08006050   0x00000008   Data   RO         4290    .constdata          m_wm.l(qnan.o)
    0x08006058   0x00000020   Data   RO         4428    Region$$Table       anon$$obj.o


    Execution Region RW_IRAM1 (Base: 0x20000000, Size: 0x00003298, Max: 0x00020000, ABSOLUTE)

    Base Addr    Size         Type   Attr      Idx    E Section Name        Object

    0x20000000   0x00000004   Data   RW            5    .data               main.o
    0x20000004   0x00000014   Data   RW          372    .data               system_stm32f4xx.o
    0x20000018   0x00000024   Data   RW          430    .data               infantry_gimbal_task.o
    0x2000003c   0x00000008   Data   RW          628    .data               canbus.o
    0x20000044   0x00000020   Data   RW          885    .data               remote.o
    0x20000064   0x00000018   Data   RW         1011    .data               usart.o
    0x2000007c   0x00000010   Data   RW         1302    .data               stm32f4xx_rcc.o
    0x2000008c   0x000004f4   Zero   RW          429    .bss                infantry_gimbal_task.o
    0x20000580   0x00000168   Zero   RW          460    .bss                mode_switch_task.o
    0x200006e8   0x0000147c   Zero   RW          488    .bss                oldpid.o
    0x20001b64   0x00000004   PAD
    0x20001b68   0x000008e0   Zero   RW          517    .bss                senior.o
    0x20002448   0x000007f0   Zero   RW         1010    .bss                usart.o
    0x20002c38   0x00000060   Zero   RW         4298    .bss                c_w.l(libspace.o)
    0x20002c98   0x00000200   Zero   RW         1445    HEAP                startup_stm32f40_41xxx.o
    0x20002e98   0x00000400   Zero   RW         1444    STACK               startup_stm32f40_41xxx.o


==============================================================================

Image component sizes


      Code (inc. data)   RO Data    RW Data    ZI Data      Debug   Object Name

        88          6          0          0          0        459   bsp.o
       656         22          0          0          0       2146   can.o
      1876         12          0          8          0      10650   canbus.o
       536          8          0          0          0       3167   dji_motor.o
      2152        156          0         36       1268       4338   infantry_gimbal_task.o
       156         28          0          4          0     292770   main.o
       224         20          0          0          0       1805   misc.o
       424         30          0          0        360       1017   mode_switch_task.o
      1316         10          0          0       5244       7603   oldpid.o
       984        134          0         32          0       3983   remote.o
         0          0          0          0       2272      11498   senior.o
        64         26        392          0       1536        828   startup_stm32f40_41xxx.o
      2544         38          0          0          0       8132   stm32f4xx_can.o
       936         32          0          0          0       6381   stm32f4xx_dma.o
       660         44          0          0          0       4145   stm32f4xx_gpio.o
        26          0          0          0          0       1214   stm32f4xx_it.o
      1628         52          0         16          0      13016   stm32f4xx_rcc.o
      1108         34          0          0          0       7868   stm32f4xx_usart.o
       528         46          0         20          0       1759   system_stm32f4xx.o
      3156        146          0         24       2032       7192   usart.o

    ----------------------------------------------------------------------
     19064        844        424        140      12716     389971   Object Totals
         0          0         32          0          0          0   (incl. Generated)
         2          0          0          0          4          0   (incl. Padding)

    ----------------------------------------------------------------------

      Code (inc. data)   RO Data    RW Data    ZI Data      Debug   Library Member Name

         8          0          0          0          0         68   __main.o
         0          0          0          0          0          0   __rtentry.o
        12          0          0          0          0          0   __rtentry2.o
         6          0          0          0          0          0   __rtentry4.o
        52          8          0          0          0          0   __scatter.o
        26          0          0          0          0          0   __scatter_copy.o
        28          0          0          0          0          0   __scatter_zi.o
        18          0          0          0          0         80   exit.o
         6          0          0          0          0        152   heapauxi.o
         0          0          0          0          0          0   indicate_semi.o
         2          0          0          0          0          0   libinit.o
         6          0          0          0          0          0   libinit2.o
         2          0          0          0          0          0   libshutdown.o
         2          0          0          0          0          0   libshutdown2.o
         8          4          0          0         96         68   libspace.o
        78          0          0          0          0         80   rt_memclr_w.o
       138          0          0          0          0         68   rt_memcpy_v6.o
       100          0          0          0          0         80   rt_memcpy_w.o
         2          0          0          0          0          0   rtexit.o
        10          0          0          0          0          0   rtexit2.o
        12          4          0          0          0         68   sys_exit.o
        74          0          0          0          0         80   sys_stackheap_outer.o
         2          0          0          0          0         68   use_no_semi.o
        24          0          0          0          0        164   basic.o
        98          4          0          0          0        140   d2f.o
       826         16          0          0          0        492   daddsub_clz.o
        24          0          0          0          0        116   dcmpi.o
       688        140          0          0          0        256   ddiv.o
        94          4          0          0          0        140   dfix.o
        46          0          0          0          0        116   dflt_clz.o
       120          4          0          0          0        140   dleqf.o
       340         12          0          0          0        152   dmul.o
       156          4          0          0          0        140   dnaninf.o
        12          0          0          0          0        116   dretinf.o
       108          0          0          0          0        128   drleqf.o
        86          4          0          0          0        132   f2d.o
       140          4          0          0          0        132   fnaninf.o
        10          0          0          0          0        116   fpinit.o
        10          0          0          0          0        116   fretinf.o
         0          0          0          0          0          0   usenofp.o
       744        106        152          0          0        352   atan.o
       496         64          0          0          0        192   atan2.o
        72          8          0          0          0        372   dunder.o
        44          0          0          0          0        248   fabs.o
        48          0          0          0          0        124   fpclassify.o
       248          0          0          0          0        152   poly.o
         0          0          8          0          0          0   qnan.o

    ----------------------------------------------------------------------
      5048        386        160          0         96       4848   Library Totals
        22          0          0          0          0          0   (incl. Padding)

    ----------------------------------------------------------------------

      Code (inc. data)   RO Data    RW Data    ZI Data      Debug   Library Name

       592         16          0          0         96        812   c_w.l
      2782        192          0          0          0       2596   fz_wm.l
      1652        178        160          0          0       1440   m_wm.l

    ----------------------------------------------------------------------
      5048        386        160          0         96       4848   Library Totals

    ----------------------------------------------------------------------

==============================================================================


      Code (inc. data)   RO Data    RW Data    ZI Data      Debug   

     24112       1230        584        140      12812     388607   Grand Totals
     24112       1230        584        140      12812     388607   ELF Image Totals
     24112       1230        584        140          0          0   ROM Totals

==============================================================================

    Total RO  Size (Code + RO Data)                24696 (  24.12kB)
    Total RW  Size (RW Data + ZI Data)             12952 (  12.65kB)
    Total ROM Size (Code + RO Data + RW Data)      24836 (  24.25kB)

==============================================================================

