Component: ARM Compiler 5.06 update 7 (build 960) Tool: armlink [4d3601]

==============================================================================

Section Cross References

    main.o(.text) refers to bsp.o(.text) for BSP_Init
    main.o(.text) refers to oldpid.o(.text) for PID_struct_init
    main.o(.text) refers to dji_motor.o(.text) for Set_GM6020_IQ1
    main.o(.text) refers to infantry_gimbal_task.o(.text) for gimbal_task
    main.o(.text) refers to mode_switch_task.o(.text) for mode_switch_task
    main.o(.text) refers to oldpid.o(.bss) for pid_yaw
    main.o(.text) refers to main.o(.data) for i
    main.o(.text) refers to senior.o(.bss) for yaw_Encoder
    system_stm32f4xx.o(.text) refers to system_stm32f4xx.o(.data) for SystemCoreClock
    bsp.o(.text) refers to misc.o(.text) for NVIC_PriorityGroupConfig
    bsp.o(.text) refers to usart.o(.text) for usart1_init
    bsp.o(.text) refers to can.o(.text) for CAN1_Mode_Init
    bsp.o(.text) refers to timer.o(.text) for TIM6_Configuration
    control_task.o(.text) refers to infantry_gimbal_task.o(.text) for gimbal_task
    control_task.o(.text) refers to canbus.o(.text) for can_bus_send_task
    control_task.o(.text) refers to control_task.o(.data) for time_tick
    infantry_gimbal_task.o(.text) refers to rt_memclr_w.o(.text) for __aeabi_memclr4
    infantry_gimbal_task.o(.text) refers to dflt_clz.o(x$fpl$dflt) for __aeabi_i2d
    infantry_gimbal_task.o(.text) refers to dmul.o(x$fpl$dmul) for __aeabi_dmul
    infantry_gimbal_task.o(.text) refers to atan2.o(i.__hardfp_atan2) for __hardfp_atan2
    infantry_gimbal_task.o(.text) refers to d2f.o(x$fpl$d2f) for __aeabi_d2f
    infantry_gimbal_task.o(.text) refers to oldpid.o(.text) for pid_double_loop_cal
    infantry_gimbal_task.o(.text) refers to infantry_gimbal_task.o(.bss) for gimbal_data
    infantry_gimbal_task.o(.text) refers to infantry_gimbal_task.o(.data) for first_flag
    infantry_gimbal_task.o(.text) refers to senior.o(.bss) for gimbal_gyro
    infantry_gimbal_task.o(.text) refers to auto_shoot.o(.bss) for new_location
    infantry_gimbal_task.o(.text) refers to ddiv.o(x$fpl$ddiv) for __aeabi_ddiv
    infantry_gimbal_task.o(.text) refers to dfix.o(x$fpl$dfix) for __aeabi_d2iz
    infantry_gimbal_task.o(.text) refers to remote.o(.bss) for RC_CtrlData
    mode_switch_task.o(.text) refers to dflt_clz.o(x$fpl$dflt) for __aeabi_i2d
    mode_switch_task.o(.text) refers to dmul.o(x$fpl$dmul) for __aeabi_dmul
    mode_switch_task.o(.text) refers to f2d.o(x$fpl$f2d) for __aeabi_f2d
    mode_switch_task.o(.text) refers to daddsub_clz.o(x$fpl$dadd) for __aeabi_dadd
    mode_switch_task.o(.text) refers to d2f.o(x$fpl$d2f) for __aeabi_d2f
    mode_switch_task.o(.text) refers to remote.o(.bss) for RC_CtrlData
    mode_switch_task.o(.text) refers to infantry_gimbal_task.o(.bss) for gimbal_data
    mode_switch_task.o(.text) refers to mode_switch_task.o(.bss) for chassis
    mode_switch_task.o(.text) refers to mode_switch_task.o(.data) for chassis_speed
    shoot_task.o(.text) refers to d2f.o(x$fpl$d2f) for __aeabi_d2f
    shoot_task.o(.text) refers to oldpid.o(.text) for pid_clr
    shoot_task.o(.text) refers to f2d.o(x$fpl$f2d) for __aeabi_f2d
    shoot_task.o(.text) refers to dmul.o(x$fpl$dmul) for __aeabi_dmul
    shoot_task.o(.text) refers to dflt_clz.o(x$fpl$dflt) for __aeabi_i2d
    shoot_task.o(.text) refers to daddsub_clz.o(x$fpl$dadd) for __aeabi_dadd
    shoot_task.o(.text) refers to shoot_task.o(.data) for position_flag
    shoot_task.o(.text) refers to senior.o(.bss) for general_poke
    shoot_task.o(.text) refers to oldpid.o(.bss) for pid_42mm_poke2_angle
    shoot_task.o(.text) refers to remote.o(.bss) for RC_CtrlData
    shoot_task.o(.text) refers to judge.o(.bss) for judge_rece_mesg
    oldpid.o(.text) refers to f2d.o(x$fpl$f2d) for __aeabi_f2d
    oldpid.o(.text) refers to fabs.o(i.__hardfp_fabs) for __hardfp_fabs
    oldpid.o(.text) refers to drleqf.o(x$fpl$drleqf) for __aeabi_cdrcmple
    oldpid.o(.text) refers to dleqf.o(x$fpl$dleqf) for __aeabi_cdcmple
    protobuf-c.o(.text) refers to h1_alloc.o(.text) for malloc
    protobuf-c.o(.text) refers to h1_free.o(.text) for free
    protobuf-c.o(.text) refers to rt_memcpy_v6.o(.text) for __aeabi_memcpy
    protobuf-c.o(.text) refers to strlen.o(.text) for strlen
    protobuf-c.o(.text) refers to deqf.o(x$fpl$deqf) for __aeabi_cdcmpeq
    protobuf-c.o(.text) refers to protobuf-c.o(.data) for protobuf_c__allocator
    protobuf-c.o(.text) refers to assert.o(.text) for __aeabi_assert
    protobuf-c.o(.text) refers to protobuf-c.o(.conststring) for .conststring
    protobuf-c.o(.text) refers to rt_memmove_v6.o(.text) for __aeabi_memmove
    protobuf-c.o(.text) refers to rt_memcpy_w.o(.text) for __aeabi_memcpy4
    protobuf-c.o(.text) refers to protobuf-c.o(.constdata) for .constdata
    protobuf-c.o(.text) refers to rt_memclr.o(.text) for __aeabi_memclr
    protobuf-c.o(.text) refers to llshl.o(.text) for __aeabi_llsl
[...]
    HI220_Data_From_Usart                    0x2000253c   Data          72  hi220.o(.bss)
    .bss                                     0x20002584   Section      198  judge.o(.bss)
    .bss                                     0x2000264c   Section      212  auto_shoot.o(.bss)
    getaddress                               0x200026bc   Data         100  auto_shoot.o(.bss)
    .bss                                     0x20002720   Section       72  remote.o(.bss)
    .bss                                     0x20002768   Section     1902  usart.o(.bss)
    _USART1_DMA_RX_BUF                       0x20002b68   Data         128  usart.o(.bss)
    _USART2_DMA_RX_BUF                       0x20002be8   Data         200  usart.o(.bss)
    _USART3_RX_BUF                           0x20002cb0   Data         100  usart.o(.bss)
    _UART4_DMA_RX_BUF                        0x20002d14   Data         100  usart.o(.bss)
    _USART6_DMA_RX_BUF                       0x20002d78   Data         100  usart.o(.bss)
    UART4_DMA_TX_BUF                         0x20002ddc   Data         100  usart.o(.bss)
    UART5_DMA_TX_BUF                         0x20002e40   Data         150  usart.o(.bss)
    .bss                                     0x20002ed8   Section       96  libspace.o(.bss)
    HEAP                                     0x20002f38   Section      512  startup_stm32f40_41xxx.o(HEAP)
    Heap_Mem                                 0x20002f38   Data         512  startup_stm32f40_41xxx.o(HEAP)
    STACK                                    0x20003138   Section     1024  startup_stm32f40_41xxx.o(STACK)
    Stack_Mem                                0x20003138   Data        1024  startup_stm32f40_41xxx.o(STACK)
    __initial_sp                             0x20003538   Data           0  startup_stm32f40_41xxx.o(STACK)

    Global Symbols

    Symbol Name                              Value     Ov Type        Size  Object(Section)

    BuildAttributes$$THM_ISAv4$E$P$D$K$B$S$7EM$VFPi3$EXTD16$VFPS$VFMA$PE$A:L22UL41UL21$X:L11$S22US41US21$IEEE1$IW$USESV6$~STKCKD$USESV7$~SHL$OTIME$ROPI$IEEEX$EBA8$UX$STANDARDLIB$REQ8$PRES8$EABIv2 0x00000000   Number         0  anon$$obj.o ABSOLUTE
    __ARM_use_no_argv                        0x00000000   Number         0  main.o ABSOLUTE
    __ARM_exceptions_init                     - Undefined Weak Reference
    __alloca_initialize                       - Undefined Weak Reference
    __arm_fini_                               - Undefined Weak Reference
    __arm_preinit_                            - Undefined Weak Reference
    __cpp_initialize__aeabi_                  - Undefined Weak Reference
    __cxa_finalize                            - Undefined Weak Reference
    __rt_locale                               - Undefined Weak Reference
    __sigvec_lookup                           - Undefined Weak Reference
    __user_heap_extent                        - Undefined Weak Reference
    _atexit_init                              - Undefined Weak Reference
    _call_atexit_fns                          - Undefined Weak Reference
    _clock_init                               - Undefined Weak Reference
    _fp_trap_init                             - Undefined Weak Reference
    _fp_trap_shutdown                         - Undefined Weak Reference
    _get_lc_collate                           - Undefined Weak Reference
    _get_lc_ctype                             - Undefined Weak Reference
    _get_lc_monetary                          - Undefined Weak Reference
    _get_lc_numeric                           - Undefined Weak Reference
    _get_lc_time                              - Undefined Weak Reference
    _getenv_init                              - Undefined Weak Reference
    _handle_redirection                       - Undefined Weak Reference
    _initio                                   - Undefined Weak Reference
    _mutex_acquire                            - Undefined Weak Reference
    _mutex_free                               - Undefined Weak Reference
    _mutex_release                            - Undefined Weak Reference
    _rand_init                                - Undefined Weak Reference
    _signal_finish                            - Undefined Weak Reference
    _signal_init                              - Undefined Weak Reference
    _terminateio                              - Undefined Weak Reference
    __Vectors_Size                           0x00000188   Number         0  startup_stm32f40_41xxx.o ABSOLUTE
    __Vectors                                0x08000000   Data           4  startup_stm32f40_41xxx.o(RESET)
    __Vectors_End                            0x08000188   Data           0  startup_stm32f40_41xxx.o(RESET)
    __main                                   0x08000189   Thumb Code     8  __main.o(!!!main)
    __scatterload                            0x08000191   Thumb Code     0  __scatter.o(!!!scatter)
    __scatterload_rt2                        0x08000191   Thumb Code    44  __scatter.o(!!!scatter)
    __scatterload_rt2_thumb_only             0x08000191   Thumb Code     0  __scatter.o(!!!scatter)
    __scatterload_null                       0x0800019f   Thumb Code     0  __scatter.o(!!!scatter)
    __scatterload_copy                       0x080001c5   Thumb Code    26  __scatter_copy.o(!!handler_copy)
    __scatterload_zeroinit                   0x080001e1   Thumb Code    28  __scatter_zi.o(!!handler_zi)
    __rt_lib_init                            0x080001fd   Thumb Code     0  libinit.o(.ARM.Collect$$libinit$$00000000)
    __rt_lib_init_fp_1                       0x080001ff   Thumb Code     0  libinit2.o(.ARM.Collect$$libinit$$00000001)
    __rt_lib_init_alloca_1                   0x08000203   Thumb Code     0  libinit2.o(.ARM.Collect$$libinit$$0000002E)
    __rt_lib_init_argv_1                     0x08000203   Thumb Code     0  libinit2.o(.ARM.Collect$$libinit$$0000002C)
    __rt_lib_init_atexit_1                   0x08000203   Thumb Code     0  libinit2.o(.ARM.Collect$$libinit$$0000001B)
    __rt_lib_init_clock_1                    0x08000203   Thumb Code     0  libinit2.o(.ARM.Collect$$libinit$$00000021)
    __rt_lib_init_cpp_1                      0x08000203   Thumb Code     0  libinit2.o(.ARM.Collect$$libinit$$00000032)
    __rt_lib_init_exceptions_1               0x08000203   Thumb Code     0  libinit2.o(.ARM.Collect$$libinit$$00000030)
    __rt_lib_init_fp_trap_1                  0x08000203   Thumb Code     0  libinit2.o(.ARM.Collect$$libinit$$0000001F)
    __rt_lib_init_getenv_1                   0x08000203   Thumb Code     0  libinit2.o(.ARM.Collect$$libinit$$00000023)
    __rt_lib_init_heap_1                     0x08000203   Thumb Code     0  libinit2.o(.ARM.Collect$$libinit$$0000000A)
    __rt_lib_init_lc_collate_1               0x08000203   Thumb Code     0  libinit2.o(.ARM.Collect$$libinit$$00000011)
    __rt_lib_init_lc_ctype_1                 0x08000203   Thumb Code     0  libinit2.o(.ARM.Collect$$libinit$$00000013)
    __rt_lib_init_lc_monetary_1              0x08000203   Thumb Code     0  libinit2.o(.ARM.Collect$$libinit$$00000015)
    __rt_lib_init_lc_numeric_1               0x08000203   Thumb Code     0  libinit2.o(.ARM.Collect$$libinit$$00000017)
    __rt_lib_init_lc_time_1                  0x08000203   Thumb Code     0  libinit2.o(.ARM.Collect$$libinit$$00000019)
    __rt_lib_init_preinit_1                  0x08000203   Thumb Code     0  libinit2.o(.ARM.Collect$$libinit$$00000004)
    __rt_lib_init_rand_1                     0x08000203   Thumb Code     0  libinit2.o(.ARM.Collect$$libinit$$0000000E)
    __rt_lib_init_return                     0x08000203   Thumb Code     0  libinit2.o(.ARM.Collect$$libinit$$00000033)
    __rt_lib_init_signal_1                   0x08000203   Thumb Code     0  libinit2.o(.ARM.Collect$$libinit$$0000001D)
    __rt_lib_init_stdio_1                    0x08000203   Thumb Code     0  libinit2.o(.ARM.Collect$$libinit$$00000025)
    __rt_lib_init_user_alloc_1               0x08000203   Thumb Code     0  libinit2.o(.ARM.Collect$$libinit$$0000000C)
    __rt_lib_shutdown                        0x08000205   Thumb Code     0  libshutdown.o(.ARM.Collect$$libshutdown$$00000000)
    __rt_lib_shutdown_cpp_1                  0x08000207   Thumb Code     0  libshutdown2.o(.ARM.Collect$$libshutdown$$00000004)
    __rt_lib_shutdown_fini_1                 0x08000207   Thumb Code     0  libshutdown2.o(.ARM.Collect$$libshutdown$$00000002)
    __rt_lib_shutdown_fp_trap_1              0x08000207   Thumb Code     0  libshutdown2.o(.ARM.Collect$$libshutdown$$00000009)
    __rt_lib_shutdown_heap_1                 0x08000207   Thumb Code     0  libshutdown2.o(.ARM.Collect$$libshutdown$$00000011)
    __rt_lib_shutdown_return                 0x08000207   Thumb Code     0  libshutdown2.o(.ARM.Collect$$libshutdown$$00000012)
    __rt_lib_shutdown_signal_1               0x08000207   Thumb Code     0  libshutdown2.o(.ARM.Collect$$libshutdown$$0000000C)
    __rt_lib_shutdown_stdio_1                0x08000207   Thumb Code     0  libshutdown2.o(.ARM.Collect$$libshutdown$$00000006)
    __rt_lib_shutdown_user_alloc_1           0x08000207   Thumb Code     0  libshutdown2.o(.ARM.Collect$$libshutdown$$0000000E)
    __rt_entry                               0x08000209   Thumb Code     0  __rtentry.o(.ARM.Collect$$rtentry$$00000000)
    __rt_entry_presh_1                       0x08000209   Thumb Code     0  __rtentry2.o(.ARM.Collect$$rtentry$$00000002)
    __rt_entry_sh                            0x08000209   Thumb Code     0  __rtentry4.o(.ARM.Collect$$rtentry$$00000004)
    __rt_entry_li                            0x0800020f   Thumb Code     0  __rtentry2.o(.ARM.Collect$$rtentry$$0000000A)
    __rt_entry_postsh_1                      0x0800020f   Thumb Code     0  __rtentry2.o(.ARM.Collect$$rtentry$$00000009)
    __rt_entry_main                          0x08000213   Thumb Code     0  __rtentry2.o(.ARM.Collect$$rtentry$$0000000D)
    __rt_entry_postli_1                      0x08000213   Thumb Code     0  __rtentry2.o(.ARM.Collect$$rtentry$$0000000C)
    __rt_exit                                0x0800021b   Thumb Code     0  rtexit.o(.ARM.Collect$$rtexit$$00000000)
    __rt_exit_ls                             0x0800021d   Thumb Code     0  rtexit2.o(.ARM.Collect$$rtexit$$00000003)
    __rt_exit_prels_1                        0x0800021d   Thumb Code     0  rtexit2.o(.ARM.Collect$$rtexit$$00000002)
    __rt_exit_exit                           0x08000221   Thumb Code     0  rtexit2.o(.ARM.Collect$$rtexit$$00000004)
    main                                     0x08000229   Thumb Code   132  main.o(.text)
    NMI_Handler                              0x080002c9   Thumb Code     2  stm32f4xx_it.o(.text)
    HardFault_Handler                        0x080002cb   Thumb Code     4  stm32f4xx_it.o(.text)
    MemManage_Handler                        0x080002cf   Thumb Code     4  stm32f4xx_it.o(.text)
    BusFault_Handler                         0x080002d3   Thumb Code     4  stm32f4xx_it.o(.text)
    UsageFault_Handler                       0x080002d7   Thumb Code     4  stm32f4xx_it.o(.text)
    SVC_Handler                              0x080002db   Thumb Code     2  stm32f4xx_it.o(.text)
    DebugMon_Handler                         0x080002dd   Thumb Code     2  stm32f4xx_it.o(.text)
    PendSV_Handler                           0x080002df   Thumb Code     2  stm32f4xx_it.o(.text)
    SysTick_Handler                          0x080002e1   Thumb Code     2  stm32f4xx_it.o(.text)
    SystemInit                               0x080003c1   Thumb Code    88  system_stm32f4xx.o(.text)
    SystemCoreClockUpdate                    0x08000419   Thumb Code   174  system_stm32f4xx.o(.text)
    BSP_Init                                 0x080004f5   Thumb Code    82  bsp.o(.text)
    control_task                             0x0800054d   Thumb Code    36  control_task.o(.text)
    control_task_Init                        0x08000571   Thumb Code     2  control_task.o(.text)
    gimbal_parameter_Init                    0x08000579   Thumb Code    22  infantry_gimbal_task.o(.text)
    auto_big_buff_handle                     0x0800058f   Thumb Code   654  infantry_gimbal_task.o(.text)
    auto_small_buff_handle                   0x0800081d   Thumb Code   740  infantry_gimbal_task.o(.text)
    gimbal_follow_gyro_handle                0x08000b01   Thumb Code   288  infantry_gimbal_task.o(.text)
    gimbal_init_handle                       0x08000c21   Thumb Code   240  infantry_gimbal_task.o(.text)
    gimbal_task                              0x08000d11   Thumb Code   138  infantry_gimbal_task.o(.text)
    mode_switch_task                         0x08000de1   Thumb Code   924  mode_switch_task.o(.text)
    abs_limit                                0x080011a1   Thumb Code    46  oldpid.o(.text)
    pid_calc                                 0x08001211   Thumb Code   504  oldpid.o(.text)
    pid_calc1                                0x08001409   Thumb Code   502  oldpid.o(.text)
    PID_struct_init                          0x080015ff   Thumb Code    96  oldpid.o(.text)
    pid_clr                                  0x0800165f   Thumb Code    58  oldpid.o(.text)
    pid_double_loop_cal                      0x08001699   Thumb Code    68  oldpid.o(.text)
    Can1ReceiveMsgProcess                    0x080016e5   Thumb Code    54  canbus.o(.text)
    Can2ReceiveMsgProcess                    0x0800171b   Thumb Code   120  canbus.o(.text)
    can_bus_send_task                        0x08001793   Thumb Code    76  canbus.o(.text)
    CH100_getDATA                            0x080017fd   Thumb Code   238  ch100.o(.text)
    GetEncoderBias                           0x08001905   Thumb Code    26  dji_motor.o(.text)
    EncoderProcess                           0x0800191f   Thumb Code   224  dji_motor.o(.text)
    GM6020EncoderProcess                     0x080019ff   Thumb Code   180  dji_motor.o(.text)
    M3508orM2006EncoderTask                  0x08001ab3   Thumb Code    38  dji_motor.o(.text)
    GM6020EncoderTask                        0x08001ad9   Thumb Code    76  dji_motor.o(.text)
    Set_GM6020_IQ1                           0x08001b25   Thumb Code    92  dji_motor.o(.text)
    Set_GM6020_IQ2                           0x08001b81   Thumb Code    92  dji_motor.o(.text)
    Set_C620andC610_IQ1                      0x08001bdd   Thumb Code    92  dji_motor.o(.text)
    Set_C620andC610_IQ2                      0x08001c39   Thumb Code    92  dji_motor.o(.text)
    HI220_getDATA                            0x08001cd9   Thumb Code  1314  hi220.o(.text)
    Get_CRC8_Check_Sum                       0x08002221   Thumb Code    30  judge.o(.text)
    Verify_CRC8_Check_Sum                    0x0800223f   Thumb Code    46  judge.o(.text)
    Append_CRC8_Check_Sum                    0x0800226d   Thumb Code    36  judge.o(.text)
    Get_CRC16_Check_Sum                      0x08002291   Thumb Code    46  judge.o(.text)
    Verify_CRC16_Check_Sum                   0x080022bf   Thumb Code    60  judge.o(.text)
    Append_CRC16_Check_Sum                   0x080022fb   Thumb Code    44  judge.o(.text)
    get_crc8                                 0x08002327   Thumb Code    30  judge.o(.text)
    judgement_data_handle                    0x08002345   Thumb Code   440  judge.o(.text)
    MF_EncoderProcess                        0x0800250d   Thumb Code   166  lk_tech.o(.text)
    MF_EncoderTask                           0x080025b3   Thumb Code    78  lk_tech.o(.text)
    CAN_9015Command                          0x08002601   Thumb Code    74  lk_tech.o(.text)
    CAN_9015setpidCommand                    0x0800264b   Thumb Code   166  lk_tech.o(.text)
    CAN_9015angleControl                     0x080026f1   Thumb Code    90  lk_tech.o(.text)
    CAN_9015speedControl                     0x0800274b   Thumb Code    82  lk_tech.o(.text)
    CAN_9015torsionControl                   0x0800279d   Thumb Code    80  lk_tech.o(.text)
    T_Key_procces                            0x080027f5   Thumb Code    48  remote.o(.text)
    updateKeyFlag                            0x08002825   Thumb Code    16  remote.o(.text)
    keyborad_process                         0x08002835   Thumb Code   470  remote.o(.text)
    GetRemoteSwitchAction                    0x08002a0b   Thumb Code    90  remote.o(.text)
    SetInputMode                             0x08002a65   Thumb Code    30  remote.o(.text)
    RemoteDataPrcess                         0x08002a83   Thumb Code   208  remote.o(.text)
    CAN1_Mode_Init                           0x08002bd9   Thumb Code   270  can.o(.text)
    CAN1_TX_IRQHandler                       0x08002ce7   Thumb Code    22  can.o(.text)
    CAN1_RX0_IRQHandler                      0x08002cfd   Thumb Code    54  can.o(.text)
    CAN2_Mode_Init                           0x08002d33   Thumb Code   234  can.o(.text)
    CAN2_TX_IRQHandler                       0x08002e1d   Thumb Code    22  can.o(.text)
    CAN2_RX0_IRQHandler                      0x08002e33   Thumb Code    46  can.o(.text)
    usart1_init                              0x08002e75   Thumb Code   298  usart.o(.text)
    USART1_IRQHandler                        0x08002f9f   Thumb Code   184  usart.o(.text)
    usart2_init                              0x08003057   Thumb Code   304  usart.o(.text)
    USART2_IRQHandler                        0x08003187   Thumb Code   158  usart.o(.text)
    usart3_init                              0x08003225   Thumb Code   326  usart.o(.text)
    USART3_IRQHandler                        0x0800336b   Thumb Code    80  usart.o(.text)
    uart4_init                               0x080033bb   Thumb Code   430  usart.o(.text)
    UART4_IRQHandler                         0x08003569   Thumb Code    86  usart.o(.text)
    Uart4DmaSendDataProc                     0x080035bf   Thumb Code    24  usart.o(.text)
    DMA1_Stream4_IRQHandler                  0x080035d7   Thumb Code    36  usart.o(.text)
    Uart4SendByteInfoProc                    0x080035fb   Thumb Code    24  usart.o(.text)
    Uart4SendBytesInfoProc                   0x08003613   Thumb Code    44  usart.o(.text)
    uart5_init                               0x0800363f   Thumb Code   530  usart.o(.text)
    MYDMA_Enable                             0x08003851   Thumb Code    44  usart.o(.text)
    UART5_IRQHandler                         0x0800387d   Thumb Code   184  usart.o(.text)
    usart6_init                              0x08003935   Thumb Code   270  usart.o(.text)
    USART6_IRQHandler                        0x08003a43   Thumb Code    88  usart.o(.text)
    TIM6_Configuration                       0x08003ad9   Thumb Code    98  timer.o(.text)
    TIM6_DAC_IRQHandler                      0x08003b3b   Thumb Code    38  timer.o(.text)
    NVIC_PriorityGroupConfig                 0x08003b65   Thumb Code    10  misc.o(.text)
    NVIC_Init                                0x08003b6f   Thumb Code   106  misc.o(.text)
    NVIC_SetVectorTable                      0x08003bd9   Thumb Code    14  misc.o(.text)
    NVIC_SystemLPConfig                      0x08003be7   Thumb Code    34  misc.o(.text)
    SysTick_CLKSourceConfig                  0x08003c09   Thumb Code    40  misc.o(.text)
    CAN_DeInit                               0x08003c45   Thumb Code    50  stm32f4xx_can.o(.text)
    CAN_Init                                 0x08003c77   Thumb Code   276  stm32f4xx_can.o(.text)
    CAN_FilterInit                           0x08003d8b   Thumb Code   258  stm32f4xx_can.o(.text)
    CAN_StructInit                           0x08003e8d   Thumb Code    32  stm32f4xx_can.o(.text)
    CAN_SlaveStartBank                       0x08003ead   Thumb Code    48  stm32f4xx_can.o(.text)
    CAN_DBGFreeze                            0x08003edd   Thumb Code    22  stm32f4xx_can.o(.text)
    CAN_TTComModeCmd                         0x08003ef3   Thumb Code   118  stm32f4xx_can.o(.text)
    CAN_Transmit                             0x08003f69   Thumb Code   304  stm32f4xx_can.o(.text)
    CAN_TransmitStatus                       0x08004099   Thumb Code   138  stm32f4xx_can.o(.text)
    CAN_CancelTransmit                       0x08004123   Thumb Code    48  stm32f4xx_can.o(.text)
    CAN_Receive                              0x08004153   Thumb Code   240  stm32f4xx_can.o(.text)
    CAN_FIFORelease                          0x08004243   Thumb Code    22  stm32f4xx_can.o(.text)
    CAN_MessagePending                       0x08004259   Thumb Code    30  stm32f4xx_can.o(.text)
    CAN_OperatingModeRequest                 0x08004277   Thumb Code   162  stm32f4xx_can.o(.text)
    CAN_Sleep                                0x08004319   Thumb Code    30  stm32f4xx_can.o(.text)
    CAN_WakeUp                               0x08004337   Thumb Code    48  stm32f4xx_can.o(.text)
    CAN_GetLastErrorCode                     0x08004367   Thumb Code    12  stm32f4xx_can.o(.text)
    CAN_GetReceiveErrorCounter               0x08004373   Thumb Code    10  stm32f4xx_can.o(.text)
    CAN_GetLSBTransmitErrorCounter           0x0800437d   Thumb Code    12  stm32f4xx_can.o(.text)
    CAN_ITConfig                             0x08004389   Thumb Code    18  stm32f4xx_can.o(.text)
    CAN_GetFlagStatus                        0x0800439b   Thumb Code   120  stm32f4xx_can.o(.text)
    CAN_ClearFlag                            0x08004413   Thumb Code    52  stm32f4xx_can.o(.text)
    CAN_GetITStatus                          0x08004459   Thumb Code   310  stm32f4xx_can.o(.text)
    CAN_ClearITPendingBit                    0x0800458f   Thumb Code   162  stm32f4xx_can.o(.text)
    DMA_DeInit                               0x08004635   Thumb Code   324  stm32f4xx_dma.o(.text)
    DMA_Init                                 0x08004779   Thumb Code    82  stm32f4xx_dma.o(.text)
    DMA_StructInit                           0x080047cb   Thumb Code    34  stm32f4xx_dma.o(.text)
    DMA_Cmd                                  0x080047ed   Thumb Code    22  stm32f4xx_dma.o(.text)
    DMA_PeriphIncOffsetSizeConfig            0x08004803   Thumb Code    22  stm32f4xx_dma.o(.text)
    DMA_FlowControllerConfig                 0x08004819   Thumb Code    22  stm32f4xx_dma.o(.text)
    DMA_SetCurrDataCounter                   0x0800482f   Thumb Code     4  stm32f4xx_dma.o(.text)
    DMA_GetCurrDataCounter                   0x08004833   Thumb Code     8  stm32f4xx_dma.o(.text)
    DMA_DoubleBufferModeConfig               0x0800483b   Thumb Code    24  stm32f4xx_dma.o(.text)
    DMA_DoubleBufferModeCmd                  0x08004853   Thumb Code    22  stm32f4xx_dma.o(.text)
    DMA_MemoryTargetConfig                   0x08004869   Thumb Code    10  stm32f4xx_dma.o(.text)
    DMA_GetCurrentMemoryTarget               0x08004873   Thumb Code    20  stm32f4xx_dma.o(.text)
    DMA_GetCmdStatus                         0x08004887   Thumb Code    20  stm32f4xx_dma.o(.text)
    DMA_GetFIFOStatus                        0x0800489b   Thumb Code    12  stm32f4xx_dma.o(.text)
    DMA_GetFlagStatus                        0x080048a7   Thumb Code    56  stm32f4xx_dma.o(.text)
    DMA_ClearFlag                            0x080048df   Thumb Code    40  stm32f4xx_dma.o(.text)
    DMA_ITConfig                             0x08004907   Thumb Code    58  stm32f4xx_dma.o(.text)
    DMA_GetITStatus                          0x08004941   Thumb Code    84  stm32f4xx_dma.o(.text)
    DMA_ClearITPendingBit                    0x08004995   Thumb Code    40  stm32f4xx_dma.o(.text)
    GPIO_DeInit                              0x080049dd   Thumb Code   268  stm32f4xx_gpio.o(.text)
    GPIO_Init                                0x08004ae9   Thumb Code   144  stm32f4xx_gpio.o(.text)
    GPIO_StructInit                          0x08004b79   Thumb Code    18  stm32f4xx_gpio.o(.text)
    GPIO_PinLockConfig                       0x08004b8b   Thumb Code    34  stm32f4xx_gpio.o(.text)
    GPIO_ReadInputDataBit                    0x08004bad   Thumb Code    18  stm32f4xx_gpio.o(.text)
    GPIO_ReadInputData                       0x08004bbf   Thumb Code     8  stm32f4xx_gpio.o(.text)
    GPIO_ReadOutputDataBit                   0x08004bc7   Thumb Code    18  stm32f4xx_gpio.o(.text)
    GPIO_ReadOutputData                      0x08004bd9   Thumb Code     8  stm32f4xx_gpio.o(.text)
    GPIO_SetBits                             0x08004be1   Thumb Code     4  stm32f4xx_gpio.o(.text)
    GPIO_ResetBits                           0x08004be5   Thumb Code     4  stm32f4xx_gpio.o(.text)
    GPIO_WriteBit                            0x08004be9   Thumb Code    10  stm32f4xx_gpio.o(.text)
    GPIO_Write                               0x08004bf3   Thumb Code     4  stm32f4xx_gpio.o(.text)
    GPIO_ToggleBits                          0x08004bf7   Thumb Code     8  stm32f4xx_gpio.o(.text)
    GPIO_PinAFConfig                         0x08004bff   Thumb Code    70  stm32f4xx_gpio.o(.text)
    RCC_DeInit                               0x08004c71   Thumb Code    82  stm32f4xx_rcc.o(.text)
    RCC_HSEConfig                            0x08004cc3   Thumb Code    14  stm32f4xx_rcc.o(.text)
    RCC_GetFlagStatus                        0x08004cd1   Thumb Code    60  stm32f4xx_rcc.o(.text)
    RCC_WaitForHSEStartUp                    0x08004d0d   Thumb Code    56  stm32f4xx_rcc.o(.text)
    RCC_AdjustHSICalibrationValue            0x08004d45   Thumb Code    20  stm32f4xx_rcc.o(.text)
    RCC_HSICmd                               0x08004d59   Thumb Code     6  stm32f4xx_rcc.o(.text)
    RCC_LSEConfig                            0x08004d5f   Thumb Code    46  stm32f4xx_rcc.o(.text)
    RCC_LSICmd                               0x08004d8d   Thumb Code     6  stm32f4xx_rcc.o(.text)
    RCC_PLLConfig                            0x08004d93   Thumb Code    32  stm32f4xx_rcc.o(.text)
    RCC_PLLCmd                               0x08004db3   Thumb Code     6  stm32f4xx_rcc.o(.text)
    RCC_PLLI2SConfig                         0x08004db9   Thumb Code    14  stm32f4xx_rcc.o(.text)
    RCC_PLLI2SCmd                            0x08004dc7   Thumb Code     6  stm32f4xx_rcc.o(.text)
    RCC_PLLSAIConfig                         0x08004dcd   Thumb Code    20  stm32f4xx_rcc.o(.text)
    RCC_PLLSAICmd                            0x08004de1   Thumb Code     6  stm32f4xx_rcc.o(.text)
    RCC_ClockSecuritySystemCmd               0x08004de7   Thumb Code     6  stm32f4xx_rcc.o(.text)
    RCC_MCO1Config                           0x08004ded   Thumb Code    28  stm32f4xx_rcc.o(.text)
    RCC_MCO2Config                           0x08004e09   Thumb Code    28  stm32f4xx_rcc.o(.text)
    RCC_SYSCLKConfig                         0x08004e25   Thumb Code    20  stm32f4xx_rcc.o(.text)
    RCC_GetSYSCLKSource                      0x08004e39   Thumb Code    12  stm32f4xx_rcc.o(.text)
    RCC_HCLKConfig                           0x08004e45   Thumb Code    20  stm32f4xx_rcc.o(.text)
    RCC_PCLK1Config                          0x08004e59   Thumb Code    20  stm32f4xx_rcc.o(.text)
    RCC_PCLK2Config                          0x08004e6d   Thumb Code    22  stm32f4xx_rcc.o(.text)
    RCC_GetClocksFreq                        0x08004e83   Thumb Code   222  stm32f4xx_rcc.o(.text)
    RCC_RTCCLKConfig                         0x08004f61   Thumb Code    54  stm32f4xx_rcc.o(.text)
    RCC_RTCCLKCmd                            0x08004f97   Thumb Code     8  stm32f4xx_rcc.o(.text)
    RCC_BackupResetCmd                       0x08004f9f   Thumb Code     8  stm32f4xx_rcc.o(.text)
    RCC_I2SCLKConfig                         0x08004fa7   Thumb Code     6  stm32f4xx_rcc.o(.text)
    RCC_SAIPLLI2SClkDivConfig                0x08004fad   Thumb Code    26  stm32f4xx_rcc.o(.text)
    RCC_SAIPLLSAIClkDivConfig                0x08004fc7   Thumb Code    28  stm32f4xx_rcc.o(.text)
    RCC_SAIBlockACLKConfig                   0x08004fe3   Thumb Code    20  stm32f4xx_rcc.o(.text)
    RCC_SAIBlockBCLKConfig                   0x08004ff7   Thumb Code    20  stm32f4xx_rcc.o(.text)
    RCC_LTDCCLKDivConfig                     0x0800500b   Thumb Code    20  stm32f4xx_rcc.o(.text)
    RCC_TIMCLKPresConfig                     0x0800501f   Thumb Code     6  stm32f4xx_rcc.o(.text)
    RCC_AHB1PeriphClockCmd                   0x08005025   Thumb Code    34  stm32f4xx_rcc.o(.text)
    RCC_AHB2PeriphClockCmd                   0x08005047   Thumb Code    78  stm32f4xx_rcc.o(.text)
    RCC_AHB3PeriphClockCmd                   0x08005095   Thumb Code    34  stm32f4xx_rcc.o(.text)
    RCC_APB1PeriphClockCmd                   0x080050b7   Thumb Code    34  stm32f4xx_rcc.o(.text)
    RCC_APB2PeriphClockCmd                   0x080050d9   Thumb Code    34  stm32f4xx_rcc.o(.text)
    RCC_AHB1PeriphResetCmd                   0x080050fb   Thumb Code    34  stm32f4xx_rcc.o(.text)
    RCC_AHB2PeriphResetCmd                   0x0800511d   Thumb Code    34  stm32f4xx_rcc.o(.text)
    RCC_AHB3PeriphResetCmd                   0x0800513f   Thumb Code    34  stm32f4xx_rcc.o(.text)
    RCC_APB1PeriphResetCmd                   0x08005161   Thumb Code    34  stm32f4xx_rcc.o(.text)
    RCC_APB2PeriphResetCmd                   0x08005183   Thumb Code    34  stm32f4xx_rcc.o(.text)
    RCC_AHB1PeriphClockLPModeCmd             0x080051a5   Thumb Code    34  stm32f4xx_rcc.o(.text)
    RCC_AHB2PeriphClockLPModeCmd             0x080051c7   Thumb Code    34  stm32f4xx_rcc.o(.text)
    RCC_AHB3PeriphClockLPModeCmd             0x080051e9   Thumb Code    34  stm32f4xx_rcc.o(.text)
    RCC_APB1PeriphClockLPModeCmd             0x0800520b   Thumb Code    34  stm32f4xx_rcc.o(.text)
    RCC_APB2PeriphClockLPModeCmd             0x0800522d   Thumb Code    34  stm32f4xx_rcc.o(.text)
    RCC_LSEModeConfig                        0x0800524f   Thumb Code    40  stm32f4xx_rcc.o(.text)
    RCC_ITConfig                             0x08005277   Thumb Code    34  stm32f4xx_rcc.o(.text)
    RCC_ClearFlag                            0x08005299   Thumb Code    18  stm32f4xx_rcc.o(.text)
    RCC_GetITStatus                          0x080052ab   Thumb Code    22  stm32f4xx_rcc.o(.text)
    RCC_ClearITPendingBit                    0x080052c1   Thumb Code     8  stm32f4xx_rcc.o(.text)
    TIM_DeInit                               0x080052cd   Thumb Code   346  stm32f4xx_tim.o(.text)
    TIM_TimeBaseInit                         0x08005427   Thumb Code   104  stm32f4xx_tim.o(.text)
    TIM_TimeBaseStructInit                   0x0800548f   Thumb Code    18  stm32f4xx_tim.o(.text)
    TIM_PrescalerConfig                      0x080054a1   Thumb Code     6  stm32f4xx_tim.o(.text)
    TIM_CounterModeConfig                    0x080054a7   Thumb Code    18  stm32f4xx_tim.o(.text)
    TIM_SetCounter                           0x080054b9   Thumb Code     4  stm32f4xx_tim.o(.text)
    TIM_SetAutoreload                        0x080054bd   Thumb Code     4  stm32f4xx_tim.o(.text)
    TIM_GetCounter                           0x080054c1   Thumb Code     6  stm32f4xx_tim.o(.text)
    TIM_GetPrescaler                         0x080054c7   Thumb Code     6  stm32f4xx_tim.o(.text)
    TIM_UpdateDisableConfig                  0x080054cd   Thumb Code    24  stm32f4xx_tim.o(.text)
    TIM_UpdateRequestConfig                  0x080054e5   Thumb Code    24  stm32f4xx_tim.o(.text)
    TIM_ARRPreloadConfig                     0x080054fd   Thumb Code    24  stm32f4xx_tim.o(.text)
    TIM_SelectOnePulseMode                   0x08005515   Thumb Code    18  stm32f4xx_tim.o(.text)
    TIM_SetClockDivision                     0x08005527   Thumb Code    18  stm32f4xx_tim.o(.text)
    TIM_Cmd                                  0x08005539   Thumb Code    24  stm32f4xx_tim.o(.text)
    TIM_OC1Init                              0x08005551   Thumb Code   114  stm32f4xx_tim.o(.text)
    TIM_OC2Init                              0x080055c3   Thumb Code   154  stm32f4xx_tim.o(.text)
    TIM_OC3Init                              0x0800565d   Thumb Code   204  stm32f4xx_tim.o(.text)
    TIM_OC4Init                              0x08005729   Thumb Code   112  stm32f4xx_tim.o(.text)
    TIM_OCStructInit                         0x08005799   Thumb Code    20  stm32f4xx_tim.o(.text)
    TIM_SelectOCxM                           0x080057ad   Thumb Code    86  stm32f4xx_tim.o(.text)
    TIM_SetCompare1                          0x08005803   Thumb Code     4  stm32f4xx_tim.o(.text)
    TIM_SetCompare2                          0x08005807   Thumb Code     4  stm32f4xx_tim.o(.text)
    TIM_SetCompare3                          0x0800580b   Thumb Code     4  stm32f4xx_tim.o(.text)
    TIM_SetCompare4                          0x0800580f   Thumb Code     4  stm32f4xx_tim.o(.text)
    TIM_ForcedOC1Config                      0x08005813   Thumb Code    18  stm32f4xx_tim.o(.text)
    TIM_ForcedOC2Config                      0x08005825   Thumb Code    26  stm32f4xx_tim.o(.text)
    TIM_ForcedOC3Config                      0x0800583f   Thumb Code    18  stm32f4xx_tim.o(.text)
    TIM_ForcedOC4Config                      0x08005851   Thumb Code    26  stm32f4xx_tim.o(.text)
    TIM_OC1PreloadConfig                     0x0800586b   Thumb Code    18  stm32f4xx_tim.o(.text)
    TIM_OC2PreloadConfig                     0x0800587d   Thumb Code    26  stm32f4xx_tim.o(.text)
    TIM_OC3PreloadConfig                     0x08005897   Thumb Code    18  stm32f4xx_tim.o(.text)
    TIM_OC4PreloadConfig                     0x080058a9   Thumb Code    26  stm32f4xx_tim.o(.text)
    TIM_OC1FastConfig                        0x080058c3   Thumb Code    18  stm32f4xx_tim.o(.text)
    TIM_OC2FastConfig                        0x080058d5   Thumb Code    26  stm32f4xx_tim.o(.text)
    TIM_OC3FastConfig                        0x080058ef   Thumb Code    18  stm32f4xx_tim.o(.text)
    TIM_OC4FastConfig                        0x08005901   Thumb Code    26  stm32f4xx_tim.o(.text)
    TIM_ClearOC1Ref                          0x0800591b   Thumb Code    18  stm32f4xx_tim.o(.text)
    TIM_ClearOC2Ref                          0x0800592d   Thumb Code    24  stm32f4xx_tim.o(.text)
    TIM_ClearOC3Ref                          0x08005945   Thumb Code    18  stm32f4xx_tim.o(.text)
    TIM_ClearOC4Ref                          0x08005957   Thumb Code    24  stm32f4xx_tim.o(.text)
    TIM_OC1PolarityConfig                    0x0800596f   Thumb Code    18  stm32f4xx_tim.o(.text)
    TIM_OC1NPolarityConfig                   0x08005981   Thumb Code    18  stm32f4xx_tim.o(.text)
    TIM_OC2PolarityConfig                    0x08005993   Thumb Code    26  stm32f4xx_tim.o(.text)
    TIM_OC2NPolarityConfig                   0x080059ad   Thumb Code    26  stm32f4xx_tim.o(.text)
    TIM_OC3PolarityConfig                    0x080059c7   Thumb Code    26  stm32f4xx_tim.o(.text)
    TIM_OC3NPolarityConfig                   0x080059e1   Thumb Code    26  stm32f4xx_tim.o(.text)
    TIM_OC4PolarityConfig                    0x080059fb   Thumb Code    26  stm32f4xx_tim.o(.text)
    TIM_CCxCmd                               0x08005a15   Thumb Code    30  stm32f4xx_tim.o(.text)
    TIM_CCxNCmd                              0x08005a33   Thumb Code    30  stm32f4xx_tim.o(.text)
    TIM_SetIC4Prescaler                      0x08005a51   Thumb Code    26  stm32f4xx_tim.o(.text)
    TIM_SetIC3Prescaler                      0x08005abb   Thumb Code    18  stm32f4xx_tim.o(.text)
    TIM_SetIC2Prescaler                      0x08005b15   Thumb Code    26  stm32f4xx_tim.o(.text)
    TIM_SetIC1Prescaler                      0x08005b89   Thumb Code    18  stm32f4xx_tim.o(.text)
    TIM_ICInit                               0x08005bd5   Thumb Code   110  stm32f4xx_tim.o(.text)
    TIM_ICStructInit                         0x08005c43   Thumb Code    18  stm32f4xx_tim.o(.text)
    TIM_PWMIConfig                           0x08005c55   Thumb Code   124  stm32f4xx_tim.o(.text)
    TIM_GetCapture1                          0x08005cd1   Thumb Code     6  stm32f4xx_tim.o(.text)
    TIM_GetCapture2                          0x08005cd7   Thumb Code     6  stm32f4xx_tim.o(.text)
    TIM_GetCapture3                          0x08005cdd   Thumb Code     6  stm32f4xx_tim.o(.text)
    TIM_GetCapture4                          0x08005ce3   Thumb Code     6  stm32f4xx_tim.o(.text)
    TIM_BDTRConfig                           0x08005ce9   Thumb Code    32  stm32f4xx_tim.o(.text)
    TIM_BDTRStructInit                       0x08005d09   Thumb Code    18  stm32f4xx_tim.o(.text)
    TIM_CtrlPWMOutputs                       0x08005d1b   Thumb Code    30  stm32f4xx_tim.o(.text)
    TIM_SelectCOM                            0x08005d39   Thumb Code    24  stm32f4xx_tim.o(.text)
    TIM_CCPreloadControl                     0x08005d51   Thumb Code    24  stm32f4xx_tim.o(.text)
    TIM_ITConfig                             0x08005d69   Thumb Code    18  stm32f4xx_tim.o(.text)
    TIM_GenerateEvent                        0x08005d7b   Thumb Code     4  stm32f4xx_tim.o(.text)
    TIM_GetFlagStatus                        0x08005d7f   Thumb Code    18  stm32f4xx_tim.o(.text)
    TIM_ClearFlag                            0x08005d91   Thumb Code     6  stm32f4xx_tim.o(.text)
    TIM_GetITStatus                          0x08005d97   Thumb Code    34  stm32f4xx_tim.o(.text)
    TIM_ClearITPendingBit                    0x08005db9   Thumb Code     6  stm32f4xx_tim.o(.text)
    TIM_DMAConfig                            0x08005dbf   Thumb Code    10  stm32f4xx_tim.o(.text)
    TIM_DMACmd                               0x08005dc9   Thumb Code    18  stm32f4xx_tim.o(.text)
    TIM_SelectCCDMA                          0x08005ddb   Thumb Code    24  stm32f4xx_tim.o(.text)
    TIM_InternalClockConfig                  0x08005df3   Thumb Code    12  stm32f4xx_tim.o(.text)
    TIM_SelectInputTrigger                   0x08005dff   Thumb Code    18  stm32f4xx_tim.o(.text)
    TIM_ITRxExternalClockConfig              0x08005e11   Thumb Code    24  stm32f4xx_tim.o(.text)
    TIM_TIxExternalClockConfig               0x08005e29   Thumb Code    62  stm32f4xx_tim.o(.text)
    TIM_ETRConfig                            0x08005e67   Thumb Code    28  stm32f4xx_tim.o(.text)
    TIM_ETRClockMode1Config                  0x08005e83   Thumb Code    54  stm32f4xx_tim.o(.text)
    TIM_ETRClockMode2Config                  0x08005eb9   Thumb Code    32  stm32f4xx_tim.o(.text)
    TIM_SelectOutputTrigger                  0x08005ed9   Thumb Code    18  stm32f4xx_tim.o(.text)
    TIM_SelectSlaveMode                      0x08005eeb   Thumb Code    18  stm32f4xx_tim.o(.text)
    TIM_SelectMasterSlaveMode                0x08005efd   Thumb Code    18  stm32f4xx_tim.o(.text)
    TIM_EncoderInterfaceConfig               0x08005f0f   Thumb Code    66  stm32f4xx_tim.o(.text)
    TIM_SelectHallSensor                     0x08005f51   Thumb Code    24  stm32f4xx_tim.o(.text)
    TIM_RemapConfig                          0x08005f69   Thumb Code     6  stm32f4xx_tim.o(.text)
    USART_DeInit                             0x08005f71   Thumb Code   206  stm32f4xx_usart.o(.text)
    USART_Init                               0x0800603f   Thumb Code   204  stm32f4xx_usart.o(.text)
    USART_StructInit                         0x0800610b   Thumb Code    24  stm32f4xx_usart.o(.text)
    USART_ClockInit                          0x08006123   Thumb Code    32  stm32f4xx_usart.o(.text)
    USART_ClockStructInit                    0x08006143   Thumb Code    12  stm32f4xx_usart.o(.text)
    USART_Cmd                                0x0800614f   Thumb Code    24  stm32f4xx_usart.o(.text)
    USART_SetPrescaler                       0x08006167   Thumb Code    16  stm32f4xx_usart.o(.text)
    USART_OverSampling8Cmd                   0x08006177   Thumb Code    22  stm32f4xx_usart.o(.text)
    USART_OneBitMethodCmd                    0x0800618d   Thumb Code    24  stm32f4xx_usart.o(.text)
    USART_SendData                           0x080061a5   Thumb Code     8  stm32f4xx_usart.o(.text)
    USART_ReceiveData                        0x080061ad   Thumb Code    10  stm32f4xx_usart.o(.text)
    USART_SetAddress                         0x080061b7   Thumb Code    18  stm32f4xx_usart.o(.text)
    USART_ReceiverWakeUpCmd                  0x080061c9   Thumb Code    24  stm32f4xx_usart.o(.text)
    USART_WakeUpConfig                       0x080061e1   Thumb Code    18  stm32f4xx_usart.o(.text)
    USART_LINBreakDetectLengthConfig         0x080061f3   Thumb Code    18  stm32f4xx_usart.o(.text)
    USART_LINCmd                             0x08006205   Thumb Code    24  stm32f4xx_usart.o(.text)
    USART_SendBreak                          0x0800621d   Thumb Code    10  stm32f4xx_usart.o(.text)
    USART_HalfDuplexCmd                      0x08006227   Thumb Code    24  stm32f4xx_usart.o(.text)
    USART_SetGuardTime                       0x0800623f   Thumb Code    16  stm32f4xx_usart.o(.text)
    USART_SmartCardCmd                       0x0800624f   Thumb Code    24  stm32f4xx_usart.o(.text)
    USART_SmartCardNACKCmd                   0x08006267   Thumb Code    24  stm32f4xx_usart.o(.text)
    USART_IrDAConfig                         0x0800627f   Thumb Code    18  stm32f4xx_usart.o(.text)
    USART_IrDACmd                            0x08006291   Thumb Code    24  stm32f4xx_usart.o(.text)
    USART_DMACmd                             0x080062a9   Thumb Code    18  stm32f4xx_usart.o(.text)
    USART_ITConfig                           0x080062bb   Thumb Code    74  stm32f4xx_usart.o(.text)
    USART_GetFlagStatus                      0x08006305   Thumb Code    26  stm32f4xx_usart.o(.text)
    USART_ClearFlag                          0x0800631f   Thumb Code    18  stm32f4xx_usart.o(.text)
    USART_GetITStatus                        0x08006331   Thumb Code   118  stm32f4xx_usart.o(.text)
    USART_ClearITPendingBit                  0x080063a7   Thumb Code    30  stm32f4xx_usart.o(.text)
    Reset_Handler                            0x080063c5   Thumb Code     8  startup_stm32f40_41xxx.o(.text)
    ADC_IRQHandler                           0x080063df   Thumb Code     0  startup_stm32f40_41xxx.o(.text)
    CAN1_RX1_IRQHandler                      0x080063df   Thumb Code     0  startup_stm32f40_41xxx.o(.text)
    CAN1_SCE_IRQHandler                      0x080063df   Thumb Code     0  startup_stm32f40_41xxx.o(.text)
    CAN2_RX1_IRQHandler                      0x080063df   Thumb Code     0  startup_stm32f40_41xxx.o(.text)
    CAN2_SCE_IRQHandler                      0x080063df   Thumb Code     0  startup_stm32f40_41xxx.o(.text)
    CRYP_IRQHandler                          0x080063df   Thumb Code     0  startup_stm32f40_41xxx.o(.text)
    DCMI_IRQHandler                          0x080063df   Thumb Code     0  startup_stm32f40_41xxx.o(.text)
    DMA1_Stream0_IRQHandler                  0x080063df   Thumb Code     0  startup_stm32f40_41xxx.o(.text)
    DMA1_Stream1_IRQHandler                  0x080063df   Thumb Code     0  startup_stm32f40_41xxx.o(.text)
    DMA1_Stream2_IRQHandler                  0x080063df   Thumb Code     0  startup_stm32f40_41xxx.o(.text)
    DMA1_Stream3_IRQHandler                  0x080063df   Thumb Code     0  startup_stm32f40_41xxx.o(.text)
    DMA1_Stream5_IRQHandler                  0x080063df   Thumb Code     0  startup_stm32f40_41xxx.o(.text)
    DMA1_Stream6_IRQHandler                  0x080063df   Thumb Code     0  startup_stm32f40_41xxx.o(.text)
    DMA1_Stream7_IRQHandler                  0x080063df   Thumb Code     0  startup_stm32f40_41xxx.o(.text)
    DMA2_Stream0_IRQHandler                  0x080063df   Thumb Code     0  startup_stm32f40_41xxx.o(.text)
    DMA2_Stream1_IRQHandler                  0x080063df   Thumb Code     0  startup_stm32f40_41xxx.o(.text)
    DMA2_Stream2_IRQHandler                  0x080063df   Thumb Code     0  startup_stm32f40_41xxx.o(.text)
    DMA2_Stream3_IRQHandler                  0x080063df   Thumb Code     0  startup_stm32f40_41xxx.o(.text)
    DMA2_Stream4_IRQHandler                  0x080063df   Thumb Code     0  startup_stm32f40_41xxx.o(.text)
    DMA2_Stream5_IRQHandler                  0x080063df   Thumb Code     0  startup_stm32f40_41xxx.o(.text)
    DMA2_Stream6_IRQHandler                  0x080063df   Thumb Code     0  startup_stm32f40_41xxx.o(.text)
    DMA2_Stream7_IRQHandler                  0x080063df   Thumb Code     0  startup_stm32f40_41xxx.o(.text)
    ETH_IRQHandler                           0x080063df   Thumb Code     0  startup_stm32f40_41xxx.o(.text)
    ETH_WKUP_IRQHandler                      0x080063df   Thumb Code     0  startup_stm32f40_41xxx.o(.text)
    EXTI0_IRQHandler                         0x080063df   Thumb Code     0  startup_stm32f40_41xxx.o(.text)
    EXTI15_10_IRQHandler                     0x080063df   Thumb Code     0  startup_stm32f40_41xxx.o(.text)
    EXTI1_IRQHandler                         0x080063df   Thumb Code     0  startup_stm32f40_41xxx.o(.text)
    EXTI2_IRQHandler                         0x080063df   Thumb Code     0  startup_stm32f40_41xxx.o(.text)
    EXTI3_IRQHandler                         0x080063df   Thumb Code     0  startup_stm32f40_41xxx.o(.text)
    EXTI4_IRQHandler                         0x080063df   Thumb Code     0  startup_stm32f40_41xxx.o(.text)
    EXTI9_5_IRQHandler                       0x080063df   Thumb Code     0  startup_stm32f40_41xxx.o(.text)
    FLASH_IRQHandler                         0x080063df   Thumb Code     0  startup_stm32f40_41xxx.o(.text)
    FPU_IRQHandler                           0x080063df   Thumb Code     0  startup_stm32f40_41xxx.o(.text)
    FSMC_IRQHandler                          0x080063df   Thumb Code     0  startup_stm32f40_41xxx.o(.text)
    HASH_RNG_IRQHandler                      0x080063df   Thumb Code     0  startup_stm32f40_41xxx.o(.text)
    I2C1_ER_IRQHandler                       0x080063df   Thumb Code     0  startup_stm32f40_41xxx.o(.text)
    I2C1_EV_IRQHandler                       0x080063df   Thumb Code     0  startup_stm32f40_41xxx.o(.text)
    I2C2_ER_IRQHandler                       0x080063df   Thumb Code     0  startup_stm32f40_41xxx.o(.text)
    I2C2_EV_IRQHandler                       0x080063df   Thumb Code     0  startup_stm32f40_41xxx.o(.text)
    I2C3_ER_IRQHandler                       0x080063df   Thumb Code     0  startup_stm32f40_41xxx.o(.text)
    I2C3_EV_IRQHandler                       0x080063df   Thumb Code     0  startup_stm32f40_41xxx.o(.text)
    OTG_FS_IRQHandler                        0x080063df   Thumb Code     0  startup_stm32f40_41xxx.o(.text)
    OTG_FS_WKUP_IRQHandler                   0x080063df   Thumb Code     0  startup_stm32f40_41xxx.o(.text)
    OTG_HS_EP1_IN_IRQHandler                 0x080063df   Thumb Code     0  startup_stm32f40_41xxx.o(.text)
    OTG_HS_EP1_OUT_IRQHandler                0x080063df   Thumb Code     0  startup_stm32f40_41xxx.o(.text)
    OTG_HS_IRQHandler                        0x080063df   Thumb Code     0  startup_stm32f40_41xxx.o(.text)
    OTG_HS_WKUP_IRQHandler                   0x080063df   Thumb Code     0  startup_stm32f40_41xxx.o(.text)
    PVD_IRQHandler                           0x080063df   Thumb Code     0  startup_stm32f40_41xxx.o(.text)
    RCC_IRQHandler                           0x080063df   Thumb Code     0  startup_stm32f40_41xxx.o(.text)
    RTC_Alarm_IRQHandler                     0x080063df   Thumb Code     0  startup_stm32f40_41xxx.o(.text)
    RTC_WKUP_IRQHandler                      0x080063df   Thumb Code     0  startup_stm32f40_41xxx.o(.text)
    SDIO_IRQHandler                          0x080063df   Thumb Code     0  startup_stm32f40_41xxx.o(.text)
    SPI1_IRQHandler                          0x080063df   Thumb Code     0  startup_stm32f40_41xxx.o(.text)
    SPI2_IRQHandler                          0x080063df   Thumb Code     0  startup_stm32f40_41xxx.o(.text)
    SPI3_IRQHandler                          0x080063df   Thumb Code     0  startup_stm32f40_41xxx.o(.text)
    TAMP_STAMP_IRQHandler                    0x080063df   Thumb Code     0  startup_stm32f40_41xxx.o(.text)
    TIM1_BRK_TIM9_IRQHandler                 0x080063df   Thumb Code     0  startup_stm32f40_41xxx.o(.text)
    TIM1_CC_IRQHandler                       0x080063df   Thumb Code     0  startup_stm32f40_41xxx.o(.text)
    TIM1_TRG_COM_TIM11_IRQHandler            0x080063df   Thumb Code     0  startup_stm32f40_41xxx.o(.text)
    TIM1_UP_TIM10_IRQHandler                 0x080063df   Thumb Code     0  startup_stm32f40_41xxx.o(.text)
    TIM2_IRQHandler                          0x080063df   Thumb Code     0  startup_stm32f40_41xxx.o(.text)
    TIM3_IRQHandler                          0x080063df   Thumb Code     0  startup_stm32f40_41xxx.o(.text)
    TIM4_IRQHandler                          0x080063df   Thumb Code     0  startup_stm32f40_41xxx.o(.text)
    TIM5_IRQHandler                          0x080063df   Thumb Code     0  startup_stm32f40_41xxx.o(.text)
    TIM7_IRQHandler                          0x080063df   Thumb Code     0  startup_stm32f40_41xxx.o(.text)
    TIM8_BRK_TIM12_IRQHandler                0x080063df   Thumb Code     0  startup_stm32f40_41xxx.o(.text)
    TIM8_CC_IRQHandler                       0x080063df   Thumb Code     0  startup_stm32f40_41xxx.o(.text)
    TIM8_TRG_COM_TIM14_IRQHandler            0x080063df   Thumb Code     0  startup_stm32f40_41xxx.o(.text)
    TIM8_UP_TIM13_IRQHandler                 0x080063df   Thumb Code     0  startup_stm32f40_41xxx.o(.text)
    WWDG_IRQHandler                          0x080063df   Thumb Code     0  startup_stm32f40_41xxx.o(.text)
    __user_initial_stackheap                 0x080063e1   Thumb Code     0  startup_stm32f40_41xxx.o(.text)
    strstr                                   0x08006405   Thumb Code    36  strstr.o(.text)
    __aeabi_memcpy                           0x08006429   Thumb Code     0  rt_memcpy_v6.o(.text)
    __rt_memcpy                              0x08006429   Thumb Code   138  rt_memcpy_v6.o(.text)
    _memcpy_lastbytes                        0x0800648f   Thumb Code     0  rt_memcpy_v6.o(.text)
    __aeabi_memcpy4                          0x080064b3   Thumb Code     0  rt_memcpy_w.o(.text)
    __aeabi_memcpy8                          0x080064b3   Thumb Code     0  rt_memcpy_w.o(.text)
    __rt_memcpy_w                            0x080064b3   Thumb Code   100  rt_memcpy_w.o(.text)
    _memcpy_lastbytes_aligned                0x080064fb   Thumb Code     0  rt_memcpy_w.o(.text)
    __aeabi_memclr4                          0x08006517   Thumb Code     0  rt_memclr_w.o(.text)
    __aeabi_memclr8                          0x08006517   Thumb Code     0  rt_memclr_w.o(.text)
    __rt_memclr_w                            0x08006517   Thumb Code    78  rt_memclr_w.o(.text)
    _memset_w                                0x0800651b   Thumb Code     0  rt_memclr_w.o(.text)
    __use_two_region_memory                  0x08006565   Thumb Code     2  heapauxi.o(.text)
    __rt_heap_escrow                         0x08006567   Thumb Code     2  heapauxi.o(.text)
    __rt_heap_expand                         0x08006569   Thumb Code     2  heapauxi.o(.text)
    __read_errno                             0x0800656b   Thumb Code    10  _rserrno.o(.text)
    __set_errno                              0x08006575   Thumb Code    12  _rserrno.o(.text)
    _sys_exit                                0x08006581   Thumb Code     8  sys_exit.o(.text)
    __user_libspace                          0x0800658d   Thumb Code     8  libspace.o(.text)
    __user_perproc_libspace                  0x0800658d   Thumb Code     0  libspace.o(.text)
    __user_perthread_libspace                0x0800658d   Thumb Code     0  libspace.o(.text)
    __aeabi_errno_addr                       0x08006595   Thumb Code     8  rt_errno_addr_intlibspace.o(.text)
    __errno$intlibspace                      0x08006595   Thumb Code     0  rt_errno_addr_intlibspace.o(.text)
    __rt_errno_addr$intlibspace              0x08006595   Thumb Code     0  rt_errno_addr_intlibspace.o(.text)
    __I$use$semihosting                      0x0800659d   Thumb Code     0  use_no_semi.o(.text)
    __use_no_semihosting_swi                 0x0800659d   Thumb Code     2  use_no_semi.o(.text)
    __semihosting_library_function           0x0800659f   Thumb Code     0  indicate_semi.o(.text)
    __user_setup_stackheap                   0x0800659f   Thumb Code    74  sys_stackheap_outer.o(.text)
    exit                                     0x080065e9   Thumb Code    18  exit.o(.text)
    __ARM_fpclassify                         0x080065fb   Thumb Code    48  fpclassify.o(i.__ARM_fpclassify)
    __hardfp_atan                            0x08006631   Thumb Code   622  atan.o(i.__hardfp_atan)
    __hardfp_atan2                           0x08006909   Thumb Code   448  atan2.o(i.__hardfp_atan2)
    __hardfp_fabs                            0x08006b09   Thumb Code    20  fabs.o(i.__hardfp_fabs)
    __kernel_poly                            0x08006b1d   Thumb Code   248  poly.o(i.__kernel_poly)
    __mathlib_dbl_infnan                     0x08006c15   Thumb Code    20  dunder.o(i.__mathlib_dbl_infnan)
    __mathlib_dbl_infnan2                    0x08006c29   Thumb Code    20  dunder.o(i.__mathlib_dbl_infnan2)
    __mathlib_dbl_underflow                  0x08006c41   Thumb Code    24  dunder.o(i.__mathlib_dbl_underflow)
    atan                                     0x08006c61   Thumb Code    16  atan.o(i.atan)
    fabs                                     0x08006c71   Thumb Code    24  fabs.o(i.fabs)
    __aeabi_dneg                             0x08006c89   Thumb Code     0  basic.o(x$fpl$basic)
    _dneg                                    0x08006c89   Thumb Code     6  basic.o(x$fpl$basic)
    __aeabi_fneg                             0x08006c8f   Thumb Code     0  basic.o(x$fpl$basic)
    _fneg                                    0x08006c8f   Thumb Code     6  basic.o(x$fpl$basic)
    _dabs                                    0x08006c95   Thumb Code     6  basic.o(x$fpl$basic)
    _fabs                                    0x08006c9b   Thumb Code     6  basic.o(x$fpl$basic)
    __aeabi_d2f                              0x08006ca1   Thumb Code     0  d2f.o(x$fpl$d2f)
    _d2f                                     0x08006ca1   Thumb Code    98  d2f.o(x$fpl$d2f)
    __aeabi_dadd                             0x08006d05   Thumb Code     0  daddsub_clz.o(x$fpl$dadd)
    _dadd                                    0x08006d05   Thumb Code   332  daddsub_clz.o(x$fpl$dadd)
    __fpl_dcmp_Inf                           0x08006e55   Thumb Code    24  dcmpi.o(x$fpl$dcmpinf)
    __aeabi_ddiv                             0x08006e6d   Thumb Code     0  ddiv.o(x$fpl$ddiv)
    _ddiv                                    0x08006e6d   Thumb Code   552  ddiv.o(x$fpl$ddiv)
    __aeabi_cdcmpeq                          0x0800711d   Thumb Code     0  deqf.o(x$fpl$deqf)
    _dcmpeq                                  0x0800711d   Thumb Code   120  deqf.o(x$fpl$deqf)
    __aeabi_d2iz                             0x08007195   Thumb Code     0  dfix.o(x$fpl$dfix)
    _dfix                                    0x08007195   Thumb Code    94  dfix.o(x$fpl$dfix)
    __aeabi_i2d                              0x080071f3   Thumb Code     0  dflt_clz.o(x$fpl$dflt)
    _dflt                                    0x080071f3   Thumb Code    46  dflt_clz.o(x$fpl$dflt)
    __aeabi_cdcmple                          0x08007221   Thumb Code     0  dleqf.o(x$fpl$dleqf)
    _dcmple                                  0x08007221   Thumb Code   120  dleqf.o(x$fpl$dleqf)
    __fpl_dcmple_InfNaN                      0x08007283   Thumb Code     0  dleqf.o(x$fpl$dleqf)
    __aeabi_dmul                             0x08007299   Thumb Code     0  dmul.o(x$fpl$dmul)
    _dmul                                    0x08007299   Thumb Code   332  dmul.o(x$fpl$dmul)
    __fpl_dnaninf                            0x080073ed   Thumb Code   156  dnaninf.o(x$fpl$dnaninf)
    __fpl_dretinf                            0x08007489   Thumb Code    12  dretinf.o(x$fpl$dretinf)
    __aeabi_cdrcmple                         0x08007495   Thumb Code     0  drleqf.o(x$fpl$drleqf)
    _drcmple                                 0x08007495   Thumb Code   108  drleqf.o(x$fpl$drleqf)
    __aeabi_drsub                            0x08007501   Thumb Code     0  daddsub_clz.o(x$fpl$drsb)
    _drsb                                    0x08007501   Thumb Code    22  daddsub_clz.o(x$fpl$drsb)
    __aeabi_dsub                             0x08007519   Thumb Code     0  daddsub_clz.o(x$fpl$dsub)
    _dsub                                    0x08007519   Thumb Code   464  daddsub_clz.o(x$fpl$dsub)
    __aeabi_f2d                              0x080076ed   Thumb Code     0  f2d.o(x$fpl$f2d)
    _f2d                                     0x080076ed   Thumb Code    86  f2d.o(x$fpl$f2d)
    __fpl_fnaninf                            0x08007743   Thumb Code   140  fnaninf.o(x$fpl$fnaninf)
    _fp_init                                 0x080077cf   Thumb Code    10  fpinit.o(x$fpl$fpinit)
    __fplib_config_fpu_vfp                   0x080077d7   Thumb Code     0  fpinit.o(x$fpl$fpinit)
    __fplib_config_pureend_doubles           0x080077d7   Thumb Code     0  fpinit.o(x$fpl$fpinit)
    __fpl_fretinf                            0x080077d9   Thumb Code    10  fretinf.o(x$fpl$fretinf)
    CRC8_INIT                                0x080077e2   Data           1  judge.o(.constdata)
    __I$use$fp                               0x080077e2   Number         0  usenofp.o(x$fpl$usenofp)
    CRC8_TAB                                 0x080077e3   Data         256  judge.o(.constdata)
    wCRC_Table                               0x080078e4   Data         512  judge.o(.constdata)
    __mathlib_zero                           0x08007b80   Data           8  qnan.o(.constdata)
    Region$$Table$$Base                      0x08007b88   Number         0  anon$$obj.o(Region$$Table)
    Region$$Table$$Limit                     0x08007ba8   Number         0  anon$$obj.o(Region$$Table)
    i                                        0x20000000   Data           4  main.o(.data)
    SystemCoreClock                          0x20000004   Data           4  system_stm32f4xx.o(.data)
    AHBPrescTable                            0x20000008   Data          16  system_stm32f4xx.o(.data)
    time_tick                                0x20000018   Data           4  control_task.o(.data)
    last_pitch_angle                         0x2000001c   Data           4  infantry_gimbal_task.o(.data)
    last_yaw_angle                           0x20000020   Data           4  infantry_gimbal_task.o(.data)
    yaw_angle_ref_aim                        0x20000024   Data           4  infantry_gimbal_task.o(.data)
    pit_angle_ref_aim                        0x20000028   Data           4  infantry_gimbal_task.o(.data)
    last_yaw                                 0x2000002c   Data           4  infantry_gimbal_task.o(.data)
    last_pit                                 0x20000030   Data           4  infantry_gimbal_task.o(.data)
    first_flag                               0x20000034   Data           1  infantry_gimbal_task.o(.data)
    ved                                      0x20000035   Data           1  infantry_gimbal_task.o(.data)
    Delta_Dect_Angle_Yaw                     0x20000038   Data           4  infantry_gimbal_task.o(.data)
    Delta_Dect_Angle_Pit                     0x2000003c   Data           4  infantry_gimbal_task.o(.data)
    chassis_speed                            0x20000040   Data           2  mode_switch_task.o(.data)
    CRC_INIT                                 0x2000007c   Data           2  judge.o(.data)
    remote_flagW1                            0x2000007e   Data           1  remote.o(.data)
    remote_flagW2                            0x2000007f   Data           1  remote.o(.data)
    remote_flagA1                            0x20000080   Data           1  remote.o(.data)
    remote_flagA2                            0x20000081   Data           1  remote.o(.data)
    remote_flagS1                            0x20000082   Data           1  remote.o(.data)
    remote_flagS2                            0x20000083   Data           1  remote.o(.data)
    remote_flagD1                            0x20000084   Data           1  remote.o(.data)
    remote_flagD2                            0x20000085   Data           1  remote.o(.data)
    remote_flagSHIFT1                        0x20000086   Data           1  remote.o(.data)
    remote_flagSHIFT2                        0x20000087   Data           1  remote.o(.data)
    remote_flagCTRL1                         0x20000088   Data           1  remote.o(.data)
    remote_flagCTRL2                         0x20000089   Data           1  remote.o(.data)
    remote_flagQ1                            0x2000008a   Data           1  remote.o(.data)
    remote_flagQ2                            0x2000008b   Data           1  remote.o(.data)
    remote_flagE1                            0x2000008c   Data           1  remote.o(.data)
    remote_flagE2                            0x2000008d   Data           1  remote.o(.data)
    remote_flagR1                            0x2000008e   Data           1  remote.o(.data)
    remote_flagR2                            0x2000008f   Data           1  remote.o(.data)
    remote_flagF1                            0x20000090   Data           1  remote.o(.data)
    remote_flagF2                            0x20000091   Data           1  remote.o(.data)
    remote_flagG1                            0x20000092   Data           1  remote.o(.data)
    remote_flagG2                            0x20000093   Data           1  remote.o(.data)
    remote_flagZ1                            0x20000094   Data           1  remote.o(.data)
    remote_flagZ2                            0x20000095   Data           1  remote.o(.data)
    remote_flagX1                            0x20000096   Data           1  remote.o(.data)
    remote_flagX2                            0x20000097   Data           1  remote.o(.data)
    remote_flagC1                            0x20000098   Data           1  remote.o(.data)
    remote_flagC2                            0x20000099   Data           1  remote.o(.data)
    remote_flagV1                            0x2000009a   Data           1  remote.o(.data)
    remote_flagV2                            0x2000009b   Data           1  remote.o(.data)
    remote_flagB1                            0x2000009c   Data           1  remote.o(.data)
    remote_flagB2                            0x2000009d   Data           1  remote.o(.data)
    gimbal_data                              0x200000c0   Data        1268  infantry_gimbal_task.o(.bss)
    chassis                                  0x200005b8   Data         360  mode_switch_task.o(.bss)
    pid_yaw_follow                           0x20000720   Data          76  oldpid.o(.bss)
    pid_pit_follow                           0x2000076c   Data          76  oldpid.o(.bss)
    pid_pit_speed_follow                     0x200007b8   Data          76  oldpid.o(.bss)
    pid_yaw_speed_follow                     0x20000804   Data          76  oldpid.o(.bss)
    pid_yaw_small_buff                       0x20000850   Data          76  oldpid.o(.bss)
    pid_pit_small_buff                       0x2000089c   Data          76  oldpid.o(.bss)
    pid_pit_speed_small_buff                 0x200008e8   Data          76  oldpid.o(.bss)
    pid_yaw_speed_small_buff                 0x20000934   Data          76  oldpid.o(.bss)
    pid_yaw_small_buff1                      0x20000980   Data          76  oldpid.o(.bss)
    pid_pit_small_buff1                      0x200009cc   Data          76  oldpid.o(.bss)
    pid_pit_speed_small_buff1                0x20000a18   Data          76  oldpid.o(.bss)
    pid_yaw_speed_small_buff1                0x20000a64   Data          76  oldpid.o(.bss)
    pid_yaw_big_buff                         0x20000ab0   Data          76  oldpid.o(.bss)
    pid_pit_big_buff                         0x20000afc   Data          76  oldpid.o(.bss)
    pid_pit_speed_big_buff                   0x20000b48   Data          76  oldpid.o(.bss)
    pid_yaw_speed_big_buff                   0x20000b94   Data          76  oldpid.o(.bss)
    pid_yaw_big_buff1                        0x20000be0   Data          76  oldpid.o(.bss)
    pid_pit_big_buff1                        0x20000c2c   Data          76  oldpid.o(.bss)
    pid_pit_speed_big_buff1                  0x20000c78   Data          76  oldpid.o(.bss)
    pid_yaw_speed_big_buff1                  0x20000cc4   Data          76  oldpid.o(.bss)
    pid_yaw_auto_angle                       0x20000d10   Data          76  oldpid.o(.bss)
    pid_pit_auto_angle                       0x20000d5c   Data          76  oldpid.o(.bss)
    pid_pit_speed_auto_angle                 0x20000da8   Data          76  oldpid.o(.bss)
    pid_yaw_speed_auto_angle                 0x20000df4   Data          76  oldpid.o(.bss)
    pid_yaw_follow_chassis_angle             0x20000e40   Data          76  oldpid.o(.bss)
    pid_yaw_follow_chassis_speed             0x20000e8c   Data          76  oldpid.o(.bss)
    pid_yaw                                  0x20000ed8   Data          76  oldpid.o(.bss)
    pid_pit                                  0x20000f24   Data          76  oldpid.o(.bss)
    pid_auto_aim_yaw                         0x20000f70   Data          76  oldpid.o(.bss)
    pid_auto_aim_pit                         0x20000fbc   Data          76  oldpid.o(.bss)
    pid_yaw_speed                            0x20001008   Data          76  oldpid.o(.bss)
    pid_pit_speed                            0x20001054   Data          76  oldpid.o(.bss)
    pid_spd                                  0x200010a0   Data         304  oldpid.o(.bss)
    pid_chassis_angle                        0x200011d0   Data          76  oldpid.o(.bss)
    pid_trigger_second_speed                 0x2000121c   Data          76  oldpid.o(.bss)
    pid_imu_tmp                              0x20001268   Data          76  oldpid.o(.bss)
    pid_voltage                              0x200012b4   Data          76  oldpid.o(.bss)
    pid_software_limit                       0x20001300   Data          76  oldpid.o(.bss)
    pid_speed_bias                           0x2000134c   Data          76  oldpid.o(.bss)
    pid_front_distance                       0x20001398   Data          76  oldpid.o(.bss)
    pid_right_distance                       0x200013e4   Data          76  oldpid.o(.bss)
    pid_angle_distance                       0x20001430   Data          76  oldpid.o(.bss)
    pid_spring                               0x2000147c   Data         152  oldpid.o(.bss)
    pid_cha_6020_angle                       0x20001514   Data         304  oldpid.o(.bss)
    pid_cha_3508_angle                       0x20001644   Data         304  oldpid.o(.bss)
    pid_cha_6020_speed                       0x20001774   Data         304  oldpid.o(.bss)
    pid_cha_3508_speed                       0x200018a4   Data         304  oldpid.o(.bss)
    pid_friction_whell_speed                 0x200019d4   Data         304  oldpid.o(.bss)
    pid_42mm_poke_speed                      0x20001b04   Data          76  oldpid.o(.bss)
    pid_42mm_poke2_angle                     0x20001b50   Data          76  oldpid.o(.bss)
    pid_42mm_poke2_speed                     0x20001b9c   Data          76  oldpid.o(.bss)
    pid_17mm_poke_angle                      0x20001be8   Data          76  oldpid.o(.bss)
    pid_17mm_poke_speed                      0x20001c34   Data          76  oldpid.o(.bss)
    pid_17mm_poke_angle_buf                  0x20001c80   Data          76  oldpid.o(.bss)
    pid_17mm_poke_speed_buf                  0x20001ccc   Data          76  oldpid.o(.bss)
    gimbal_gyro                              0x20001d18   Data          36  senior.o(.bss)
    chassis_gyro                             0x20001d3c   Data          36  senior.o(.bss)
    steering_wheel_chassis                   0x20001d60   Data         704  senior.o(.bss)
    Mecanum_chassis                          0x20002020   Data         352  senior.o(.bss)
    Pitch_Encoder                            0x20002180   Data          88  senior.o(.bss)
    yaw_Encoder                              0x200021d8   Data          88  senior.o(.bss)
    hero_small_gimbal                        0x20002230   Data         176  senior.o(.bss)
    general_friction                         0x200022e0   Data         352  senior.o(.bss)
    general_poke                             0x20002440   Data         176  senior.o(.bss)
    judge_rece_mesg                          0x20002584   Data         198  judge.o(.bss)
    new_location                             0x2000264c   Data          44  auto_shoot.o(.bss)
    msg                                      0x20002678   Data          68  auto_shoot.o(.bss)
    RC_CtrlData                              0x20002720   Data          72  remote.o(.bss)
    _UART5_DMA_RX_BUF                        0x20002768   Data        1024  usart.o(.bss)
    __libspace_start                         0x20002ed8   Data          96  libspace.o(.bss)
    __temporary_stack_top$libspace           0x20002f38   Data           0  libspace.o(.bss)



==============================================================================

Memory Map of the image

  Image Entry point : 0x08000189

  Load Region LR_IROM1 (Base: 0x08000000, Size: 0x00007c68, Max: 0x00100000, ABSOLUTE)

    Execution Region ER_IROM1 (Exec base: 0x08000000, Load base: 0x08000000, Size: 0x00007ba8, Max: 0x00100000, ABSOLUTE)

    Exec Addr    Load Addr    Size         Type   Attr      Idx    E Section Name        Object

    0x08000000   0x08000000   0x00000188   Data   RO         1582    RESET               startup_stm32f40_41xxx.o
    0x08000188   0x08000188   0x00000008   Code   RO         4171  * !!!main             c_w.l(__main.o)
    0x08000190   0x08000190   0x00000034   Code   RO         4635    !!!scatter          c_w.l(__scatter.o)
    0x080001c4   0x080001c4   0x0000001a   Code   RO         4637    !!handler_copy      c_w.l(__scatter_copy.o)
    0x080001de   0x080001de   0x00000002   PAD
    0x080001e0   0x080001e0   0x0000001c   Code   RO         4639    !!handler_zi        c_w.l(__scatter_zi.o)
    0x080001fc   0x080001fc   0x00000002   Code   RO         4578    .ARM.Collect$$libinit$$00000000  c_w.l(libinit.o)
    0x080001fe   0x080001fe   0x00000004   Code   RO         4385    .ARM.Collect$$libinit$$00000001  c_w.l(libinit2.o)
    0x08000202   0x08000202   0x00000000   Code   RO         4388    .ARM.Collect$$libinit$$00000004  c_w.l(libinit2.o)
    0x08000202   0x08000202   0x00000000   Code   RO         4391    .ARM.Collect$$libinit$$0000000A  c_w.l(libinit2.o)
    0x08000202   0x08000202   0x00000000   Code   RO         4393    .ARM.Collect$$libinit$$0000000C  c_w.l(libinit2.o)
    0x08000202   0x08000202   0x00000000   Code   RO         4395    .ARM.Collect$$libinit$$0000000E  c_w.l(libinit2.o)
    0x08000202   0x08000202   0x00000000   Code   RO         4398    .ARM.Collect$$libinit$$00000011  c_w.l(libinit2.o)
    0x08000202   0x08000202   0x00000000   Code   RO         4400    .ARM.Collect$$libinit$$00000013  c_w.l(libinit2.o)
    0x08000202   0x08000202   0x00000000   Code   RO         4402    .ARM.Collect$$libinit$$00000015  c_w.l(libinit2.o)
    0x08000202   0x08000202   0x00000000   Code   RO         4404    .ARM.Collect$$libinit$$00000017  c_w.l(libinit2.o)
    0x08000202   0x08000202   0x00000000   Code   RO         4406    .ARM.Collect$$libinit$$00000019  c_w.l(libinit2.o)
    0x08000202   0x08000202   0x00000000   Code   RO         4408    .ARM.Collect$$libinit$$0000001B  c_w.l(libinit2.o)
    0x08000202   0x08000202   0x00000000   Code   RO         4410    .ARM.Collect$$libinit$$0000001D  c_w.l(libinit2.o)
    0x08000202   0x08000202   0x00000000   Code   RO         4412    .ARM.Collect$$libinit$$0000001F  c_w.l(libinit2.o)
    0x08000202   0x08000202   0x00000000   Code   RO         4414    .ARM.Collect$$libinit$$00000021  c_w.l(libinit2.o)
    0x08000202   0x08000202   0x00000000   Code   RO         4416    .ARM.Collect$$libinit$$00000023  c_w.l(libinit2.o)
    0x08000202   0x08000202   0x00000000   Code   RO         4418    .ARM.Collect$$libinit$$00000025  c_w.l(libinit2.o)
    0x08000202   0x08000202   0x00000000   Code   RO         4422    .ARM.Collect$$libinit$$0000002C  c_w.l(libinit2.o)
    0x08000202   0x08000202   0x00000000   Code   RO         4424    .ARM.Collect$$libinit$$0000002E  c_w.l(libinit2.o)
    0x08000202   0x08000202   0x00000000   Code   RO         4426    .ARM.Collect$$libinit$$00000030  c_w.l(libinit2.o)
    0x08000202   0x08000202   0x00000000   Code   RO         4428    .ARM.Collect$$libinit$$00000032  c_w.l(libinit2.o)
    0x08000202   0x08000202   0x00000002   Code   RO         4429    .ARM.Collect$$libinit$$00000033  c_w.l(libinit2.o)
    0x08000204   0x08000204   0x00000002   Code   RO         4632    .ARM.Collect$$libshutdown$$00000000  c_w.l(libshutdown.o)
    0x08000206   0x08000206   0x00000000   Code   RO         4592    .ARM.Collect$$libshutdown$$00000002  c_w.l(libshutdown2.o)
    0x08000206   0x08000206   0x00000000   Code   RO         4594    .ARM.Collect$$libshutdown$$00000004  c_w.l(libshutdown2.o)
    0x08000206   0x08000206   0x00000000   Code   RO         4596    .ARM.Collect$$libshutdown$$00000006  c_w.l(libshutdown2.o)
    0x08000206   0x08000206   0x00000000   Code   RO         4599    .ARM.Collect$$libshutdown$$00000009  c_w.l(libshutdown2.o)
    0x08000206   0x08000206   0x00000000   Code   RO         4602    .ARM.Collect$$libshutdown$$0000000C  c_w.l(libshutdown2.o)
    0x08000206   0x08000206   0x00000000   Code   RO         4604    .ARM.Collect$$libshutdown$$0000000E  c_w.l(libshutdown2.o)
    0x08000206   0x08000206   0x00000000   Code   RO         4607    .ARM.Collect$$libshutdown$$00000011  c_w.l(libshutdown2.o)
    0x08000206   0x08000206   0x00000002   Code   RO         4608    .ARM.Collect$$libshutdown$$00000012  c_w.l(libshutdown2.o)
    0x08000208   0x08000208   0x00000000   Code   RO         4345    .ARM.Collect$$rtentry$$00000000  c_w.l(__rtentry.o)
    0x08000208   0x08000208   0x00000000   Code   RO         4504    .ARM.Collect$$rtentry$$00000002  c_w.l(__rtentry2.o)
    0x08000208   0x08000208   0x00000006   Code   RO         4516    .ARM.Collect$$rtentry$$00000004  c_w.l(__rtentry4.o)
    0x0800020e   0x0800020e   0x00000000   Code   RO         4506    .ARM.Collect$$rtentry$$00000009  c_w.l(__rtentry2.o)
    0x0800020e   0x0800020e   0x00000004   Code   RO         4507    .ARM.Collect$$rtentry$$0000000A  c_w.l(__rtentry2.o)
    0x08000212   0x08000212   0x00000000   Code   RO         4509    .ARM.Collect$$rtentry$$0000000C  c_w.l(__rtentry2.o)
    0x08000212   0x08000212   0x00000008   Code   RO         4510    .ARM.Collect$$rtentry$$0000000D  c_w.l(__rtentry2.o)
    0x0800021a   0x0800021a   0x00000002   Code   RO         4579    .ARM.Collect$$rtexit$$00000000  c_w.l(rtexit.o)
    0x0800021c   0x0800021c   0x00000000   Code   RO         4610    .ARM.Collect$$rtexit$$00000002  c_w.l(rtexit2.o)
    0x0800021c   0x0800021c   0x00000004   Code   RO         4611    .ARM.Collect$$rtexit$$00000003  c_w.l(rtexit2.o)
    0x08000220   0x08000220   0x00000006   Code   RO         4612    .ARM.Collect$$rtexit$$00000004  c_w.l(rtexit2.o)
    0x08000226   0x08000226   0x00000002   PAD
    0x08000228   0x08000228   0x000000a0   Code   RO            4    .text               main.o
    0x080002c8   0x080002c8   0x0000001a   Code   RO          336    .text               stm32f4xx_it.o
    0x080002e2   0x080002e2   0x00000002   PAD
    0x080002e4   0x080002e4   0x00000210   Code   RO          389    .text               system_stm32f4xx.o
    0x080004f4   0x080004f4   0x00000058   Code   RO          419    .text               bsp.o
    0x0800054c   0x0800054c   0x0000002c   Code   RO          446    .text               control_task.o
    0x08000578   0x08000578   0x00000868   Code   RO          473    .text               infantry_gimbal_task.o
    0x08000de0   0x08000de0   0x000003c0   Code   RO          504    .text               mode_switch_task.o
    0x080011a0   0x080011a0   0x00000544   Code   RO          562    .text               oldpid.o
    0x080016e4   0x080016e4   0x00000118   Code   RO          691    .text               canbus.o
    0x080017fc   0x080017fc   0x00000108   Code   RO          715    .text               ch100.o
    0x08001904   0x08001904   0x00000398   Code   RO          751    .text               dji_motor.o
    0x08001c9c   0x08001c9c   0x00000584   Code   RO          786    .text               hi220.o
    0x08002220   0x08002220   0x000002ec   Code   RO          842    .text               judge.o
    0x0800250c   0x0800250c   0x000002e8   Code   RO          905    .text               lk_tech.o
    0x080027f4   0x080027f4   0x000003e4   Code   RO          959    .text               remote.o
    0x08002bd8   0x08002bd8   0x0000029c   Code   RO          990    .text               can.o
    0x08002e74   0x08002e74   0x00000c64   Code   RO         1088    .text               usart.o
    0x08003ad8   0x08003ad8   0x0000008c   Code   RO         1116    .text               timer.o
    0x08003b64   0x08003b64   0x000000e0   Code   RO         1173    .text               misc.o
    0x08003c44   0x08003c44   0x000009f0   Code   RO         1221    .text               stm32f4xx_can.o
    0x08004634   0x08004634   0x000003a8   Code   RO         1293    .text               stm32f4xx_dma.o
    0x080049dc   0x080049dc   0x00000294   Code   RO         1365    .text               stm32f4xx_gpio.o
    0x08004c70   0x08004c70   0x0000065c   Code   RO         1437    .text               stm32f4xx_rcc.o
    0x080052cc   0x080052cc   0x00000ca2   Code   RO         1535    .text               stm32f4xx_tim.o
    0x08005f6e   0x08005f6e   0x00000002   PAD
    0x08005f70   0x08005f70   0x00000454   Code   RO         1559    .text               stm32f4xx_usart.o
    0x080063c4   0x080063c4   0x00000040   Code   RO         1583    .text               startup_stm32f40_41xxx.o
    0x08006404   0x08006404   0x00000024   Code   RO         4153    .text               c_w.l(strstr.o)
    0x08006428   0x08006428   0x0000008a   Code   RO         4157    .text               c_w.l(rt_memcpy_v6.o)
    0x080064b2   0x080064b2   0x00000064   Code   RO         4161    .text               c_w.l(rt_memcpy_w.o)
    0x08006516   0x08006516   0x0000004e   Code   RO         4165    .text               c_w.l(rt_memclr_w.o)
    0x08006564   0x08006564   0x00000006   Code   RO         4169    .text               c_w.l(heapauxi.o)
    0x0800656a   0x0800656a   0x00000016   Code   RO         4375    .text               c_w.l(_rserrno.o)
    0x08006580   0x08006580   0x0000000c   Code   RO         4498    .text               c_w.l(sys_exit.o)
    0x0800658c   0x0800658c   0x00000008   Code   RO         4500    .text               c_w.l(libspace.o)
    0x08006594   0x08006594   0x00000008   Code   RO         4523    .text               c_w.l(rt_errno_addr_intlibspace.o)
    0x0800659c   0x0800659c   0x00000002   Code   RO         4548    .text               c_w.l(use_no_semi.o)
    0x0800659e   0x0800659e   0x00000000   Code   RO         4550    .text               c_w.l(indicate_semi.o)
    0x0800659e   0x0800659e   0x0000004a   Code   RO         4551    .text               c_w.l(sys_stackheap_outer.o)
    0x080065e8   0x080065e8   0x00000012   Code   RO         4557    .text               c_w.l(exit.o)
    0x080065fa   0x080065fa   0x00000030   Code   RO         4473    i.__ARM_fpclassify  m_wm.l(fpclassify.o)
    0x0800662a   0x0800662a   0x00000006   PAD
    0x08006630   0x08006630   0x000002d8   Code   RO         4445    i.__hardfp_atan     m_wm.l(atan.o)
    0x08006908   0x08006908   0x00000200   Code   RO         4219    i.__hardfp_atan2    m_wm.l(atan2.o)
    0x08006b08   0x08006b08   0x00000014   Code   RO         4259    i.__hardfp_fabs     m_wm.l(fabs.o)
    0x08006b1c   0x08006b1c   0x000000f8   Code   RO         4491    i.__kernel_poly     m_wm.l(poly.o)
    0x08006c14   0x08006c14   0x00000014   Code   RO         4460    i.__mathlib_dbl_infnan  m_wm.l(dunder.o)
    0x08006c28   0x08006c28   0x00000014   Code   RO         4461    i.__mathlib_dbl_infnan2  m_wm.l(dunder.o)
    0x08006c3c   0x08006c3c   0x00000004   PAD
    0x08006c40   0x08006c40   0x00000020   Code   RO         4465    i.__mathlib_dbl_underflow  m_wm.l(dunder.o)
    0x08006c60   0x08006c60   0x00000010   Code   RO         4447    i.atan              m_wm.l(atan.o)
    0x08006c70   0x08006c70   0x00000018   Code   RO         4261    i.fabs              m_wm.l(fabs.o)
    0x08006c88   0x08006c88   0x00000018   Code   RO         4173    x$fpl$basic         fz_wm.l(basic.o)
    0x08006ca0   0x08006ca0   0x00000062   Code   RO         4175    x$fpl$d2f           fz_wm.l(d2f.o)
    0x08006d02   0x08006d02   0x00000002   PAD
    0x08006d04   0x08006d04   0x00000150   Code   RO         4177    x$fpl$dadd          fz_wm.l(daddsub_clz.o)
    0x08006e54   0x08006e54   0x00000018   Code   RO         4430    x$fpl$dcmpinf       fz_wm.l(dcmpi.o)
    0x08006e6c   0x08006e6c   0x000002b0   Code   RO         4184    x$fpl$ddiv          fz_wm.l(ddiv.o)
    0x0800711c   0x0800711c   0x00000078   Code   RO         4187    x$fpl$deqf          fz_wm.l(deqf.o)
    0x08007194   0x08007194   0x0000005e   Code   RO         4189    x$fpl$dfix          fz_wm.l(dfix.o)
    0x080071f2   0x080071f2   0x0000002e   Code   RO         4202    x$fpl$dflt          fz_wm.l(dflt_clz.o)
    0x08007220   0x08007220   0x00000078   Code   RO         4207    x$fpl$dleqf         fz_wm.l(dleqf.o)
    0x08007298   0x08007298   0x00000154   Code   RO         4209    x$fpl$dmul          fz_wm.l(dmul.o)
    0x080073ec   0x080073ec   0x0000009c   Code   RO         4432    x$fpl$dnaninf       fz_wm.l(dnaninf.o)
    0x08007488   0x08007488   0x0000000c   Code   RO         4434    x$fpl$dretinf       fz_wm.l(dretinf.o)
    0x08007494   0x08007494   0x0000006c   Code   RO         4211    x$fpl$drleqf        fz_wm.l(drleqf.o)
    0x08007500   0x08007500   0x00000016   Code   RO         4178    x$fpl$drsb          fz_wm.l(daddsub_clz.o)
    0x08007516   0x08007516   0x00000002   PAD
    0x08007518   0x08007518   0x000001d4   Code   RO         4179    x$fpl$dsub          fz_wm.l(daddsub_clz.o)
    0x080076ec   0x080076ec   0x00000056   Code   RO         4213    x$fpl$f2d           fz_wm.l(f2d.o)
    0x08007742   0x08007742   0x0000008c   Code   RO         4438    x$fpl$fnaninf       fz_wm.l(fnaninf.o)
    0x080077ce   0x080077ce   0x0000000a   Code   RO         4546    x$fpl$fpinit        fz_wm.l(fpinit.o)
    0x080077d8   0x080077d8   0x0000000a   Code   RO         4440    x$fpl$fretinf       fz_wm.l(fretinf.o)
    0x080077e2   0x080077e2   0x00000000   Code   RO         4444    x$fpl$usenofp       fz_wm.l(usenofp.o)
    0x080077e2   0x080077e2   0x00000302   Data   RO          844    .constdata          judge.o
    0x08007ae4   0x08007ae4   0x00000004   PAD
    0x08007ae8   0x08007ae8   0x00000098   Data   RO         4448    .constdata          m_wm.l(atan.o)
    0x08007b80   0x08007b80   0x00000008   Data   RO         4493    .constdata          m_wm.l(qnan.o)
    0x08007b88   0x08007b88   0x00000020   Data   RO         4633    Region$$Table       anon$$obj.o


    Execution Region RW_IRAM1 (Exec base: 0x20000000, Load base: 0x08007ba8, Size: 0x00003538, Max: 0x00020000, ABSOLUTE)

    Exec Addr    Load Addr    Size         Type   Attr      Idx    E Section Name        Object

    0x20000000   0x08007ba8   0x00000004   Data   RW            5    .data               main.o
    0x20000004   0x08007bac   0x00000014   Data   RW          390    .data               system_stm32f4xx.o
    0x20000018   0x08007bc0   0x00000004   Data   RW          447    .data               control_task.o
    0x2000001c   0x08007bc4   0x00000024   Data   RW          475    .data               infantry_gimbal_task.o
    0x20000040   0x08007be8   0x00000002   Data   RW          506    .data               mode_switch_task.o
    0x20000042   0x08007bea   0x00000002   PAD
    0x20000044   0x08007bec   0x0000000c   Data   RW          717    .data               ch100.o
    0x20000050   0x08007bf8   0x0000002c   Data   RW          788    .data               hi220.o
    0x2000007c   0x08007c24   0x00000002   Data   RW          845    .data               judge.o
    0x2000007e   0x08007c26   0x00000020   Data   RW          961    .data               remote.o
    0x2000009e   0x08007c46   0x00000002   PAD
    0x200000a0   0x08007c48   0x00000010   Data   RW         1090    .data               usart.o
    0x200000b0   0x08007c58   0x00000010   Data   RW         1438    .data               stm32f4xx_rcc.o
    0x200000c0        -       0x000004f4   Zero   RW          474    .bss                infantry_gimbal_task.o
    0x200005b4   0x08007c68   0x00000004   PAD
    0x200005b8        -       0x00000168   Zero   RW          505    .bss                mode_switch_task.o
    0x20000720        -       0x000015f8   Zero   RW          563    .bss                oldpid.o
    0x20001d18        -       0x000007d8   Zero   RW          593    .bss                senior.o
    0x200024f0        -       0x0000004c   Zero   RW          716    .bss                ch100.o
    0x2000253c        -       0x00000048   Zero   RW          787    .bss                hi220.o
    0x20002584        -       0x000000c6   Zero   RW          843    .bss                judge.o
    0x2000264a   0x08007c68   0x00000002   PAD
    0x2000264c        -       0x000000d4   Zero   RW          875    .bss                auto_shoot.o
    0x20002720        -       0x00000048   Zero   RW          960    .bss                remote.o
    0x20002768        -       0x0000076e   Zero   RW         1089    .bss                usart.o
    0x20002ed6   0x08007c68   0x00000002   PAD
    0x20002ed8        -       0x00000060   Zero   RW         4501    .bss                c_w.l(libspace.o)
    0x20002f38        -       0x00000200   Zero   RW         1581    HEAP                startup_stm32f40_41xxx.o
    0x20003138        -       0x00000400   Zero   RW         1580    STACK               startup_stm32f40_41xxx.o


==============================================================================

Image component sizes


      Code (inc. data)   RO Data    RW Data    ZI Data      Debug   Object Name

         0          0          0          0        212       3437   auto_shoot.o
        88          6          0          0          0        479   bsp.o
       668         20          0          0          0       2158   can.o
       280         30          0          0          0       1240   canbus.o
       264         26          0         12         76       3888   ch100.o
        44          6          0          4          0        941   control_task.o
       920          8          0          0          0       5065   dji_motor.o
      1412        114          0         44         72       2432   hi220.o
      2152        156          0         36       1268       4366   infantry_gimbal_task.o
       748         16        770          2        198      10043   judge.o
       744          8          0          0          0       3570   lk_tech.o
       160         28          0          4          0     321408   main.o
       224         20          0          0          0       1825   misc.o
       960         36          0          2        360       1375   mode_switch_task.o
      1348         12          0          0       5624       8220   oldpid.o
       996        134          0         32         72       6283   remote.o
         0          0          0          0       2008       1792   senior.o
        64         26        392          0       1536        840   startup_stm32f40_41xxx.o
      2544         38          0          0          0       8152   stm32f4xx_can.o
       936         32          0          0          0       6397   stm32f4xx_dma.o
       660         44          0          0          0       4165   stm32f4xx_gpio.o
        26          0          0          0          0       1226   stm32f4xx_it.o
      1628         52          0         16          0      13044   stm32f4xx_rcc.o
      3234         60          0          0          0      23020   stm32f4xx_tim.o
      1108         34          0          0          0       7888   stm32f4xx_usart.o
       528         46          0         20          0       1787   system_stm32f4xx.o
       140          4          0          0          0        725   timer.o
      3172        158          0         16       1902       6529   usart.o

    ----------------------------------------------------------------------
     25052       1114       1198        192      13336     452295   Object Totals
         0          0         32          0          0          0   (incl. Generated)
         4          0          4          4          8          0   (incl. Padding)

    ----------------------------------------------------------------------

      Code (inc. data)   RO Data    RW Data    ZI Data      Debug   Library Member Name

         8          0          0          0          0         68   __main.o
         0          0          0          0          0          0   __rtentry.o
        12          0          0          0          0          0   __rtentry2.o
         6          0          0          0          0          0   __rtentry4.o
        52          8          0          0          0          0   __scatter.o
        26          0          0          0          0          0   __scatter_copy.o
        28          0          0          0          0          0   __scatter_zi.o
        22          0          0          0          0        100   _rserrno.o
        18          0          0          0          0         80   exit.o
         6          0          0          0          0        152   heapauxi.o
         0          0          0          0          0          0   indicate_semi.o
         2          0          0          0          0          0   libinit.o
         6          0          0          0          0          0   libinit2.o
         2          0          0          0          0          0   libshutdown.o
         2          0          0          0          0          0   libshutdown2.o
         8          4          0          0         96         68   libspace.o
         8          4          0          0          0         68   rt_errno_addr_intlibspace.o
        78          0          0          0          0         80   rt_memclr_w.o
       138          0          0          0          0         68   rt_memcpy_v6.o
       100          0          0          0          0         80   rt_memcpy_w.o
         2          0          0          0          0          0   rtexit.o
        10          0          0          0          0          0   rtexit2.o
        36          0          0          0          0         80   strstr.o
        12          4          0          0          0         68   sys_exit.o
        74          0          0          0          0         80   sys_stackheap_outer.o
         2          0          0          0          0         68   use_no_semi.o
        24          0          0          0          0        164   basic.o
        98          4          0          0          0        140   d2f.o
       826         16          0          0          0        492   daddsub_clz.o
        24          0          0          0          0        116   dcmpi.o
       688        140          0          0          0        256   ddiv.o
       120          4          0          0          0        140   deqf.o
        94          4          0          0          0        140   dfix.o
        46          0          0          0          0        116   dflt_clz.o
       120          4          0          0          0        140   dleqf.o
       340         12          0          0          0        152   dmul.o
       156          4          0          0          0        140   dnaninf.o
        12          0          0          0          0        116   dretinf.o
       108          0          0          0          0        128   drleqf.o
        86          4          0          0          0        132   f2d.o
       140          4          0          0          0        132   fnaninf.o
        10          0          0          0          0        116   fpinit.o
        10          0          0          0          0        116   fretinf.o
         0          0          0          0          0          0   usenofp.o
       744        106        152          0          0        352   atan.o
       512         64          0          0          0        208   atan2.o
        72          8          0          0          0        372   dunder.o
        44          0          0          0          0        248   fabs.o
        48          0          0          0          0        124   fpclassify.o
       248          0          0          0          0        152   poly.o
         0          0          8          0          0          0   qnan.o

    ----------------------------------------------------------------------
      5246        394        160          0         96       5252   Library Totals
        18          0          0          0          0          0   (incl. Padding)

    ----------------------------------------------------------------------

      Code (inc. data)   RO Data    RW Data    ZI Data      Debug   Library Name

       658         20          0          0         96       1060   c_w.l
      2902        196          0          0          0       2736   fz_wm.l
      1668        178        160          0          0       1456   m_wm.l

    ----------------------------------------------------------------------
      5246        394        160          0         96       5252   Library Totals

    ----------------------------------------------------------------------

==============================================================================


      Code (inc. data)   RO Data    RW Data    ZI Data      Debug   

     30298       1508       1358        192      13432     449979   Grand Totals
     30298       1508       1358        192      13432     449979   ELF Image Totals
     30298       1508       1358        192          0          0   ROM Totals

==============================================================================

    Total RO  Size (Code + RO Data)                31656 (  30.91kB)
    Total RW  Size (RW Data + ZI Data)             13624 (  13.30kB)
    Total ROM Size (Code + RO Data + RW Data)      31848 (  31.10kB)

==============================================================================

