<html>
<body>
<pre>
<h1>µVision Build Log</h1>
<h2>Tool Versions:</h2>
IDE-Version: ¦ÌVision V5.23.0.0
Copyright (C) 2017 ARM Ltd and ARM Germany GmbH. All rights reserved.
License Information: 1 TC, 1, LIC=FQQMA-1GMXH-06NQU-SYV97-GX9R7-4ZUR3
 
Tool Versions:
Toolchain:       MDK-ARM Professional  Version: 5.23
Toolchain Path:  C:\Keil_v5\ARM\ARMCC\Bin
C Compiler:      Armcc.exe V5.06 update 4 (build 422)
Assembler:       Armasm.exe V5.06 update 4 (build 422)
Linker/Locator:  ArmLink.exe V5.06 update 4 (build 422)
Library Manager: ArmAr.exe V5.06 update 4 (build 422)
Hex Converter:   FromElf.exe V5.06 update 4 (build 422)
CPU DLL:         SARMCM3.DLL V5.23
Dialog DLL:      DCM.DLL V1.15.0.0
Target DLL:      Segger\JL2CM3.dll V2.99.23.0
Dialog DLL:      TCM.DLL V1.27.0.0
 
<h2>Project:</h2>
C:\Users\TC\Desktop\CAN_TEST_MOTO\project\CAN_TEST_MOTO.uvprojx
Project File Date:  09/06/2023

<h2>Output:</h2>
*** Using Compiler 'V5.06 update 4 (build 422)', folder: 'C:\Keil_v5\ARM\ARMCC\Bin'
Rebuild target 'Target 1'
assembling startup_stm32f40_41xxx.s...
compiling main.c...
compiling stm32f4xx_crc.c...
compiling misc.c...
compiling stm32f4xx_dma.c...
compiling stm32f4xx_it.c...
compiling stm32f4xx_can.c...
compiling stm32f4xx_dbgmcu.c...
compiling stm32f4xx_dac.c...
compiling stm32f4xx_dcmi.c...
compiling stm32f4xx_dma2d.c...
compiling stm32f4xx_cryp_des.c...
compiling system_stm32f4xx.c...
compiling stm32f4xx_cryp_tdes.c...
compiling stm32f4xx_adc.c...
compiling stm32f4xx_cryp.c...
compiling stm32f4xx_cryp_aes.c...
compiling stm32f4xx_exti.c...
compiling stm32f4xx_flash_ramfunc.c...
compiling stm32f4xx_flash.c...
compiling stm32f4xx_hash_md5.c...
compiling stm32f4xx_rng.c...
compiling stm32f4xx_fsmc.c...
compiling stm32f4xx_i2c.c...
compiling stm32f4xx_gpio.c...
compiling stm32f4xx_hash.c...
compiling stm32f4xx_ltdc.c...
compiling stm32f4xx_hash_sha1.c...
compiling stm32f4xx_pwr.c...
compiling stm32f4xx_iwdg.c...
compiling stm32f4xx_rcc.c...
compiling stm32f4xx_rtc.c...
compiling stm32f4xx_sai.c...
compiling stm32f4xx_spi.c...
compiling stm32f4xx_sdio.c...
compiling stm32f4xx_syscfg.c...
compiling stm32f4xx_wwdg.c...
compiling sys.c...
compiling LED.c...
compiling stm32f4xx_usart.c...
compiling delay.c...
compiling usart.c...
compiling can.c...
compiling stm32f4xx_tim.c...
linking...
Program Size: Code=4628 RO-data=424 RW-data=44 ZI-data=1676  
".\Objects\USART_TEST.axf" - 0 Error(s), 0 Warning(s).

<h2>Collection of Component include folders:</h2>
  .\RTE\_Target_1
  C:\Keil_v5\ARM\PACK\Keil\STM32F4xx_DFP\2.15.0\Drivers\CMSIS\Device\ST\STM32F4xx\Include

<h2>Collection of Component Files used:</h2>
Build Time Elapsed:  00:00:03
</pre>
</body>
</html>
